Training configuration
  config=./configs/train_config_v3.json
  model=eegnet
  patient=sub1_hjlee
  day=260602
  max_folds=5
  print_layer_shapes=True
  data_dir=./data/processed/sub1_hjlee/260602
  input_file=X_eeg.npy
  emg_file=X_emg.npy
  checkpoint_root=./checkpoints/sub1_hjlee_nogit/v4_sub1_eegnet_all_days
  epochs=500
  batch_size=16
  lr=1e-05
  weight_decay=0.0001
  patience=100
  seed=42
  val_test_ratio=0.2
  weighted_sampler=True
  emg_feature_dim=64
  run_window_diagnostic=False
  window_size=256
  window_stride=128
  balance_rest_to_target=False
  run_5fold_cross_validation=True
  selection_metric=balanced_loss

Loading X_eeg.npy...
Loading X_emg.npy...
Device: cuda | X: (500, 64, 1000) | X_emg: (500, 2, 1000) | run: ./checkpoints/sub1_hjlee_nogit/v4_sub1_eegnet_all_days/20260629_184245
Data split: train=300 val=100 test=100
Original label distribution:
  train: label0=60 label1=60 label2=60 label3=60 label4=60 total=300
  val:   label0=20 label1=20 label2=20 label3=20 label4=20 total=100
  test:  label0=20 label1=20 label2=20 label3=20 label4=20 total=100

=== 5-fold cross-validation (running 5 fold(s)) ===

--- fold 1/5: train=300 val=100 test=100 ---

fold=1 label=0
Binary label distribution:
  train: class0=60 class1=240 total=300
  val:   class0=20 class1=80 total=100
  test:  class0=20 class1=80 total=100
Original labels in this split:
  train: label0=60 label1=60 label2=60 label3=60 label4=60 total=300
  val:   label0=20 label1=20 label2=20 label3=20 label4=20 total=100
  test:  label0=20 label1=20 label2=20 label3=20 label4=20 total=100

Model shape diagnostic
  EEG input: (16, 64, 1000)
  EMG input: (16, 2, 1000)
  EEG layer ensuredims: (16, 64, 1000, 1)
  EEG layer dimshuffle: (16, 1, 64, 1000)
  EEG layer conv_temporal: (16, 8, 64, 1001)
  EEG layer bnorm_temporal: (16, 8, 64, 1001)
  EEG layer conv_spatial.parametrizations.weight.0: (16, 1, 64, 1)
  EEG layer bnorm_1: (16, 16, 1, 1001)
  EEG layer elu_1: (16, 16, 1, 1001)
  EEG layer pool_1: (16, 16, 1, 250)
  EEG layer drop_1: (16, 16, 1, 250)
  EEG layer conv_separable_depth: (16, 16, 1, 251)
  EEG layer conv_separable_point: (16, 16, 1, 251)
  EEG layer bnorm_2: (16, 16, 1, 251)
  EEG layer elu_2: (16, 16, 1, 251)
  EEG layer pool_2: (16, 16, 1, 31)
  EEG layer drop_2: (16, 16, 1, 31)
  EEG layer final_layer.conv_classifier: (16, 2, 1, 1)
  EEG layer final_layer.permute_back: (16, 2, 1, 1)
  EEG layer final_layer.squeeze.squeeze: (16, 2, 1)
  EEG feature vector: (16, 496)
  EMG feature vector: (16, 64)
fold=1 label=0 | epoch 001 | train loss: 0.7599 bal_acc: 0.47 acc: 0.46 | val loss: 0.7194 bal_loss: 0.6945 bal_acc: 0.50 acc: 0.23
fold=1 label=0 | epoch 010 | train loss: 0.7211 bal_acc: 0.50 acc: 0.49 | val loss: 0.7440 bal_loss: 0.6921 bal_acc: 0.54 acc: 0.30
fold=1 label=0 | epoch 020 | train loss: 0.6878 bal_acc: 0.56 acc: 0.56 | val loss: 0.7289 bal_loss: 0.6841 bal_acc: 0.59 acc: 0.47
fold=1 label=0 | epoch 030 | train loss: 0.6871 bal_acc: 0.56 acc: 0.56 | val loss: 0.7090 bal_loss: 0.6780 bal_acc: 0.63 acc: 0.56
fold=1 label=0 | epoch 040 | train loss: 0.6447 bal_acc: 0.63 acc: 0.62 | val loss: 0.6881 bal_loss: 0.6739 bal_acc: 0.61 acc: 0.59
fold=1 label=0 | epoch 050 | train loss: 0.6154 bal_acc: 0.66 acc: 0.66 | val loss: 0.6789 bal_loss: 0.6741 bal_acc: 0.60 acc: 0.60
fold=1 label=0 | epoch 060 | train loss: 0.6178 bal_acc: 0.69 acc: 0.69 | val loss: 0.6723 bal_loss: 0.6741 bal_acc: 0.61 acc: 0.62
fold=1 label=0 | epoch 070 | train loss: 0.5559 bal_acc: 0.78 acc: 0.78 | val loss: 0.6568 bal_loss: 0.6779 bal_acc: 0.58 acc: 0.63
fold=1 label=0 | epoch 080 | train loss: 0.4985 bal_acc: 0.87 acc: 0.87 | val loss: 0.6474 bal_loss: 0.6822 bal_acc: 0.57 acc: 0.65
fold=1 label=0 | epoch 090 | train loss: 0.4333 bal_acc: 0.92 acc: 0.92 | val loss: 0.6412 bal_loss: 0.6881 bal_acc: 0.55 acc: 0.64
fold=1 label=0 | epoch 100 | train loss: 0.3786 bal_acc: 0.96 acc: 0.95 | val loss: 0.6327 bal_loss: 0.7010 bal_acc: 0.55 acc: 0.67
fold=1 label=0 | epoch 110 | train loss: 0.3201 bal_acc: 0.97 acc: 0.97 | val loss: 0.6231 bal_loss: 0.7149 bal_acc: 0.53 acc: 0.67
fold=1 label=0 | epoch 120 | train loss: 0.2655 bal_acc: 0.99 acc: 0.99 | val loss: 0.6154 bal_loss: 0.7351 bal_acc: 0.54 acc: 0.71
fold=1 label=0 | epoch 130 | train loss: 0.2202 bal_acc: 0.99 acc: 0.99 | val loss: 0.6120 bal_loss: 0.7586 bal_acc: 0.54 acc: 0.72
fold=1 label=0 | epoch 140 | train loss: 0.1861 bal_acc: 1.00 acc: 1.00 | val loss: 0.6140 bal_loss: 0.7889 bal_acc: 0.52 acc: 0.71
fold=1 label=0 | epoch 150 | train loss: 0.1455 bal_acc: 1.00 acc: 1.00 | val loss: 0.6166 bal_loss: 0.8144 bal_acc: 0.52 acc: 0.69

fold=1 label=2
Binary label distribution:
  train: class0=60 class1=240 total=300
  val:   class0=20 class1=80 total=100
  test:  class0=20 class1=80 total=100
Original labels in this split:
  train: label0=60 label1=60 label2=60 label3=60 label4=60 total=300
  val:   label0=20 label1=20 label2=20 label3=20 label4=20 total=100
  test:  label0=20 label1=20 label2=20 label3=20 label4=20 total=100
fold=1 label=2 | epoch 001 | train loss: 0.7131 bal_acc: 0.54 acc: 0.54 | val loss: 0.7184 bal_loss: 0.6934 bal_acc: 0.51 acc: 0.24
fold=1 label=2 | epoch 010 | train loss: 0.7010 bal_acc: 0.54 acc: 0.54 | val loss: 0.7522 bal_loss: 0.7036 bal_acc: 0.47 acc: 0.24
fold=1 label=2 | epoch 020 | train loss: 0.6436 bal_acc: 0.66 acc: 0.65 | val loss: 0.7578 bal_loss: 0.7192 bal_acc: 0.44 acc: 0.35
fold=1 label=2 | epoch 030 | train loss: 0.6322 bal_acc: 0.64 acc: 0.64 | val loss: 0.7436 bal_loss: 0.7285 bal_acc: 0.47 acc: 0.42
fold=1 label=2 | epoch 040 | train loss: 0.6272 bal_acc: 0.69 acc: 0.69 | val loss: 0.7340 bal_loss: 0.7346 bal_acc: 0.49 acc: 0.46
fold=1 label=2 | epoch 050 | train loss: 0.6011 bal_acc: 0.69 acc: 0.69 | val loss: 0.7272 bal_loss: 0.7441 bal_acc: 0.45 acc: 0.48
fold=1 label=2 | epoch 060 | train loss: 0.5668 bal_acc: 0.72 acc: 0.72 | val loss: 0.7164 bal_loss: 0.7456 bal_acc: 0.42 acc: 0.46
fold=1 label=2 | epoch 070 | train loss: 0.5397 bal_acc: 0.80 acc: 0.80 | val loss: 0.7097 bal_loss: 0.7580 bal_acc: 0.41 acc: 0.51
fold=1 label=2 | epoch 080 | train loss: 0.4894 bal_acc: 0.84 acc: 0.84 | val loss: 0.7071 bal_loss: 0.7740 bal_acc: 0.43 acc: 0.53
fold=1 label=2 | epoch 090 | train loss: 0.4294 bal_acc: 0.92 acc: 0.92 | val loss: 0.7017 bal_loss: 0.7892 bal_acc: 0.44 acc: 0.56
fold=1 label=2 | epoch 100 | train loss: 0.3898 bal_acc: 0.94 acc: 0.94 | val loss: 0.7015 bal_loss: 0.8121 bal_acc: 0.44 acc: 0.56

fold=1 label=1_vs_3
Binary labels: class0=label1 class1=label3
Binary label distribution:
  train: class0=60 class1=60 total=120
  val:   class0=20 class1=20 total=40
  test:  class0=20 class1=20 total=40
Original labels in this split:
  train: label0=0 label1=60 label2=0 label3=60 label4=0 total=120
  val:   label0=0 label1=20 label2=0 label3=20 label4=0 total=40
  test:  label0=0 label1=20 label2=0 label3=20 label4=0 total=40
fold=1 label=1_vs_3 | epoch 001 | train loss: 0.6947 bal_acc: 0.54 acc: 0.56 | val loss: 0.6936 bal_loss: 0.6936 bal_acc: 0.52 acc: 0.53
fold=1 label=1_vs_3 | epoch 010 | train loss: 0.6868 bal_acc: 0.52 acc: 0.51 | val loss: 0.6925 bal_loss: 0.6925 bal_acc: 0.57 acc: 0.57
fold=1 label=1_vs_3 | epoch 020 | train loss: 0.7064 bal_acc: 0.53 acc: 0.52 | val loss: 0.6920 bal_loss: 0.6920 bal_acc: 0.55 acc: 0.55
fold=1 label=1_vs_3 | epoch 030 | train loss: 0.6724 bal_acc: 0.56 acc: 0.57 | val loss: 0.6943 bal_loss: 0.6943 bal_acc: 0.52 acc: 0.53
fold=1 label=1_vs_3 | epoch 040 | train loss: 0.6271 bal_acc: 0.66 acc: 0.66 | val loss: 0.6985 bal_loss: 0.6985 bal_acc: 0.52 acc: 0.53
fold=1 label=1_vs_3 | epoch 050 | train loss: 0.5763 bal_acc: 0.76 acc: 0.76 | val loss: 0.7027 bal_loss: 0.7027 bal_acc: 0.52 acc: 0.53
fold=1 label=1_vs_3 | epoch 060 | train loss: 0.6229 bal_acc: 0.68 acc: 0.68 | val loss: 0.7075 bal_loss: 0.7075 bal_acc: 0.52 acc: 0.53
fold=1 label=1_vs_3 | epoch 070 | train loss: 0.6089 bal_acc: 0.67 acc: 0.67 | val loss: 0.7092 bal_loss: 0.7092 bal_acc: 0.50 acc: 0.50
fold=1 label=1_vs_3 | epoch 080 | train loss: 0.5683 bal_acc: 0.77 acc: 0.77 | val loss: 0.7113 bal_loss: 0.7113 bal_acc: 0.50 acc: 0.50
fold=1 label=1_vs_3 | epoch 090 | train loss: 0.5488 bal_acc: 0.73 acc: 0.73 | val loss: 0.7122 bal_loss: 0.7122 bal_acc: 0.50 acc: 0.50
fold=1 label=1_vs_3 | epoch 100 | train loss: 0.5680 bal_acc: 0.72 acc: 0.72 | val loss: 0.7140 bal_loss: 0.7140 bal_acc: 0.50 acc: 0.50
fold=1 label=1_vs_3 | epoch 110 | train loss: 0.5252 bal_acc: 0.78 acc: 0.77 | val loss: 0.7161 bal_loss: 0.7161 bal_acc: 0.50 acc: 0.50

--- fold 2/5: train=300 val=100 test=100 ---

fold=2 label=0
Binary label distribution:
  train: class0=60 class1=240 total=300
  val:   class0=20 class1=80 total=100
  test:  class0=20 class1=80 total=100
Original labels in this split:
  train: label0=60 label1=60 label2=60 label3=60 label4=60 total=300
  val:   label0=20 label1=20 label2=20 label3=20 label4=20 total=100
  test:  label0=20 label1=20 label2=20 label3=20 label4=20 total=100
fold=2 label=0 | epoch 001 | train loss: 0.7471 bal_acc: 0.46 acc: 0.46 | val loss: 0.7310 bal_loss: 0.7049 bal_acc: 0.48 acc: 0.23
fold=2 label=0 | epoch 010 | train loss: 0.7369 bal_acc: 0.48 acc: 0.48 | val loss: 0.7614 bal_loss: 0.7108 bal_acc: 0.50 acc: 0.29
fold=2 label=0 | epoch 020 | train loss: 0.7076 bal_acc: 0.50 acc: 0.50 | val loss: 0.7583 bal_loss: 0.7048 bal_acc: 0.48 acc: 0.35
fold=2 label=0 | epoch 030 | train loss: 0.6690 bal_acc: 0.59 acc: 0.58 | val loss: 0.7305 bal_loss: 0.6964 bal_acc: 0.54 acc: 0.44
fold=2 label=0 | epoch 040 | train loss: 0.6636 bal_acc: 0.61 acc: 0.60 | val loss: 0.7016 bal_loss: 0.6805 bal_acc: 0.54 acc: 0.50
fold=2 label=0 | epoch 050 | train loss: 0.6398 bal_acc: 0.64 acc: 0.65 | val loss: 0.6826 bal_loss: 0.6731 bal_acc: 0.56 acc: 0.54
fold=2 label=0 | epoch 060 | train loss: 0.6285 bal_acc: 0.67 acc: 0.66 | val loss: 0.6637 bal_loss: 0.6669 bal_acc: 0.58 acc: 0.59
fold=2 label=0 | epoch 070 | train loss: 0.5799 bal_acc: 0.76 acc: 0.76 | val loss: 0.6435 bal_loss: 0.6639 bal_acc: 0.58 acc: 0.63
fold=2 label=0 | epoch 080 | train loss: 0.5309 bal_acc: 0.83 acc: 0.83 | val loss: 0.6338 bal_loss: 0.6689 bal_acc: 0.61 acc: 0.67
fold=2 label=0 | epoch 090 | train loss: 0.4887 bal_acc: 0.87 acc: 0.87 | val loss: 0.6245 bal_loss: 0.6743 bal_acc: 0.56 acc: 0.65
fold=2 label=0 | epoch 100 | train loss: 0.4448 bal_acc: 0.91 acc: 0.91 | val loss: 0.6131 bal_loss: 0.6817 bal_acc: 0.54 acc: 0.66
fold=2 label=0 | epoch 110 | train loss: 0.3955 bal_acc: 0.93 acc: 0.93 | val loss: 0.6027 bal_loss: 0.6884 bal_acc: 0.56 acc: 0.68
fold=2 label=0 | epoch 120 | train loss: 0.3262 bal_acc: 0.98 acc: 0.98 | val loss: 0.5958 bal_loss: 0.6993 bal_acc: 0.53 acc: 0.64
fold=2 label=0 | epoch 130 | train loss: 0.2678 bal_acc: 0.99 acc: 0.99 | val loss: 0.5866 bal_loss: 0.7128 bal_acc: 0.52 acc: 0.66
fold=2 label=0 | epoch 140 | train loss: 0.2395 bal_acc: 0.99 acc: 0.99 | val loss: 0.5762 bal_loss: 0.7308 bal_acc: 0.54 acc: 0.69
fold=2 label=0 | epoch 150 | train loss: 0.1831 bal_acc: 1.00 acc: 1.00 | val loss: 0.5716 bal_loss: 0.7508 bal_acc: 0.53 acc: 0.70
fold=2 label=0 | epoch 160 | train loss: 0.1577 bal_acc: 0.99 acc: 0.99 | val loss: 0.5740 bal_loss: 0.7798 bal_acc: 0.48 acc: 0.68
fold=2 label=0 | epoch 170 | train loss: 0.1217 bal_acc: 1.00 acc: 1.00 | val loss: 0.5746 bal_loss: 0.8081 bal_acc: 0.49 acc: 0.69

fold=2 label=2
Binary label distribution:
  train: class0=60 class1=240 total=300
  val:   class0=20 class1=80 total=100
  test:  class0=20 class1=80 total=100
Original labels in this split:
  train: label0=60 label1=60 label2=60 label3=60 label4=60 total=300
  val:   label0=20 label1=20 label2=20 label3=20 label4=20 total=100
  test:  label0=20 label1=20 label2=20 label3=20 label4=20 total=100
fold=2 label=2 | epoch 001 | train loss: 0.7022 bal_acc: 0.50 acc: 0.52 | val loss: 0.7132 bal_loss: 0.6822 bal_acc: 0.51 acc: 0.25
fold=2 label=2 | epoch 010 | train loss: 0.6760 bal_acc: 0.59 acc: 0.61 | val loss: 0.7584 bal_loss: 0.7154 bal_acc: 0.49 acc: 0.28
fold=2 label=2 | epoch 020 | train loss: 0.6611 bal_acc: 0.58 acc: 0.59 | val loss: 0.7853 bal_loss: 0.7647 bal_acc: 0.46 acc: 0.35
fold=2 label=2 | epoch 030 | train loss: 0.6714 bal_acc: 0.60 acc: 0.58 | val loss: 0.7842 bal_loss: 0.8109 bal_acc: 0.44 acc: 0.44
fold=2 label=2 | epoch 040 | train loss: 0.6659 bal_acc: 0.60 acc: 0.61 | val loss: 0.7851 bal_loss: 0.8500 bal_acc: 0.44 acc: 0.46
fold=2 label=2 | epoch 050 | train loss: 0.5941 bal_acc: 0.70 acc: 0.70 | val loss: 0.7931 bal_loss: 0.8964 bal_acc: 0.43 acc: 0.48
fold=2 label=2 | epoch 060 | train loss: 0.5608 bal_acc: 0.73 acc: 0.73 | val loss: 0.8052 bal_loss: 0.9620 bal_acc: 0.46 acc: 0.52
fold=2 label=2 | epoch 070 | train loss: 0.5479 bal_acc: 0.77 acc: 0.77 | val loss: 0.8327 bal_loss: 1.0551 bal_acc: 0.47 acc: 0.54
fold=2 label=2 | epoch 080 | train loss: 0.4791 bal_acc: 0.87 acc: 0.87 | val loss: 0.8664 bal_loss: 1.1733 bal_acc: 0.41 acc: 0.53
fold=2 label=2 | epoch 090 | train loss: 0.4252 bal_acc: 0.90 acc: 0.90 | val loss: 0.8828 bal_loss: 1.2457 bal_acc: 0.42 acc: 0.56
fold=2 label=2 | epoch 100 | train loss: 0.3812 bal_acc: 0.96 acc: 0.96 | val loss: 0.9016 bal_loss: 1.3189 bal_acc: 0.40 acc: 0.55

fold=2 label=1_vs_3
Binary labels: class0=label1 class1=label3
Binary label distribution:
  train: class0=60 class1=60 total=120
  val:   class0=20 class1=20 total=40
  test:  class0=20 class1=20 total=40
Original labels in this split:
  train: label0=0 label1=60 label2=0 label3=60 label4=0 total=120
  val:   label0=0 label1=20 label2=0 label3=20 label4=0 total=40
  test:  label0=0 label1=20 label2=0 label3=20 label4=0 total=40
fold=2 label=1_vs_3 | epoch 001 | train loss: 0.7067 bal_acc: 0.51 acc: 0.52 | val loss: 0.6875 bal_loss: 0.6875 bal_acc: 0.47 acc: 0.47
fold=2 label=1_vs_3 | epoch 010 | train loss: 0.7234 bal_acc: 0.55 acc: 0.52 | val loss: 0.6831 bal_loss: 0.6831 bal_acc: 0.52 acc: 0.53
fold=2 label=1_vs_3 | epoch 020 | train loss: 0.7368 bal_acc: 0.50 acc: 0.49 | val loss: 0.6745 bal_loss: 0.6745 bal_acc: 0.57 acc: 0.57
fold=2 label=1_vs_3 | epoch 030 | train loss: 0.6953 bal_acc: 0.53 acc: 0.52 | val loss: 0.6668 bal_loss: 0.6668 bal_acc: 0.62 acc: 0.62
fold=2 label=1_vs_3 | epoch 040 | train loss: 0.7090 bal_acc: 0.50 acc: 0.49 | val loss: 0.6605 bal_loss: 0.6605 bal_acc: 0.60 acc: 0.60
fold=2 label=1_vs_3 | epoch 050 | train loss: 0.6587 bal_acc: 0.56 acc: 0.56 | val loss: 0.6526 bal_loss: 0.6526 bal_acc: 0.60 acc: 0.60
fold=2 label=1_vs_3 | epoch 060 | train loss: 0.6284 bal_acc: 0.66 acc: 0.66 | val loss: 0.6547 bal_loss: 0.6547 bal_acc: 0.60 acc: 0.60
fold=2 label=1_vs_3 | epoch 070 | train loss: 0.6032 bal_acc: 0.67 acc: 0.68 | val loss: 0.6518 bal_loss: 0.6518 bal_acc: 0.60 acc: 0.60
fold=2 label=1_vs_3 | epoch 080 | train loss: 0.6204 bal_acc: 0.63 acc: 0.63 | val loss: 0.6489 bal_loss: 0.6489 bal_acc: 0.57 acc: 0.57
fold=2 label=1_vs_3 | epoch 090 | train loss: 0.6020 bal_acc: 0.74 acc: 0.74 | val loss: 0.6494 bal_loss: 0.6494 bal_acc: 0.60 acc: 0.60
fold=2 label=1_vs_3 | epoch 100 | train loss: 0.5885 bal_acc: 0.72 acc: 0.73 | val loss: 0.6548 bal_loss: 0.6548 bal_acc: 0.57 acc: 0.57
fold=2 label=1_vs_3 | epoch 110 | train loss: 0.5519 bal_acc: 0.82 acc: 0.82 | val loss: 0.6564 bal_loss: 0.6564 bal_acc: 0.57 acc: 0.57
fold=2 label=1_vs_3 | epoch 120 | train loss: 0.5556 bal_acc: 0.81 acc: 0.81 | val loss: 0.6529 bal_loss: 0.6529 bal_acc: 0.57 acc: 0.57
fold=2 label=1_vs_3 | epoch 130 | train loss: 0.5612 bal_acc: 0.82 acc: 0.82 | val loss: 0.6506 bal_loss: 0.6506 bal_acc: 0.57 acc: 0.57
fold=2 label=1_vs_3 | epoch 140 | train loss: 0.5234 bal_acc: 0.83 acc: 0.82 | val loss: 0.6493 bal_loss: 0.6493 bal_acc: 0.62 acc: 0.62
fold=2 label=1_vs_3 | epoch 150 | train loss: 0.4771 bal_acc: 0.90 acc: 0.91 | val loss: 0.6514 bal_loss: 0.6514 bal_acc: 0.57 acc: 0.57
fold=2 label=1_vs_3 | epoch 160 | train loss: 0.4771 bal_acc: 0.90 acc: 0.90 | val loss: 0.6523 bal_loss: 0.6523 bal_acc: 0.57 acc: 0.57
fold=2 label=1_vs_3 | epoch 170 | train loss: 0.4561 bal_acc: 0.92 acc: 0.92 | val loss: 0.6524 bal_loss: 0.6524 bal_acc: 0.55 acc: 0.55

--- fold 3/5: train=300 val=100 test=100 ---

fold=3 label=0
Binary label distribution:
  train: class0=60 class1=240 total=300
  val:   class0=20 class1=80 total=100
  test:  class0=20 class1=80 total=100
Original labels in this split:
  train: label0=60 label1=60 label2=60 label3=60 label4=60 total=300
  val:   label0=20 label1=20 label2=20 label3=20 label4=20 total=100
  test:  label0=20 label1=20 label2=20 label3=20 label4=20 total=100
fold=3 label=0 | epoch 001 | train loss: 0.7400 bal_acc: 0.47 acc: 0.47 | val loss: 0.7321 bal_loss: 0.7054 bal_acc: 0.45 acc: 0.21
fold=3 label=0 | epoch 010 | train loss: 0.7468 bal_acc: 0.50 acc: 0.50 | val loss: 0.7576 bal_loss: 0.7125 bal_acc: 0.46 acc: 0.25
fold=3 label=0 | epoch 020 | train loss: 0.7062 bal_acc: 0.54 acc: 0.53 | val loss: 0.7579 bal_loss: 0.7178 bal_acc: 0.47 acc: 0.34
fold=3 label=0 | epoch 030 | train loss: 0.6654 bal_acc: 0.60 acc: 0.60 | val loss: 0.7287 bal_loss: 0.7047 bal_acc: 0.52 acc: 0.44
fold=3 label=0 | epoch 040 | train loss: 0.6293 bal_acc: 0.65 acc: 0.65 | val loss: 0.7033 bal_loss: 0.6934 bal_acc: 0.53 acc: 0.52
fold=3 label=0 | epoch 050 | train loss: 0.6205 bal_acc: 0.69 acc: 0.69 | val loss: 0.6890 bal_loss: 0.6870 bal_acc: 0.56 acc: 0.57
fold=3 label=0 | epoch 060 | train loss: 0.5535 bal_acc: 0.74 acc: 0.76 | val loss: 0.6688 bal_loss: 0.6804 bal_acc: 0.57 acc: 0.62
fold=3 label=0 | epoch 070 | train loss: 0.5361 bal_acc: 0.83 acc: 0.83 | val loss: 0.6464 bal_loss: 0.6714 bal_acc: 0.57 acc: 0.65
fold=3 label=0 | epoch 080 | train loss: 0.4793 bal_acc: 0.87 acc: 0.87 | val loss: 0.6373 bal_loss: 0.6712 bal_acc: 0.59 acc: 0.67
fold=3 label=0 | epoch 090 | train loss: 0.4392 bal_acc: 0.89 acc: 0.89 | val loss: 0.6197 bal_loss: 0.6672 bal_acc: 0.62 acc: 0.70
fold=3 label=0 | epoch 100 | train loss: 0.3695 bal_acc: 0.94 acc: 0.94 | val loss: 0.6042 bal_loss: 0.6647 bal_acc: 0.64 acc: 0.75
fold=3 label=0 | epoch 110 | train loss: 0.3125 bal_acc: 0.97 acc: 0.97 | val loss: 0.5930 bal_loss: 0.6706 bal_acc: 0.59 acc: 0.74
fold=3 label=0 | epoch 120 | train loss: 0.2725 bal_acc: 0.98 acc: 0.98 | val loss: 0.5841 bal_loss: 0.6757 bal_acc: 0.58 acc: 0.74
fold=3 label=0 | epoch 130 | train loss: 0.2159 bal_acc: 1.00 acc: 1.00 | val loss: 0.5753 bal_loss: 0.6837 bal_acc: 0.58 acc: 0.75
fold=3 label=0 | epoch 140 | train loss: 0.1805 bal_acc: 1.00 acc: 1.00 | val loss: 0.5722 bal_loss: 0.6963 bal_acc: 0.58 acc: 0.75
fold=3 label=0 | epoch 150 | train loss: 0.1502 bal_acc: 1.00 acc: 1.00 | val loss: 0.5712 bal_loss: 0.7178 bal_acc: 0.58 acc: 0.75
fold=3 label=0 | epoch 160 | train loss: 0.1117 bal_acc: 1.00 acc: 1.00 | val loss: 0.5741 bal_loss: 0.7382 bal_acc: 0.56 acc: 0.75
fold=3 label=0 | epoch 170 | train loss: 0.0958 bal_acc: 1.00 acc: 1.00 | val loss: 0.5753 bal_loss: 0.7597 bal_acc: 0.56 acc: 0.75
fold=3 label=0 | epoch 180 | train loss: 0.0704 bal_acc: 1.00 acc: 1.00 | val loss: 0.5836 bal_loss: 0.7874 bal_acc: 0.56 acc: 0.75
fold=3 label=0 | epoch 190 | train loss: 0.0553 bal_acc: 1.00 acc: 1.00 | val loss: 0.5956 bal_loss: 0.8112 bal_acc: 0.56 acc: 0.75

fold=3 label=2
Binary label distribution:
  train: class0=60 class1=240 total=300
  val:   class0=20 class1=80 total=100
  test:  class0=20 class1=80 total=100
Original labels in this split:
  train: label0=60 label1=60 label2=60 label3=60 label4=60 total=300
  val:   label0=20 label1=20 label2=20 label3=20 label4=20 total=100
  test:  label0=20 label1=20 label2=20 label3=20 label4=20 total=100
fold=3 label=2 | epoch 001 | train loss: 0.7399 bal_acc: 0.49 acc: 0.48 | val loss: 0.7117 bal_loss: 0.6807 bal_acc: 0.56 acc: 0.29
fold=3 label=2 | epoch 010 | train loss: 0.6895 bal_acc: 0.55 acc: 0.58 | val loss: 0.7525 bal_loss: 0.7051 bal_acc: 0.56 acc: 0.32
fold=3 label=2 | epoch 020 | train loss: 0.6836 bal_acc: 0.55 acc: 0.55 | val loss: 0.7775 bal_loss: 0.7818 bal_acc: 0.61 acc: 0.43
fold=3 label=2 | epoch 030 | train loss: 0.6485 bal_acc: 0.65 acc: 0.65 | val loss: 0.7931 bal_loss: 0.8564 bal_acc: 0.56 acc: 0.45
fold=3 label=2 | epoch 040 | train loss: 0.6514 bal_acc: 0.63 acc: 0.63 | val loss: 0.8185 bal_loss: 0.9709 bal_acc: 0.55 acc: 0.49
fold=3 label=2 | epoch 050 | train loss: 0.6091 bal_acc: 0.66 acc: 0.66 | val loss: 0.8558 bal_loss: 1.0999 bal_acc: 0.54 acc: 0.51
fold=3 label=2 | epoch 060 | train loss: 0.5464 bal_acc: 0.79 acc: 0.79 | val loss: 0.9470 bal_loss: 1.3664 bal_acc: 0.50 acc: 0.53
fold=3 label=2 | epoch 070 | train loss: 0.5165 bal_acc: 0.83 acc: 0.83 | val loss: 1.0813 bal_loss: 1.7331 bal_acc: 0.48 acc: 0.56
fold=3 label=2 | epoch 080 | train loss: 0.4633 bal_acc: 0.90 acc: 0.90 | val loss: 1.2748 bal_loss: 2.2633 bal_acc: 0.44 acc: 0.55
fold=3 label=2 | epoch 090 | train loss: 0.3816 bal_acc: 0.94 acc: 0.94 | val loss: 1.4701 bal_loss: 2.7896 bal_acc: 0.44 acc: 0.59
fold=3 label=2 | epoch 100 | train loss: 0.3367 bal_acc: 0.95 acc: 0.95 | val loss: 1.7766 bal_loss: 3.6045 bal_acc: 0.46 acc: 0.62

fold=3 label=1_vs_3
Binary labels: class0=label1 class1=label3
Binary label distribution:
  train: class0=60 class1=60 total=120
  val:   class0=20 class1=20 total=40
  test:  class0=20 class1=20 total=40
Original labels in this split:
  train: label0=0 label1=60 label2=0 label3=60 label4=0 total=120
  val:   label0=0 label1=20 label2=0 label3=20 label4=0 total=40
  test:  label0=0 label1=20 label2=0 label3=20 label4=0 total=40
fold=3 label=1_vs_3 | epoch 001 | train loss: 0.6862 bal_acc: 0.55 acc: 0.54 | val loss: 0.6919 bal_loss: 0.6919 bal_acc: 0.47 acc: 0.47
fold=3 label=1_vs_3 | epoch 010 | train loss: 0.6521 bal_acc: 0.64 acc: 0.63 | val loss: 0.6916 bal_loss: 0.6916 bal_acc: 0.52 acc: 0.53
fold=3 label=1_vs_3 | epoch 020 | train loss: 0.6823 bal_acc: 0.51 acc: 0.52 | val loss: 0.6922 bal_loss: 0.6922 bal_acc: 0.52 acc: 0.53
fold=3 label=1_vs_3 | epoch 030 | train loss: 0.6594 bal_acc: 0.59 acc: 0.60 | val loss: 0.6967 bal_loss: 0.6967 bal_acc: 0.55 acc: 0.55
fold=3 label=1_vs_3 | epoch 040 | train loss: 0.6191 bal_acc: 0.58 acc: 0.61 | val loss: 0.7021 bal_loss: 0.7021 bal_acc: 0.50 acc: 0.50
fold=3 label=1_vs_3 | epoch 050 | train loss: 0.6217 bal_acc: 0.64 acc: 0.64 | val loss: 0.7073 bal_loss: 0.7073 bal_acc: 0.50 acc: 0.50
fold=3 label=1_vs_3 | epoch 060 | train loss: 0.6118 bal_acc: 0.67 acc: 0.68 | val loss: 0.7126 bal_loss: 0.7126 bal_acc: 0.47 acc: 0.47
fold=3 label=1_vs_3 | epoch 070 | train loss: 0.5754 bal_acc: 0.74 acc: 0.73 | val loss: 0.7162 bal_loss: 0.7162 bal_acc: 0.50 acc: 0.50
fold=3 label=1_vs_3 | epoch 080 | train loss: 0.5898 bal_acc: 0.76 acc: 0.74 | val loss: 0.7193 bal_loss: 0.7193 bal_acc: 0.48 acc: 0.47
fold=3 label=1_vs_3 | epoch 090 | train loss: 0.5524 bal_acc: 0.72 acc: 0.72 | val loss: 0.7205 bal_loss: 0.7205 bal_acc: 0.48 acc: 0.47
fold=3 label=1_vs_3 | epoch 100 | train loss: 0.5834 bal_acc: 0.66 acc: 0.66 | val loss: 0.7225 bal_loss: 0.7225 bal_acc: 0.48 acc: 0.47
fold=3 label=1_vs_3 | epoch 110 | train loss: 0.5411 bal_acc: 0.74 acc: 0.74 | val loss: 0.7258 bal_loss: 0.7258 bal_acc: 0.50 acc: 0.50

--- fold 4/5: train=300 val=100 test=100 ---

fold=4 label=0
Binary label distribution:
  train: class0=60 class1=240 total=300
  val:   class0=20 class1=80 total=100
  test:  class0=20 class1=80 total=100
Original labels in this split:
  train: label0=60 label1=60 label2=60 label3=60 label4=60 total=300
  val:   label0=20 label1=20 label2=20 label3=20 label4=20 total=100
  test:  label0=20 label1=20 label2=20 label3=20 label4=20 total=100
fold=4 label=0 | epoch 001 | train loss: 0.7564 bal_acc: 0.44 acc: 0.44 | val loss: 0.7233 bal_loss: 0.6975 bal_acc: 0.49 acc: 0.25
fold=4 label=0 | epoch 010 | train loss: 0.7004 bal_acc: 0.50 acc: 0.51 | val loss: 0.7531 bal_loss: 0.7084 bal_acc: 0.48 acc: 0.28
fold=4 label=0 | epoch 020 | train loss: 0.6975 bal_acc: 0.55 acc: 0.55 | val loss: 0.7427 bal_loss: 0.7175 bal_acc: 0.39 acc: 0.38
fold=4 label=0 | epoch 030 | train loss: 0.6940 bal_acc: 0.56 acc: 0.56 | val loss: 0.7199 bal_loss: 0.7212 bal_acc: 0.45 acc: 0.48
fold=4 label=0 | epoch 040 | train loss: 0.6665 bal_acc: 0.57 acc: 0.58 | val loss: 0.7051 bal_loss: 0.7203 bal_acc: 0.46 acc: 0.52
fold=4 label=0 | epoch 050 | train loss: 0.6330 bal_acc: 0.63 acc: 0.63 | val loss: 0.6920 bal_loss: 0.7177 bal_acc: 0.46 acc: 0.53
fold=4 label=0 | epoch 060 | train loss: 0.6342 bal_acc: 0.66 acc: 0.66 | val loss: 0.6813 bal_loss: 0.7167 bal_acc: 0.43 acc: 0.51
fold=4 label=0 | epoch 070 | train loss: 0.6050 bal_acc: 0.70 acc: 0.70 | val loss: 0.6749 bal_loss: 0.7183 bal_acc: 0.49 acc: 0.54
fold=4 label=0 | epoch 080 | train loss: 0.5800 bal_acc: 0.76 acc: 0.76 | val loss: 0.6640 bal_loss: 0.7204 bal_acc: 0.47 acc: 0.57
fold=4 label=0 | epoch 090 | train loss: 0.6056 bal_acc: 0.68 acc: 0.68 | val loss: 0.6518 bal_loss: 0.7211 bal_acc: 0.50 acc: 0.59
fold=4 label=0 | epoch 100 | train loss: 0.5709 bal_acc: 0.75 acc: 0.75 | val loss: 0.6478 bal_loss: 0.7254 bal_acc: 0.52 acc: 0.62

fold=4 label=2
Binary label distribution:
  train: class0=60 class1=240 total=300
  val:   class0=20 class1=80 total=100
  test:  class0=20 class1=80 total=100
Original labels in this split:
  train: label0=60 label1=60 label2=60 label3=60 label4=60 total=300
  val:   label0=20 label1=20 label2=20 label3=20 label4=20 total=100
  test:  label0=20 label1=20 label2=20 label3=20 label4=20 total=100
fold=4 label=2 | epoch 001 | train loss: 0.6732 bal_acc: 0.55 acc: 0.56 | val loss: 0.7227 bal_loss: 0.6967 bal_acc: 0.52 acc: 0.27
fold=4 label=2 | epoch 010 | train loss: 0.6667 bal_acc: 0.59 acc: 0.59 | val loss: 0.7566 bal_loss: 0.7058 bal_acc: 0.55 acc: 0.34
fold=4 label=2 | epoch 020 | train loss: 0.6682 bal_acc: 0.58 acc: 0.59 | val loss: 0.7517 bal_loss: 0.7139 bal_acc: 0.49 acc: 0.39
fold=4 label=2 | epoch 030 | train loss: 0.6602 bal_acc: 0.60 acc: 0.61 | val loss: 0.7325 bal_loss: 0.7176 bal_acc: 0.51 acc: 0.46
fold=4 label=2 | epoch 040 | train loss: 0.6620 bal_acc: 0.59 acc: 0.59 | val loss: 0.7211 bal_loss: 0.7158 bal_acc: 0.47 acc: 0.45
fold=4 label=2 | epoch 050 | train loss: 0.6694 bal_acc: 0.58 acc: 0.56 | val loss: 0.7092 bal_loss: 0.7140 bal_acc: 0.46 acc: 0.47
fold=4 label=2 | epoch 060 | train loss: 0.6365 bal_acc: 0.66 acc: 0.66 | val loss: 0.7040 bal_loss: 0.7129 bal_acc: 0.44 acc: 0.47
fold=4 label=2 | epoch 070 | train loss: 0.6103 bal_acc: 0.68 acc: 0.68 | val loss: 0.7007 bal_loss: 0.7133 bal_acc: 0.48 acc: 0.50
fold=4 label=2 | epoch 080 | train loss: 0.5785 bal_acc: 0.71 acc: 0.72 | val loss: 0.6930 bal_loss: 0.7144 bal_acc: 0.43 acc: 0.48
fold=4 label=2 | epoch 090 | train loss: 0.6082 bal_acc: 0.68 acc: 0.68 | val loss: 0.6925 bal_loss: 0.7194 bal_acc: 0.43 acc: 0.48
fold=4 label=2 | epoch 100 | train loss: 0.5958 bal_acc: 0.72 acc: 0.72 | val loss: 0.6926 bal_loss: 0.7227 bal_acc: 0.44 acc: 0.49

fold=4 label=1_vs_3
Binary labels: class0=label1 class1=label3
Binary label distribution:
  train: class0=60 class1=60 total=120
  val:   class0=20 class1=20 total=40
  test:  class0=20 class1=20 total=40
Original labels in this split:
  train: label0=0 label1=60 label2=0 label3=60 label4=0 total=120
  val:   label0=0 label1=20 label2=0 label3=20 label4=0 total=40
  test:  label0=0 label1=20 label2=0 label3=20 label4=0 total=40
fold=4 label=1_vs_3 | epoch 001 | train loss: 0.6613 bal_acc: 0.57 acc: 0.56 | val loss: 0.6907 bal_loss: 0.6907 bal_acc: 0.52 acc: 0.53
fold=4 label=1_vs_3 | epoch 010 | train loss: 0.6510 bal_acc: 0.61 acc: 0.62 | val loss: 0.6896 bal_loss: 0.6896 bal_acc: 0.52 acc: 0.53
fold=4 label=1_vs_3 | epoch 020 | train loss: 0.6540 bal_acc: 0.64 acc: 0.63 | val loss: 0.6898 bal_loss: 0.6898 bal_acc: 0.52 acc: 0.53
fold=4 label=1_vs_3 | epoch 030 | train loss: 0.6320 bal_acc: 0.62 acc: 0.64 | val loss: 0.6904 bal_loss: 0.6904 bal_acc: 0.57 acc: 0.57
fold=4 label=1_vs_3 | epoch 040 | train loss: 0.6879 bal_acc: 0.53 acc: 0.54 | val loss: 0.6908 bal_loss: 0.6908 bal_acc: 0.50 acc: 0.50
fold=4 label=1_vs_3 | epoch 050 | train loss: 0.6478 bal_acc: 0.64 acc: 0.64 | val loss: 0.6911 bal_loss: 0.6911 bal_acc: 0.40 acc: 0.40
fold=4 label=1_vs_3 | epoch 060 | train loss: 0.6417 bal_acc: 0.60 acc: 0.61 | val loss: 0.6894 bal_loss: 0.6894 bal_acc: 0.40 acc: 0.40
fold=4 label=1_vs_3 | epoch 070 | train loss: 0.6200 bal_acc: 0.62 acc: 0.63 | val loss: 0.6890 bal_loss: 0.6890 bal_acc: 0.45 acc: 0.45
fold=4 label=1_vs_3 | epoch 080 | train loss: 0.6025 bal_acc: 0.75 acc: 0.75 | val loss: 0.6897 bal_loss: 0.6897 bal_acc: 0.45 acc: 0.45
fold=4 label=1_vs_3 | epoch 090 | train loss: 0.6058 bal_acc: 0.67 acc: 0.68 | val loss: 0.6892 bal_loss: 0.6892 bal_acc: 0.48 acc: 0.47
fold=4 label=1_vs_3 | epoch 100 | train loss: 0.5717 bal_acc: 0.76 acc: 0.77 | val loss: 0.6891 bal_loss: 0.6891 bal_acc: 0.48 acc: 0.47
fold=4 label=1_vs_3 | epoch 110 | train loss: 0.6137 bal_acc: 0.66 acc: 0.66 | val loss: 0.6886 bal_loss: 0.6886 bal_acc: 0.48 acc: 0.47
fold=4 label=1_vs_3 | epoch 120 | train loss: 0.6130 bal_acc: 0.71 acc: 0.71 | val loss: 0.6901 bal_loss: 0.6901 bal_acc: 0.48 acc: 0.47
fold=4 label=1_vs_3 | epoch 130 | train loss: 0.5959 bal_acc: 0.70 acc: 0.70 | val loss: 0.6906 bal_loss: 0.6906 bal_acc: 0.48 acc: 0.47
fold=4 label=1_vs_3 | epoch 140 | train loss: 0.6094 bal_acc: 0.78 acc: 0.77 | val loss: 0.6898 bal_loss: 0.6898 bal_acc: 0.50 acc: 0.50
fold=4 label=1_vs_3 | epoch 150 | train loss: 0.5843 bal_acc: 0.75 acc: 0.75 | val loss: 0.6878 bal_loss: 0.6878 bal_acc: 0.50 acc: 0.50
fold=4 label=1_vs_3 | epoch 160 | train loss: 0.5498 bal_acc: 0.76 acc: 0.76 | val loss: 0.6932 bal_loss: 0.6932 bal_acc: 0.50 acc: 0.50
fold=4 label=1_vs_3 | epoch 170 | train loss: 0.5648 bal_acc: 0.83 acc: 0.82 | val loss: 0.6907 bal_loss: 0.6907 bal_acc: 0.50 acc: 0.50
fold=4 label=1_vs_3 | epoch 180 | train loss: 0.5510 bal_acc: 0.82 acc: 0.82 | val loss: 0.6928 bal_loss: 0.6928 bal_acc: 0.50 acc: 0.50
fold=4 label=1_vs_3 | epoch 190 | train loss: 0.5368 bal_acc: 0.81 acc: 0.81 | val loss: 0.6929 bal_loss: 0.6929 bal_acc: 0.50 acc: 0.50
fold=4 label=1_vs_3 | epoch 200 | train loss: 0.5395 bal_acc: 0.75 acc: 0.75 | val loss: 0.6916 bal_loss: 0.6916 bal_acc: 0.50 acc: 0.50
fold=4 label=1_vs_3 | epoch 210 | train loss: 0.5544 bal_acc: 0.75 acc: 0.75 | val loss: 0.6921 bal_loss: 0.6921 bal_acc: 0.50 acc: 0.50
fold=4 label=1_vs_3 | epoch 220 | train loss: 0.5111 bal_acc: 0.87 acc: 0.87 | val loss: 0.6935 bal_loss: 0.6935 bal_acc: 0.50 acc: 0.50
fold=4 label=1_vs_3 | epoch 230 | train loss: 0.5101 bal_acc: 0.84 acc: 0.84 | val loss: 0.6961 bal_loss: 0.6961 bal_acc: 0.50 acc: 0.50
fold=4 label=1_vs_3 | epoch 240 | train loss: 0.4911 bal_acc: 0.81 acc: 0.82 | val loss: 0.6992 bal_loss: 0.6992 bal_acc: 0.50 acc: 0.50

--- fold 5/5: train=300 val=100 test=100 ---

fold=5 label=0
Binary label distribution:
  train: class0=60 class1=240 total=300
  val:   class0=20 class1=80 total=100
  test:  class0=20 class1=80 total=100
Original labels in this split:
  train: label0=60 label1=60 label2=60 label3=60 label4=60 total=300
  val:   label0=20 label1=20 label2=20 label3=20 label4=20 total=100
  test:  label0=20 label1=20 label2=20 label3=20 label4=20 total=100
fold=5 label=0 | epoch 001 | train loss: 0.7427 bal_acc: 0.49 acc: 0.50 | val loss: 0.7300 bal_loss: 0.7068 bal_acc: 0.48 acc: 0.25
fold=5 label=0 | epoch 010 | train loss: 0.6962 bal_acc: 0.54 acc: 0.54 | val loss: 0.7560 bal_loss: 0.7143 bal_acc: 0.45 acc: 0.30
fold=5 label=0 | epoch 020 | train loss: 0.6676 bal_acc: 0.59 acc: 0.59 | val loss: 0.7634 bal_loss: 0.7315 bal_acc: 0.39 acc: 0.35
fold=5 label=0 | epoch 030 | train loss: 0.6438 bal_acc: 0.67 acc: 0.66 | val loss: 0.7419 bal_loss: 0.7341 bal_acc: 0.47 acc: 0.48
fold=5 label=0 | epoch 040 | train loss: 0.6059 bal_acc: 0.72 acc: 0.72 | val loss: 0.7177 bal_loss: 0.7329 bal_acc: 0.45 acc: 0.48
fold=5 label=0 | epoch 050 | train loss: 0.5957 bal_acc: 0.72 acc: 0.73 | val loss: 0.6984 bal_loss: 0.7321 bal_acc: 0.46 acc: 0.52
fold=5 label=0 | epoch 060 | train loss: 0.5453 bal_acc: 0.79 acc: 0.78 | val loss: 0.6868 bal_loss: 0.7360 bal_acc: 0.46 acc: 0.55
fold=5 label=0 | epoch 070 | train loss: 0.4988 bal_acc: 0.84 acc: 0.84 | val loss: 0.6741 bal_loss: 0.7437 bal_acc: 0.43 acc: 0.57
fold=5 label=0 | epoch 080 | train loss: 0.4372 bal_acc: 0.94 acc: 0.94 | val loss: 0.6592 bal_loss: 0.7510 bal_acc: 0.46 acc: 0.61
fold=5 label=0 | epoch 090 | train loss: 0.3756 bal_acc: 0.94 acc: 0.93 | val loss: 0.6518 bal_loss: 0.7616 bal_acc: 0.45 acc: 0.63
fold=5 label=0 | epoch 100 | train loss: 0.3168 bal_acc: 0.97 acc: 0.97 | val loss: 0.6429 bal_loss: 0.7802 bal_acc: 0.48 acc: 0.65

fold=5 label=2
Binary label distribution:
  train: class0=60 class1=240 total=300
  val:   class0=20 class1=80 total=100
  test:  class0=20 class1=80 total=100
Original labels in this split:
  train: label0=60 label1=60 label2=60 label3=60 label4=60 total=300
  val:   label0=20 label1=20 label2=20 label3=20 label4=20 total=100
  test:  label0=20 label1=20 label2=20 label3=20 label4=20 total=100
fold=5 label=2 | epoch 001 | train loss: 0.7017 bal_acc: 0.55 acc: 0.55 | val loss: 0.7133 bal_loss: 0.6859 bal_acc: 0.51 acc: 0.27
fold=5 label=2 | epoch 010 | train loss: 0.6875 bal_acc: 0.56 acc: 0.54 | val loss: 0.7580 bal_loss: 0.7219 bal_acc: 0.44 acc: 0.28
fold=5 label=2 | epoch 020 | train loss: 0.6448 bal_acc: 0.62 acc: 0.63 | val loss: 0.7850 bal_loss: 0.7809 bal_acc: 0.49 acc: 0.40
fold=5 label=2 | epoch 030 | train loss: 0.6348 bal_acc: 0.65 acc: 0.65 | val loss: 0.7896 bal_loss: 0.8243 bal_acc: 0.51 acc: 0.45
fold=5 label=2 | epoch 040 | train loss: 0.6150 bal_acc: 0.70 acc: 0.70 | val loss: 0.8045 bal_loss: 0.8931 bal_acc: 0.50 acc: 0.50
fold=5 label=2 | epoch 050 | train loss: 0.5899 bal_acc: 0.71 acc: 0.71 | val loss: 0.8519 bal_loss: 1.0537 bal_acc: 0.49 acc: 0.52
fold=5 label=2 | epoch 060 | train loss: 0.5682 bal_acc: 0.77 acc: 0.77 | val loss: 0.9094 bal_loss: 1.2176 bal_acc: 0.50 acc: 0.53
fold=5 label=2 | epoch 070 | train loss: 0.4836 bal_acc: 0.85 acc: 0.85 | val loss: 0.9914 bal_loss: 1.4768 bal_acc: 0.45 acc: 0.54
fold=5 label=2 | epoch 080 | train loss: 0.4435 bal_acc: 0.89 acc: 0.88 | val loss: 1.1123 bal_loss: 1.8107 bal_acc: 0.45 acc: 0.54
fold=5 label=2 | epoch 090 | train loss: 0.3693 bal_acc: 0.95 acc: 0.94 | val loss: 1.2545 bal_loss: 2.2024 bal_acc: 0.44 acc: 0.55
fold=5 label=2 | epoch 100 | train loss: 0.3172 bal_acc: 0.95 acc: 0.95 | val loss: 1.2922 bal_loss: 2.3360 bal_acc: 0.46 acc: 0.58

fold=5 label=1_vs_3
Binary labels: class0=label1 class1=label3
Binary label distribution:
  train: class0=60 class1=60 total=120
  val:   class0=20 class1=20 total=40
  test:  class0=20 class1=20 total=40
Original labels in this split:
  train: label0=0 label1=60 label2=0 label3=60 label4=0 total=120
  val:   label0=0 label1=20 label2=0 label3=20 label4=0 total=40
  test:  label0=0 label1=20 label2=0 label3=20 label4=0 total=40
fold=5 label=1_vs_3 | epoch 001 | train loss: 0.7114 bal_acc: 0.53 acc: 0.52 | val loss: 0.6884 bal_loss: 0.6884 bal_acc: 0.57 acc: 0.57
fold=5 label=1_vs_3 | epoch 010 | train loss: 0.6548 bal_acc: 0.61 acc: 0.62 | val loss: 0.6810 bal_loss: 0.6810 bal_acc: 0.60 acc: 0.60
fold=5 label=1_vs_3 | epoch 020 | train loss: 0.6097 bal_acc: 0.71 acc: 0.70 | val loss: 0.6692 bal_loss: 0.6692 bal_acc: 0.62 acc: 0.62
fold=5 label=1_vs_3 | epoch 030 | train loss: 0.6212 bal_acc: 0.68 acc: 0.67 | val loss: 0.6544 bal_loss: 0.6544 bal_acc: 0.65 acc: 0.65
fold=5 label=1_vs_3 | epoch 040 | train loss: 0.6562 bal_acc: 0.61 acc: 0.61 | val loss: 0.6450 bal_loss: 0.6450 bal_acc: 0.68 acc: 0.68
fold=5 label=1_vs_3 | epoch 050 | train loss: 0.6010 bal_acc: 0.70 acc: 0.70 | val loss: 0.6382 bal_loss: 0.6382 bal_acc: 0.68 acc: 0.68
fold=5 label=1_vs_3 | epoch 060 | train loss: 0.6155 bal_acc: 0.68 acc: 0.68 | val loss: 0.6356 bal_loss: 0.6356 bal_acc: 0.68 acc: 0.68
fold=5 label=1_vs_3 | epoch 070 | train loss: 0.5720 bal_acc: 0.70 acc: 0.70 | val loss: 0.6310 bal_loss: 0.6310 bal_acc: 0.65 acc: 0.65
fold=5 label=1_vs_3 | epoch 080 | train loss: 0.6148 bal_acc: 0.67 acc: 0.68 | val loss: 0.6314 bal_loss: 0.6314 bal_acc: 0.65 acc: 0.65
fold=5 label=1_vs_3 | epoch 090 | train loss: 0.5822 bal_acc: 0.73 acc: 0.73 | val loss: 0.6324 bal_loss: 0.6324 bal_acc: 0.62 acc: 0.62
fold=5 label=1_vs_3 | epoch 100 | train loss: 0.5172 bal_acc: 0.80 acc: 0.80 | val loss: 0.6310 bal_loss: 0.6310 bal_acc: 0.65 acc: 0.65
fold=5 label=1_vs_3 | epoch 110 | train loss: 0.5133 bal_acc: 0.81 acc: 0.82 | val loss: 0.6279 bal_loss: 0.6279 bal_acc: 0.65 acc: 0.65
fold=5 label=1_vs_3 | epoch 120 | train loss: 0.5056 bal_acc: 0.81 acc: 0.81 | val loss: 0.6274 bal_loss: 0.6274 bal_acc: 0.68 acc: 0.68
fold=5 label=1_vs_3 | epoch 130 | train loss: 0.4735 bal_acc: 0.86 acc: 0.86 | val loss: 0.6275 bal_loss: 0.6275 bal_acc: 0.65 acc: 0.65
fold=5 label=1_vs_3 | epoch 140 | train loss: 0.4309 bal_acc: 0.91 acc: 0.91 | val loss: 0.6273 bal_loss: 0.6273 bal_acc: 0.65 acc: 0.65
fold=5 label=1_vs_3 | epoch 150 | train loss: 0.4377 bal_acc: 0.92 acc: 0.93 | val loss: 0.6269 bal_loss: 0.6269 bal_acc: 0.65 acc: 0.65
fold=5 label=1_vs_3 | epoch 160 | train loss: 0.4267 bal_acc: 0.87 acc: 0.88 | val loss: 0.6287 bal_loss: 0.6287 bal_acc: 0.65 acc: 0.65
fold=5 label=1_vs_3 | epoch 170 | train loss: 0.3322 bal_acc: 0.97 acc: 0.97 | val loss: 0.6309 bal_loss: 0.6309 bal_acc: 0.68 acc: 0.68
fold=5 label=1_vs_3 | epoch 180 | train loss: 0.3636 bal_acc: 0.93 acc: 0.93 | val loss: 0.6317 bal_loss: 0.6317 bal_acc: 0.68 acc: 0.68
fold=5 label=1_vs_3 | epoch 190 | train loss: 0.2984 bal_acc: 0.97 acc: 0.98 | val loss: 0.6329 bal_loss: 0.6329 bal_acc: 0.68 acc: 0.68
fold=5 label=1_vs_3 | epoch 200 | train loss: 0.2858 bal_acc: 0.98 acc: 0.98 | val loss: 0.6341 bal_loss: 0.6341 bal_acc: 0.68 acc: 0.68
fold=5 label=1_vs_3 | epoch 210 | train loss: 0.2607 bal_acc: 0.99 acc: 0.99 | val loss: 0.6357 bal_loss: 0.6357 bal_acc: 0.68 acc: 0.68
fold=5 label=1_vs_3 | epoch 220 | train loss: 0.2270 bal_acc: 1.00 acc: 1.00 | val loss: 0.6380 bal_loss: 0.6380 bal_acc: 0.65 acc: 0.65
fold=5 label=1_vs_3 | epoch 230 | train loss: 0.2163 bal_acc: 0.99 acc: 0.99 | val loss: 0.6424 bal_loss: 0.6424 bal_acc: 0.65 acc: 0.65

Cross-validation summary (5 fold(s) run)
y_0: test bal_loss=0.716 +/- 0.026 | bal_acc=0.527 +/- 0.058 | test acc=0.472 +/- 0.172
y_2: test bal_loss=0.689 +/- 0.004 | bal_acc=0.513 +/- 0.018 | test acc=0.262 +/- 0.013
y_1_vs_3: test bal_loss=0.696 +/- 0.036 | bal_acc=0.515 +/- 0.046 | test acc=0.515 +/- 0.046
Cross-validation CSV: ./checkpoints/sub1_hjlee_nogit/v4_sub1_eegnet_all_days/20260629_184245/cross_validation.csv

Saved to: ./checkpoints/sub1_hjlee_nogit/v4_sub1_eegnet_all_days/20260629_184245
