Training configuration
  config=train_config_v2.json
  data_dir=./data/processed/260623_sub2_yjkim_raw
  input_file=X_eeg_raw.npy
  checkpoint_root=./checkpoints_eegnet_randomsplit/yjkim
  epochs=200
  batch_size=16
  lr=0.0001
  weight_decay=0.0001
  patience=50
  seed=42
  val_test_ratio=0.2
  weighted_sampler=True
  run_window_diagnostic=False
  window_size=256
  window_stride=128
  balance_rest_to_target=False
  run_5fold_cross_validation=True
  selection_metric=balanced_loss

Loading X_eeg_raw.npy...
Device: cuda | X: (500, 64, 1000) | run: ./checkpoints_eegnet_randomsplit/yjkim/20260626_112117
Data split: train=300 val=100 test=100
Original label distribution:
  train: label0=60 label1=60 label2=60 label3=60 label4=60 total=300
  val:   label0=20 label1=20 label2=20 label3=20 label4=20 total=100
  test:  label0=20 label1=20 label2=20 label3=20 label4=20 total=100

=== 5-fold cross-validation ===

--- fold 1/5: train=300 val=100 test=100 ---

fold=1 label=0
Binary label distribution:
  train: class0=60 class1=240 total=300
  val:   class0=20 class1=80 total=100
  test:  class0=20 class1=80 total=100
Original labels in this split:
  train: label0=60 label1=60 label2=60 label3=60 label4=60 total=300
  val:   label0=20 label1=20 label2=20 label3=20 label4=20 total=100
  test:  label0=20 label1=20 label2=20 label3=20 label4=20 total=100
fold=1 label=0 | epoch 001 | train loss: 0.6858 bal_acc: 0.53 acc: 0.52 | val loss: 0.6623 bal_loss: 0.6976 bal_acc: 0.49 acc: 0.78
fold=1 label=0 | epoch 010 | train loss: 0.6664 bal_acc: 0.61 acc: 0.61 | val loss: 0.6592 bal_loss: 0.6804 bal_acc: 0.66 acc: 0.73
fold=1 label=0 | epoch 020 | train loss: 0.6377 bal_acc: 0.66 acc: 0.66 | val loss: 0.6481 bal_loss: 0.6664 bal_acc: 0.69 acc: 0.72
fold=1 label=0 | epoch 030 | train loss: 0.6141 bal_acc: 0.70 acc: 0.70 | val loss: 0.6383 bal_loss: 0.6565 bal_acc: 0.70 acc: 0.70
fold=1 label=0 | epoch 040 | train loss: 0.5767 bal_acc: 0.73 acc: 0.73 | val loss: 0.6231 bal_loss: 0.6434 bal_acc: 0.68 acc: 0.67
fold=1 label=0 | epoch 050 | train loss: 0.5653 bal_acc: 0.71 acc: 0.71 | val loss: 0.6120 bal_loss: 0.6255 bal_acc: 0.67 acc: 0.65
fold=1 label=0 | epoch 060 | train loss: 0.5143 bal_acc: 0.76 acc: 0.76 | val loss: 0.5386 bal_loss: 0.5886 bal_acc: 0.74 acc: 0.77
fold=1 label=0 | epoch 070 | train loss: 0.4433 bal_acc: 0.82 acc: 0.81 | val loss: 0.5430 bal_loss: 0.5641 bal_acc: 0.77 acc: 0.76
fold=1 label=0 | epoch 080 | train loss: 0.4595 bal_acc: 0.80 acc: 0.80 | val loss: 0.5059 bal_loss: 0.5641 bal_acc: 0.75 acc: 0.78
fold=1 label=0 | epoch 090 | train loss: 0.3902 bal_acc: 0.87 acc: 0.87 | val loss: 0.5014 bal_loss: 0.5363 bal_acc: 0.84 acc: 0.80
fold=1 label=0 | epoch 100 | train loss: 0.3639 bal_acc: 0.86 acc: 0.86 | val loss: 0.4867 bal_loss: 0.5397 bal_acc: 0.83 acc: 0.81
fold=1 label=0 | epoch 110 | train loss: 0.3657 bal_acc: 0.87 acc: 0.87 | val loss: 0.4940 bal_loss: 0.5274 bal_acc: 0.83 acc: 0.81
fold=1 label=0 | epoch 120 | train loss: 0.3398 bal_acc: 0.87 acc: 0.87 | val loss: 0.4858 bal_loss: 0.5333 bal_acc: 0.81 acc: 0.81
fold=1 label=0 | epoch 130 | train loss: 0.3787 bal_acc: 0.82 acc: 0.82 | val loss: 0.4987 bal_loss: 0.5311 bal_acc: 0.79 acc: 0.79
fold=1 label=0 | epoch 140 | train loss: 0.3689 bal_acc: 0.83 acc: 0.83 | val loss: 0.4523 bal_loss: 0.5413 bal_acc: 0.81 acc: 0.84
fold=1 label=0 | epoch 150 | train loss: 0.3213 bal_acc: 0.86 acc: 0.86 | val loss: 0.4352 bal_loss: 0.5509 bal_acc: 0.78 acc: 0.83
fold=1 label=0 | epoch 160 | train loss: 0.2586 bal_acc: 0.91 acc: 0.91 | val loss: 0.4583 bal_loss: 0.5489 bal_acc: 0.77 acc: 0.81

fold=1 label=2
Binary label distribution:
  train: class0=60 class1=240 total=300
  val:   class0=20 class1=80 total=100
  test:  class0=20 class1=80 total=100
Original labels in this split:
  train: label0=60 label1=60 label2=60 label3=60 label4=60 total=300
  val:   label0=20 label1=20 label2=20 label3=20 label4=20 total=100
  test:  label0=20 label1=20 label2=20 label3=20 label4=20 total=100
fold=1 label=2 | epoch 001 | train loss: 0.7081 bal_acc: 0.45 acc: 0.46 | val loss: 0.6598 bal_loss: 0.6943 bal_acc: 0.49 acc: 0.78
fold=1 label=2 | epoch 010 | train loss: 0.6397 bal_acc: 0.64 acc: 0.64 | val loss: 0.6117 bal_loss: 0.6659 bal_acc: 0.56 acc: 0.78
fold=1 label=2 | epoch 020 | train loss: 0.5300 bal_acc: 0.79 acc: 0.79 | val loss: 0.5593 bal_loss: 0.6187 bal_acc: 0.63 acc: 0.74
fold=1 label=2 | epoch 030 | train loss: 0.4894 bal_acc: 0.79 acc: 0.79 | val loss: 0.5296 bal_loss: 0.6048 bal_acc: 0.69 acc: 0.78
fold=1 label=2 | epoch 040 | train loss: 0.4003 bal_acc: 0.87 acc: 0.87 | val loss: 0.4627 bal_loss: 0.6128 bal_acc: 0.72 acc: 0.82
fold=1 label=2 | epoch 050 | train loss: 0.4144 bal_acc: 0.83 acc: 0.83 | val loss: 0.4608 bal_loss: 0.5999 bal_acc: 0.74 acc: 0.83
fold=1 label=2 | epoch 060 | train loss: 0.3448 bal_acc: 0.88 acc: 0.88 | val loss: 0.4444 bal_loss: 0.5814 bal_acc: 0.77 acc: 0.84
fold=1 label=2 | epoch 070 | train loss: 0.3226 bal_acc: 0.89 acc: 0.89 | val loss: 0.4198 bal_loss: 0.5624 bal_acc: 0.74 acc: 0.83
fold=1 label=2 | epoch 080 | train loss: 0.3191 bal_acc: 0.89 acc: 0.89 | val loss: 0.4224 bal_loss: 0.5479 bal_acc: 0.76 acc: 0.83
fold=1 label=2 | epoch 090 | train loss: 0.2958 bal_acc: 0.87 acc: 0.87 | val loss: 0.4113 bal_loss: 0.5433 bal_acc: 0.76 acc: 0.83
fold=1 label=2 | epoch 100 | train loss: 0.2269 bal_acc: 0.91 acc: 0.91 | val loss: 0.4050 bal_loss: 0.5177 bal_acc: 0.76 acc: 0.82
fold=1 label=2 | epoch 110 | train loss: 0.2544 bal_acc: 0.89 acc: 0.89 | val loss: 0.3829 bal_loss: 0.5278 bal_acc: 0.77 acc: 0.84
fold=1 label=2 | epoch 120 | train loss: 0.2322 bal_acc: 0.90 acc: 0.90 | val loss: 0.3796 bal_loss: 0.5148 bal_acc: 0.77 acc: 0.85
fold=1 label=2 | epoch 130 | train loss: 0.3005 bal_acc: 0.87 acc: 0.87 | val loss: 0.3985 bal_loss: 0.5235 bal_acc: 0.73 acc: 0.81
fold=1 label=2 | epoch 140 | train loss: 0.2306 bal_acc: 0.93 acc: 0.93 | val loss: 0.3657 bal_loss: 0.5489 bal_acc: 0.79 acc: 0.87
fold=1 label=2 | epoch 150 | train loss: 0.2045 bal_acc: 0.93 acc: 0.93 | val loss: 0.3667 bal_loss: 0.5580 bal_acc: 0.78 acc: 0.86
fold=1 label=2 | epoch 160 | train loss: 0.1835 bal_acc: 0.95 acc: 0.95 | val loss: 0.3684 bal_loss: 0.5259 bal_acc: 0.79 acc: 0.85
fold=1 label=2 | epoch 170 | train loss: 0.2464 bal_acc: 0.90 acc: 0.90 | val loss: 0.3649 bal_loss: 0.5525 bal_acc: 0.81 acc: 0.88
fold=1 label=2 | epoch 180 | train loss: 0.2108 bal_acc: 0.92 acc: 0.91 | val loss: 0.3858 bal_loss: 0.5091 bal_acc: 0.78 acc: 0.83
fold=1 label=2 | epoch 190 | train loss: 0.1699 bal_acc: 0.95 acc: 0.95 | val loss: 0.3684 bal_loss: 0.5418 bal_acc: 0.76 acc: 0.85
fold=1 label=2 | epoch 200 | train loss: 0.1728 bal_acc: 0.94 acc: 0.94 | val loss: 0.3600 bal_loss: 0.5783 bal_acc: 0.74 acc: 0.86

fold=1 label=1_vs_3
Binary labels: class0=label1 class1=label3
Binary label distribution:
  train: class0=60 class1=60 total=120
  val:   class0=20 class1=20 total=40
  test:  class0=20 class1=20 total=40
Original labels in this split:
  train: label0=0 label1=60 label2=0 label3=60 label4=0 total=120
  val:   label0=0 label1=20 label2=0 label3=20 label4=0 total=40
  test:  label0=0 label1=20 label2=0 label3=20 label4=0 total=40
fold=1 label=1_vs_3 | epoch 001 | train loss: 0.7002 bal_acc: 0.52 acc: 0.50 | val loss: 0.6915 bal_loss: 0.6915 bal_acc: 0.50 acc: 0.50
fold=1 label=1_vs_3 | epoch 010 | train loss: 0.6644 bal_acc: 0.68 acc: 0.63 | val loss: 0.6511 bal_loss: 0.6511 bal_acc: 0.70 acc: 0.70
fold=1 label=1_vs_3 | epoch 020 | train loss: 0.5970 bal_acc: 0.82 acc: 0.82 | val loss: 0.6043 bal_loss: 0.6043 bal_acc: 0.80 acc: 0.80
fold=1 label=1_vs_3 | epoch 030 | train loss: 0.5664 bal_acc: 0.78 acc: 0.78 | val loss: 0.5598 bal_loss: 0.5598 bal_acc: 0.80 acc: 0.80
fold=1 label=1_vs_3 | epoch 040 | train loss: 0.4807 bal_acc: 0.86 acc: 0.84 | val loss: 0.4940 bal_loss: 0.4940 bal_acc: 0.85 acc: 0.85
fold=1 label=1_vs_3 | epoch 050 | train loss: 0.4448 bal_acc: 0.84 acc: 0.84 | val loss: 0.4620 bal_loss: 0.4620 bal_acc: 0.82 acc: 0.82
fold=1 label=1_vs_3 | epoch 060 | train loss: 0.3607 bal_acc: 0.90 acc: 0.90 | val loss: 0.4067 bal_loss: 0.4067 bal_acc: 0.88 acc: 0.88
fold=1 label=1_vs_3 | epoch 070 | train loss: 0.3920 bal_acc: 0.88 acc: 0.88 | val loss: 0.3916 bal_loss: 0.3916 bal_acc: 0.85 acc: 0.85
fold=1 label=1_vs_3 | epoch 080 | train loss: 0.3142 bal_acc: 0.91 acc: 0.92 | val loss: 0.3581 bal_loss: 0.3581 bal_acc: 0.90 acc: 0.90
fold=1 label=1_vs_3 | epoch 090 | train loss: 0.3422 bal_acc: 0.91 acc: 0.90 | val loss: 0.3499 bal_loss: 0.3499 bal_acc: 0.90 acc: 0.90
fold=1 label=1_vs_3 | epoch 100 | train loss: 0.2708 bal_acc: 0.94 acc: 0.93 | val loss: 0.3539 bal_loss: 0.3539 bal_acc: 0.88 acc: 0.88
fold=1 label=1_vs_3 | epoch 110 | train loss: 0.3466 bal_acc: 0.88 acc: 0.88 | val loss: 0.3320 bal_loss: 0.3320 bal_acc: 0.90 acc: 0.90
fold=1 label=1_vs_3 | epoch 120 | train loss: 0.3245 bal_acc: 0.91 acc: 0.91 | val loss: 0.3180 bal_loss: 0.3180 bal_acc: 0.88 acc: 0.88
fold=1 label=1_vs_3 | epoch 130 | train loss: 0.3276 bal_acc: 0.91 acc: 0.91 | val loss: 0.3135 bal_loss: 0.3135 bal_acc: 0.93 acc: 0.93
fold=1 label=1_vs_3 | epoch 140 | train loss: 0.2320 bal_acc: 0.95 acc: 0.95 | val loss: 0.3232 bal_loss: 0.3232 bal_acc: 0.90 acc: 0.90
fold=1 label=1_vs_3 | epoch 150 | train loss: 0.3166 bal_acc: 0.92 acc: 0.93 | val loss: 0.3003 bal_loss: 0.3003 bal_acc: 0.88 acc: 0.88
fold=1 label=1_vs_3 | epoch 160 | train loss: 0.3160 bal_acc: 0.90 acc: 0.90 | val loss: 0.2929 bal_loss: 0.2929 bal_acc: 0.90 acc: 0.90
fold=1 label=1_vs_3 | epoch 170 | train loss: 0.2530 bal_acc: 0.92 acc: 0.92 | val loss: 0.2937 bal_loss: 0.2937 bal_acc: 0.90 acc: 0.90
fold=1 label=1_vs_3 | epoch 180 | train loss: 0.2548 bal_acc: 0.93 acc: 0.93 | val loss: 0.2960 bal_loss: 0.2960 bal_acc: 0.92 acc: 0.93
fold=1 label=1_vs_3 | epoch 190 | train loss: 0.1584 bal_acc: 0.98 acc: 0.98 | val loss: 0.2810 bal_loss: 0.2810 bal_acc: 0.92 acc: 0.93
fold=1 label=1_vs_3 | epoch 200 | train loss: 0.1915 bal_acc: 0.96 acc: 0.96 | val loss: 0.2794 bal_loss: 0.2794 bal_acc: 0.92 acc: 0.93

--- fold 2/5: train=300 val=100 test=100 ---

fold=2 label=0
Binary label distribution:
  train: class0=60 class1=240 total=300
  val:   class0=20 class1=80 total=100
  test:  class0=20 class1=80 total=100
Original labels in this split:
  train: label0=60 label1=60 label2=60 label3=60 label4=60 total=300
  val:   label0=20 label1=20 label2=20 label3=20 label4=20 total=100
  test:  label0=20 label1=20 label2=20 label3=20 label4=20 total=100
fold=2 label=0 | epoch 001 | train loss: 0.6917 bal_acc: 0.51 acc: 0.51 | val loss: 0.6535 bal_loss: 0.6933 bal_acc: 0.49 acc: 0.79
fold=2 label=0 | epoch 010 | train loss: 0.6670 bal_acc: 0.56 acc: 0.56 | val loss: 0.6354 bal_loss: 0.6644 bal_acc: 0.64 acc: 0.76
fold=2 label=0 | epoch 020 | train loss: 0.6486 bal_acc: 0.65 acc: 0.64 | val loss: 0.6225 bal_loss: 0.6425 bal_acc: 0.71 acc: 0.72
fold=2 label=0 | epoch 030 | train loss: 0.6234 bal_acc: 0.71 acc: 0.71 | val loss: 0.6129 bal_loss: 0.6354 bal_acc: 0.71 acc: 0.71
fold=2 label=0 | epoch 040 | train loss: 0.5747 bal_acc: 0.75 acc: 0.75 | val loss: 0.6047 bal_loss: 0.6233 bal_acc: 0.71 acc: 0.71
fold=2 label=0 | epoch 050 | train loss: 0.5706 bal_acc: 0.71 acc: 0.71 | val loss: 0.6050 bal_loss: 0.6343 bal_acc: 0.67 acc: 0.71
fold=2 label=0 | epoch 060 | train loss: 0.4994 bal_acc: 0.80 acc: 0.80 | val loss: 0.5986 bal_loss: 0.6327 bal_acc: 0.65 acc: 0.68
fold=2 label=0 | epoch 070 | train loss: 0.4802 bal_acc: 0.78 acc: 0.78 | val loss: 0.5830 bal_loss: 0.6276 bal_acc: 0.62 acc: 0.66
fold=2 label=0 | epoch 080 | train loss: 0.4322 bal_acc: 0.82 acc: 0.82 | val loss: 0.5891 bal_loss: 0.6299 bal_acc: 0.67 acc: 0.69
fold=2 label=0 | epoch 090 | train loss: 0.4394 bal_acc: 0.84 acc: 0.84 | val loss: 0.5717 bal_loss: 0.6506 bal_acc: 0.61 acc: 0.68
fold=2 label=0 | epoch 100 | train loss: 0.4165 bal_acc: 0.82 acc: 0.81 | val loss: 0.6013 bal_loss: 0.6336 bal_acc: 0.63 acc: 0.65

fold=2 label=2
Binary label distribution:
  train: class0=60 class1=240 total=300
  val:   class0=20 class1=80 total=100
  test:  class0=20 class1=80 total=100
Original labels in this split:
  train: label0=60 label1=60 label2=60 label3=60 label4=60 total=300
  val:   label0=20 label1=20 label2=20 label3=20 label4=20 total=100
  test:  label0=20 label1=20 label2=20 label3=20 label4=20 total=100
fold=2 label=2 | epoch 001 | train loss: 0.7138 bal_acc: 0.50 acc: 0.48 | val loss: 0.6632 bal_loss: 0.7011 bal_acc: 0.49 acc: 0.78
fold=2 label=2 | epoch 010 | train loss: 0.6426 bal_acc: 0.64 acc: 0.61 | val loss: 0.6101 bal_loss: 0.6695 bal_acc: 0.53 acc: 0.76
fold=2 label=2 | epoch 020 | train loss: 0.5474 bal_acc: 0.78 acc: 0.78 | val loss: 0.5454 bal_loss: 0.6332 bal_acc: 0.62 acc: 0.75
fold=2 label=2 | epoch 030 | train loss: 0.4982 bal_acc: 0.80 acc: 0.80 | val loss: 0.5334 bal_loss: 0.6004 bal_acc: 0.71 acc: 0.75
fold=2 label=2 | epoch 040 | train loss: 0.4430 bal_acc: 0.85 acc: 0.85 | val loss: 0.4780 bal_loss: 0.5713 bal_acc: 0.76 acc: 0.80
fold=2 label=2 | epoch 050 | train loss: 0.4243 bal_acc: 0.82 acc: 0.82 | val loss: 0.4421 bal_loss: 0.5377 bal_acc: 0.77 acc: 0.82
fold=2 label=2 | epoch 060 | train loss: 0.3841 bal_acc: 0.86 acc: 0.86 | val loss: 0.4135 bal_loss: 0.5305 bal_acc: 0.78 acc: 0.83
fold=2 label=2 | epoch 070 | train loss: 0.3450 bal_acc: 0.87 acc: 0.86 | val loss: 0.4217 bal_loss: 0.5070 bal_acc: 0.78 acc: 0.80
fold=2 label=2 | epoch 080 | train loss: 0.2882 bal_acc: 0.89 acc: 0.89 | val loss: 0.4332 bal_loss: 0.4984 bal_acc: 0.79 acc: 0.81
fold=2 label=2 | epoch 090 | train loss: 0.3296 bal_acc: 0.87 acc: 0.87 | val loss: 0.3985 bal_loss: 0.5053 bal_acc: 0.80 acc: 0.83
fold=2 label=2 | epoch 100 | train loss: 0.2647 bal_acc: 0.91 acc: 0.90 | val loss: 0.4022 bal_loss: 0.5198 bal_acc: 0.78 acc: 0.83
fold=2 label=2 | epoch 110 | train loss: 0.2370 bal_acc: 0.92 acc: 0.92 | val loss: 0.3862 bal_loss: 0.5175 bal_acc: 0.76 acc: 0.83
fold=2 label=2 | epoch 120 | train loss: 0.2780 bal_acc: 0.89 acc: 0.89 | val loss: 0.4085 bal_loss: 0.5233 bal_acc: 0.83 acc: 0.84

fold=2 label=1_vs_3
Binary labels: class0=label1 class1=label3
Binary label distribution:
  train: class0=60 class1=60 total=120
  val:   class0=20 class1=20 total=40
  test:  class0=20 class1=20 total=40
Original labels in this split:
  train: label0=0 label1=60 label2=0 label3=60 label4=0 total=120
  val:   label0=0 label1=20 label2=0 label3=20 label4=0 total=40
  test:  label0=0 label1=20 label2=0 label3=20 label4=0 total=40
fold=2 label=1_vs_3 | epoch 001 | train loss: 0.6904 bal_acc: 0.55 acc: 0.60 | val loss: 0.6909 bal_loss: 0.6909 bal_acc: 0.50 acc: 0.50
fold=2 label=1_vs_3 | epoch 010 | train loss: 0.6584 bal_acc: 0.69 acc: 0.68 | val loss: 0.6586 bal_loss: 0.6586 bal_acc: 0.68 acc: 0.68
fold=2 label=1_vs_3 | epoch 020 | train loss: 0.6056 bal_acc: 0.78 acc: 0.77 | val loss: 0.6052 bal_loss: 0.6052 bal_acc: 0.73 acc: 0.72
fold=2 label=1_vs_3 | epoch 030 | train loss: 0.5094 bal_acc: 0.87 acc: 0.87 | val loss: 0.5530 bal_loss: 0.5530 bal_acc: 0.77 acc: 0.78
fold=2 label=1_vs_3 | epoch 040 | train loss: 0.4327 bal_acc: 0.88 acc: 0.88 | val loss: 0.4968 bal_loss: 0.4968 bal_acc: 0.82 acc: 0.82
fold=2 label=1_vs_3 | epoch 050 | train loss: 0.4646 bal_acc: 0.83 acc: 0.83 | val loss: 0.4499 bal_loss: 0.4499 bal_acc: 0.82 acc: 0.82
fold=2 label=1_vs_3 | epoch 060 | train loss: 0.3333 bal_acc: 0.91 acc: 0.91 | val loss: 0.4155 bal_loss: 0.4155 bal_acc: 0.88 acc: 0.88
fold=2 label=1_vs_3 | epoch 070 | train loss: 0.2995 bal_acc: 0.91 acc: 0.92 | val loss: 0.3941 bal_loss: 0.3941 bal_acc: 0.85 acc: 0.85
fold=2 label=1_vs_3 | epoch 080 | train loss: 0.3164 bal_acc: 0.93 acc: 0.93 | val loss: 0.3767 bal_loss: 0.3767 bal_acc: 0.85 acc: 0.85
fold=2 label=1_vs_3 | epoch 090 | train loss: 0.2488 bal_acc: 0.96 acc: 0.96 | val loss: 0.3497 bal_loss: 0.3497 bal_acc: 0.85 acc: 0.85
fold=2 label=1_vs_3 | epoch 100 | train loss: 0.3328 bal_acc: 0.89 acc: 0.88 | val loss: 0.3556 bal_loss: 0.3556 bal_acc: 0.85 acc: 0.85
fold=2 label=1_vs_3 | epoch 110 | train loss: 0.3103 bal_acc: 0.93 acc: 0.93 | val loss: 0.3467 bal_loss: 0.3467 bal_acc: 0.85 acc: 0.85
fold=2 label=1_vs_3 | epoch 120 | train loss: 0.2970 bal_acc: 0.92 acc: 0.92 | val loss: 0.3353 bal_loss: 0.3353 bal_acc: 0.88 acc: 0.88
fold=2 label=1_vs_3 | epoch 130 | train loss: 0.2287 bal_acc: 0.94 acc: 0.94 | val loss: 0.3676 bal_loss: 0.3676 bal_acc: 0.85 acc: 0.85
fold=2 label=1_vs_3 | epoch 140 | train loss: 0.2610 bal_acc: 0.94 acc: 0.93 | val loss: 0.3579 bal_loss: 0.3579 bal_acc: 0.92 acc: 0.93
fold=2 label=1_vs_3 | epoch 150 | train loss: 0.1956 bal_acc: 0.95 acc: 0.95 | val loss: 0.3549 bal_loss: 0.3549 bal_acc: 0.92 acc: 0.93
fold=2 label=1_vs_3 | epoch 160 | train loss: 0.2458 bal_acc: 0.92 acc: 0.92 | val loss: 0.3760 bal_loss: 0.3760 bal_acc: 0.88 acc: 0.88
fold=2 label=1_vs_3 | epoch 170 | train loss: 0.2561 bal_acc: 0.89 acc: 0.89 | val loss: 0.3845 bal_loss: 0.3845 bal_acc: 0.92 acc: 0.93
fold=2 label=1_vs_3 | epoch 180 | train loss: 0.1598 bal_acc: 0.97 acc: 0.97 | val loss: 0.3811 bal_loss: 0.3811 bal_acc: 0.92 acc: 0.93

--- fold 3/5: train=300 val=100 test=100 ---

fold=3 label=0
Binary label distribution:
  train: class0=60 class1=240 total=300
  val:   class0=20 class1=80 total=100
  test:  class0=20 class1=80 total=100
Original labels in this split:
  train: label0=60 label1=60 label2=60 label3=60 label4=60 total=300
  val:   label0=20 label1=20 label2=20 label3=20 label4=20 total=100
  test:  label0=20 label1=20 label2=20 label3=20 label4=20 total=100
fold=3 label=0 | epoch 001 | train loss: 0.6956 bal_acc: 0.49 acc: 0.50 | val loss: 0.6530 bal_loss: 0.6924 bal_acc: 0.49 acc: 0.79
fold=3 label=0 | epoch 010 | train loss: 0.6812 bal_acc: 0.54 acc: 0.56 | val loss: 0.6338 bal_loss: 0.6689 bal_acc: 0.65 acc: 0.77
fold=3 label=0 | epoch 020 | train loss: 0.6563 bal_acc: 0.63 acc: 0.62 | val loss: 0.6184 bal_loss: 0.6561 bal_acc: 0.66 acc: 0.75
fold=3 label=0 | epoch 030 | train loss: 0.6198 bal_acc: 0.71 acc: 0.71 | val loss: 0.6290 bal_loss: 0.6551 bal_acc: 0.67 acc: 0.66
fold=3 label=0 | epoch 040 | train loss: 0.5914 bal_acc: 0.67 acc: 0.67 | val loss: 0.6176 bal_loss: 0.6858 bal_acc: 0.56 acc: 0.63
fold=3 label=0 | epoch 050 | train loss: 0.5555 bal_acc: 0.73 acc: 0.73 | val loss: 0.6102 bal_loss: 0.6768 bal_acc: 0.65 acc: 0.68
fold=3 label=0 | epoch 060 | train loss: 0.5006 bal_acc: 0.79 acc: 0.79 | val loss: 0.6143 bal_loss: 0.6952 bal_acc: 0.62 acc: 0.70
fold=3 label=0 | epoch 070 | train loss: 0.5371 bal_acc: 0.75 acc: 0.74 | val loss: 0.6273 bal_loss: 0.7231 bal_acc: 0.62 acc: 0.66

fold=3 label=2
Binary label distribution:
  train: class0=60 class1=240 total=300
  val:   class0=20 class1=80 total=100
  test:  class0=20 class1=80 total=100
Original labels in this split:
  train: label0=60 label1=60 label2=60 label3=60 label4=60 total=300
  val:   label0=20 label1=20 label2=20 label3=20 label4=20 total=100
  test:  label0=20 label1=20 label2=20 label3=20 label4=20 total=100
fold=3 label=2 | epoch 001 | train loss: 0.7086 bal_acc: 0.47 acc: 0.48 | val loss: 0.6592 bal_loss: 0.6959 bal_acc: 0.49 acc: 0.79
fold=3 label=2 | epoch 010 | train loss: 0.6526 bal_acc: 0.66 acc: 0.65 | val loss: 0.6188 bal_loss: 0.6548 bal_acc: 0.56 acc: 0.74
fold=3 label=2 | epoch 020 | train loss: 0.5554 bal_acc: 0.77 acc: 0.77 | val loss: 0.5578 bal_loss: 0.5900 bal_acc: 0.72 acc: 0.76
fold=3 label=2 | epoch 030 | train loss: 0.4820 bal_acc: 0.81 acc: 0.81 | val loss: 0.5574 bal_loss: 0.5519 bal_acc: 0.72 acc: 0.73
fold=3 label=2 | epoch 040 | train loss: 0.4621 bal_acc: 0.84 acc: 0.84 | val loss: 0.4997 bal_loss: 0.5102 bal_acc: 0.74 acc: 0.76
fold=3 label=2 | epoch 050 | train loss: 0.3987 bal_acc: 0.84 acc: 0.84 | val loss: 0.4353 bal_loss: 0.4556 bal_acc: 0.78 acc: 0.80
fold=3 label=2 | epoch 060 | train loss: 0.3426 bal_acc: 0.86 acc: 0.86 | val loss: 0.4703 bal_loss: 0.4483 bal_acc: 0.82 acc: 0.80
fold=3 label=2 | epoch 070 | train loss: 0.3261 bal_acc: 0.87 acc: 0.87 | val loss: 0.4679 bal_loss: 0.4378 bal_acc: 0.83 acc: 0.81
fold=3 label=2 | epoch 080 | train loss: 0.3250 bal_acc: 0.88 acc: 0.88 | val loss: 0.4056 bal_loss: 0.4235 bal_acc: 0.82 acc: 0.83
fold=3 label=2 | epoch 090 | train loss: 0.3515 bal_acc: 0.86 acc: 0.85 | val loss: 0.4542 bal_loss: 0.4085 bal_acc: 0.83 acc: 0.81
fold=3 label=2 | epoch 100 | train loss: 0.2691 bal_acc: 0.93 acc: 0.93 | val loss: 0.4027 bal_loss: 0.4249 bal_acc: 0.83 acc: 0.84
fold=3 label=2 | epoch 110 | train loss: 0.2766 bal_acc: 0.90 acc: 0.90 | val loss: 0.3978 bal_loss: 0.3973 bal_acc: 0.83 acc: 0.82
fold=3 label=2 | epoch 120 | train loss: 0.2637 bal_acc: 0.91 acc: 0.91 | val loss: 0.4088 bal_loss: 0.4047 bal_acc: 0.84 acc: 0.83
fold=3 label=2 | epoch 130 | train loss: 0.2858 bal_acc: 0.91 acc: 0.91 | val loss: 0.3521 bal_loss: 0.4025 bal_acc: 0.86 acc: 0.86
fold=3 label=2 | epoch 140 | train loss: 0.1868 bal_acc: 0.95 acc: 0.95 | val loss: 0.3665 bal_loss: 0.4123 bal_acc: 0.85 acc: 0.85
fold=3 label=2 | epoch 150 | train loss: 0.2556 bal_acc: 0.92 acc: 0.92 | val loss: 0.4076 bal_loss: 0.4279 bal_acc: 0.84 acc: 0.84
fold=3 label=2 | epoch 160 | train loss: 0.2591 bal_acc: 0.92 acc: 0.92 | val loss: 0.3462 bal_loss: 0.4100 bal_acc: 0.85 acc: 0.85
fold=3 label=2 | epoch 170 | train loss: 0.1833 bal_acc: 0.95 acc: 0.95 | val loss: 0.3619 bal_loss: 0.4001 bal_acc: 0.84 acc: 0.83

fold=3 label=1_vs_3
Binary labels: class0=label1 class1=label3
Binary label distribution:
  train: class0=60 class1=60 total=120
  val:   class0=20 class1=20 total=40
  test:  class0=20 class1=20 total=40
Original labels in this split:
  train: label0=0 label1=60 label2=0 label3=60 label4=0 total=120
  val:   label0=0 label1=20 label2=0 label3=20 label4=0 total=40
  test:  label0=0 label1=20 label2=0 label3=20 label4=0 total=40
fold=3 label=1_vs_3 | epoch 001 | train loss: 0.6822 bal_acc: 0.57 acc: 0.57 | val loss: 0.6917 bal_loss: 0.6917 bal_acc: 0.50 acc: 0.50
fold=3 label=1_vs_3 | epoch 010 | train loss: 0.6558 bal_acc: 0.68 acc: 0.67 | val loss: 0.6498 bal_loss: 0.6498 bal_acc: 0.80 acc: 0.80
fold=3 label=1_vs_3 | epoch 020 | train loss: 0.6029 bal_acc: 0.79 acc: 0.79 | val loss: 0.5875 bal_loss: 0.5875 bal_acc: 0.80 acc: 0.80
fold=3 label=1_vs_3 | epoch 030 | train loss: 0.5510 bal_acc: 0.85 acc: 0.84 | val loss: 0.5116 bal_loss: 0.5116 bal_acc: 0.85 acc: 0.85
fold=3 label=1_vs_3 | epoch 040 | train loss: 0.4457 bal_acc: 0.91 acc: 0.91 | val loss: 0.4420 bal_loss: 0.4420 bal_acc: 0.88 acc: 0.88
fold=3 label=1_vs_3 | epoch 050 | train loss: 0.4411 bal_acc: 0.89 acc: 0.88 | val loss: 0.3917 bal_loss: 0.3917 bal_acc: 0.88 acc: 0.88
fold=3 label=1_vs_3 | epoch 060 | train loss: 0.3868 bal_acc: 0.88 acc: 0.88 | val loss: 0.3644 bal_loss: 0.3644 bal_acc: 0.88 acc: 0.88
fold=3 label=1_vs_3 | epoch 070 | train loss: 0.3399 bal_acc: 0.92 acc: 0.92 | val loss: 0.3439 bal_loss: 0.3439 bal_acc: 0.85 acc: 0.85
fold=3 label=1_vs_3 | epoch 080 | train loss: 0.2934 bal_acc: 0.92 acc: 0.92 | val loss: 0.3408 bal_loss: 0.3408 bal_acc: 0.85 acc: 0.85
fold=3 label=1_vs_3 | epoch 090 | train loss: 0.2808 bal_acc: 0.92 acc: 0.93 | val loss: 0.3301 bal_loss: 0.3301 bal_acc: 0.88 acc: 0.88
fold=3 label=1_vs_3 | epoch 100 | train loss: 0.3842 bal_acc: 0.87 acc: 0.87 | val loss: 0.3290 bal_loss: 0.3290 bal_acc: 0.90 acc: 0.90
fold=3 label=1_vs_3 | epoch 110 | train loss: 0.2484 bal_acc: 0.92 acc: 0.92 | val loss: 0.3465 bal_loss: 0.3465 bal_acc: 0.88 acc: 0.88
fold=3 label=1_vs_3 | epoch 120 | train loss: 0.1969 bal_acc: 0.97 acc: 0.98 | val loss: 0.3303 bal_loss: 0.3303 bal_acc: 0.88 acc: 0.88
fold=3 label=1_vs_3 | epoch 130 | train loss: 0.1753 bal_acc: 0.97 acc: 0.97 | val loss: 0.3534 bal_loss: 0.3534 bal_acc: 0.90 acc: 0.90
fold=3 label=1_vs_3 | epoch 140 | train loss: 0.1906 bal_acc: 0.95 acc: 0.95 | val loss: 0.3395 bal_loss: 0.3395 bal_acc: 0.90 acc: 0.90
fold=3 label=1_vs_3 | epoch 150 | train loss: 0.2634 bal_acc: 0.92 acc: 0.92 | val loss: 0.3271 bal_loss: 0.3271 bal_acc: 0.88 acc: 0.88
fold=3 label=1_vs_3 | epoch 160 | train loss: 0.2888 bal_acc: 0.91 acc: 0.91 | val loss: 0.3527 bal_loss: 0.3527 bal_acc: 0.90 acc: 0.90

--- fold 4/5: train=300 val=100 test=100 ---

fold=4 label=0
Binary label distribution:
  train: class0=60 class1=240 total=300
  val:   class0=20 class1=80 total=100
  test:  class0=20 class1=80 total=100
Original labels in this split:
  train: label0=60 label1=60 label2=60 label3=60 label4=60 total=300
  val:   label0=20 label1=20 label2=20 label3=20 label4=20 total=100
  test:  label0=20 label1=20 label2=20 label3=20 label4=20 total=100
fold=4 label=0 | epoch 001 | train loss: 0.6844 bal_acc: 0.49 acc: 0.50 | val loss: 0.6580 bal_loss: 0.6900 bal_acc: 0.47 acc: 0.76
fold=4 label=0 | epoch 010 | train loss: 0.6617 bal_acc: 0.64 acc: 0.63 | val loss: 0.6475 bal_loss: 0.6739 bal_acc: 0.57 acc: 0.68
fold=4 label=0 | epoch 020 | train loss: 0.6342 bal_acc: 0.68 acc: 0.68 | val loss: 0.6646 bal_loss: 0.6723 bal_acc: 0.59 acc: 0.59
fold=4 label=0 | epoch 030 | train loss: 0.6094 bal_acc: 0.71 acc: 0.71 | val loss: 0.6239 bal_loss: 0.6828 bal_acc: 0.61 acc: 0.68
fold=4 label=0 | epoch 040 | train loss: 0.5372 bal_acc: 0.76 acc: 0.76 | val loss: 0.6305 bal_loss: 0.7193 bal_acc: 0.66 acc: 0.69
fold=4 label=0 | epoch 050 | train loss: 0.4866 bal_acc: 0.77 acc: 0.77 | val loss: 0.6509 bal_loss: 0.7239 bal_acc: 0.65 acc: 0.68
fold=4 label=0 | epoch 060 | train loss: 0.4721 bal_acc: 0.76 acc: 0.76 | val loss: 0.5939 bal_loss: 0.7542 bal_acc: 0.59 acc: 0.71
fold=4 label=0 | epoch 070 | train loss: 0.4167 bal_acc: 0.83 acc: 0.83 | val loss: 0.6169 bal_loss: 0.7361 bal_acc: 0.65 acc: 0.71

fold=4 label=2
Binary label distribution:
  train: class0=60 class1=240 total=300
  val:   class0=20 class1=80 total=100
  test:  class0=20 class1=80 total=100
Original labels in this split:
  train: label0=60 label1=60 label2=60 label3=60 label4=60 total=300
  val:   label0=20 label1=20 label2=20 label3=20 label4=20 total=100
  test:  label0=20 label1=20 label2=20 label3=20 label4=20 total=100
fold=4 label=2 | epoch 001 | train loss: 0.7078 bal_acc: 0.47 acc: 0.48 | val loss: 0.6675 bal_loss: 0.7065 bal_acc: 0.49 acc: 0.79
fold=4 label=2 | epoch 010 | train loss: 0.6312 bal_acc: 0.66 acc: 0.64 | val loss: 0.6375 bal_loss: 0.6943 bal_acc: 0.51 acc: 0.72
fold=4 label=2 | epoch 020 | train loss: 0.5398 bal_acc: 0.79 acc: 0.79 | val loss: 0.6309 bal_loss: 0.6378 bal_acc: 0.69 acc: 0.71
fold=4 label=2 | epoch 030 | train loss: 0.4757 bal_acc: 0.82 acc: 0.82 | val loss: 0.5647 bal_loss: 0.6212 bal_acc: 0.66 acc: 0.72
fold=4 label=2 | epoch 040 | train loss: 0.4274 bal_acc: 0.82 acc: 0.82 | val loss: 0.5849 bal_loss: 0.5971 bal_acc: 0.74 acc: 0.74
fold=4 label=2 | epoch 050 | train loss: 0.4037 bal_acc: 0.84 acc: 0.84 | val loss: 0.4727 bal_loss: 0.5809 bal_acc: 0.76 acc: 0.80
fold=4 label=2 | epoch 060 | train loss: 0.3775 bal_acc: 0.86 acc: 0.86 | val loss: 0.4998 bal_loss: 0.5908 bal_acc: 0.75 acc: 0.78
fold=4 label=2 | epoch 070 | train loss: 0.3110 bal_acc: 0.89 acc: 0.89 | val loss: 0.5058 bal_loss: 0.6062 bal_acc: 0.75 acc: 0.78
fold=4 label=2 | epoch 080 | train loss: 0.3016 bal_acc: 0.90 acc: 0.90 | val loss: 0.4726 bal_loss: 0.6366 bal_acc: 0.77 acc: 0.82
fold=4 label=2 | epoch 090 | train loss: 0.2868 bal_acc: 0.89 acc: 0.89 | val loss: 0.5140 bal_loss: 0.6280 bal_acc: 0.80 acc: 0.80

fold=4 label=1_vs_3
Binary labels: class0=label1 class1=label3
Binary label distribution:
  train: class0=60 class1=60 total=120
  val:   class0=20 class1=20 total=40
  test:  class0=20 class1=20 total=40
Original labels in this split:
  train: label0=0 label1=60 label2=0 label3=60 label4=0 total=120
  val:   label0=0 label1=20 label2=0 label3=20 label4=0 total=40
  test:  label0=0 label1=20 label2=0 label3=20 label4=0 total=40
fold=4 label=1_vs_3 | epoch 001 | train loss: 0.6914 bal_acc: 0.55 acc: 0.57 | val loss: 0.6926 bal_loss: 0.6926 bal_acc: 0.50 acc: 0.50
fold=4 label=1_vs_3 | epoch 010 | train loss: 0.6576 bal_acc: 0.67 acc: 0.69 | val loss: 0.6721 bal_loss: 0.6721 bal_acc: 0.65 acc: 0.65
fold=4 label=1_vs_3 | epoch 020 | train loss: 0.6390 bal_acc: 0.71 acc: 0.68 | val loss: 0.6327 bal_loss: 0.6327 bal_acc: 0.77 acc: 0.78
fold=4 label=1_vs_3 | epoch 030 | train loss: 0.5552 bal_acc: 0.82 acc: 0.82 | val loss: 0.5747 bal_loss: 0.5747 bal_acc: 0.75 acc: 0.75
fold=4 label=1_vs_3 | epoch 040 | train loss: 0.4786 bal_acc: 0.86 acc: 0.87 | val loss: 0.5117 bal_loss: 0.5117 bal_acc: 0.77 acc: 0.78
fold=4 label=1_vs_3 | epoch 050 | train loss: 0.4713 bal_acc: 0.83 acc: 0.83 | val loss: 0.4616 bal_loss: 0.4616 bal_acc: 0.80 acc: 0.80
fold=4 label=1_vs_3 | epoch 060 | train loss: 0.3582 bal_acc: 0.91 acc: 0.91 | val loss: 0.4185 bal_loss: 0.4185 bal_acc: 0.83 acc: 0.82
fold=4 label=1_vs_3 | epoch 070 | train loss: 0.3456 bal_acc: 0.89 acc: 0.90 | val loss: 0.3830 bal_loss: 0.3830 bal_acc: 0.85 acc: 0.85
fold=4 label=1_vs_3 | epoch 080 | train loss: 0.3851 bal_acc: 0.89 acc: 0.89 | val loss: 0.3712 bal_loss: 0.3712 bal_acc: 0.88 acc: 0.88
fold=4 label=1_vs_3 | epoch 090 | train loss: 0.3987 bal_acc: 0.86 acc: 0.86 | val loss: 0.3553 bal_loss: 0.3553 bal_acc: 0.88 acc: 0.88
fold=4 label=1_vs_3 | epoch 100 | train loss: 0.3354 bal_acc: 0.92 acc: 0.92 | val loss: 0.3341 bal_loss: 0.3341 bal_acc: 0.90 acc: 0.90
fold=4 label=1_vs_3 | epoch 110 | train loss: 0.3677 bal_acc: 0.87 acc: 0.88 | val loss: 0.3353 bal_loss: 0.3353 bal_acc: 0.90 acc: 0.90
fold=4 label=1_vs_3 | epoch 120 | train loss: 0.3352 bal_acc: 0.90 acc: 0.90 | val loss: 0.3191 bal_loss: 0.3191 bal_acc: 0.90 acc: 0.90
fold=4 label=1_vs_3 | epoch 130 | train loss: 0.3319 bal_acc: 0.90 acc: 0.90 | val loss: 0.3090 bal_loss: 0.3090 bal_acc: 0.90 acc: 0.90
fold=4 label=1_vs_3 | epoch 140 | train loss: 0.2846 bal_acc: 0.93 acc: 0.93 | val loss: 0.3012 bal_loss: 0.3012 bal_acc: 0.90 acc: 0.90
fold=4 label=1_vs_3 | epoch 150 | train loss: 0.1996 bal_acc: 0.95 acc: 0.95 | val loss: 0.3002 bal_loss: 0.3002 bal_acc: 0.90 acc: 0.90
fold=4 label=1_vs_3 | epoch 160 | train loss: 0.1793 bal_acc: 0.96 acc: 0.96 | val loss: 0.3059 bal_loss: 0.3059 bal_acc: 0.85 acc: 0.85
fold=4 label=1_vs_3 | epoch 170 | train loss: 0.2323 bal_acc: 0.93 acc: 0.93 | val loss: 0.2771 bal_loss: 0.2771 bal_acc: 0.90 acc: 0.90
fold=4 label=1_vs_3 | epoch 180 | train loss: 0.2072 bal_acc: 0.95 acc: 0.95 | val loss: 0.2806 bal_loss: 0.2806 bal_acc: 0.90 acc: 0.90
fold=4 label=1_vs_3 | epoch 190 | train loss: 0.2392 bal_acc: 0.93 acc: 0.93 | val loss: 0.2779 bal_loss: 0.2779 bal_acc: 0.88 acc: 0.88
fold=4 label=1_vs_3 | epoch 200 | train loss: 0.2372 bal_acc: 0.93 acc: 0.93 | val loss: 0.2746 bal_loss: 0.2746 bal_acc: 0.90 acc: 0.90

--- fold 5/5: train=300 val=100 test=100 ---

fold=5 label=0
Binary label distribution:
  train: class0=60 class1=240 total=300
  val:   class0=20 class1=80 total=100
  test:  class0=20 class1=80 total=100
Original labels in this split:
  train: label0=60 label1=60 label2=60 label3=60 label4=60 total=300
  val:   label0=20 label1=20 label2=20 label3=20 label4=20 total=100
  test:  label0=20 label1=20 label2=20 label3=20 label4=20 total=100
fold=5 label=0 | epoch 001 | train loss: 0.7027 bal_acc: 0.52 acc: 0.50 | val loss: 0.6568 bal_loss: 0.6922 bal_acc: 0.50 acc: 0.80
fold=5 label=0 | epoch 010 | train loss: 0.6752 bal_acc: 0.56 acc: 0.56 | val loss: 0.6473 bal_loss: 0.6793 bal_acc: 0.60 acc: 0.75
fold=5 label=0 | epoch 020 | train loss: 0.6645 bal_acc: 0.61 acc: 0.60 | val loss: 0.6371 bal_loss: 0.6660 bal_acc: 0.59 acc: 0.67
fold=5 label=0 | epoch 030 | train loss: 0.6085 bal_acc: 0.70 acc: 0.70 | val loss: 0.6206 bal_loss: 0.6596 bal_acc: 0.61 acc: 0.64
fold=5 label=0 | epoch 040 | train loss: 0.5330 bal_acc: 0.76 acc: 0.76 | val loss: 0.6253 bal_loss: 0.6674 bal_acc: 0.60 acc: 0.63
fold=5 label=0 | epoch 050 | train loss: 0.5511 bal_acc: 0.71 acc: 0.71 | val loss: 0.5995 bal_loss: 0.6710 bal_acc: 0.57 acc: 0.65
fold=5 label=0 | epoch 060 | train loss: 0.5242 bal_acc: 0.76 acc: 0.76 | val loss: 0.6074 bal_loss: 0.7028 bal_acc: 0.57 acc: 0.67
fold=5 label=0 | epoch 070 | train loss: 0.5121 bal_acc: 0.73 acc: 0.73 | val loss: 0.6601 bal_loss: 0.7303 bal_acc: 0.54 acc: 0.62
fold=5 label=0 | epoch 080 | train loss: 0.4133 bal_acc: 0.84 acc: 0.84 | val loss: 0.6467 bal_loss: 0.7271 bal_acc: 0.53 acc: 0.64

fold=5 label=2
Binary label distribution:
  train: class0=60 class1=240 total=300
  val:   class0=20 class1=80 total=100
  test:  class0=20 class1=80 total=100
Original labels in this split:
  train: label0=60 label1=60 label2=60 label3=60 label4=60 total=300
  val:   label0=20 label1=20 label2=20 label3=20 label4=20 total=100
  test:  label0=20 label1=20 label2=20 label3=20 label4=20 total=100
fold=5 label=2 | epoch 001 | train loss: 0.7130 bal_acc: 0.47 acc: 0.45 | val loss: 0.6649 bal_loss: 0.6974 bal_acc: 0.50 acc: 0.80
fold=5 label=2 | epoch 010 | train loss: 0.6620 bal_acc: 0.62 acc: 0.63 | val loss: 0.6082 bal_loss: 0.6464 bal_acc: 0.62 acc: 0.81
fold=5 label=2 | epoch 020 | train loss: 0.5785 bal_acc: 0.77 acc: 0.77 | val loss: 0.5677 bal_loss: 0.6035 bal_acc: 0.69 acc: 0.75
fold=5 label=2 | epoch 030 | train loss: 0.5237 bal_acc: 0.78 acc: 0.78 | val loss: 0.5294 bal_loss: 0.5792 bal_acc: 0.73 acc: 0.78
fold=5 label=2 | epoch 040 | train loss: 0.4416 bal_acc: 0.83 acc: 0.83 | val loss: 0.5133 bal_loss: 0.5407 bal_acc: 0.74 acc: 0.77
fold=5 label=2 | epoch 050 | train loss: 0.4290 bal_acc: 0.83 acc: 0.83 | val loss: 0.4828 bal_loss: 0.5115 bal_acc: 0.81 acc: 0.81
fold=5 label=2 | epoch 060 | train loss: 0.3535 bal_acc: 0.87 acc: 0.87 | val loss: 0.4567 bal_loss: 0.4825 bal_acc: 0.81 acc: 0.81
fold=5 label=2 | epoch 070 | train loss: 0.3984 bal_acc: 0.83 acc: 0.83 | val loss: 0.4660 bal_loss: 0.4606 bal_acc: 0.80 acc: 0.80
fold=5 label=2 | epoch 080 | train loss: 0.3477 bal_acc: 0.88 acc: 0.88 | val loss: 0.3924 bal_loss: 0.4450 bal_acc: 0.76 acc: 0.80
fold=5 label=2 | epoch 090 | train loss: 0.3169 bal_acc: 0.89 acc: 0.89 | val loss: 0.4256 bal_loss: 0.4153 bal_acc: 0.80 acc: 0.80
fold=5 label=2 | epoch 100 | train loss: 0.3596 bal_acc: 0.85 acc: 0.85 | val loss: 0.3650 bal_loss: 0.4061 bal_acc: 0.78 acc: 0.80
fold=5 label=2 | epoch 110 | train loss: 0.3319 bal_acc: 0.86 acc: 0.86 | val loss: 0.3728 bal_loss: 0.3930 bal_acc: 0.77 acc: 0.81
fold=5 label=2 | epoch 120 | train loss: 0.2774 bal_acc: 0.90 acc: 0.90 | val loss: 0.3802 bal_loss: 0.3950 bal_acc: 0.80 acc: 0.80
fold=5 label=2 | epoch 130 | train loss: 0.2472 bal_acc: 0.90 acc: 0.90 | val loss: 0.4318 bal_loss: 0.4102 bal_acc: 0.83 acc: 0.81
fold=5 label=2 | epoch 140 | train loss: 0.2399 bal_acc: 0.91 acc: 0.91 | val loss: 0.3776 bal_loss: 0.4143 bal_acc: 0.83 acc: 0.82
fold=5 label=2 | epoch 150 | train loss: 0.3029 bal_acc: 0.86 acc: 0.86 | val loss: 0.3955 bal_loss: 0.4054 bal_acc: 0.78 acc: 0.77
fold=5 label=2 | epoch 160 | train loss: 0.2793 bal_acc: 0.88 acc: 0.88 | val loss: 0.3961 bal_loss: 0.4341 bal_acc: 0.80 acc: 0.80

fold=5 label=1_vs_3
Binary labels: class0=label1 class1=label3
Binary label distribution:
  train: class0=60 class1=60 total=120
  val:   class0=20 class1=20 total=40
  test:  class0=20 class1=20 total=40
Original labels in this split:
  train: label0=0 label1=60 label2=0 label3=60 label4=0 total=120
  val:   label0=0 label1=20 label2=0 label3=20 label4=0 total=40
  test:  label0=0 label1=20 label2=0 label3=20 label4=0 total=40
fold=5 label=1_vs_3 | epoch 001 | train loss: 0.6840 bal_acc: 0.58 acc: 0.56 | val loss: 0.6945 bal_loss: 0.6945 bal_acc: 0.50 acc: 0.50
fold=5 label=1_vs_3 | epoch 010 | train loss: 0.6585 bal_acc: 0.69 acc: 0.68 | val loss: 0.6520 bal_loss: 0.6520 bal_acc: 0.80 acc: 0.80
fold=5 label=1_vs_3 | epoch 020 | train loss: 0.5776 bal_acc: 0.81 acc: 0.82 | val loss: 0.5778 bal_loss: 0.5778 bal_acc: 0.85 acc: 0.85
fold=5 label=1_vs_3 | epoch 030 | train loss: 0.5232 bal_acc: 0.78 acc: 0.77 | val loss: 0.5091 bal_loss: 0.5091 bal_acc: 0.92 acc: 0.93
fold=5 label=1_vs_3 | epoch 040 | train loss: 0.4983 bal_acc: 0.80 acc: 0.80 | val loss: 0.4321 bal_loss: 0.4321 bal_acc: 0.92 acc: 0.93
fold=5 label=1_vs_3 | epoch 050 | train loss: 0.3710 bal_acc: 0.95 acc: 0.95 | val loss: 0.3906 bal_loss: 0.3906 bal_acc: 0.92 acc: 0.93
fold=5 label=1_vs_3 | epoch 060 | train loss: 0.4215 bal_acc: 0.85 acc: 0.85 | val loss: 0.3493 bal_loss: 0.3493 bal_acc: 0.92 acc: 0.93
fold=5 label=1_vs_3 | epoch 070 | train loss: 0.3946 bal_acc: 0.88 acc: 0.88 | val loss: 0.3269 bal_loss: 0.3269 bal_acc: 0.92 acc: 0.93
fold=5 label=1_vs_3 | epoch 080 | train loss: 0.3436 bal_acc: 0.88 acc: 0.88 | val loss: 0.3062 bal_loss: 0.3062 bal_acc: 0.92 acc: 0.93
fold=5 label=1_vs_3 | epoch 090 | train loss: 0.3324 bal_acc: 0.92 acc: 0.92 | val loss: 0.3121 bal_loss: 0.3121 bal_acc: 0.90 acc: 0.90
fold=5 label=1_vs_3 | epoch 100 | train loss: 0.2702 bal_acc: 0.93 acc: 0.93 | val loss: 0.2884 bal_loss: 0.2884 bal_acc: 0.92 acc: 0.93
fold=5 label=1_vs_3 | epoch 110 | train loss: 0.2019 bal_acc: 0.95 acc: 0.94 | val loss: 0.2884 bal_loss: 0.2884 bal_acc: 0.92 acc: 0.93
fold=5 label=1_vs_3 | epoch 120 | train loss: 0.1904 bal_acc: 0.96 acc: 0.96 | val loss: 0.3003 bal_loss: 0.3003 bal_acc: 0.90 acc: 0.90
fold=5 label=1_vs_3 | epoch 130 | train loss: 0.2866 bal_acc: 0.91 acc: 0.91 | val loss: 0.3060 bal_loss: 0.3060 bal_acc: 0.90 acc: 0.90
fold=5 label=1_vs_3 | epoch 140 | train loss: 0.2476 bal_acc: 0.91 acc: 0.90 | val loss: 0.2993 bal_loss: 0.2993 bal_acc: 0.90 acc: 0.90
fold=5 label=1_vs_3 | epoch 150 | train loss: 0.2002 bal_acc: 0.94 acc: 0.94 | val loss: 0.3208 bal_loss: 0.3208 bal_acc: 0.90 acc: 0.90
fold=5 label=1_vs_3 | epoch 160 | train loss: 0.2514 bal_acc: 0.94 acc: 0.94 | val loss: 0.3241 bal_loss: 0.3241 bal_acc: 0.88 acc: 0.88
fold=5 label=1_vs_3 | epoch 170 | train loss: 0.2405 bal_acc: 0.91 acc: 0.91 | val loss: 0.3204 bal_loss: 0.3204 bal_acc: 0.90 acc: 0.90
fold=5 label=1_vs_3 | epoch 180 | train loss: 0.1873 bal_acc: 0.93 acc: 0.93 | val loss: 0.3219 bal_loss: 0.3219 bal_acc: 0.90 acc: 0.90

5-fold cross-validation summary
y_0: test bal_loss=0.671 +/- 0.054 | bal_acc=0.605 +/- 0.054 | test acc=0.662 +/- 0.031
y_2: test bal_loss=0.550 +/- 0.245 | bal_acc=0.805 +/- 0.022 | test acc=0.820 +/- 0.021
y_1_vs_3: test bal_loss=0.316 +/- 0.062 | bal_acc=0.890 +/- 0.030 | test acc=0.890 +/- 0.030
Cross-validation CSV: ./checkpoints_eegnet_randomsplit/yjkim/20260626_112117/cross_validation.csv

Saved to: ./checkpoints_eegnet_randomsplit/yjkim/20260626_112117
