Training configuration
  config=./configs/train_config_v3.json
  model=eegnet
  patient=sub1_hjlee
  day=260602
  data_dir=./data/processed/sub1_hjlee/260602
  input_file=X_eeg.npy
  checkpoint_root=./checkpoints/sub1_hjlee_nogit/v3_sub1_eegnet_all_days
  epochs=200
  batch_size=16
  lr=3e-05
  weight_decay=0.0001
  patience=50
  seed=42
  val_test_ratio=0.2
  weighted_sampler=True
  run_window_diagnostic=False
  window_size=256
  window_stride=128
  balance_rest_to_target=False
  run_5fold_cross_validation=True
  selection_metric=balanced_loss

Loading X_eeg.npy...
Device: cuda | X: (500, 64, 1000) | run: ./checkpoints/sub1_hjlee_nogit/v3_sub1_eegnet_all_days/20260628_182635
Data split: train=300 val=100 test=100
Original label distribution:
  train: label0=60 label1=60 label2=60 label3=60 label4=60 total=300
  val:   label0=20 label1=20 label2=20 label3=20 label4=20 total=100
  test:  label0=20 label1=20 label2=20 label3=20 label4=20 total=100

=== 5-fold cross-validation ===

--- fold 1/5: train=300 val=100 test=100 ---

fold=1 label=0
Binary label distribution:
  train: class0=60 class1=240 total=300
  val:   class0=20 class1=80 total=100
  test:  class0=20 class1=80 total=100
Original labels in this split:
  train: label0=60 label1=60 label2=60 label3=60 label4=60 total=300
  val:   label0=20 label1=20 label2=20 label3=20 label4=20 total=100
  test:  label0=20 label1=20 label2=20 label3=20 label4=20 total=100
fold=1 label=0 | epoch 001 | train loss: 0.6884 bal_acc: 0.57 acc: 0.56 | val loss: 0.7061 bal_loss: 0.6960 bal_acc: 0.51 acc: 0.45
fold=1 label=0 | epoch 010 | train loss: 0.6541 bal_acc: 0.59 acc: 0.59 | val loss: 0.6839 bal_loss: 0.6950 bal_acc: 0.51 acc: 0.58
fold=1 label=0 | epoch 020 | train loss: 0.6363 bal_acc: 0.61 acc: 0.61 | val loss: 0.6711 bal_loss: 0.6951 bal_acc: 0.57 acc: 0.64
fold=1 label=0 | epoch 030 | train loss: 0.6602 bal_acc: 0.63 acc: 0.63 | val loss: 0.6762 bal_loss: 0.6972 bal_acc: 0.55 acc: 0.58
fold=1 label=0 | epoch 040 | train loss: 0.6078 bal_acc: 0.69 acc: 0.69 | val loss: 0.6585 bal_loss: 0.6923 bal_acc: 0.60 acc: 0.63
fold=1 label=0 | epoch 050 | train loss: 0.5732 bal_acc: 0.73 acc: 0.73 | val loss: 0.6530 bal_loss: 0.6872 bal_acc: 0.59 acc: 0.64
fold=1 label=0 | epoch 060 | train loss: 0.5575 bal_acc: 0.74 acc: 0.74 | val loss: 0.6537 bal_loss: 0.6904 bal_acc: 0.57 acc: 0.62
fold=1 label=0 | epoch 070 | train loss: 0.5677 bal_acc: 0.73 acc: 0.73 | val loss: 0.6498 bal_loss: 0.6915 bal_acc: 0.58 acc: 0.66
fold=1 label=0 | epoch 080 | train loss: 0.5463 bal_acc: 0.75 acc: 0.75 | val loss: 0.6476 bal_loss: 0.6860 bal_acc: 0.59 acc: 0.64
fold=1 label=0 | epoch 090 | train loss: 0.4805 bal_acc: 0.84 acc: 0.84 | val loss: 0.6592 bal_loss: 0.6945 bal_acc: 0.57 acc: 0.62
fold=1 label=0 | epoch 100 | train loss: 0.4858 bal_acc: 0.82 acc: 0.81 | val loss: 0.6605 bal_loss: 0.6954 bal_acc: 0.60 acc: 0.63
fold=1 label=0 | epoch 110 | train loss: 0.4709 bal_acc: 0.80 acc: 0.80 | val loss: 0.6530 bal_loss: 0.6985 bal_acc: 0.57 acc: 0.62
fold=1 label=0 | epoch 120 | train loss: 0.4582 bal_acc: 0.85 acc: 0.84 | val loss: 0.6485 bal_loss: 0.6969 bal_acc: 0.56 acc: 0.63

fold=1 label=2
Binary label distribution:
  train: class0=60 class1=240 total=300
  val:   class0=20 class1=80 total=100
  test:  class0=20 class1=80 total=100
Original labels in this split:
  train: label0=60 label1=60 label2=60 label3=60 label4=60 total=300
  val:   label0=20 label1=20 label2=20 label3=20 label4=20 total=100
  test:  label0=20 label1=20 label2=20 label3=20 label4=20 total=100
fold=1 label=2 | epoch 001 | train loss: 0.7742 bal_acc: 0.46 acc: 0.46 | val loss: 0.6975 bal_loss: 0.6839 bal_acc: 0.59 acc: 0.50
fold=1 label=2 | epoch 010 | train loss: 0.6912 bal_acc: 0.55 acc: 0.55 | val loss: 0.6898 bal_loss: 0.6845 bal_acc: 0.48 acc: 0.53
fold=1 label=2 | epoch 020 | train loss: 0.6460 bal_acc: 0.59 acc: 0.59 | val loss: 0.6805 bal_loss: 0.6875 bal_acc: 0.47 acc: 0.54
fold=1 label=2 | epoch 030 | train loss: 0.6229 bal_acc: 0.65 acc: 0.65 | val loss: 0.6733 bal_loss: 0.6917 bal_acc: 0.47 acc: 0.54
fold=1 label=2 | epoch 040 | train loss: 0.6155 bal_acc: 0.65 acc: 0.65 | val loss: 0.6606 bal_loss: 0.6966 bal_acc: 0.47 acc: 0.57
fold=1 label=2 | epoch 050 | train loss: 0.6112 bal_acc: 0.68 acc: 0.68 | val loss: 0.6677 bal_loss: 0.7196 bal_acc: 0.48 acc: 0.59

fold=1 label=1_vs_3
Binary labels: class0=label1 class1=label3
Binary label distribution:
  train: class0=60 class1=60 total=120
  val:   class0=20 class1=20 total=40
  test:  class0=20 class1=20 total=40
Original labels in this split:
  train: label0=0 label1=60 label2=0 label3=60 label4=0 total=120
  val:   label0=0 label1=20 label2=0 label3=20 label4=0 total=40
  test:  label0=0 label1=20 label2=0 label3=20 label4=0 total=40
fold=1 label=1_vs_3 | epoch 001 | train loss: 0.7233 bal_acc: 0.53 acc: 0.53 | val loss: 0.6880 bal_loss: 0.6880 bal_acc: 0.55 acc: 0.55
fold=1 label=1_vs_3 | epoch 010 | train loss: 0.6860 bal_acc: 0.62 acc: 0.61 | val loss: 0.6889 bal_loss: 0.6889 bal_acc: 0.55 acc: 0.55
fold=1 label=1_vs_3 | epoch 020 | train loss: 0.6342 bal_acc: 0.64 acc: 0.65 | val loss: 0.6967 bal_loss: 0.6967 bal_acc: 0.50 acc: 0.50
fold=1 label=1_vs_3 | epoch 030 | train loss: 0.6190 bal_acc: 0.64 acc: 0.64 | val loss: 0.7111 bal_loss: 0.7111 bal_acc: 0.48 acc: 0.47
fold=1 label=1_vs_3 | epoch 040 | train loss: 0.6461 bal_acc: 0.66 acc: 0.65 | val loss: 0.7300 bal_loss: 0.7300 bal_acc: 0.50 acc: 0.50
fold=1 label=1_vs_3 | epoch 050 | train loss: 0.5768 bal_acc: 0.72 acc: 0.73 | val loss: 0.7473 bal_loss: 0.7473 bal_acc: 0.45 acc: 0.45

--- fold 2/5: train=300 val=100 test=100 ---

fold=2 label=0
Binary label distribution:
  train: class0=60 class1=240 total=300
  val:   class0=20 class1=80 total=100
  test:  class0=20 class1=80 total=100
Original labels in this split:
  train: label0=60 label1=60 label2=60 label3=60 label4=60 total=300
  val:   label0=20 label1=20 label2=20 label3=20 label4=20 total=100
  test:  label0=20 label1=20 label2=20 label3=20 label4=20 total=100
fold=2 label=0 | epoch 001 | train loss: 0.7325 bal_acc: 0.49 acc: 0.49 | val loss: 0.7178 bal_loss: 0.7058 bal_acc: 0.45 acc: 0.42
fold=2 label=0 | epoch 010 | train loss: 0.7173 bal_acc: 0.50 acc: 0.50 | val loss: 0.6945 bal_loss: 0.6959 bal_acc: 0.56 acc: 0.53
fold=2 label=0 | epoch 020 | train loss: 0.6687 bal_acc: 0.57 acc: 0.57 | val loss: 0.6765 bal_loss: 0.6758 bal_acc: 0.58 acc: 0.59
fold=2 label=0 | epoch 030 | train loss: 0.6514 bal_acc: 0.62 acc: 0.62 | val loss: 0.6697 bal_loss: 0.6787 bal_acc: 0.52 acc: 0.57
fold=2 label=0 | epoch 040 | train loss: 0.6076 bal_acc: 0.71 acc: 0.71 | val loss: 0.6435 bal_loss: 0.6712 bal_acc: 0.55 acc: 0.64
fold=2 label=0 | epoch 050 | train loss: 0.6102 bal_acc: 0.69 acc: 0.69 | val loss: 0.6317 bal_loss: 0.6718 bal_acc: 0.54 acc: 0.63
fold=2 label=0 | epoch 060 | train loss: 0.5753 bal_acc: 0.71 acc: 0.71 | val loss: 0.6114 bal_loss: 0.6603 bal_acc: 0.55 acc: 0.67
fold=2 label=0 | epoch 070 | train loss: 0.5755 bal_acc: 0.72 acc: 0.72 | val loss: 0.5958 bal_loss: 0.6696 bal_acc: 0.51 acc: 0.67
fold=2 label=0 | epoch 080 | train loss: 0.5414 bal_acc: 0.77 acc: 0.77 | val loss: 0.5985 bal_loss: 0.6797 bal_acc: 0.54 acc: 0.68
fold=2 label=0 | epoch 090 | train loss: 0.5274 bal_acc: 0.73 acc: 0.73 | val loss: 0.5851 bal_loss: 0.6785 bal_acc: 0.54 acc: 0.69
fold=2 label=0 | epoch 100 | train loss: 0.5331 bal_acc: 0.77 acc: 0.77 | val loss: 0.5780 bal_loss: 0.6855 bal_acc: 0.56 acc: 0.68
fold=2 label=0 | epoch 110 | train loss: 0.4784 bal_acc: 0.83 acc: 0.83 | val loss: 0.5748 bal_loss: 0.6874 bal_acc: 0.59 acc: 0.70

fold=2 label=2
Binary label distribution:
  train: class0=60 class1=240 total=300
  val:   class0=20 class1=80 total=100
  test:  class0=20 class1=80 total=100
Original labels in this split:
  train: label0=60 label1=60 label2=60 label3=60 label4=60 total=300
  val:   label0=20 label1=20 label2=20 label3=20 label4=20 total=100
  test:  label0=20 label1=20 label2=20 label3=20 label4=20 total=100
fold=2 label=2 | epoch 001 | train loss: 0.7132 bal_acc: 0.53 acc: 0.53 | val loss: 0.7076 bal_loss: 0.6913 bal_acc: 0.50 acc: 0.44
fold=2 label=2 | epoch 010 | train loss: 0.6676 bal_acc: 0.58 acc: 0.58 | val loss: 0.6978 bal_loss: 0.6960 bal_acc: 0.48 acc: 0.50
fold=2 label=2 | epoch 020 | train loss: 0.6384 bal_acc: 0.66 acc: 0.66 | val loss: 0.6978 bal_loss: 0.6953 bal_acc: 0.50 acc: 0.50
fold=2 label=2 | epoch 030 | train loss: 0.6167 bal_acc: 0.70 acc: 0.70 | val loss: 0.6965 bal_loss: 0.6958 bal_acc: 0.54 acc: 0.54
fold=2 label=2 | epoch 040 | train loss: 0.5909 bal_acc: 0.69 acc: 0.69 | val loss: 0.6860 bal_loss: 0.7129 bal_acc: 0.54 acc: 0.56
fold=2 label=2 | epoch 050 | train loss: 0.5738 bal_acc: 0.74 acc: 0.74 | val loss: 0.6815 bal_loss: 0.7071 bal_acc: 0.57 acc: 0.58

fold=2 label=1_vs_3
Binary labels: class0=label1 class1=label3
Binary label distribution:
  train: class0=60 class1=60 total=120
  val:   class0=20 class1=20 total=40
  test:  class0=20 class1=20 total=40
Original labels in this split:
  train: label0=0 label1=60 label2=0 label3=60 label4=0 total=120
  val:   label0=0 label1=20 label2=0 label3=20 label4=0 total=40
  test:  label0=0 label1=20 label2=0 label3=20 label4=0 total=40
fold=2 label=1_vs_3 | epoch 001 | train loss: 0.6963 bal_acc: 0.53 acc: 0.54 | val loss: 0.6712 bal_loss: 0.6712 bal_acc: 0.57 acc: 0.57
fold=2 label=1_vs_3 | epoch 010 | train loss: 0.7025 bal_acc: 0.56 acc: 0.56 | val loss: 0.6695 bal_loss: 0.6695 bal_acc: 0.57 acc: 0.57
fold=2 label=1_vs_3 | epoch 020 | train loss: 0.6606 bal_acc: 0.59 acc: 0.58 | val loss: 0.6649 bal_loss: 0.6649 bal_acc: 0.52 acc: 0.53
fold=2 label=1_vs_3 | epoch 030 | train loss: 0.6862 bal_acc: 0.55 acc: 0.55 | val loss: 0.6631 bal_loss: 0.6631 bal_acc: 0.55 acc: 0.55
fold=2 label=1_vs_3 | epoch 040 | train loss: 0.6410 bal_acc: 0.64 acc: 0.64 | val loss: 0.6629 bal_loss: 0.6629 bal_acc: 0.58 acc: 0.57
fold=2 label=1_vs_3 | epoch 050 | train loss: 0.6276 bal_acc: 0.65 acc: 0.66 | val loss: 0.6613 bal_loss: 0.6613 bal_acc: 0.55 acc: 0.55
fold=2 label=1_vs_3 | epoch 060 | train loss: 0.6245 bal_acc: 0.64 acc: 0.64 | val loss: 0.6729 bal_loss: 0.6729 bal_acc: 0.52 acc: 0.53
fold=2 label=1_vs_3 | epoch 070 | train loss: 0.5663 bal_acc: 0.72 acc: 0.72 | val loss: 0.6785 bal_loss: 0.6785 bal_acc: 0.52 acc: 0.53
fold=2 label=1_vs_3 | epoch 080 | train loss: 0.5553 bal_acc: 0.70 acc: 0.70 | val loss: 0.6783 bal_loss: 0.6783 bal_acc: 0.57 acc: 0.57
fold=2 label=1_vs_3 | epoch 090 | train loss: 0.5910 bal_acc: 0.71 acc: 0.72 | val loss: 0.6817 bal_loss: 0.6817 bal_acc: 0.57 acc: 0.57
fold=2 label=1_vs_3 | epoch 100 | train loss: 0.5352 bal_acc: 0.83 acc: 0.82 | val loss: 0.6953 bal_loss: 0.6953 bal_acc: 0.55 acc: 0.55

--- fold 3/5: train=300 val=100 test=100 ---

fold=3 label=0
Binary label distribution:
  train: class0=60 class1=240 total=300
  val:   class0=20 class1=80 total=100
  test:  class0=20 class1=80 total=100
Original labels in this split:
  train: label0=60 label1=60 label2=60 label3=60 label4=60 total=300
  val:   label0=20 label1=20 label2=20 label3=20 label4=20 total=100
  test:  label0=20 label1=20 label2=20 label3=20 label4=20 total=100
fold=3 label=0 | epoch 001 | train loss: 0.7483 bal_acc: 0.50 acc: 0.51 | val loss: 0.7132 bal_loss: 0.7113 bal_acc: 0.40 acc: 0.40
fold=3 label=0 | epoch 010 | train loss: 0.6663 bal_acc: 0.58 acc: 0.58 | val loss: 0.6845 bal_loss: 0.7128 bal_acc: 0.46 acc: 0.59
fold=3 label=0 | epoch 020 | train loss: 0.6477 bal_acc: 0.65 acc: 0.65 | val loss: 0.6684 bal_loss: 0.6935 bal_acc: 0.48 acc: 0.56
fold=3 label=0 | epoch 030 | train loss: 0.6311 bal_acc: 0.65 acc: 0.65 | val loss: 0.6543 bal_loss: 0.6664 bal_acc: 0.58 acc: 0.60
fold=3 label=0 | epoch 040 | train loss: 0.6032 bal_acc: 0.70 acc: 0.70 | val loss: 0.6369 bal_loss: 0.6505 bal_acc: 0.61 acc: 0.62
fold=3 label=0 | epoch 050 | train loss: 0.5817 bal_acc: 0.74 acc: 0.74 | val loss: 0.6273 bal_loss: 0.6387 bal_acc: 0.59 acc: 0.61
fold=3 label=0 | epoch 060 | train loss: 0.5837 bal_acc: 0.73 acc: 0.73 | val loss: 0.6114 bal_loss: 0.6351 bal_acc: 0.61 acc: 0.64
fold=3 label=0 | epoch 070 | train loss: 0.5393 bal_acc: 0.76 acc: 0.75 | val loss: 0.5872 bal_loss: 0.6174 bal_acc: 0.61 acc: 0.67
fold=3 label=0 | epoch 080 | train loss: 0.5078 bal_acc: 0.76 acc: 0.76 | val loss: 0.5775 bal_loss: 0.6144 bal_acc: 0.61 acc: 0.68
fold=3 label=0 | epoch 090 | train loss: 0.5086 bal_acc: 0.80 acc: 0.80 | val loss: 0.5635 bal_loss: 0.6064 bal_acc: 0.63 acc: 0.71
fold=3 label=0 | epoch 100 | train loss: 0.5223 bal_acc: 0.77 acc: 0.77 | val loss: 0.5556 bal_loss: 0.6039 bal_acc: 0.62 acc: 0.72
fold=3 label=0 | epoch 110 | train loss: 0.4692 bal_acc: 0.84 acc: 0.84 | val loss: 0.5519 bal_loss: 0.6032 bal_acc: 0.60 acc: 0.69
fold=3 label=0 | epoch 120 | train loss: 0.4500 bal_acc: 0.84 acc: 0.84 | val loss: 0.5517 bal_loss: 0.6058 bal_acc: 0.60 acc: 0.69
fold=3 label=0 | epoch 130 | train loss: 0.4608 bal_acc: 0.82 acc: 0.82 | val loss: 0.5386 bal_loss: 0.6022 bal_acc: 0.62 acc: 0.72
fold=3 label=0 | epoch 140 | train loss: 0.4253 bal_acc: 0.86 acc: 0.86 | val loss: 0.5369 bal_loss: 0.6050 bal_acc: 0.61 acc: 0.71
fold=3 label=0 | epoch 150 | train loss: 0.4352 bal_acc: 0.81 acc: 0.81 | val loss: 0.5313 bal_loss: 0.6167 bal_acc: 0.64 acc: 0.72
fold=3 label=0 | epoch 160 | train loss: 0.4275 bal_acc: 0.83 acc: 0.83 | val loss: 0.5259 bal_loss: 0.6259 bal_acc: 0.64 acc: 0.72
fold=3 label=0 | epoch 170 | train loss: 0.3990 bal_acc: 0.86 acc: 0.87 | val loss: 0.5347 bal_loss: 0.6367 bal_acc: 0.62 acc: 0.70
fold=3 label=0 | epoch 180 | train loss: 0.3377 bal_acc: 0.91 acc: 0.91 | val loss: 0.5348 bal_loss: 0.6400 bal_acc: 0.60 acc: 0.69

fold=3 label=2
Binary label distribution:
  train: class0=60 class1=240 total=300
  val:   class0=20 class1=80 total=100
  test:  class0=20 class1=80 total=100
Original labels in this split:
  train: label0=60 label1=60 label2=60 label3=60 label4=60 total=300
  val:   label0=20 label1=20 label2=20 label3=20 label4=20 total=100
  test:  label0=20 label1=20 label2=20 label3=20 label4=20 total=100
fold=3 label=2 | epoch 001 | train loss: 0.6790 bal_acc: 0.57 acc: 0.57 | val loss: 0.7070 bal_loss: 0.6995 bal_acc: 0.52 acc: 0.48
fold=3 label=2 | epoch 010 | train loss: 0.6439 bal_acc: 0.68 acc: 0.68 | val loss: 0.6871 bal_loss: 0.6970 bal_acc: 0.54 acc: 0.56
fold=3 label=2 | epoch 020 | train loss: 0.6391 bal_acc: 0.64 acc: 0.64 | val loss: 0.6676 bal_loss: 0.6974 bal_acc: 0.57 acc: 0.65
fold=3 label=2 | epoch 030 | train loss: 0.6334 bal_acc: 0.62 acc: 0.62 | val loss: 0.6644 bal_loss: 0.6931 bal_acc: 0.54 acc: 0.59
fold=3 label=2 | epoch 040 | train loss: 0.6088 bal_acc: 0.69 acc: 0.68 | val loss: 0.6400 bal_loss: 0.6904 bal_acc: 0.51 acc: 0.61
fold=3 label=2 | epoch 050 | train loss: 0.5406 bal_acc: 0.76 acc: 0.76 | val loss: 0.6375 bal_loss: 0.6943 bal_acc: 0.53 acc: 0.64
fold=3 label=2 | epoch 060 | train loss: 0.5720 bal_acc: 0.70 acc: 0.70 | val loss: 0.6180 bal_loss: 0.6921 bal_acc: 0.55 acc: 0.67
fold=3 label=2 | epoch 070 | train loss: 0.5276 bal_acc: 0.75 acc: 0.75 | val loss: 0.6190 bal_loss: 0.6873 bal_acc: 0.56 acc: 0.66
fold=3 label=2 | epoch 080 | train loss: 0.5080 bal_acc: 0.78 acc: 0.78 | val loss: 0.6160 bal_loss: 0.6937 bal_acc: 0.53 acc: 0.64
fold=3 label=2 | epoch 090 | train loss: 0.5138 bal_acc: 0.76 acc: 0.76 | val loss: 0.6070 bal_loss: 0.7001 bal_acc: 0.57 acc: 0.68
fold=3 label=2 | epoch 100 | train loss: 0.4795 bal_acc: 0.80 acc: 0.80 | val loss: 0.6028 bal_loss: 0.7039 bal_acc: 0.56 acc: 0.68
fold=3 label=2 | epoch 110 | train loss: 0.4380 bal_acc: 0.82 acc: 0.82 | val loss: 0.6124 bal_loss: 0.7133 bal_acc: 0.53 acc: 0.64
fold=3 label=2 | epoch 120 | train loss: 0.4223 bal_acc: 0.85 acc: 0.85 | val loss: 0.5917 bal_loss: 0.7121 bal_acc: 0.56 acc: 0.68

fold=3 label=1_vs_3
Binary labels: class0=label1 class1=label3
Binary label distribution:
  train: class0=60 class1=60 total=120
  val:   class0=20 class1=20 total=40
  test:  class0=20 class1=20 total=40
Original labels in this split:
  train: label0=0 label1=60 label2=0 label3=60 label4=0 total=120
  val:   label0=0 label1=20 label2=0 label3=20 label4=0 total=40
  test:  label0=0 label1=20 label2=0 label3=20 label4=0 total=40
fold=3 label=1_vs_3 | epoch 001 | train loss: 0.7773 bal_acc: 0.46 acc: 0.46 | val loss: 0.6837 bal_loss: 0.6837 bal_acc: 0.57 acc: 0.57
fold=3 label=1_vs_3 | epoch 010 | train loss: 0.7049 bal_acc: 0.54 acc: 0.53 | val loss: 0.6824 bal_loss: 0.6824 bal_acc: 0.52 acc: 0.53
fold=3 label=1_vs_3 | epoch 020 | train loss: 0.7013 bal_acc: 0.59 acc: 0.59 | val loss: 0.6819 bal_loss: 0.6819 bal_acc: 0.55 acc: 0.55
fold=3 label=1_vs_3 | epoch 030 | train loss: 0.6573 bal_acc: 0.61 acc: 0.61 | val loss: 0.6851 bal_loss: 0.6851 bal_acc: 0.55 acc: 0.55
fold=3 label=1_vs_3 | epoch 040 | train loss: 0.6404 bal_acc: 0.59 acc: 0.59 | val loss: 0.6895 bal_loss: 0.6895 bal_acc: 0.52 acc: 0.53
fold=3 label=1_vs_3 | epoch 050 | train loss: 0.6595 bal_acc: 0.56 acc: 0.56 | val loss: 0.6961 bal_loss: 0.6961 bal_acc: 0.48 acc: 0.47
fold=3 label=1_vs_3 | epoch 060 | train loss: 0.5972 bal_acc: 0.67 acc: 0.68 | val loss: 0.7056 bal_loss: 0.7056 bal_acc: 0.47 acc: 0.47

--- fold 4/5: train=300 val=100 test=100 ---

fold=4 label=0
Binary label distribution:
  train: class0=60 class1=240 total=300
  val:   class0=20 class1=80 total=100
  test:  class0=20 class1=80 total=100
Original labels in this split:
  train: label0=60 label1=60 label2=60 label3=60 label4=60 total=300
  val:   label0=20 label1=20 label2=20 label3=20 label4=20 total=100
  test:  label0=20 label1=20 label2=20 label3=20 label4=20 total=100
fold=4 label=0 | epoch 001 | train loss: 0.7301 bal_acc: 0.53 acc: 0.53 | val loss: 0.7001 bal_loss: 0.6909 bal_acc: 0.52 acc: 0.50
fold=4 label=0 | epoch 010 | train loss: 0.6846 bal_acc: 0.57 acc: 0.56 | val loss: 0.6649 bal_loss: 0.6873 bal_acc: 0.51 acc: 0.64
fold=4 label=0 | epoch 020 | train loss: 0.6589 bal_acc: 0.60 acc: 0.60 | val loss: 0.6446 bal_loss: 0.6968 bal_acc: 0.54 acc: 0.65
fold=4 label=0 | epoch 030 | train loss: 0.5934 bal_acc: 0.69 acc: 0.69 | val loss: 0.6482 bal_loss: 0.7187 bal_acc: 0.52 acc: 0.63
fold=4 label=0 | epoch 040 | train loss: 0.6058 bal_acc: 0.70 acc: 0.70 | val loss: 0.6462 bal_loss: 0.7252 bal_acc: 0.55 acc: 0.64
fold=4 label=0 | epoch 050 | train loss: 0.5655 bal_acc: 0.74 acc: 0.74 | val loss: 0.6429 bal_loss: 0.7211 bal_acc: 0.57 acc: 0.65
fold=4 label=0 | epoch 060 | train loss: 0.5302 bal_acc: 0.76 acc: 0.76 | val loss: 0.6379 bal_loss: 0.7345 bal_acc: 0.61 acc: 0.67

fold=4 label=2
Binary label distribution:
  train: class0=60 class1=240 total=300
  val:   class0=20 class1=80 total=100
  test:  class0=20 class1=80 total=100
Original labels in this split:
  train: label0=60 label1=60 label2=60 label3=60 label4=60 total=300
  val:   label0=20 label1=20 label2=20 label3=20 label4=20 total=100
  test:  label0=20 label1=20 label2=20 label3=20 label4=20 total=100
fold=4 label=2 | epoch 001 | train loss: 0.7308 bal_acc: 0.50 acc: 0.51 | val loss: 0.7033 bal_loss: 0.6962 bal_acc: 0.49 acc: 0.49
fold=4 label=2 | epoch 010 | train loss: 0.6675 bal_acc: 0.56 acc: 0.56 | val loss: 0.6969 bal_loss: 0.6945 bal_acc: 0.55 acc: 0.55
fold=4 label=2 | epoch 020 | train loss: 0.6331 bal_acc: 0.62 acc: 0.62 | val loss: 0.6836 bal_loss: 0.6854 bal_acc: 0.56 acc: 0.56
fold=4 label=2 | epoch 030 | train loss: 0.5984 bal_acc: 0.69 acc: 0.69 | val loss: 0.6671 bal_loss: 0.6870 bal_acc: 0.57 acc: 0.61
fold=4 label=2 | epoch 040 | train loss: 0.5969 bal_acc: 0.68 acc: 0.67 | val loss: 0.6676 bal_loss: 0.6905 bal_acc: 0.51 acc: 0.55
fold=4 label=2 | epoch 050 | train loss: 0.5460 bal_acc: 0.74 acc: 0.74 | val loss: 0.6635 bal_loss: 0.6874 bal_acc: 0.51 acc: 0.54
fold=4 label=2 | epoch 060 | train loss: 0.5408 bal_acc: 0.72 acc: 0.72 | val loss: 0.6665 bal_loss: 0.7092 bal_acc: 0.51 acc: 0.55
fold=4 label=2 | epoch 070 | train loss: 0.5566 bal_acc: 0.73 acc: 0.73 | val loss: 0.6739 bal_loss: 0.7138 bal_acc: 0.54 acc: 0.56

fold=4 label=1_vs_3
Binary labels: class0=label1 class1=label3
Binary label distribution:
  train: class0=60 class1=60 total=120
  val:   class0=20 class1=20 total=40
  test:  class0=20 class1=20 total=40
Original labels in this split:
  train: label0=0 label1=60 label2=0 label3=60 label4=0 total=120
  val:   label0=0 label1=20 label2=0 label3=20 label4=0 total=40
  test:  label0=0 label1=20 label2=0 label3=20 label4=0 total=40
fold=4 label=1_vs_3 | epoch 001 | train loss: 0.7102 bal_acc: 0.52 acc: 0.52 | val loss: 0.6810 bal_loss: 0.6810 bal_acc: 0.58 acc: 0.57
fold=4 label=1_vs_3 | epoch 010 | train loss: 0.7314 bal_acc: 0.48 acc: 0.48 | val loss: 0.6770 bal_loss: 0.6770 bal_acc: 0.57 acc: 0.57
fold=4 label=1_vs_3 | epoch 020 | train loss: 0.7124 bal_acc: 0.63 acc: 0.62 | val loss: 0.6744 bal_loss: 0.6744 bal_acc: 0.62 acc: 0.62
fold=4 label=1_vs_3 | epoch 030 | train loss: 0.6918 bal_acc: 0.54 acc: 0.54 | val loss: 0.6738 bal_loss: 0.6738 bal_acc: 0.57 acc: 0.57
fold=4 label=1_vs_3 | epoch 040 | train loss: 0.6447 bal_acc: 0.64 acc: 0.64 | val loss: 0.6765 bal_loss: 0.6765 bal_acc: 0.57 acc: 0.57
fold=4 label=1_vs_3 | epoch 050 | train loss: 0.6106 bal_acc: 0.65 acc: 0.65 | val loss: 0.6816 bal_loss: 0.6816 bal_acc: 0.55 acc: 0.55
fold=4 label=1_vs_3 | epoch 060 | train loss: 0.5952 bal_acc: 0.76 acc: 0.75 | val loss: 0.6825 bal_loss: 0.6825 bal_acc: 0.57 acc: 0.57
fold=4 label=1_vs_3 | epoch 070 | train loss: 0.5630 bal_acc: 0.75 acc: 0.76 | val loss: 0.6869 bal_loss: 0.6869 bal_acc: 0.55 acc: 0.55

--- fold 5/5: train=300 val=100 test=100 ---

fold=5 label=0
Binary label distribution:
  train: class0=60 class1=240 total=300
  val:   class0=20 class1=80 total=100
  test:  class0=20 class1=80 total=100
Original labels in this split:
  train: label0=60 label1=60 label2=60 label3=60 label4=60 total=300
  val:   label0=20 label1=20 label2=20 label3=20 label4=20 total=100
  test:  label0=20 label1=20 label2=20 label3=20 label4=20 total=100
fold=5 label=0 | epoch 001 | train loss: 0.7134 bal_acc: 0.53 acc: 0.53 | val loss: 0.7061 bal_loss: 0.6994 bal_acc: 0.52 acc: 0.53
fold=5 label=0 | epoch 010 | train loss: 0.6815 bal_acc: 0.57 acc: 0.57 | val loss: 0.6828 bal_loss: 0.6992 bal_acc: 0.51 acc: 0.61
fold=5 label=0 | epoch 020 | train loss: 0.6483 bal_acc: 0.60 acc: 0.60 | val loss: 0.6891 bal_loss: 0.7141 bal_acc: 0.52 acc: 0.57
fold=5 label=0 | epoch 030 | train loss: 0.6281 bal_acc: 0.69 acc: 0.69 | val loss: 0.6859 bal_loss: 0.7242 bal_acc: 0.49 acc: 0.55
fold=5 label=0 | epoch 040 | train loss: 0.6105 bal_acc: 0.67 acc: 0.67 | val loss: 0.6664 bal_loss: 0.7223 bal_acc: 0.51 acc: 0.57
fold=5 label=0 | epoch 050 | train loss: 0.5577 bal_acc: 0.73 acc: 0.73 | val loss: 0.6566 bal_loss: 0.7278 bal_acc: 0.56 acc: 0.63

fold=5 label=2
Binary label distribution:
  train: class0=60 class1=240 total=300
  val:   class0=20 class1=80 total=100
  test:  class0=20 class1=80 total=100
Original labels in this split:
  train: label0=60 label1=60 label2=60 label3=60 label4=60 total=300
  val:   label0=20 label1=20 label2=20 label3=20 label4=20 total=100
  test:  label0=20 label1=20 label2=20 label3=20 label4=20 total=100
fold=5 label=2 | epoch 001 | train loss: 0.7302 bal_acc: 0.52 acc: 0.52 | val loss: 0.7093 bal_loss: 0.7045 bal_acc: 0.51 acc: 0.52
fold=5 label=2 | epoch 010 | train loss: 0.6749 bal_acc: 0.54 acc: 0.54 | val loss: 0.7037 bal_loss: 0.7073 bal_acc: 0.51 acc: 0.55
fold=5 label=2 | epoch 020 | train loss: 0.6620 bal_acc: 0.60 acc: 0.60 | val loss: 0.7016 bal_loss: 0.7133 bal_acc: 0.52 acc: 0.54
fold=5 label=2 | epoch 030 | train loss: 0.6554 bal_acc: 0.59 acc: 0.60 | val loss: 0.7088 bal_loss: 0.7405 bal_acc: 0.55 acc: 0.58
fold=5 label=2 | epoch 040 | train loss: 0.6018 bal_acc: 0.67 acc: 0.67 | val loss: 0.7018 bal_loss: 0.7429 bal_acc: 0.58 acc: 0.60
fold=5 label=2 | epoch 050 | train loss: 0.5794 bal_acc: 0.71 acc: 0.71 | val loss: 0.6866 bal_loss: 0.7478 bal_acc: 0.57 acc: 0.62

fold=5 label=1_vs_3
Binary labels: class0=label1 class1=label3
Binary label distribution:
  train: class0=60 class1=60 total=120
  val:   class0=20 class1=20 total=40
  test:  class0=20 class1=20 total=40
Original labels in this split:
  train: label0=0 label1=60 label2=0 label3=60 label4=0 total=120
  val:   label0=0 label1=20 label2=0 label3=20 label4=0 total=40
  test:  label0=0 label1=20 label2=0 label3=20 label4=0 total=40
fold=5 label=1_vs_3 | epoch 001 | train loss: 0.6721 bal_acc: 0.56 acc: 0.55 | val loss: 0.6704 bal_loss: 0.6704 bal_acc: 0.65 acc: 0.65
fold=5 label=1_vs_3 | epoch 010 | train loss: 0.7237 bal_acc: 0.47 acc: 0.46 | val loss: 0.6605 bal_loss: 0.6605 bal_acc: 0.60 acc: 0.60
fold=5 label=1_vs_3 | epoch 020 | train loss: 0.6748 bal_acc: 0.60 acc: 0.60 | val loss: 0.6481 bal_loss: 0.6481 bal_acc: 0.60 acc: 0.60
fold=5 label=1_vs_3 | epoch 030 | train loss: 0.6282 bal_acc: 0.71 acc: 0.71 | val loss: 0.6374 bal_loss: 0.6374 bal_acc: 0.57 acc: 0.57
fold=5 label=1_vs_3 | epoch 040 | train loss: 0.6292 bal_acc: 0.62 acc: 0.62 | val loss: 0.6382 bal_loss: 0.6382 bal_acc: 0.60 acc: 0.60
fold=5 label=1_vs_3 | epoch 050 | train loss: 0.6399 bal_acc: 0.65 acc: 0.65 | val loss: 0.6404 bal_loss: 0.6404 bal_acc: 0.65 acc: 0.65
fold=5 label=1_vs_3 | epoch 060 | train loss: 0.5791 bal_acc: 0.70 acc: 0.70 | val loss: 0.6449 bal_loss: 0.6449 bal_acc: 0.60 acc: 0.60
fold=5 label=1_vs_3 | epoch 070 | train loss: 0.6010 bal_acc: 0.69 acc: 0.68 | val loss: 0.6476 bal_loss: 0.6476 bal_acc: 0.62 acc: 0.62
fold=5 label=1_vs_3 | epoch 080 | train loss: 0.5457 bal_acc: 0.79 acc: 0.78 | val loss: 0.6529 bal_loss: 0.6529 bal_acc: 0.62 acc: 0.62

5-fold cross-validation summary
y_0: test bal_loss=0.727 +/- 0.034 | bal_acc=0.559 +/- 0.054 | test acc=0.618 +/- 0.032
y_2: test bal_loss=0.714 +/- 0.037 | bal_acc=0.544 +/- 0.070 | test acc=0.546 +/- 0.073
y_1_vs_3: test bal_loss=0.689 +/- 0.024 | bal_acc=0.525 +/- 0.055 | test acc=0.525 +/- 0.055
Cross-validation CSV: ./checkpoints/sub1_hjlee_nogit/v3_sub1_eegnet_all_days/20260628_182635/cross_validation.csv

Saved to: ./checkpoints/sub1_hjlee_nogit/v3_sub1_eegnet_all_days/20260628_182635
