Training configuration
  config=./train_config.json
  data_dir=./data/processed/260602_sub1_hjlee_raw
  input_file=X_eeg_raw.npy
  checkpoint_root=./checkpoints_eegnet_randomsplit
  epochs=2000
  batch_size=16
  lr=1e-05
  weight_decay=0.0001
  patience=100
  seed=42
  val_test_ratio=0.2
  weighted_sampler=False

Loading X_eeg_raw.npy...
Device: cuda | X: (500, 64, 4000) | run: ./checkpoints_eegnet_randomsplit/20260623_110242
Data split: train=300 val=100 test=100
Original label distribution:
  train: label0=60 label1=60 label2=60 label3=60 label4=60 total=300
  val:   label0=20 label1=20 label2=20 label3=20 label4=20 total=100
  test:  label0=20 label1=20 label2=20 label3=20 label4=20 total=100
Normalizing X using training-set mean and std...

=== y_01 ===
Binary label distribution:
  train: class0=120 class1=120 total=240
  val:   class0=40 class1=39 total=79
  test:  class0=40 class1=39 total=79
Original labels in this split:
  train: label0=60 label1=60 label2=40 label3=40 label4=40 total=240
  val:   label0=20 label1=20 label2=13 label3=13 label4=13 total=79
  test:  label0=20 label1=20 label2=13 label3=13 label4=13 total=79
epoch 001 | train loss: 0.6956 bal_acc: 0.49 acc: 0.49 | val loss: 0.6989 bal_acc: 0.50 acc: 0.49
epoch 010 | train loss: 0.6944 bal_acc: 0.50 acc: 0.50 | val loss: 0.6953 bal_acc: 0.51 acc: 0.51
epoch 020 | train loss: 0.6892 bal_acc: 0.53 acc: 0.53 | val loss: 0.6934 bal_acc: 0.54 acc: 0.53
epoch 030 | train loss: 0.6915 bal_acc: 0.54 acc: 0.54 | val loss: 0.6926 bal_acc: 0.56 acc: 0.56
epoch 040 | train loss: 0.6867 bal_acc: 0.51 acc: 0.51 | val loss: 0.6917 bal_acc: 0.60 acc: 0.59
epoch 050 | train loss: 0.6862 bal_acc: 0.53 acc: 0.53 | val loss: 0.6902 bal_acc: 0.57 acc: 0.57
epoch 060 | train loss: 0.6837 bal_acc: 0.58 acc: 0.58 | val loss: 0.6894 bal_acc: 0.53 acc: 0.53
epoch 070 | train loss: 0.6826 bal_acc: 0.55 acc: 0.55 | val loss: 0.6884 bal_acc: 0.56 acc: 0.56
epoch 080 | train loss: 0.6830 bal_acc: 0.56 acc: 0.56 | val loss: 0.6878 bal_acc: 0.56 acc: 0.56
epoch 090 | train loss: 0.6814 bal_acc: 0.58 acc: 0.58 | val loss: 0.6874 bal_acc: 0.55 acc: 0.54
epoch 100 | train loss: 0.6824 bal_acc: 0.57 acc: 0.57 | val loss: 0.6870 bal_acc: 0.56 acc: 0.56
epoch 110 | train loss: 0.6816 bal_acc: 0.58 acc: 0.58 | val loss: 0.6870 bal_acc: 0.58 acc: 0.58
epoch 120 | train loss: 0.6831 bal_acc: 0.56 acc: 0.56 | val loss: 0.6866 bal_acc: 0.58 acc: 0.58
epoch 130 | train loss: 0.6773 bal_acc: 0.58 acc: 0.58 | val loss: 0.6867 bal_acc: 0.56 acc: 0.56
epoch 140 | train loss: 0.6767 bal_acc: 0.60 acc: 0.60 | val loss: 0.6865 bal_acc: 0.55 acc: 0.54
epoch 150 | train loss: 0.6753 bal_acc: 0.62 acc: 0.62 | val loss: 0.6860 bal_acc: 0.55 acc: 0.54
epoch 160 | train loss: 0.6785 bal_acc: 0.59 acc: 0.59 | val loss: 0.6859 bal_acc: 0.56 acc: 0.56
epoch 170 | train loss: 0.6765 bal_acc: 0.60 acc: 0.60 | val loss: 0.6856 bal_acc: 0.57 acc: 0.57
epoch 180 | train loss: 0.6764 bal_acc: 0.59 acc: 0.59 | val loss: 0.6857 bal_acc: 0.53 acc: 0.53
epoch 190 | train loss: 0.6716 bal_acc: 0.58 acc: 0.58 | val loss: 0.6857 bal_acc: 0.57 acc: 0.57
epoch 200 | train loss: 0.6761 bal_acc: 0.57 acc: 0.57 | val loss: 0.6856 bal_acc: 0.54 acc: 0.54
epoch 210 | train loss: 0.6749 bal_acc: 0.58 acc: 0.58 | val loss: 0.6852 bal_acc: 0.56 acc: 0.56
epoch 220 | train loss: 0.6661 bal_acc: 0.61 acc: 0.61 | val loss: 0.6852 bal_acc: 0.57 acc: 0.57
epoch 230 | train loss: 0.6642 bal_acc: 0.62 acc: 0.62 | val loss: 0.6858 bal_acc: 0.58 acc: 0.58
epoch 240 | train loss: 0.6712 bal_acc: 0.60 acc: 0.60 | val loss: 0.6857 bal_acc: 0.57 acc: 0.57
epoch 250 | train loss: 0.6704 bal_acc: 0.60 acc: 0.60 | val loss: 0.6854 bal_acc: 0.57 acc: 0.57
epoch 260 | train loss: 0.6647 bal_acc: 0.60 acc: 0.60 | val loss: 0.6858 bal_acc: 0.59 acc: 0.59
epoch 270 | train loss: 0.6582 bal_acc: 0.61 acc: 0.61 | val loss: 0.6853 bal_acc: 0.58 acc: 0.58
epoch 280 | train loss: 0.6679 bal_acc: 0.60 acc: 0.60 | val loss: 0.6860 bal_acc: 0.58 acc: 0.58
epoch 290 | train loss: 0.6606 bal_acc: 0.61 acc: 0.61 | val loss: 0.6862 bal_acc: 0.58 acc: 0.58
epoch 300 | train loss: 0.6641 bal_acc: 0.60 acc: 0.60 | val loss: 0.6862 bal_acc: 0.58 acc: 0.58
epoch 310 | train loss: 0.6647 bal_acc: 0.62 acc: 0.62 | val loss: 0.6859 bal_acc: 0.58 acc: 0.58
best epoch=213 | val loss: 0.6851 bal_acc: 0.58 acc: 0.58 | test loss: 0.7048 bal_acc: 0.42 acc: 0.42

=== y_02 ===
Binary label distribution:
  train: class0=120 class1=120 total=240
  val:   class0=40 class1=39 total=79
  test:  class0=40 class1=39 total=79
Original labels in this split:
  train: label0=60 label1=40 label2=60 label3=40 label4=40 total=240
  val:   label0=20 label1=13 label2=20 label3=13 label4=13 total=79
  test:  label0=20 label1=13 label2=20 label3=13 label4=13 total=79
epoch 001 | train loss: 0.6984 bal_acc: 0.49 acc: 0.49 | val loss: 0.6981 bal_acc: 0.50 acc: 0.49
epoch 010 | train loss: 0.7006 bal_acc: 0.48 acc: 0.48 | val loss: 0.6994 bal_acc: 0.46 acc: 0.46
epoch 020 | train loss: 0.6945 bal_acc: 0.49 acc: 0.49 | val loss: 0.6981 bal_acc: 0.45 acc: 0.44
epoch 030 | train loss: 0.6975 bal_acc: 0.50 acc: 0.50 | val loss: 0.6982 bal_acc: 0.45 acc: 0.44
epoch 040 | train loss: 0.6966 bal_acc: 0.47 acc: 0.47 | val loss: 0.6972 bal_acc: 0.45 acc: 0.44
epoch 050 | train loss: 0.6963 bal_acc: 0.47 acc: 0.47 | val loss: 0.6961 bal_acc: 0.46 acc: 0.46
epoch 060 | train loss: 0.6912 bal_acc: 0.51 acc: 0.51 | val loss: 0.6957 bal_acc: 0.46 acc: 0.46
epoch 070 | train loss: 0.6942 bal_acc: 0.49 acc: 0.49 | val loss: 0.6951 bal_acc: 0.46 acc: 0.46
epoch 080 | train loss: 0.6931 bal_acc: 0.49 acc: 0.49 | val loss: 0.6945 bal_acc: 0.47 acc: 0.47
epoch 090 | train loss: 0.6957 bal_acc: 0.48 acc: 0.48 | val loss: 0.6940 bal_acc: 0.50 acc: 0.49
epoch 100 | train loss: 0.6938 bal_acc: 0.49 acc: 0.49 | val loss: 0.6939 bal_acc: 0.50 acc: 0.49
epoch 110 | train loss: 0.6909 bal_acc: 0.50 acc: 0.50 | val loss: 0.6938 bal_acc: 0.50 acc: 0.49
epoch 120 | train loss: 0.6898 bal_acc: 0.53 acc: 0.53 | val loss: 0.6930 bal_acc: 0.51 acc: 0.51
epoch 130 | train loss: 0.6903 bal_acc: 0.50 acc: 0.50 | val loss: 0.6932 bal_acc: 0.49 acc: 0.48
epoch 140 | train loss: 0.6914 bal_acc: 0.50 acc: 0.50 | val loss: 0.6929 bal_acc: 0.50 acc: 0.49
epoch 150 | train loss: 0.6931 bal_acc: 0.50 acc: 0.50 | val loss: 0.6927 bal_acc: 0.51 acc: 0.51
epoch 160 | train loss: 0.6883 bal_acc: 0.55 acc: 0.55 | val loss: 0.6926 bal_acc: 0.52 acc: 0.52
epoch 170 | train loss: 0.6928 bal_acc: 0.51 acc: 0.51 | val loss: 0.6924 bal_acc: 0.50 acc: 0.49
epoch 180 | train loss: 0.6875 bal_acc: 0.52 acc: 0.52 | val loss: 0.6922 bal_acc: 0.50 acc: 0.49
epoch 190 | train loss: 0.6860 bal_acc: 0.55 acc: 0.55 | val loss: 0.6921 bal_acc: 0.49 acc: 0.48
epoch 200 | train loss: 0.6910 bal_acc: 0.54 acc: 0.54 | val loss: 0.6919 bal_acc: 0.47 acc: 0.47
epoch 210 | train loss: 0.6859 bal_acc: 0.56 acc: 0.56 | val loss: 0.6917 bal_acc: 0.51 acc: 0.51
epoch 220 | train loss: 0.6872 bal_acc: 0.52 acc: 0.52 | val loss: 0.6919 bal_acc: 0.48 acc: 0.48
epoch 230 | train loss: 0.6859 bal_acc: 0.53 acc: 0.53 | val loss: 0.6921 bal_acc: 0.48 acc: 0.48
epoch 240 | train loss: 0.6873 bal_acc: 0.53 acc: 0.53 | val loss: 0.6916 bal_acc: 0.52 acc: 0.52
epoch 250 | train loss: 0.6852 bal_acc: 0.56 acc: 0.56 | val loss: 0.6916 bal_acc: 0.52 acc: 0.52
epoch 260 | train loss: 0.6856 bal_acc: 0.54 acc: 0.54 | val loss: 0.6919 bal_acc: 0.52 acc: 0.52
epoch 270 | train loss: 0.6833 bal_acc: 0.57 acc: 0.57 | val loss: 0.6922 bal_acc: 0.52 acc: 0.52
epoch 280 | train loss: 0.6801 bal_acc: 0.60 acc: 0.60 | val loss: 0.6920 bal_acc: 0.52 acc: 0.52
epoch 290 | train loss: 0.6875 bal_acc: 0.52 acc: 0.52 | val loss: 0.6924 bal_acc: 0.53 acc: 0.53
epoch 300 | train loss: 0.6853 bal_acc: 0.55 acc: 0.55 | val loss: 0.6919 bal_acc: 0.53 acc: 0.53
epoch 310 | train loss: 0.6827 bal_acc: 0.56 acc: 0.56 | val loss: 0.6925 bal_acc: 0.53 acc: 0.53
epoch 320 | train loss: 0.6843 bal_acc: 0.53 acc: 0.53 | val loss: 0.6923 bal_acc: 0.53 acc: 0.53
best epoch=228 | val loss: 0.6914 bal_acc: 0.51 acc: 0.51 | test loss: 0.6965 bal_acc: 0.47 acc: 0.47

=== y_03 ===
Binary label distribution:
  train: class0=120 class1=120 total=240
  val:   class0=40 class1=39 total=79
  test:  class0=40 class1=39 total=79
Original labels in this split:
  train: label0=60 label1=40 label2=40 label3=60 label4=40 total=240
  val:   label0=20 label1=13 label2=13 label3=20 label4=13 total=79
  test:  label0=20 label1=13 label2=13 label3=20 label4=13 total=79
epoch 001 | train loss: 0.6985 bal_acc: 0.48 acc: 0.48 | val loss: 0.6976 bal_acc: 0.50 acc: 0.49
epoch 010 | train loss: 0.6991 bal_acc: 0.50 acc: 0.50 | val loss: 0.7017 bal_acc: 0.52 acc: 0.52
epoch 020 | train loss: 0.6950 bal_acc: 0.50 acc: 0.50 | val loss: 0.7002 bal_acc: 0.54 acc: 0.53
epoch 030 | train loss: 0.6959 bal_acc: 0.53 acc: 0.52 | val loss: 0.6995 bal_acc: 0.52 acc: 0.52
epoch 040 | train loss: 0.6935 bal_acc: 0.52 acc: 0.52 | val loss: 0.6985 bal_acc: 0.54 acc: 0.53
epoch 050 | train loss: 0.6912 bal_acc: 0.52 acc: 0.52 | val loss: 0.6982 bal_acc: 0.56 acc: 0.56
epoch 060 | train loss: 0.6873 bal_acc: 0.57 acc: 0.57 | val loss: 0.6983 bal_acc: 0.57 acc: 0.57
epoch 070 | train loss: 0.6918 bal_acc: 0.53 acc: 0.53 | val loss: 0.6985 bal_acc: 0.55 acc: 0.54
epoch 080 | train loss: 0.6910 bal_acc: 0.54 acc: 0.54 | val loss: 0.6989 bal_acc: 0.56 acc: 0.56
epoch 090 | train loss: 0.6902 bal_acc: 0.53 acc: 0.53 | val loss: 0.6990 bal_acc: 0.56 acc: 0.56
epoch 100 | train loss: 0.6882 bal_acc: 0.53 acc: 0.53 | val loss: 0.6991 bal_acc: 0.57 acc: 0.57
best epoch=1 | val loss: 0.6976 bal_acc: 0.50 acc: 0.49 | test loss: 0.6992 bal_acc: 0.50 acc: 0.49

=== y_04 ===
Binary label distribution:
  train: class0=120 class1=120 total=240
  val:   class0=40 class1=39 total=79
  test:  class0=40 class1=39 total=79
Original labels in this split:
  train: label0=60 label1=40 label2=40 label3=40 label4=60 total=240
  val:   label0=20 label1=13 label2=13 label3=13 label4=20 total=79
  test:  label0=20 label1=13 label2=13 label3=13 label4=20 total=79
epoch 001 | train loss: 0.6975 bal_acc: 0.49 acc: 0.49 | val loss: 0.7010 bal_acc: 0.50 acc: 0.49
epoch 010 | train loss: 0.6969 bal_acc: 0.50 acc: 0.50 | val loss: 0.7064 bal_acc: 0.44 acc: 0.43
epoch 020 | train loss: 0.6949 bal_acc: 0.49 acc: 0.49 | val loss: 0.7056 bal_acc: 0.46 acc: 0.46
epoch 030 | train loss: 0.6941 bal_acc: 0.52 acc: 0.52 | val loss: 0.7049 bal_acc: 0.46 acc: 0.46
epoch 040 | train loss: 0.6892 bal_acc: 0.52 acc: 0.52 | val loss: 0.7038 bal_acc: 0.47 acc: 0.47
epoch 050 | train loss: 0.6911 bal_acc: 0.53 acc: 0.52 | val loss: 0.7024 bal_acc: 0.47 acc: 0.47
epoch 060 | train loss: 0.6883 bal_acc: 0.51 acc: 0.51 | val loss: 0.7017 bal_acc: 0.48 acc: 0.48
epoch 070 | train loss: 0.6874 bal_acc: 0.52 acc: 0.52 | val loss: 0.7008 bal_acc: 0.51 acc: 0.51
epoch 080 | train loss: 0.6873 bal_acc: 0.52 acc: 0.52 | val loss: 0.7003 bal_acc: 0.50 acc: 0.49
epoch 090 | train loss: 0.6853 bal_acc: 0.55 acc: 0.55 | val loss: 0.6996 bal_acc: 0.50 acc: 0.49
epoch 100 | train loss: 0.6815 bal_acc: 0.55 acc: 0.55 | val loss: 0.6987 bal_acc: 0.51 acc: 0.51
epoch 110 | train loss: 0.6814 bal_acc: 0.55 acc: 0.55 | val loss: 0.6978 bal_acc: 0.50 acc: 0.49
epoch 120 | train loss: 0.6810 bal_acc: 0.56 acc: 0.56 | val loss: 0.6961 bal_acc: 0.48 acc: 0.48
epoch 130 | train loss: 0.6763 bal_acc: 0.59 acc: 0.59 | val loss: 0.6966 bal_acc: 0.50 acc: 0.49
epoch 140 | train loss: 0.6768 bal_acc: 0.56 acc: 0.56 | val loss: 0.6951 bal_acc: 0.48 acc: 0.48
epoch 150 | train loss: 0.6753 bal_acc: 0.59 acc: 0.59 | val loss: 0.6954 bal_acc: 0.51 acc: 0.51
epoch 160 | train loss: 0.6714 bal_acc: 0.57 acc: 0.57 | val loss: 0.6951 bal_acc: 0.48 acc: 0.48
epoch 170 | train loss: 0.6667 bal_acc: 0.59 acc: 0.59 | val loss: 0.6944 bal_acc: 0.50 acc: 0.49
epoch 180 | train loss: 0.6752 bal_acc: 0.60 acc: 0.60 | val loss: 0.6925 bal_acc: 0.49 acc: 0.49
epoch 190 | train loss: 0.6700 bal_acc: 0.58 acc: 0.58 | val loss: 0.6926 bal_acc: 0.51 acc: 0.51
epoch 200 | train loss: 0.6710 bal_acc: 0.58 acc: 0.58 | val loss: 0.6923 bal_acc: 0.51 acc: 0.51
epoch 210 | train loss: 0.6672 bal_acc: 0.60 acc: 0.60 | val loss: 0.6909 bal_acc: 0.52 acc: 0.52
epoch 220 | train loss: 0.6626 bal_acc: 0.60 acc: 0.60 | val loss: 0.6907 bal_acc: 0.53 acc: 0.53
epoch 230 | train loss: 0.6648 bal_acc: 0.61 acc: 0.61 | val loss: 0.6903 bal_acc: 0.53 acc: 0.53
epoch 240 | train loss: 0.6611 bal_acc: 0.62 acc: 0.62 | val loss: 0.6895 bal_acc: 0.55 acc: 0.54
epoch 250 | train loss: 0.6663 bal_acc: 0.60 acc: 0.60 | val loss: 0.6901 bal_acc: 0.53 acc: 0.53
epoch 260 | train loss: 0.6589 bal_acc: 0.62 acc: 0.62 | val loss: 0.6888 bal_acc: 0.55 acc: 0.54
epoch 270 | train loss: 0.6648 bal_acc: 0.57 acc: 0.57 | val loss: 0.6885 bal_acc: 0.53 acc: 0.53
epoch 280 | train loss: 0.6585 bal_acc: 0.61 acc: 0.61 | val loss: 0.6871 bal_acc: 0.55 acc: 0.54
epoch 290 | train loss: 0.6538 bal_acc: 0.62 acc: 0.62 | val loss: 0.6870 bal_acc: 0.55 acc: 0.54
epoch 300 | train loss: 0.6575 bal_acc: 0.59 acc: 0.59 | val loss: 0.6858 bal_acc: 0.57 acc: 0.57
epoch 310 | train loss: 0.6612 bal_acc: 0.58 acc: 0.58 | val loss: 0.6856 bal_acc: 0.53 acc: 0.53
epoch 320 | train loss: 0.6610 bal_acc: 0.58 acc: 0.58 | val loss: 0.6847 bal_acc: 0.53 acc: 0.53
epoch 330 | train loss: 0.6482 bal_acc: 0.59 acc: 0.59 | val loss: 0.6836 bal_acc: 0.57 acc: 0.57
epoch 340 | train loss: 0.6560 bal_acc: 0.59 acc: 0.59 | val loss: 0.6834 bal_acc: 0.56 acc: 0.56
epoch 350 | train loss: 0.6446 bal_acc: 0.63 acc: 0.63 | val loss: 0.6831 bal_acc: 0.57 acc: 0.57
epoch 360 | train loss: 0.6535 bal_acc: 0.61 acc: 0.61 | val loss: 0.6826 bal_acc: 0.55 acc: 0.54
epoch 370 | train loss: 0.6443 bal_acc: 0.62 acc: 0.62 | val loss: 0.6807 bal_acc: 0.57 acc: 0.57
epoch 380 | train loss: 0.6457 bal_acc: 0.62 acc: 0.62 | val loss: 0.6799 bal_acc: 0.56 acc: 0.56
epoch 390 | train loss: 0.6463 bal_acc: 0.62 acc: 0.62 | val loss: 0.6799 bal_acc: 0.56 acc: 0.56
epoch 400 | train loss: 0.6418 bal_acc: 0.63 acc: 0.63 | val loss: 0.6797 bal_acc: 0.58 acc: 0.58
epoch 410 | train loss: 0.6381 bal_acc: 0.61 acc: 0.61 | val loss: 0.6791 bal_acc: 0.56 acc: 0.56
epoch 420 | train loss: 0.6419 bal_acc: 0.61 acc: 0.61 | val loss: 0.6781 bal_acc: 0.57 acc: 0.57
epoch 430 | train loss: 0.6396 bal_acc: 0.62 acc: 0.62 | val loss: 0.6768 bal_acc: 0.57 acc: 0.57
epoch 440 | train loss: 0.6386 bal_acc: 0.62 acc: 0.62 | val loss: 0.6768 bal_acc: 0.56 acc: 0.56
epoch 450 | train loss: 0.6365 bal_acc: 0.62 acc: 0.62 | val loss: 0.6758 bal_acc: 0.58 acc: 0.58
epoch 460 | train loss: 0.6302 bal_acc: 0.63 acc: 0.63 | val loss: 0.6761 bal_acc: 0.58 acc: 0.58
epoch 470 | train loss: 0.6420 bal_acc: 0.62 acc: 0.62 | val loss: 0.6752 bal_acc: 0.60 acc: 0.59
epoch 480 | train loss: 0.6447 bal_acc: 0.63 acc: 0.63 | val loss: 0.6751 bal_acc: 0.58 acc: 0.58
epoch 490 | train loss: 0.6364 bal_acc: 0.63 acc: 0.63 | val loss: 0.6744 bal_acc: 0.60 acc: 0.59
epoch 500 | train loss: 0.6332 bal_acc: 0.61 acc: 0.61 | val loss: 0.6738 bal_acc: 0.60 acc: 0.59
epoch 510 | train loss: 0.6360 bal_acc: 0.63 acc: 0.63 | val loss: 0.6733 bal_acc: 0.60 acc: 0.59
epoch 520 | train loss: 0.6394 bal_acc: 0.60 acc: 0.60 | val loss: 0.6735 bal_acc: 0.61 acc: 0.61
epoch 530 | train loss: 0.6290 bal_acc: 0.65 acc: 0.65 | val loss: 0.6730 bal_acc: 0.61 acc: 0.61
epoch 540 | train loss: 0.6312 bal_acc: 0.62 acc: 0.62 | val loss: 0.6730 bal_acc: 0.61 acc: 0.61
epoch 550 | train loss: 0.6336 bal_acc: 0.64 acc: 0.64 | val loss: 0.6724 bal_acc: 0.61 acc: 0.61
epoch 560 | train loss: 0.6311 bal_acc: 0.65 acc: 0.65 | val loss: 0.6723 bal_acc: 0.61 acc: 0.61
epoch 570 | train loss: 0.6235 bal_acc: 0.65 acc: 0.65 | val loss: 0.6720 bal_acc: 0.60 acc: 0.59
epoch 580 | train loss: 0.6343 bal_acc: 0.64 acc: 0.64 | val loss: 0.6721 bal_acc: 0.61 acc: 0.61
epoch 590 | train loss: 0.6242 bal_acc: 0.65 acc: 0.65 | val loss: 0.6718 bal_acc: 0.61 acc: 0.61
epoch 600 | train loss: 0.6219 bal_acc: 0.64 acc: 0.64 | val loss: 0.6719 bal_acc: 0.61 acc: 0.61
epoch 610 | train loss: 0.6240 bal_acc: 0.65 acc: 0.65 | val loss: 0.6719 bal_acc: 0.58 acc: 0.58
epoch 620 | train loss: 0.6224 bal_acc: 0.64 acc: 0.64 | val loss: 0.6709 bal_acc: 0.62 acc: 0.62
epoch 630 | train loss: 0.6219 bal_acc: 0.64 acc: 0.64 | val loss: 0.6721 bal_acc: 0.60 acc: 0.59
epoch 640 | train loss: 0.6213 bal_acc: 0.66 acc: 0.66 | val loss: 0.6703 bal_acc: 0.63 acc: 0.63
epoch 650 | train loss: 0.6198 bal_acc: 0.68 acc: 0.68 | val loss: 0.6709 bal_acc: 0.62 acc: 0.62
epoch 660 | train loss: 0.6207 bal_acc: 0.64 acc: 0.64 | val loss: 0.6712 bal_acc: 0.65 acc: 0.65
epoch 670 | train loss: 0.6264 bal_acc: 0.65 acc: 0.65 | val loss: 0.6708 bal_acc: 0.62 acc: 0.62
epoch 680 | train loss: 0.6139 bal_acc: 0.65 acc: 0.65 | val loss: 0.6705 bal_acc: 0.63 acc: 0.63
epoch 690 | train loss: 0.6145 bal_acc: 0.65 acc: 0.65 | val loss: 0.6724 bal_acc: 0.63 acc: 0.63
epoch 700 | train loss: 0.6116 bal_acc: 0.65 acc: 0.65 | val loss: 0.6709 bal_acc: 0.62 acc: 0.62
epoch 710 | train loss: 0.6155 bal_acc: 0.65 acc: 0.65 | val loss: 0.6717 bal_acc: 0.61 acc: 0.61
epoch 720 | train loss: 0.6177 bal_acc: 0.64 acc: 0.64 | val loss: 0.6716 bal_acc: 0.65 acc: 0.65
epoch 730 | train loss: 0.6174 bal_acc: 0.63 acc: 0.63 | val loss: 0.6726 bal_acc: 0.62 acc: 0.62
epoch 740 | train loss: 0.5988 bal_acc: 0.67 acc: 0.67 | val loss: 0.6735 bal_acc: 0.62 acc: 0.62
epoch 750 | train loss: 0.6098 bal_acc: 0.68 acc: 0.68 | val loss: 0.6730 bal_acc: 0.63 acc: 0.63
epoch 760 | train loss: 0.6166 bal_acc: 0.64 acc: 0.64 | val loss: 0.6732 bal_acc: 0.63 acc: 0.63
best epoch=665 | val loss: 0.6700 bal_acc: 0.65 acc: 0.65 | test loss: 0.7393 bal_acc: 0.56 acc: 0.56

=== y_12 ===
Binary label distribution:
  train: class0=120 class1=120 total=240
  val:   class0=40 class1=39 total=79
  test:  class0=40 class1=39 total=79
Original labels in this split:
  train: label0=40 label1=60 label2=60 label3=40 label4=40 total=240
  val:   label0=13 label1=20 label2=20 label3=13 label4=13 total=79
  test:  label0=13 label1=20 label2=20 label3=13 label4=13 total=79
epoch 001 | train loss: 0.6941 bal_acc: 0.52 acc: 0.52 | val loss: 0.6969 bal_acc: 0.50 acc: 0.49
epoch 010 | train loss: 0.6932 bal_acc: 0.53 acc: 0.52 | val loss: 0.6943 bal_acc: 0.49 acc: 0.48
epoch 020 | train loss: 0.6904 bal_acc: 0.53 acc: 0.53 | val loss: 0.6932 bal_acc: 0.49 acc: 0.48
epoch 030 | train loss: 0.6907 bal_acc: 0.52 acc: 0.52 | val loss: 0.6924 bal_acc: 0.50 acc: 0.49
epoch 040 | train loss: 0.6888 bal_acc: 0.52 acc: 0.52 | val loss: 0.6917 bal_acc: 0.50 acc: 0.49
epoch 050 | train loss: 0.6861 bal_acc: 0.56 acc: 0.56 | val loss: 0.6911 bal_acc: 0.51 acc: 0.51
epoch 060 | train loss: 0.6813 bal_acc: 0.58 acc: 0.58 | val loss: 0.6911 bal_acc: 0.51 acc: 0.51
epoch 070 | train loss: 0.6852 bal_acc: 0.54 acc: 0.54 | val loss: 0.6904 bal_acc: 0.51 acc: 0.51
epoch 080 | train loss: 0.6827 bal_acc: 0.55 acc: 0.55 | val loss: 0.6900 bal_acc: 0.51 acc: 0.51
epoch 090 | train loss: 0.6822 bal_acc: 0.55 acc: 0.55 | val loss: 0.6896 bal_acc: 0.52 acc: 0.52
epoch 100 | train loss: 0.6780 bal_acc: 0.56 acc: 0.56 | val loss: 0.6891 bal_acc: 0.50 acc: 0.49
epoch 110 | train loss: 0.6789 bal_acc: 0.57 acc: 0.57 | val loss: 0.6885 bal_acc: 0.51 acc: 0.51
epoch 120 | train loss: 0.6748 bal_acc: 0.59 acc: 0.59 | val loss: 0.6876 bal_acc: 0.52 acc: 0.52
epoch 130 | train loss: 0.6752 bal_acc: 0.61 acc: 0.61 | val loss: 0.6875 bal_acc: 0.53 acc: 0.53
epoch 140 | train loss: 0.6753 bal_acc: 0.60 acc: 0.60 | val loss: 0.6872 bal_acc: 0.53 acc: 0.53
epoch 150 | train loss: 0.6737 bal_acc: 0.59 acc: 0.59 | val loss: 0.6866 bal_acc: 0.53 acc: 0.53
epoch 160 | train loss: 0.6668 bal_acc: 0.63 acc: 0.63 | val loss: 0.6863 bal_acc: 0.55 acc: 0.54
epoch 170 | train loss: 0.6674 bal_acc: 0.63 acc: 0.63 | val loss: 0.6861 bal_acc: 0.55 acc: 0.54
epoch 180 | train loss: 0.6686 bal_acc: 0.58 acc: 0.58 | val loss: 0.6849 bal_acc: 0.55 acc: 0.54
epoch 190 | train loss: 0.6662 bal_acc: 0.58 acc: 0.58 | val loss: 0.6853 bal_acc: 0.55 acc: 0.54
epoch 200 | train loss: 0.6691 bal_acc: 0.61 acc: 0.61 | val loss: 0.6851 bal_acc: 0.55 acc: 0.54
epoch 210 | train loss: 0.6640 bal_acc: 0.63 acc: 0.63 | val loss: 0.6849 bal_acc: 0.53 acc: 0.53
epoch 220 | train loss: 0.6656 bal_acc: 0.60 acc: 0.60 | val loss: 0.6839 bal_acc: 0.52 acc: 0.52
epoch 230 | train loss: 0.6651 bal_acc: 0.59 acc: 0.59 | val loss: 0.6847 bal_acc: 0.53 acc: 0.53
epoch 240 | train loss: 0.6613 bal_acc: 0.61 acc: 0.61 | val loss: 0.6844 bal_acc: 0.52 acc: 0.52
epoch 250 | train loss: 0.6565 bal_acc: 0.64 acc: 0.64 | val loss: 0.6848 bal_acc: 0.55 acc: 0.54
epoch 260 | train loss: 0.6566 bal_acc: 0.63 acc: 0.63 | val loss: 0.6841 bal_acc: 0.52 acc: 0.52
epoch 270 | train loss: 0.6613 bal_acc: 0.62 acc: 0.62 | val loss: 0.6835 bal_acc: 0.52 acc: 0.52
epoch 280 | train loss: 0.6589 bal_acc: 0.62 acc: 0.62 | val loss: 0.6842 bal_acc: 0.53 acc: 0.53
epoch 290 | train loss: 0.6604 bal_acc: 0.61 acc: 0.61 | val loss: 0.6836 bal_acc: 0.53 acc: 0.53
epoch 300 | train loss: 0.6481 bal_acc: 0.65 acc: 0.65 | val loss: 0.6843 bal_acc: 0.52 acc: 0.52
epoch 310 | train loss: 0.6501 bal_acc: 0.60 acc: 0.60 | val loss: 0.6831 bal_acc: 0.53 acc: 0.53
epoch 320 | train loss: 0.6530 bal_acc: 0.61 acc: 0.61 | val loss: 0.6826 bal_acc: 0.53 acc: 0.53
epoch 330 | train loss: 0.6571 bal_acc: 0.61 acc: 0.61 | val loss: 0.6840 bal_acc: 0.52 acc: 0.52
epoch 340 | train loss: 0.6548 bal_acc: 0.63 acc: 0.63 | val loss: 0.6837 bal_acc: 0.52 acc: 0.52
epoch 350 | train loss: 0.6459 bal_acc: 0.66 acc: 0.66 | val loss: 0.6837 bal_acc: 0.52 acc: 0.52
epoch 360 | train loss: 0.6484 bal_acc: 0.63 acc: 0.63 | val loss: 0.6833 bal_acc: 0.53 acc: 0.53
epoch 370 | train loss: 0.6450 bal_acc: 0.65 acc: 0.65 | val loss: 0.6840 bal_acc: 0.52 acc: 0.52
epoch 380 | train loss: 0.6435 bal_acc: 0.66 acc: 0.66 | val loss: 0.6823 bal_acc: 0.53 acc: 0.53
epoch 390 | train loss: 0.6475 bal_acc: 0.61 acc: 0.61 | val loss: 0.6820 bal_acc: 0.57 acc: 0.57
epoch 400 | train loss: 0.6414 bal_acc: 0.66 acc: 0.66 | val loss: 0.6821 bal_acc: 0.56 acc: 0.56
epoch 410 | train loss: 0.6451 bal_acc: 0.62 acc: 0.62 | val loss: 0.6816 bal_acc: 0.56 acc: 0.56
epoch 420 | train loss: 0.6505 bal_acc: 0.58 acc: 0.58 | val loss: 0.6820 bal_acc: 0.58 acc: 0.58
epoch 430 | train loss: 0.6423 bal_acc: 0.64 acc: 0.64 | val loss: 0.6814 bal_acc: 0.58 acc: 0.58
epoch 440 | train loss: 0.6376 bal_acc: 0.62 acc: 0.62 | val loss: 0.6818 bal_acc: 0.58 acc: 0.58
epoch 450 | train loss: 0.6405 bal_acc: 0.64 acc: 0.64 | val loss: 0.6817 bal_acc: 0.58 acc: 0.58
epoch 460 | train loss: 0.6384 bal_acc: 0.63 acc: 0.63 | val loss: 0.6811 bal_acc: 0.58 acc: 0.58
epoch 470 | train loss: 0.6358 bal_acc: 0.65 acc: 0.65 | val loss: 0.6819 bal_acc: 0.57 acc: 0.57
epoch 480 | train loss: 0.6316 bal_acc: 0.66 acc: 0.66 | val loss: 0.6827 bal_acc: 0.56 acc: 0.56
epoch 490 | train loss: 0.6302 bal_acc: 0.68 acc: 0.68 | val loss: 0.6823 bal_acc: 0.56 acc: 0.56
epoch 500 | train loss: 0.6326 bal_acc: 0.63 acc: 0.63 | val loss: 0.6812 bal_acc: 0.57 acc: 0.57
epoch 510 | train loss: 0.6325 bal_acc: 0.67 acc: 0.67 | val loss: 0.6820 bal_acc: 0.57 acc: 0.57
epoch 520 | train loss: 0.6342 bal_acc: 0.65 acc: 0.65 | val loss: 0.6820 bal_acc: 0.57 acc: 0.57
epoch 530 | train loss: 0.6357 bal_acc: 0.66 acc: 0.66 | val loss: 0.6814 bal_acc: 0.60 acc: 0.59
epoch 540 | train loss: 0.6290 bal_acc: 0.67 acc: 0.68 | val loss: 0.6825 bal_acc: 0.56 acc: 0.56
epoch 550 | train loss: 0.6308 bal_acc: 0.68 acc: 0.68 | val loss: 0.6815 bal_acc: 0.57 acc: 0.57
epoch 560 | train loss: 0.6262 bal_acc: 0.66 acc: 0.66 | val loss: 0.6820 bal_acc: 0.60 acc: 0.59
epoch 570 | train loss: 0.6235 bal_acc: 0.68 acc: 0.68 | val loss: 0.6822 bal_acc: 0.57 acc: 0.57
epoch 580 | train loss: 0.6316 bal_acc: 0.66 acc: 0.66 | val loss: 0.6817 bal_acc: 0.61 acc: 0.61
epoch 590 | train loss: 0.6334 bal_acc: 0.66 acc: 0.66 | val loss: 0.6806 bal_acc: 0.57 acc: 0.57
epoch 600 | train loss: 0.6225 bal_acc: 0.70 acc: 0.70 | val loss: 0.6821 bal_acc: 0.58 acc: 0.58
epoch 610 | train loss: 0.6240 bal_acc: 0.69 acc: 0.69 | val loss: 0.6807 bal_acc: 0.58 acc: 0.58
epoch 620 | train loss: 0.6243 bal_acc: 0.68 acc: 0.68 | val loss: 0.6805 bal_acc: 0.58 acc: 0.58
epoch 630 | train loss: 0.6205 bal_acc: 0.66 acc: 0.66 | val loss: 0.6807 bal_acc: 0.62 acc: 0.62
epoch 640 | train loss: 0.6211 bal_acc: 0.67 acc: 0.67 | val loss: 0.6804 bal_acc: 0.58 acc: 0.58
epoch 650 | train loss: 0.6231 bal_acc: 0.69 acc: 0.69 | val loss: 0.6845 bal_acc: 0.58 acc: 0.58
best epoch=558 | val loss: 0.6793 bal_acc: 0.61 acc: 0.61 | test loss: 0.7323 bal_acc: 0.52 acc: 0.52

=== y_13 ===
Binary label distribution:
  train: class0=120 class1=120 total=240
  val:   class0=40 class1=39 total=79
  test:  class0=40 class1=39 total=79
Original labels in this split:
  train: label0=40 label1=60 label2=40 label3=60 label4=40 total=240
  val:   label0=13 label1=20 label2=13 label3=20 label4=13 total=79
  test:  label0=13 label1=20 label2=13 label3=20 label4=13 total=79
epoch 001 | train loss: 0.6951 bal_acc: 0.50 acc: 0.50 | val loss: 0.6965 bal_acc: 0.50 acc: 0.49
epoch 010 | train loss: 0.6917 bal_acc: 0.52 acc: 0.52 | val loss: 0.6994 bal_acc: 0.54 acc: 0.53
epoch 020 | train loss: 0.6929 bal_acc: 0.49 acc: 0.49 | val loss: 0.7004 bal_acc: 0.55 acc: 0.54
epoch 030 | train loss: 0.6910 bal_acc: 0.53 acc: 0.53 | val loss: 0.7016 bal_acc: 0.52 acc: 0.52
epoch 040 | train loss: 0.6904 bal_acc: 0.51 acc: 0.51 | val loss: 0.7025 bal_acc: 0.51 acc: 0.51
epoch 050 | train loss: 0.6870 bal_acc: 0.50 acc: 0.50 | val loss: 0.7040 bal_acc: 0.52 acc: 0.52
epoch 060 | train loss: 0.6859 bal_acc: 0.53 acc: 0.53 | val loss: 0.7058 bal_acc: 0.51 acc: 0.51
epoch 070 | train loss: 0.6850 bal_acc: 0.52 acc: 0.52 | val loss: 0.7076 bal_acc: 0.54 acc: 0.53
epoch 080 | train loss: 0.6852 bal_acc: 0.54 acc: 0.54 | val loss: 0.7100 bal_acc: 0.55 acc: 0.54
epoch 090 | train loss: 0.6827 bal_acc: 0.53 acc: 0.53 | val loss: 0.7122 bal_acc: 0.54 acc: 0.53
epoch 100 | train loss: 0.6825 bal_acc: 0.51 acc: 0.51 | val loss: 0.7142 bal_acc: 0.52 acc: 0.52
best epoch=1 | val loss: 0.6965 bal_acc: 0.50 acc: 0.49 | test loss: 0.6967 bal_acc: 0.50 acc: 0.49

=== y_14 ===
Binary label distribution:
  train: class0=120 class1=120 total=240
  val:   class0=40 class1=39 total=79
  test:  class0=40 class1=39 total=79
Original labels in this split:
  train: label0=40 label1=60 label2=40 label3=40 label4=60 total=240
  val:   label0=13 label1=20 label2=13 label3=13 label4=20 total=79
  test:  label0=13 label1=20 label2=13 label3=13 label4=20 total=79
epoch 001 | train loss: 0.6931 bal_acc: 0.50 acc: 0.50 | val loss: 0.6998 bal_acc: 0.50 acc: 0.49
epoch 010 | train loss: 0.6909 bal_acc: 0.50 acc: 0.50 | val loss: 0.7007 bal_acc: 0.47 acc: 0.47
epoch 020 | train loss: 0.6924 bal_acc: 0.53 acc: 0.53 | val loss: 0.6994 bal_acc: 0.47 acc: 0.47
epoch 030 | train loss: 0.6874 bal_acc: 0.54 acc: 0.54 | val loss: 0.6976 bal_acc: 0.45 acc: 0.44
epoch 040 | train loss: 0.6856 bal_acc: 0.55 acc: 0.55 | val loss: 0.6968 bal_acc: 0.46 acc: 0.46
epoch 050 | train loss: 0.6880 bal_acc: 0.54 acc: 0.54 | val loss: 0.6954 bal_acc: 0.47 acc: 0.47
epoch 060 | train loss: 0.6874 bal_acc: 0.53 acc: 0.53 | val loss: 0.6949 bal_acc: 0.46 acc: 0.46
epoch 070 | train loss: 0.6863 bal_acc: 0.54 acc: 0.54 | val loss: 0.6942 bal_acc: 0.45 acc: 0.44
epoch 080 | train loss: 0.6899 bal_acc: 0.53 acc: 0.53 | val loss: 0.6938 bal_acc: 0.46 acc: 0.46
epoch 090 | train loss: 0.6830 bal_acc: 0.55 acc: 0.55 | val loss: 0.6937 bal_acc: 0.46 acc: 0.46
epoch 100 | train loss: 0.6831 bal_acc: 0.54 acc: 0.54 | val loss: 0.6930 bal_acc: 0.48 acc: 0.48
epoch 110 | train loss: 0.6823 bal_acc: 0.57 acc: 0.57 | val loss: 0.6922 bal_acc: 0.48 acc: 0.48
epoch 120 | train loss: 0.6808 bal_acc: 0.55 acc: 0.55 | val loss: 0.6914 bal_acc: 0.50 acc: 0.49
epoch 130 | train loss: 0.6812 bal_acc: 0.56 acc: 0.56 | val loss: 0.6909 bal_acc: 0.47 acc: 0.47
epoch 140 | train loss: 0.6817 bal_acc: 0.59 acc: 0.59 | val loss: 0.6906 bal_acc: 0.50 acc: 0.49
epoch 150 | train loss: 0.6785 bal_acc: 0.57 acc: 0.57 | val loss: 0.6906 bal_acc: 0.51 acc: 0.51
epoch 160 | train loss: 0.6781 bal_acc: 0.60 acc: 0.60 | val loss: 0.6899 bal_acc: 0.53 acc: 0.53
epoch 170 | train loss: 0.6789 bal_acc: 0.55 acc: 0.55 | val loss: 0.6902 bal_acc: 0.53 acc: 0.53
epoch 180 | train loss: 0.6736 bal_acc: 0.60 acc: 0.60 | val loss: 0.6889 bal_acc: 0.58 acc: 0.58
epoch 190 | train loss: 0.6774 bal_acc: 0.57 acc: 0.57 | val loss: 0.6895 bal_acc: 0.56 acc: 0.56
epoch 200 | train loss: 0.6806 bal_acc: 0.58 acc: 0.58 | val loss: 0.6889 bal_acc: 0.57 acc: 0.57
epoch 210 | train loss: 0.6702 bal_acc: 0.59 acc: 0.59 | val loss: 0.6888 bal_acc: 0.56 acc: 0.56
epoch 220 | train loss: 0.6715 bal_acc: 0.60 acc: 0.60 | val loss: 0.6884 bal_acc: 0.58 acc: 0.58
epoch 230 | train loss: 0.6755 bal_acc: 0.62 acc: 0.62 | val loss: 0.6890 bal_acc: 0.58 acc: 0.58
epoch 240 | train loss: 0.6734 bal_acc: 0.58 acc: 0.58 | val loss: 0.6885 bal_acc: 0.58 acc: 0.58
epoch 250 | train loss: 0.6731 bal_acc: 0.61 acc: 0.61 | val loss: 0.6892 bal_acc: 0.57 acc: 0.57
epoch 260 | train loss: 0.6721 bal_acc: 0.59 acc: 0.59 | val loss: 0.6886 bal_acc: 0.60 acc: 0.59
epoch 270 | train loss: 0.6707 bal_acc: 0.64 acc: 0.64 | val loss: 0.6888 bal_acc: 0.60 acc: 0.59
epoch 280 | train loss: 0.6699 bal_acc: 0.62 acc: 0.62 | val loss: 0.6888 bal_acc: 0.60 acc: 0.59
epoch 290 | train loss: 0.6667 bal_acc: 0.63 acc: 0.63 | val loss: 0.6890 bal_acc: 0.60 acc: 0.59
epoch 300 | train loss: 0.6664 bal_acc: 0.62 acc: 0.62 | val loss: 0.6892 bal_acc: 0.58 acc: 0.58
epoch 310 | train loss: 0.6726 bal_acc: 0.61 acc: 0.61 | val loss: 0.6886 bal_acc: 0.57 acc: 0.57
epoch 320 | train loss: 0.6699 bal_acc: 0.60 acc: 0.60 | val loss: 0.6898 bal_acc: 0.58 acc: 0.58
best epoch=225 | val loss: 0.6881 bal_acc: 0.58 acc: 0.58 | test loss: 0.7082 bal_acc: 0.41 acc: 0.41

=== y_23 ===
Binary label distribution:
  train: class0=120 class1=120 total=240
  val:   class0=40 class1=39 total=79
  test:  class0=40 class1=39 total=79
Original labels in this split:
  train: label0=40 label1=40 label2=60 label3=60 label4=40 total=240
  val:   label0=13 label1=13 label2=20 label3=20 label4=13 total=79
  test:  label0=13 label1=13 label2=20 label3=20 label4=13 total=79
epoch 001 | train loss: 0.6996 bal_acc: 0.50 acc: 0.50 | val loss: 0.6940 bal_acc: 0.50 acc: 0.49
epoch 010 | train loss: 0.6969 bal_acc: 0.50 acc: 0.50 | val loss: 0.6963 bal_acc: 0.52 acc: 0.52
epoch 020 | train loss: 0.6921 bal_acc: 0.53 acc: 0.53 | val loss: 0.6948 bal_acc: 0.52 acc: 0.52
epoch 030 | train loss: 0.6905 bal_acc: 0.51 acc: 0.51 | val loss: 0.6938 bal_acc: 0.51 acc: 0.51
epoch 040 | train loss: 0.6887 bal_acc: 0.54 acc: 0.54 | val loss: 0.6930 bal_acc: 0.48 acc: 0.48
epoch 050 | train loss: 0.6855 bal_acc: 0.54 acc: 0.54 | val loss: 0.6926 bal_acc: 0.48 acc: 0.48
epoch 060 | train loss: 0.6835 bal_acc: 0.55 acc: 0.55 | val loss: 0.6928 bal_acc: 0.48 acc: 0.48
epoch 070 | train loss: 0.6835 bal_acc: 0.54 acc: 0.54 | val loss: 0.6930 bal_acc: 0.48 acc: 0.48
epoch 080 | train loss: 0.6836 bal_acc: 0.55 acc: 0.55 | val loss: 0.6931 bal_acc: 0.48 acc: 0.48
epoch 090 | train loss: 0.6800 bal_acc: 0.56 acc: 0.56 | val loss: 0.6938 bal_acc: 0.50 acc: 0.49
epoch 100 | train loss: 0.6808 bal_acc: 0.52 acc: 0.52 | val loss: 0.6946 bal_acc: 0.48 acc: 0.48
epoch 110 | train loss: 0.6790 bal_acc: 0.55 acc: 0.55 | val loss: 0.6954 bal_acc: 0.48 acc: 0.48
epoch 120 | train loss: 0.6783 bal_acc: 0.52 acc: 0.52 | val loss: 0.6960 bal_acc: 0.51 acc: 0.51
epoch 130 | train loss: 0.6771 bal_acc: 0.57 acc: 0.57 | val loss: 0.6972 bal_acc: 0.50 acc: 0.49
epoch 140 | train loss: 0.6769 bal_acc: 0.60 acc: 0.60 | val loss: 0.6982 bal_acc: 0.51 acc: 0.51
epoch 150 | train loss: 0.6715 bal_acc: 0.57 acc: 0.57 | val loss: 0.6988 bal_acc: 0.52 acc: 0.52
epoch 160 | train loss: 0.6701 bal_acc: 0.60 acc: 0.60 | val loss: 0.6993 bal_acc: 0.51 acc: 0.51
best epoch=65 | val loss: 0.6923 bal_acc: 0.50 acc: 0.49 | test loss: 0.7041 bal_acc: 0.48 acc: 0.48

=== y_24 ===
Binary label distribution:
  train: class0=120 class1=120 total=240
  val:   class0=40 class1=39 total=79
  test:  class0=40 class1=39 total=79
Original labels in this split:
  train: label0=40 label1=40 label2=60 label3=40 label4=60 total=240
  val:   label0=13 label1=13 label2=20 label3=13 label4=20 total=79
  test:  label0=13 label1=13 label2=20 label3=13 label4=20 total=79
epoch 001 | train loss: 0.6990 bal_acc: 0.51 acc: 0.51 | val loss: 0.6976 bal_acc: 0.50 acc: 0.49
epoch 010 | train loss: 0.6984 bal_acc: 0.50 acc: 0.50 | val loss: 0.7030 bal_acc: 0.45 acc: 0.44
epoch 020 | train loss: 0.6965 bal_acc: 0.49 acc: 0.49 | val loss: 0.7040 bal_acc: 0.46 acc: 0.46
epoch 030 | train loss: 0.6937 bal_acc: 0.52 acc: 0.52 | val loss: 0.7042 bal_acc: 0.46 acc: 0.46
epoch 040 | train loss: 0.6943 bal_acc: 0.50 acc: 0.50 | val loss: 0.7047 bal_acc: 0.46 acc: 0.46
epoch 050 | train loss: 0.6944 bal_acc: 0.50 acc: 0.50 | val loss: 0.7049 bal_acc: 0.46 acc: 0.46
epoch 060 | train loss: 0.6919 bal_acc: 0.51 acc: 0.51 | val loss: 0.7055 bal_acc: 0.45 acc: 0.44
epoch 070 | train loss: 0.6922 bal_acc: 0.49 acc: 0.49 | val loss: 0.7054 bal_acc: 0.45 acc: 0.44
epoch 080 | train loss: 0.6932 bal_acc: 0.49 acc: 0.49 | val loss: 0.7065 bal_acc: 0.45 acc: 0.44
epoch 090 | train loss: 0.6879 bal_acc: 0.51 acc: 0.51 | val loss: 0.7072 bal_acc: 0.44 acc: 0.43
epoch 100 | train loss: 0.6918 bal_acc: 0.50 acc: 0.50 | val loss: 0.7072 bal_acc: 0.45 acc: 0.44
best epoch=1 | val loss: 0.6976 bal_acc: 0.50 acc: 0.49 | test loss: 0.6940 bal_acc: 0.50 acc: 0.49

=== y_34 ===
Binary label distribution:
  train: class0=120 class1=120 total=240
  val:   class0=40 class1=39 total=79
  test:  class0=40 class1=39 total=79
Original labels in this split:
  train: label0=40 label1=40 label2=40 label3=60 label4=60 total=240
  val:   label0=13 label1=13 label2=13 label3=20 label4=20 total=79
  test:  label0=13 label1=13 label2=13 label3=20 label4=20 total=79
epoch 001 | train loss: 0.6992 bal_acc: 0.50 acc: 0.50 | val loss: 0.6959 bal_acc: 0.50 acc: 0.49
epoch 010 | train loss: 0.6962 bal_acc: 0.51 acc: 0.51 | val loss: 0.7012 bal_acc: 0.52 acc: 0.52
epoch 020 | train loss: 0.6935 bal_acc: 0.52 acc: 0.52 | val loss: 0.6995 bal_acc: 0.52 acc: 0.52
epoch 030 | train loss: 0.6915 bal_acc: 0.54 acc: 0.54 | val loss: 0.6977 bal_acc: 0.52 acc: 0.52
epoch 040 | train loss: 0.6910 bal_acc: 0.54 acc: 0.54 | val loss: 0.6969 bal_acc: 0.52 acc: 0.52
epoch 050 | train loss: 0.6906 bal_acc: 0.55 acc: 0.55 | val loss: 0.6960 bal_acc: 0.52 acc: 0.52
epoch 060 | train loss: 0.6903 bal_acc: 0.54 acc: 0.54 | val loss: 0.6957 bal_acc: 0.52 acc: 0.52
epoch 070 | train loss: 0.6902 bal_acc: 0.55 acc: 0.55 | val loss: 0.6949 bal_acc: 0.52 acc: 0.52
epoch 080 | train loss: 0.6897 bal_acc: 0.55 acc: 0.55 | val loss: 0.6945 bal_acc: 0.52 acc: 0.52
epoch 090 | train loss: 0.6885 bal_acc: 0.55 acc: 0.55 | val loss: 0.6941 bal_acc: 0.54 acc: 0.53
epoch 100 | train loss: 0.6854 bal_acc: 0.54 acc: 0.54 | val loss: 0.6941 bal_acc: 0.51 acc: 0.51
epoch 110 | train loss: 0.6846 bal_acc: 0.56 acc: 0.56 | val loss: 0.6943 bal_acc: 0.51 acc: 0.51
epoch 120 | train loss: 0.6889 bal_acc: 0.54 acc: 0.54 | val loss: 0.6938 bal_acc: 0.52 acc: 0.52
epoch 130 | train loss: 0.6892 bal_acc: 0.55 acc: 0.55 | val loss: 0.6942 bal_acc: 0.52 acc: 0.52
epoch 140 | train loss: 0.6853 bal_acc: 0.54 acc: 0.54 | val loss: 0.6941 bal_acc: 0.52 acc: 0.52
epoch 150 | train loss: 0.6842 bal_acc: 0.57 acc: 0.57 | val loss: 0.6945 bal_acc: 0.51 acc: 0.51
epoch 160 | train loss: 0.6876 bal_acc: 0.55 acc: 0.55 | val loss: 0.6941 bal_acc: 0.51 acc: 0.51
epoch 170 | train loss: 0.6808 bal_acc: 0.56 acc: 0.56 | val loss: 0.6942 bal_acc: 0.51 acc: 0.51
epoch 180 | train loss: 0.6831 bal_acc: 0.54 acc: 0.54 | val loss: 0.6941 bal_acc: 0.51 acc: 0.51
best epoch=87 | val loss: 0.6936 bal_acc: 0.54 acc: 0.53 | test loss: 0.6885 bal_acc: 0.51 acc: 0.51

Test accuracy
y_01: 0.418
y_02: 0.468
y_03: 0.494
y_04: 0.557
y_12: 0.519
y_13: 0.494
y_14: 0.405
y_23: 0.481
y_24: 0.494
y_34: 0.506

Saved to: ./checkpoints_eegnet_randomsplit/20260623_110242
