Training configuration
  config=./configs/train_config_v3.json
  model=shallownet
  patient=sub2_yjkim
  day=260527
  data_dir=./data/processed/sub2_yjkim/260527
  input_file=X_eeg.npy
  checkpoint_root=./checkpoints/sub2_yjkim_nogit/v3_sub2_shallownet_all_days
  epochs=200
  batch_size=16
  lr=3e-05
  weight_decay=0.0001
  patience=50
  seed=42
  val_test_ratio=0.2
  weighted_sampler=True
  run_window_diagnostic=False
  window_size=256
  window_stride=128
  balance_rest_to_target=False
  run_5fold_cross_validation=True
  selection_metric=balanced_loss

Loading X_eeg.npy...
Device: cuda | X: (250, 64, 1000) | run: ./checkpoints/sub2_yjkim_nogit/v3_sub2_shallownet_all_days/20260628_154526
Data split: train=150 val=50 test=50
Original label distribution:
  train: label0=30 label1=30 label2=30 label3=30 label4=30 total=150
  val:   label0=10 label1=10 label2=10 label3=10 label4=10 total=50
  test:  label0=10 label1=10 label2=10 label3=10 label4=10 total=50

=== 5-fold cross-validation ===

--- fold 1/5: train=150 val=50 test=50 ---

fold=1 label=0
Binary label distribution:
  train: class0=30 class1=120 total=150
  val:   class0=10 class1=40 total=50
  test:  class0=10 class1=40 total=50
Original labels in this split:
  train: label0=30 label1=30 label2=30 label3=30 label4=30 total=150
  val:   label0=10 label1=10 label2=10 label3=10 label4=10 total=50
  test:  label0=10 label1=10 label2=10 label3=10 label4=10 total=50
fold=1 label=0 | epoch 001 | train loss: 1.4516 bal_acc: 0.47 acc: 0.47 | val loss: 0.5281 bal_loss: 0.8517 bal_acc: 0.64 acc: 0.78
fold=1 label=0 | epoch 010 | train loss: 0.4024 bal_acc: 0.82 acc: 0.82 | val loss: 0.3674 bal_loss: 0.5318 bal_acc: 0.79 acc: 0.84
fold=1 label=0 | epoch 020 | train loss: 0.2329 bal_acc: 0.91 acc: 0.91 | val loss: 0.3029 bal_loss: 0.4593 bal_acc: 0.82 acc: 0.90
fold=1 label=0 | epoch 030 | train loss: 0.2045 bal_acc: 0.91 acc: 0.91 | val loss: 0.2525 bal_loss: 0.3806 bal_acc: 0.82 acc: 0.90
fold=1 label=0 | epoch 040 | train loss: 0.0966 bal_acc: 0.98 acc: 0.98 | val loss: 0.2489 bal_loss: 0.3594 bal_acc: 0.82 acc: 0.90
fold=1 label=0 | epoch 050 | train loss: 0.0655 bal_acc: 0.99 acc: 0.99 | val loss: 0.2281 bal_loss: 0.3373 bal_acc: 0.82 acc: 0.90
fold=1 label=0 | epoch 060 | train loss: 0.0718 bal_acc: 0.99 acc: 0.99 | val loss: 0.2337 bal_loss: 0.3739 bal_acc: 0.82 acc: 0.90
fold=1 label=0 | epoch 070 | train loss: 0.0705 bal_acc: 0.99 acc: 0.99 | val loss: 0.1901 bal_loss: 0.3230 bal_acc: 0.79 acc: 0.90
fold=1 label=0 | epoch 080 | train loss: 0.0587 bal_acc: 0.99 acc: 0.99 | val loss: 0.2098 bal_loss: 0.3191 bal_acc: 0.77 acc: 0.88
fold=1 label=0 | epoch 090 | train loss: 0.0527 bal_acc: 0.99 acc: 0.99 | val loss: 0.2015 bal_loss: 0.3081 bal_acc: 0.77 acc: 0.88
fold=1 label=0 | epoch 100 | train loss: 0.0234 bal_acc: 1.00 acc: 1.00 | val loss: 0.1636 bal_loss: 0.2726 bal_acc: 0.82 acc: 0.90
fold=1 label=0 | epoch 110 | train loss: 0.0186 bal_acc: 1.00 acc: 1.00 | val loss: 0.2138 bal_loss: 0.3529 bal_acc: 0.82 acc: 0.90
fold=1 label=0 | epoch 120 | train loss: 0.0275 bal_acc: 0.99 acc: 0.99 | val loss: 0.2058 bal_loss: 0.3835 bal_acc: 0.77 acc: 0.88
fold=1 label=0 | epoch 130 | train loss: 0.0248 bal_acc: 0.99 acc: 0.99 | val loss: 0.2453 bal_loss: 0.4509 bal_acc: 0.77 acc: 0.88
fold=1 label=0 | epoch 140 | train loss: 0.0289 bal_acc: 0.99 acc: 0.99 | val loss: 0.1987 bal_loss: 0.3011 bal_acc: 0.82 acc: 0.90
fold=1 label=0 | epoch 150 | train loss: 0.0222 bal_acc: 0.99 acc: 0.99 | val loss: 0.2359 bal_loss: 0.3658 bal_acc: 0.82 acc: 0.90
fold=1 label=0 | epoch 160 | train loss: 0.0080 bal_acc: 1.00 acc: 1.00 | val loss: 0.1934 bal_loss: 0.3123 bal_acc: 0.82 acc: 0.90
fold=1 label=0 | epoch 170 | train loss: 0.0173 bal_acc: 0.99 acc: 0.99 | val loss: 0.2151 bal_loss: 0.3335 bal_acc: 0.82 acc: 0.90
fold=1 label=0 | epoch 180 | train loss: 0.0078 bal_acc: 1.00 acc: 1.00 | val loss: 0.2022 bal_loss: 0.3505 bal_acc: 0.82 acc: 0.90
fold=1 label=0 | epoch 190 | train loss: 0.0091 bal_acc: 1.00 acc: 1.00 | val loss: 0.1957 bal_loss: 0.3396 bal_acc: 0.82 acc: 0.90

fold=1 label=2
Binary label distribution:
  train: class0=30 class1=120 total=150
  val:   class0=10 class1=40 total=50
  test:  class0=10 class1=40 total=50
Original labels in this split:
  train: label0=30 label1=30 label2=30 label3=30 label4=30 total=150
  val:   label0=10 label1=10 label2=10 label3=10 label4=10 total=50
  test:  label0=10 label1=10 label2=10 label3=10 label4=10 total=50
fold=1 label=2 | epoch 001 | train loss: 1.5332 bal_acc: 0.45 acc: 0.45 | val loss: 0.5931 bal_loss: 0.7192 bal_acc: 0.55 acc: 0.64
fold=1 label=2 | epoch 010 | train loss: 0.5755 bal_acc: 0.77 acc: 0.77 | val loss: 0.4779 bal_loss: 0.4229 bal_acc: 0.89 acc: 0.82
fold=1 label=2 | epoch 020 | train loss: 0.2815 bal_acc: 0.88 acc: 0.89 | val loss: 0.2987 bal_loss: 0.3591 bal_acc: 0.81 acc: 0.88
fold=1 label=2 | epoch 030 | train loss: 0.2097 bal_acc: 0.93 acc: 0.93 | val loss: 0.2815 bal_loss: 0.3388 bal_acc: 0.86 acc: 0.90
fold=1 label=2 | epoch 040 | train loss: 0.1581 bal_acc: 0.95 acc: 0.95 | val loss: 0.2359 bal_loss: 0.3243 bal_acc: 0.81 acc: 0.88
fold=1 label=2 | epoch 050 | train loss: 0.1037 bal_acc: 0.97 acc: 0.97 | val loss: 0.2494 bal_loss: 0.3675 bal_acc: 0.81 acc: 0.88
fold=1 label=2 | epoch 060 | train loss: 0.0811 bal_acc: 0.99 acc: 0.99 | val loss: 0.2433 bal_loss: 0.3587 bal_acc: 0.81 acc: 0.88
fold=1 label=2 | epoch 070 | train loss: 0.0753 bal_acc: 0.99 acc: 0.99 | val loss: 0.2598 bal_loss: 0.3869 bal_acc: 0.85 acc: 0.88
fold=1 label=2 | epoch 080 | train loss: 0.0498 bal_acc: 1.00 acc: 1.00 | val loss: 0.2632 bal_loss: 0.4122 bal_acc: 0.80 acc: 0.86

fold=1 label=1_vs_3
Binary labels: class0=label1 class1=label3
Binary label distribution:
  train: class0=30 class1=30 total=60
  val:   class0=10 class1=10 total=20
  test:  class0=10 class1=10 total=20
Original labels in this split:
  train: label0=0 label1=30 label2=0 label3=30 label4=0 total=60
  val:   label0=0 label1=10 label2=0 label3=10 label4=0 total=20
  test:  label0=0 label1=10 label2=0 label3=10 label4=0 total=20
fold=1 label=1_vs_3 | epoch 001 | train loss: 0.8947 bal_acc: 0.67 acc: 0.65 | val loss: 0.6374 bal_loss: 0.6374 bal_acc: 0.65 acc: 0.65
fold=1 label=1_vs_3 | epoch 010 | train loss: 0.5365 bal_acc: 0.67 acc: 0.67 | val loss: 0.5093 bal_loss: 0.5093 bal_acc: 0.70 acc: 0.70
fold=1 label=1_vs_3 | epoch 020 | train loss: 0.2589 bal_acc: 0.88 acc: 0.88 | val loss: 0.4593 bal_loss: 0.4593 bal_acc: 0.80 acc: 0.80
fold=1 label=1_vs_3 | epoch 030 | train loss: 0.2915 bal_acc: 0.88 acc: 0.88 | val loss: 0.4094 bal_loss: 0.4094 bal_acc: 0.80 acc: 0.80
fold=1 label=1_vs_3 | epoch 040 | train loss: 0.1628 bal_acc: 0.93 acc: 0.93 | val loss: 0.3887 bal_loss: 0.3887 bal_acc: 0.80 acc: 0.80
fold=1 label=1_vs_3 | epoch 050 | train loss: 0.1146 bal_acc: 0.97 acc: 0.97 | val loss: 0.3619 bal_loss: 0.3619 bal_acc: 0.80 acc: 0.80
fold=1 label=1_vs_3 | epoch 060 | train loss: 0.1073 bal_acc: 1.00 acc: 1.00 | val loss: 0.3453 bal_loss: 0.3453 bal_acc: 0.80 acc: 0.80
fold=1 label=1_vs_3 | epoch 070 | train loss: 0.0558 bal_acc: 0.98 acc: 0.98 | val loss: 0.3532 bal_loss: 0.3532 bal_acc: 0.80 acc: 0.80
fold=1 label=1_vs_3 | epoch 080 | train loss: 0.0839 bal_acc: 1.00 acc: 1.00 | val loss: 0.3331 bal_loss: 0.3331 bal_acc: 0.85 acc: 0.85
fold=1 label=1_vs_3 | epoch 090 | train loss: 0.0244 bal_acc: 1.00 acc: 1.00 | val loss: 0.3554 bal_loss: 0.3554 bal_acc: 0.85 acc: 0.85
fold=1 label=1_vs_3 | epoch 100 | train loss: 0.0454 bal_acc: 1.00 acc: 1.00 | val loss: 0.3642 bal_loss: 0.3642 bal_acc: 0.80 acc: 0.80
fold=1 label=1_vs_3 | epoch 110 | train loss: 0.0276 bal_acc: 1.00 acc: 1.00 | val loss: 0.3332 bal_loss: 0.3332 bal_acc: 0.85 acc: 0.85
fold=1 label=1_vs_3 | epoch 120 | train loss: 0.0408 bal_acc: 1.00 acc: 1.00 | val loss: 0.3231 bal_loss: 0.3231 bal_acc: 0.80 acc: 0.80
fold=1 label=1_vs_3 | epoch 130 | train loss: 0.0416 bal_acc: 0.98 acc: 0.98 | val loss: 0.2873 bal_loss: 0.2873 bal_acc: 0.80 acc: 0.80
fold=1 label=1_vs_3 | epoch 140 | train loss: 0.0338 bal_acc: 0.98 acc: 0.98 | val loss: 0.3433 bal_loss: 0.3433 bal_acc: 0.80 acc: 0.80
fold=1 label=1_vs_3 | epoch 150 | train loss: 0.0236 bal_acc: 1.00 acc: 1.00 | val loss: 0.3117 bal_loss: 0.3117 bal_acc: 0.80 acc: 0.80
fold=1 label=1_vs_3 | epoch 160 | train loss: 0.0202 bal_acc: 1.00 acc: 1.00 | val loss: 0.3063 bal_loss: 0.3063 bal_acc: 0.85 acc: 0.85
fold=1 label=1_vs_3 | epoch 170 | train loss: 0.0164 bal_acc: 1.00 acc: 1.00 | val loss: 0.3522 bal_loss: 0.3522 bal_acc: 0.80 acc: 0.80

--- fold 2/5: train=150 val=50 test=50 ---

fold=2 label=0
Binary label distribution:
  train: class0=30 class1=120 total=150
  val:   class0=10 class1=40 total=50
  test:  class0=10 class1=40 total=50
Original labels in this split:
  train: label0=30 label1=30 label2=30 label3=30 label4=30 total=150
  val:   label0=10 label1=10 label2=10 label3=10 label4=10 total=50
  test:  label0=10 label1=10 label2=10 label3=10 label4=10 total=50
fold=2 label=0 | epoch 001 | train loss: 1.2674 bal_acc: 0.51 acc: 0.51 | val loss: 0.7827 bal_loss: 1.1610 bal_acc: 0.50 acc: 0.62
fold=2 label=0 | epoch 010 | train loss: 0.4508 bal_acc: 0.81 acc: 0.82 | val loss: 0.6128 bal_loss: 0.7625 bal_acc: 0.69 acc: 0.74
fold=2 label=0 | epoch 020 | train loss: 0.2431 bal_acc: 0.89 acc: 0.89 | val loss: 0.4775 bal_loss: 0.7900 bal_acc: 0.69 acc: 0.80
fold=2 label=0 | epoch 030 | train loss: 0.2100 bal_acc: 0.93 acc: 0.93 | val loss: 0.3971 bal_loss: 0.6820 bal_acc: 0.70 acc: 0.82
fold=2 label=0 | epoch 040 | train loss: 0.0951 bal_acc: 0.98 acc: 0.98 | val loss: 0.4398 bal_loss: 0.7789 bal_acc: 0.70 acc: 0.82
fold=2 label=0 | epoch 050 | train loss: 0.1120 bal_acc: 0.96 acc: 0.96 | val loss: 0.3937 bal_loss: 0.6739 bal_acc: 0.75 acc: 0.84
fold=2 label=0 | epoch 060 | train loss: 0.0947 bal_acc: 0.97 acc: 0.97 | val loss: 0.3577 bal_loss: 0.6710 bal_acc: 0.71 acc: 0.84
fold=2 label=0 | epoch 070 | train loss: 0.0452 bal_acc: 0.99 acc: 0.99 | val loss: 0.3744 bal_loss: 0.6701 bal_acc: 0.75 acc: 0.84
fold=2 label=0 | epoch 080 | train loss: 0.0404 bal_acc: 1.00 acc: 1.00 | val loss: 0.3622 bal_loss: 0.7067 bal_acc: 0.81 acc: 0.88
fold=2 label=0 | epoch 090 | train loss: 0.0467 bal_acc: 0.97 acc: 0.97 | val loss: 0.3527 bal_loss: 0.6577 bal_acc: 0.76 acc: 0.86
fold=2 label=0 | epoch 100 | train loss: 0.0526 bal_acc: 0.99 acc: 0.99 | val loss: 0.3886 bal_loss: 0.6503 bal_acc: 0.75 acc: 0.84
fold=2 label=0 | epoch 110 | train loss: 0.0179 bal_acc: 1.00 acc: 1.00 | val loss: 0.3336 bal_loss: 0.5957 bal_acc: 0.76 acc: 0.86
fold=2 label=0 | epoch 120 | train loss: 0.0355 bal_acc: 0.99 acc: 0.99 | val loss: 0.3865 bal_loss: 0.6718 bal_acc: 0.80 acc: 0.86
fold=2 label=0 | epoch 130 | train loss: 0.0170 bal_acc: 1.00 acc: 1.00 | val loss: 0.3705 bal_loss: 0.7091 bal_acc: 0.76 acc: 0.86

fold=2 label=2
Binary label distribution:
  train: class0=30 class1=120 total=150
  val:   class0=10 class1=40 total=50
  test:  class0=10 class1=40 total=50
Original labels in this split:
  train: label0=30 label1=30 label2=30 label3=30 label4=30 total=150
  val:   label0=10 label1=10 label2=10 label3=10 label4=10 total=50
  test:  label0=10 label1=10 label2=10 label3=10 label4=10 total=50
fold=2 label=2 | epoch 001 | train loss: 1.5687 bal_acc: 0.49 acc: 0.49 | val loss: 0.6787 bal_loss: 0.7958 bal_acc: 0.65 acc: 0.68
fold=2 label=2 | epoch 010 | train loss: 0.5388 bal_acc: 0.77 acc: 0.78 | val loss: 0.4092 bal_loss: 0.3953 bal_acc: 0.79 acc: 0.78
fold=2 label=2 | epoch 020 | train loss: 0.3037 bal_acc: 0.86 acc: 0.86 | val loss: 0.3303 bal_loss: 0.3934 bal_acc: 0.79 acc: 0.84
fold=2 label=2 | epoch 030 | train loss: 0.2648 bal_acc: 0.90 acc: 0.90 | val loss: 0.2752 bal_loss: 0.3948 bal_acc: 0.82 acc: 0.90
fold=2 label=2 | epoch 040 | train loss: 0.1697 bal_acc: 0.95 acc: 0.95 | val loss: 0.2504 bal_loss: 0.3810 bal_acc: 0.88 acc: 0.92
fold=2 label=2 | epoch 050 | train loss: 0.0783 bal_acc: 0.98 acc: 0.97 | val loss: 0.2581 bal_loss: 0.3859 bal_acc: 0.81 acc: 0.88
fold=2 label=2 | epoch 060 | train loss: 0.0795 bal_acc: 0.99 acc: 0.99 | val loss: 0.2123 bal_loss: 0.3341 bal_acc: 0.88 acc: 0.92
fold=2 label=2 | epoch 070 | train loss: 0.1407 bal_acc: 0.94 acc: 0.94 | val loss: 0.2285 bal_loss: 0.3801 bal_acc: 0.86 acc: 0.90
fold=2 label=2 | epoch 080 | train loss: 0.0711 bal_acc: 0.97 acc: 0.97 | val loss: 0.2318 bal_loss: 0.4019 bal_acc: 0.88 acc: 0.92
fold=2 label=2 | epoch 090 | train loss: 0.0686 bal_acc: 0.97 acc: 0.97 | val loss: 0.2166 bal_loss: 0.3749 bal_acc: 0.82 acc: 0.90
fold=2 label=2 | epoch 100 | train loss: 0.0635 bal_acc: 0.97 acc: 0.97 | val loss: 0.2039 bal_loss: 0.3519 bal_acc: 0.89 acc: 0.94
fold=2 label=2 | epoch 110 | train loss: 0.0421 bal_acc: 0.99 acc: 0.99 | val loss: 0.2091 bal_loss: 0.4066 bal_acc: 0.84 acc: 0.92

fold=2 label=1_vs_3
Binary labels: class0=label1 class1=label3
Binary label distribution:
  train: class0=30 class1=30 total=60
  val:   class0=10 class1=10 total=20
  test:  class0=10 class1=10 total=20
Original labels in this split:
  train: label0=0 label1=30 label2=0 label3=30 label4=0 total=60
  val:   label0=0 label1=10 label2=0 label3=10 label4=0 total=20
  test:  label0=0 label1=10 label2=0 label3=10 label4=0 total=20
fold=2 label=1_vs_3 | epoch 001 | train loss: 1.0589 bal_acc: 0.55 acc: 0.55 | val loss: 0.7770 bal_loss: 0.7770 bal_acc: 0.55 acc: 0.55
fold=2 label=1_vs_3 | epoch 010 | train loss: 0.8326 bal_acc: 0.67 acc: 0.68 | val loss: 0.6130 bal_loss: 0.6130 bal_acc: 0.75 acc: 0.75
fold=2 label=1_vs_3 | epoch 020 | train loss: 0.3253 bal_acc: 0.90 acc: 0.88 | val loss: 0.5887 bal_loss: 0.5887 bal_acc: 0.70 acc: 0.70
fold=2 label=1_vs_3 | epoch 030 | train loss: 0.2611 bal_acc: 0.88 acc: 0.88 | val loss: 0.5105 bal_loss: 0.5105 bal_acc: 0.70 acc: 0.70
fold=2 label=1_vs_3 | epoch 040 | train loss: 0.2074 bal_acc: 0.92 acc: 0.92 | val loss: 0.4374 bal_loss: 0.4374 bal_acc: 0.75 acc: 0.75
fold=2 label=1_vs_3 | epoch 050 | train loss: 0.1791 bal_acc: 0.96 acc: 0.95 | val loss: 0.3831 bal_loss: 0.3831 bal_acc: 0.80 acc: 0.80
fold=2 label=1_vs_3 | epoch 060 | train loss: 0.1307 bal_acc: 0.95 acc: 0.95 | val loss: 0.3634 bal_loss: 0.3634 bal_acc: 0.80 acc: 0.80
fold=2 label=1_vs_3 | epoch 070 | train loss: 0.0954 bal_acc: 0.98 acc: 0.98 | val loss: 0.3190 bal_loss: 0.3190 bal_acc: 0.90 acc: 0.90
fold=2 label=1_vs_3 | epoch 080 | train loss: 0.0764 bal_acc: 1.00 acc: 1.00 | val loss: 0.3040 bal_loss: 0.3040 bal_acc: 0.90 acc: 0.90
fold=2 label=1_vs_3 | epoch 090 | train loss: 0.1015 bal_acc: 0.95 acc: 0.95 | val loss: 0.2779 bal_loss: 0.2779 bal_acc: 0.90 acc: 0.90
fold=2 label=1_vs_3 | epoch 100 | train loss: 0.0307 bal_acc: 1.00 acc: 1.00 | val loss: 0.2831 bal_loss: 0.2831 bal_acc: 0.90 acc: 0.90
fold=2 label=1_vs_3 | epoch 110 | train loss: 0.0438 bal_acc: 0.99 acc: 0.98 | val loss: 0.2776 bal_loss: 0.2776 bal_acc: 0.90 acc: 0.90
fold=2 label=1_vs_3 | epoch 120 | train loss: 0.0479 bal_acc: 1.00 acc: 1.00 | val loss: 0.2624 bal_loss: 0.2624 bal_acc: 0.95 acc: 0.95
fold=2 label=1_vs_3 | epoch 130 | train loss: 0.0526 bal_acc: 1.00 acc: 1.00 | val loss: 0.2720 bal_loss: 0.2720 bal_acc: 0.85 acc: 0.85
fold=2 label=1_vs_3 | epoch 140 | train loss: 0.0261 bal_acc: 1.00 acc: 1.00 | val loss: 0.2497 bal_loss: 0.2497 bal_acc: 0.90 acc: 0.90
fold=2 label=1_vs_3 | epoch 150 | train loss: 0.0226 bal_acc: 1.00 acc: 1.00 | val loss: 0.2272 bal_loss: 0.2272 bal_acc: 0.95 acc: 0.95
fold=2 label=1_vs_3 | epoch 160 | train loss: 0.0269 bal_acc: 0.98 acc: 0.98 | val loss: 0.2192 bal_loss: 0.2192 bal_acc: 1.00 acc: 1.00
fold=2 label=1_vs_3 | epoch 170 | train loss: 0.0443 bal_acc: 0.98 acc: 0.98 | val loss: 0.2320 bal_loss: 0.2320 bal_acc: 0.95 acc: 0.95
fold=2 label=1_vs_3 | epoch 180 | train loss: 0.0106 bal_acc: 1.00 acc: 1.00 | val loss: 0.1922 bal_loss: 0.1922 bal_acc: 1.00 acc: 1.00
fold=2 label=1_vs_3 | epoch 190 | train loss: 0.0187 bal_acc: 1.00 acc: 1.00 | val loss: 0.1930 bal_loss: 0.1930 bal_acc: 1.00 acc: 1.00
fold=2 label=1_vs_3 | epoch 200 | train loss: 0.0184 bal_acc: 1.00 acc: 1.00 | val loss: 0.1819 bal_loss: 0.1819 bal_acc: 1.00 acc: 1.00

--- fold 3/5: train=150 val=50 test=50 ---

fold=3 label=0
Binary label distribution:
  train: class0=30 class1=120 total=150
  val:   class0=10 class1=40 total=50
  test:  class0=10 class1=40 total=50
Original labels in this split:
  train: label0=30 label1=30 label2=30 label3=30 label4=30 total=150
  val:   label0=10 label1=10 label2=10 label3=10 label4=10 total=50
  test:  label0=10 label1=10 label2=10 label3=10 label4=10 total=50
fold=3 label=0 | epoch 001 | train loss: 1.3227 bal_acc: 0.44 acc: 0.45 | val loss: 0.5367 bal_loss: 0.7544 bal_acc: 0.62 acc: 0.76
fold=3 label=0 | epoch 010 | train loss: 0.5557 bal_acc: 0.74 acc: 0.74 | val loss: 0.3970 bal_loss: 0.4410 bal_acc: 0.84 acc: 0.86
fold=3 label=0 | epoch 020 | train loss: 0.3208 bal_acc: 0.87 acc: 0.87 | val loss: 0.2879 bal_loss: 0.3575 bal_acc: 0.84 acc: 0.86
fold=3 label=0 | epoch 030 | train loss: 0.1852 bal_acc: 0.92 acc: 0.92 | val loss: 0.2891 bal_loss: 0.2883 bal_acc: 0.88 acc: 0.86
fold=3 label=0 | epoch 040 | train loss: 0.1212 bal_acc: 0.97 acc: 0.97 | val loss: 0.2426 bal_loss: 0.3297 bal_acc: 0.90 acc: 0.90
fold=3 label=0 | epoch 050 | train loss: 0.0959 bal_acc: 0.98 acc: 0.98 | val loss: 0.2018 bal_loss: 0.3033 bal_acc: 0.94 acc: 0.96
fold=3 label=0 | epoch 060 | train loss: 0.0686 bal_acc: 0.98 acc: 0.98 | val loss: 0.2241 bal_loss: 0.2873 bal_acc: 0.90 acc: 0.90
fold=3 label=0 | epoch 070 | train loss: 0.0388 bal_acc: 1.00 acc: 1.00 | val loss: 0.1998 bal_loss: 0.3108 bal_acc: 0.88 acc: 0.92
fold=3 label=0 | epoch 080 | train loss: 0.0654 bal_acc: 0.98 acc: 0.97 | val loss: 0.2132 bal_loss: 0.3619 bal_acc: 0.88 acc: 0.92
fold=3 label=0 | epoch 090 | train loss: 0.0308 bal_acc: 1.00 acc: 1.00 | val loss: 0.1975 bal_loss: 0.3208 bal_acc: 0.92 acc: 0.94

fold=3 label=2
Binary label distribution:
  train: class0=30 class1=120 total=150
  val:   class0=10 class1=40 total=50
  test:  class0=10 class1=40 total=50
Original labels in this split:
  train: label0=30 label1=30 label2=30 label3=30 label4=30 total=150
  val:   label0=10 label1=10 label2=10 label3=10 label4=10 total=50
  test:  label0=10 label1=10 label2=10 label3=10 label4=10 total=50
fold=3 label=2 | epoch 001 | train loss: 1.6284 bal_acc: 0.46 acc: 0.46 | val loss: 0.8019 bal_loss: 1.0030 bal_acc: 0.54 acc: 0.62
fold=3 label=2 | epoch 010 | train loss: 0.5270 bal_acc: 0.74 acc: 0.75 | val loss: 0.6194 bal_loss: 0.5381 bal_acc: 0.73 acc: 0.62
fold=3 label=2 | epoch 020 | train loss: 0.3198 bal_acc: 0.88 acc: 0.88 | val loss: 0.4894 bal_loss: 0.4548 bal_acc: 0.86 acc: 0.84
fold=3 label=2 | epoch 030 | train loss: 0.3056 bal_acc: 0.87 acc: 0.87 | val loss: 0.4089 bal_loss: 0.4719 bal_acc: 0.81 acc: 0.82
fold=3 label=2 | epoch 040 | train loss: 0.1376 bal_acc: 0.96 acc: 0.96 | val loss: 0.3582 bal_loss: 0.4469 bal_acc: 0.84 acc: 0.86
fold=3 label=2 | epoch 050 | train loss: 0.1299 bal_acc: 0.96 acc: 0.96 | val loss: 0.3205 bal_loss: 0.4182 bal_acc: 0.85 acc: 0.88
fold=3 label=2 | epoch 060 | train loss: 0.0932 bal_acc: 0.97 acc: 0.97 | val loss: 0.3108 bal_loss: 0.4471 bal_acc: 0.85 acc: 0.88
fold=3 label=2 | epoch 070 | train loss: 0.1080 bal_acc: 0.97 acc: 0.97 | val loss: 0.3462 bal_loss: 0.4355 bal_acc: 0.84 acc: 0.86
fold=3 label=2 | epoch 080 | train loss: 0.0656 bal_acc: 0.99 acc: 0.99 | val loss: 0.3209 bal_loss: 0.4688 bal_acc: 0.85 acc: 0.88
fold=3 label=2 | epoch 090 | train loss: 0.0519 bal_acc: 0.99 acc: 0.99 | val loss: 0.3127 bal_loss: 0.4198 bal_acc: 0.85 acc: 0.88
fold=3 label=2 | epoch 100 | train loss: 0.0425 bal_acc: 0.99 acc: 0.99 | val loss: 0.2956 bal_loss: 0.4641 bal_acc: 0.88 acc: 0.92

fold=3 label=1_vs_3
Binary labels: class0=label1 class1=label3
Binary label distribution:
  train: class0=30 class1=30 total=60
  val:   class0=10 class1=10 total=20
  test:  class0=10 class1=10 total=20
Original labels in this split:
  train: label0=0 label1=30 label2=0 label3=30 label4=0 total=60
  val:   label0=0 label1=10 label2=0 label3=10 label4=0 total=20
  test:  label0=0 label1=10 label2=0 label3=10 label4=0 total=20
fold=3 label=1_vs_3 | epoch 001 | train loss: 1.0425 bal_acc: 0.60 acc: 0.58 | val loss: 0.9366 bal_loss: 0.9366 bal_acc: 0.40 acc: 0.40
fold=3 label=1_vs_3 | epoch 010 | train loss: 0.6934 bal_acc: 0.70 acc: 0.67 | val loss: 0.8369 bal_loss: 0.8369 bal_acc: 0.60 acc: 0.60
fold=3 label=1_vs_3 | epoch 020 | train loss: 0.3323 bal_acc: 0.85 acc: 0.85 | val loss: 0.5357 bal_loss: 0.5357 bal_acc: 0.75 acc: 0.75
fold=3 label=1_vs_3 | epoch 030 | train loss: 0.2965 bal_acc: 0.91 acc: 0.90 | val loss: 0.4460 bal_loss: 0.4460 bal_acc: 0.75 acc: 0.75
fold=3 label=1_vs_3 | epoch 040 | train loss: 0.1544 bal_acc: 0.95 acc: 0.95 | val loss: 0.3985 bal_loss: 0.3985 bal_acc: 0.75 acc: 0.75
fold=3 label=1_vs_3 | epoch 050 | train loss: 0.0823 bal_acc: 0.97 acc: 0.97 | val loss: 0.3658 bal_loss: 0.3658 bal_acc: 0.85 acc: 0.85
fold=3 label=1_vs_3 | epoch 060 | train loss: 0.0981 bal_acc: 0.97 acc: 0.97 | val loss: 0.3199 bal_loss: 0.3199 bal_acc: 0.85 acc: 0.85
fold=3 label=1_vs_3 | epoch 070 | train loss: 0.0590 bal_acc: 1.00 acc: 1.00 | val loss: 0.2826 bal_loss: 0.2826 bal_acc: 0.85 acc: 0.85
fold=3 label=1_vs_3 | epoch 080 | train loss: 0.0866 bal_acc: 0.97 acc: 0.97 | val loss: 0.2790 bal_loss: 0.2790 bal_acc: 0.85 acc: 0.85
fold=3 label=1_vs_3 | epoch 090 | train loss: 0.0458 bal_acc: 1.00 acc: 1.00 | val loss: 0.3018 bal_loss: 0.3018 bal_acc: 0.85 acc: 0.85
fold=3 label=1_vs_3 | epoch 100 | train loss: 0.0306 bal_acc: 1.00 acc: 1.00 | val loss: 0.3234 bal_loss: 0.3234 bal_acc: 0.85 acc: 0.85
fold=3 label=1_vs_3 | epoch 110 | train loss: 0.0391 bal_acc: 1.00 acc: 1.00 | val loss: 0.2911 bal_loss: 0.2911 bal_acc: 0.90 acc: 0.90
fold=3 label=1_vs_3 | epoch 120 | train loss: 0.0444 bal_acc: 0.98 acc: 0.98 | val loss: 0.2934 bal_loss: 0.2934 bal_acc: 0.80 acc: 0.80
fold=3 label=1_vs_3 | epoch 130 | train loss: 0.0426 bal_acc: 1.00 acc: 1.00 | val loss: 0.2804 bal_loss: 0.2804 bal_acc: 0.85 acc: 0.85
fold=3 label=1_vs_3 | epoch 140 | train loss: 0.0454 bal_acc: 0.99 acc: 0.98 | val loss: 0.2654 bal_loss: 0.2654 bal_acc: 0.90 acc: 0.90
fold=3 label=1_vs_3 | epoch 150 | train loss: 0.0193 bal_acc: 1.00 acc: 1.00 | val loss: 0.3166 bal_loss: 0.3166 bal_acc: 0.80 acc: 0.80
fold=3 label=1_vs_3 | epoch 160 | train loss: 0.0366 bal_acc: 0.98 acc: 0.98 | val loss: 0.2770 bal_loss: 0.2770 bal_acc: 0.80 acc: 0.80
fold=3 label=1_vs_3 | epoch 170 | train loss: 0.0259 bal_acc: 1.00 acc: 1.00 | val loss: 0.2890 bal_loss: 0.2890 bal_acc: 0.85 acc: 0.85
fold=3 label=1_vs_3 | epoch 180 | train loss: 0.0157 bal_acc: 1.00 acc: 1.00 | val loss: 0.3032 bal_loss: 0.3032 bal_acc: 0.80 acc: 0.80
fold=3 label=1_vs_3 | epoch 190 | train loss: 0.0197 bal_acc: 1.00 acc: 1.00 | val loss: 0.2746 bal_loss: 0.2746 bal_acc: 0.80 acc: 0.80
fold=3 label=1_vs_3 | epoch 200 | train loss: 0.0289 bal_acc: 1.00 acc: 1.00 | val loss: 0.2836 bal_loss: 0.2836 bal_acc: 0.75 acc: 0.75

--- fold 4/5: train=150 val=50 test=50 ---

fold=4 label=0
Binary label distribution:
  train: class0=30 class1=120 total=150
  val:   class0=10 class1=40 total=50
  test:  class0=10 class1=40 total=50
Original labels in this split:
  train: label0=30 label1=30 label2=30 label3=30 label4=30 total=150
  val:   label0=10 label1=10 label2=10 label3=10 label4=10 total=50
  test:  label0=10 label1=10 label2=10 label3=10 label4=10 total=50
fold=4 label=0 | epoch 001 | train loss: 1.3471 bal_acc: 0.51 acc: 0.51 | val loss: 0.5483 bal_loss: 0.7613 bal_acc: 0.62 acc: 0.76
fold=4 label=0 | epoch 010 | train loss: 0.5834 bal_acc: 0.73 acc: 0.73 | val loss: 0.3534 bal_loss: 0.4976 bal_acc: 0.74 acc: 0.82
fold=4 label=0 | epoch 020 | train loss: 0.3827 bal_acc: 0.84 acc: 0.84 | val loss: 0.2838 bal_loss: 0.3960 bal_acc: 0.86 acc: 0.90
fold=4 label=0 | epoch 030 | train loss: 0.1408 bal_acc: 0.95 acc: 0.95 | val loss: 0.2461 bal_loss: 0.3877 bal_acc: 0.82 acc: 0.90
fold=4 label=0 | epoch 040 | train loss: 0.1405 bal_acc: 0.97 acc: 0.96 | val loss: 0.2209 bal_loss: 0.3854 bal_acc: 0.82 acc: 0.90
fold=4 label=0 | epoch 050 | train loss: 0.1667 bal_acc: 0.96 acc: 0.96 | val loss: 0.2001 bal_loss: 0.3731 bal_acc: 0.84 acc: 0.92
fold=4 label=0 | epoch 060 | train loss: 0.0677 bal_acc: 0.99 acc: 0.99 | val loss: 0.2047 bal_loss: 0.4210 bal_acc: 0.84 acc: 0.92
fold=4 label=0 | epoch 070 | train loss: 0.0474 bal_acc: 1.00 acc: 1.00 | val loss: 0.1910 bal_loss: 0.4031 bal_acc: 0.85 acc: 0.94
fold=4 label=0 | epoch 080 | train loss: 0.0494 bal_acc: 0.99 acc: 0.99 | val loss: 0.1941 bal_loss: 0.3949 bal_acc: 0.84 acc: 0.92
fold=4 label=0 | epoch 090 | train loss: 0.0336 bal_acc: 0.99 acc: 0.99 | val loss: 0.1879 bal_loss: 0.3865 bal_acc: 0.84 acc: 0.92
fold=4 label=0 | epoch 100 | train loss: 0.0331 bal_acc: 1.00 acc: 1.00 | val loss: 0.1831 bal_loss: 0.3839 bal_acc: 0.85 acc: 0.94
fold=4 label=0 | epoch 110 | train loss: 0.0298 bal_acc: 0.99 acc: 0.99 | val loss: 0.1574 bal_loss: 0.3450 bal_acc: 0.85 acc: 0.94
fold=4 label=0 | epoch 120 | train loss: 0.0256 bal_acc: 1.00 acc: 1.00 | val loss: 0.1561 bal_loss: 0.3309 bal_acc: 0.85 acc: 0.94
fold=4 label=0 | epoch 130 | train loss: 0.0189 bal_acc: 0.99 acc: 0.99 | val loss: 0.1505 bal_loss: 0.3207 bal_acc: 0.85 acc: 0.94
fold=4 label=0 | epoch 140 | train loss: 0.0187 bal_acc: 0.99 acc: 0.99 | val loss: 0.1448 bal_loss: 0.3124 bal_acc: 0.85 acc: 0.94
fold=4 label=0 | epoch 150 | train loss: 0.0099 bal_acc: 1.00 acc: 1.00 | val loss: 0.1410 bal_loss: 0.3129 bal_acc: 0.85 acc: 0.94

fold=4 label=2
Binary label distribution:
  train: class0=30 class1=120 total=150
  val:   class0=10 class1=40 total=50
  test:  class0=10 class1=40 total=50
Original labels in this split:
  train: label0=30 label1=30 label2=30 label3=30 label4=30 total=150
  val:   label0=10 label1=10 label2=10 label3=10 label4=10 total=50
  test:  label0=10 label1=10 label2=10 label3=10 label4=10 total=50
fold=4 label=2 | epoch 001 | train loss: 1.1969 bal_acc: 0.53 acc: 0.53 | val loss: 0.7776 bal_loss: 0.9594 bal_acc: 0.56 acc: 0.54
fold=4 label=2 | epoch 010 | train loss: 0.5475 bal_acc: 0.79 acc: 0.79 | val loss: 0.5218 bal_loss: 0.6578 bal_acc: 0.71 acc: 0.78
fold=4 label=2 | epoch 020 | train loss: 0.3276 bal_acc: 0.88 acc: 0.88 | val loss: 0.4664 bal_loss: 0.7512 bal_acc: 0.71 acc: 0.84
fold=4 label=2 | epoch 030 | train loss: 0.1724 bal_acc: 0.93 acc: 0.93 | val loss: 0.4248 bal_loss: 0.8122 bal_acc: 0.69 acc: 0.86
fold=4 label=2 | epoch 040 | train loss: 0.0793 bal_acc: 0.98 acc: 0.98 | val loss: 0.4379 bal_loss: 0.8518 bal_acc: 0.69 acc: 0.86
fold=4 label=2 | epoch 050 | train loss: 0.1117 bal_acc: 0.96 acc: 0.96 | val loss: 0.4514 bal_loss: 0.9550 bal_acc: 0.64 acc: 0.84
fold=4 label=2 | epoch 060 | train loss: 0.0736 bal_acc: 0.98 acc: 0.98 | val loss: 0.4215 bal_loss: 0.8410 bal_acc: 0.66 acc: 0.82

fold=4 label=1_vs_3
Binary labels: class0=label1 class1=label3
Binary label distribution:
  train: class0=30 class1=30 total=60
  val:   class0=10 class1=10 total=20
  test:  class0=10 class1=10 total=20
Original labels in this split:
  train: label0=0 label1=30 label2=0 label3=30 label4=0 total=60
  val:   label0=0 label1=10 label2=0 label3=10 label4=0 total=20
  test:  label0=0 label1=10 label2=0 label3=10 label4=0 total=20
fold=4 label=1_vs_3 | epoch 001 | train loss: 1.0314 bal_acc: 0.58 acc: 0.57 | val loss: 0.7544 bal_loss: 0.7544 bal_acc: 0.50 acc: 0.50
fold=4 label=1_vs_3 | epoch 010 | train loss: 0.6574 bal_acc: 0.70 acc: 0.68 | val loss: 0.7433 bal_loss: 0.7433 bal_acc: 0.65 acc: 0.65
fold=4 label=1_vs_3 | epoch 020 | train loss: 0.3122 bal_acc: 0.85 acc: 0.85 | val loss: 0.6670 bal_loss: 0.6670 bal_acc: 0.75 acc: 0.75
fold=4 label=1_vs_3 | epoch 030 | train loss: 0.2283 bal_acc: 0.92 acc: 0.92 | val loss: 0.5802 bal_loss: 0.5802 bal_acc: 0.75 acc: 0.75
fold=4 label=1_vs_3 | epoch 040 | train loss: 0.1531 bal_acc: 0.95 acc: 0.95 | val loss: 0.6138 bal_loss: 0.6138 bal_acc: 0.75 acc: 0.75
fold=4 label=1_vs_3 | epoch 050 | train loss: 0.0992 bal_acc: 0.97 acc: 0.97 | val loss: 0.5767 bal_loss: 0.5767 bal_acc: 0.70 acc: 0.70
fold=4 label=1_vs_3 | epoch 060 | train loss: 0.0761 bal_acc: 0.98 acc: 0.98 | val loss: 0.6117 bal_loss: 0.6117 bal_acc: 0.70 acc: 0.70
fold=4 label=1_vs_3 | epoch 070 | train loss: 0.1185 bal_acc: 0.96 acc: 0.95 | val loss: 0.6080 bal_loss: 0.6080 bal_acc: 0.75 acc: 0.75
fold=4 label=1_vs_3 | epoch 080 | train loss: 0.0598 bal_acc: 0.98 acc: 0.98 | val loss: 0.6074 bal_loss: 0.6074 bal_acc: 0.70 acc: 0.70
fold=4 label=1_vs_3 | epoch 090 | train loss: 0.0372 bal_acc: 1.00 acc: 1.00 | val loss: 0.6100 bal_loss: 0.6100 bal_acc: 0.70 acc: 0.70

--- fold 5/5: train=150 val=50 test=50 ---

fold=5 label=0
Binary label distribution:
  train: class0=30 class1=120 total=150
  val:   class0=10 class1=40 total=50
  test:  class0=10 class1=40 total=50
Original labels in this split:
  train: label0=30 label1=30 label2=30 label3=30 label4=30 total=150
  val:   label0=10 label1=10 label2=10 label3=10 label4=10 total=50
  test:  label0=10 label1=10 label2=10 label3=10 label4=10 total=50
fold=5 label=0 | epoch 001 | train loss: 1.2852 bal_acc: 0.56 acc: 0.56 | val loss: 0.8776 bal_loss: 1.4442 bal_acc: 0.41 acc: 0.60
fold=5 label=0 | epoch 010 | train loss: 0.6176 bal_acc: 0.75 acc: 0.75 | val loss: 0.5501 bal_loss: 0.9245 bal_acc: 0.60 acc: 0.78
fold=5 label=0 | epoch 020 | train loss: 0.3200 bal_acc: 0.87 acc: 0.87 | val loss: 0.3866 bal_loss: 0.6550 bal_acc: 0.77 acc: 0.88
fold=5 label=0 | epoch 030 | train loss: 0.1853 bal_acc: 0.92 acc: 0.92 | val loss: 0.3247 bal_loss: 0.6033 bal_acc: 0.79 acc: 0.90
fold=5 label=0 | epoch 040 | train loss: 0.1680 bal_acc: 0.94 acc: 0.94 | val loss: 0.2785 bal_loss: 0.5214 bal_acc: 0.82 acc: 0.90
fold=5 label=0 | epoch 050 | train loss: 0.0794 bal_acc: 0.99 acc: 0.99 | val loss: 0.2623 bal_loss: 0.5313 bal_acc: 0.85 acc: 0.94
fold=5 label=0 | epoch 060 | train loss: 0.0894 bal_acc: 0.96 acc: 0.97 | val loss: 0.2427 bal_loss: 0.5228 bal_acc: 0.85 acc: 0.94
fold=5 label=0 | epoch 070 | train loss: 0.0554 bal_acc: 0.98 acc: 0.98 | val loss: 0.2107 bal_loss: 0.4599 bal_acc: 0.85 acc: 0.94
fold=5 label=0 | epoch 080 | train loss: 0.0548 bal_acc: 0.99 acc: 0.99 | val loss: 0.1968 bal_loss: 0.4452 bal_acc: 0.85 acc: 0.94
fold=5 label=0 | epoch 090 | train loss: 0.0455 bal_acc: 1.00 acc: 1.00 | val loss: 0.1771 bal_loss: 0.3665 bal_acc: 0.85 acc: 0.94
fold=5 label=0 | epoch 100 | train loss: 0.0364 bal_acc: 0.99 acc: 0.99 | val loss: 0.1930 bal_loss: 0.4368 bal_acc: 0.85 acc: 0.94
fold=5 label=0 | epoch 110 | train loss: 0.0273 bal_acc: 0.99 acc: 0.99 | val loss: 0.1572 bal_loss: 0.3397 bal_acc: 0.85 acc: 0.94
fold=5 label=0 | epoch 120 | train loss: 0.0344 bal_acc: 0.99 acc: 0.99 | val loss: 0.1590 bal_loss: 0.3650 bal_acc: 0.85 acc: 0.94
fold=5 label=0 | epoch 130 | train loss: 0.0385 bal_acc: 0.98 acc: 0.98 | val loss: 0.1736 bal_loss: 0.3958 bal_acc: 0.85 acc: 0.94
fold=5 label=0 | epoch 140 | train loss: 0.0123 bal_acc: 1.00 acc: 1.00 | val loss: 0.1278 bal_loss: 0.2819 bal_acc: 0.85 acc: 0.94
fold=5 label=0 | epoch 150 | train loss: 0.0061 bal_acc: 1.00 acc: 1.00 | val loss: 0.1575 bal_loss: 0.3692 bal_acc: 0.85 acc: 0.94
fold=5 label=0 | epoch 160 | train loss: 0.0103 bal_acc: 1.00 acc: 1.00 | val loss: 0.1196 bal_loss: 0.2615 bal_acc: 0.85 acc: 0.94
fold=5 label=0 | epoch 170 | train loss: 0.0140 bal_acc: 1.00 acc: 1.00 | val loss: 0.1160 bal_loss: 0.2541 bal_acc: 0.85 acc: 0.94
fold=5 label=0 | epoch 180 | train loss: 0.0110 bal_acc: 1.00 acc: 1.00 | val loss: 0.1375 bal_loss: 0.3254 bal_acc: 0.85 acc: 0.94
fold=5 label=0 | epoch 190 | train loss: 0.0038 bal_acc: 1.00 acc: 1.00 | val loss: 0.1237 bal_loss: 0.2904 bal_acc: 0.85 acc: 0.94
fold=5 label=0 | epoch 200 | train loss: 0.0079 bal_acc: 1.00 acc: 1.00 | val loss: 0.1334 bal_loss: 0.3108 bal_acc: 0.85 acc: 0.94

fold=5 label=2
Binary label distribution:
  train: class0=30 class1=120 total=150
  val:   class0=10 class1=40 total=50
  test:  class0=10 class1=40 total=50
Original labels in this split:
  train: label0=30 label1=30 label2=30 label3=30 label4=30 total=150
  val:   label0=10 label1=10 label2=10 label3=10 label4=10 total=50
  test:  label0=10 label1=10 label2=10 label3=10 label4=10 total=50
fold=5 label=2 | epoch 001 | train loss: 1.4637 bal_acc: 0.47 acc: 0.48 | val loss: 0.8116 bal_loss: 0.9828 bal_acc: 0.48 acc: 0.52
fold=5 label=2 | epoch 010 | train loss: 0.5123 bal_acc: 0.76 acc: 0.76 | val loss: 0.6086 bal_loss: 0.5789 bal_acc: 0.74 acc: 0.76
fold=5 label=2 | epoch 020 | train loss: 0.3459 bal_acc: 0.87 acc: 0.87 | val loss: 0.4922 bal_loss: 0.4920 bal_acc: 0.76 acc: 0.74
fold=5 label=2 | epoch 030 | train loss: 0.2520 bal_acc: 0.89 acc: 0.89 | val loss: 0.4562 bal_loss: 0.4965 bal_acc: 0.79 acc: 0.78
fold=5 label=2 | epoch 040 | train loss: 0.1606 bal_acc: 0.95 acc: 0.95 | val loss: 0.3953 bal_loss: 0.5201 bal_acc: 0.84 acc: 0.86
fold=5 label=2 | epoch 050 | train loss: 0.1084 bal_acc: 0.95 acc: 0.95 | val loss: 0.3421 bal_loss: 0.5035 bal_acc: 0.82 acc: 0.90
fold=5 label=2 | epoch 060 | train loss: 0.0992 bal_acc: 0.96 acc: 0.96 | val loss: 0.3238 bal_loss: 0.5126 bal_acc: 0.77 acc: 0.88
fold=5 label=2 | epoch 070 | train loss: 0.0671 bal_acc: 0.97 acc: 0.97 | val loss: 0.3140 bal_loss: 0.4785 bal_acc: 0.77 acc: 0.88
fold=5 label=2 | epoch 080 | train loss: 0.0746 bal_acc: 0.98 acc: 0.98 | val loss: 0.3024 bal_loss: 0.5132 bal_acc: 0.77 acc: 0.88
fold=5 label=2 | epoch 090 | train loss: 0.0643 bal_acc: 0.97 acc: 0.97 | val loss: 0.3109 bal_loss: 0.5177 bal_acc: 0.82 acc: 0.90
fold=5 label=2 | epoch 100 | train loss: 0.0396 bal_acc: 0.98 acc: 0.98 | val loss: 0.3239 bal_loss: 0.5844 bal_acc: 0.77 acc: 0.88
fold=5 label=2 | epoch 110 | train loss: 0.0258 bal_acc: 1.00 acc: 1.00 | val loss: 0.2766 bal_loss: 0.5729 bal_acc: 0.79 acc: 0.90

fold=5 label=1_vs_3
Binary labels: class0=label1 class1=label3
Binary label distribution:
  train: class0=30 class1=30 total=60
  val:   class0=10 class1=10 total=20
  test:  class0=10 class1=10 total=20
Original labels in this split:
  train: label0=0 label1=30 label2=0 label3=30 label4=0 total=60
  val:   label0=0 label1=10 label2=0 label3=10 label4=0 total=20
  test:  label0=0 label1=10 label2=0 label3=10 label4=0 total=20
fold=5 label=1_vs_3 | epoch 001 | train loss: 1.0681 bal_acc: 0.57 acc: 0.57 | val loss: 0.8749 bal_loss: 0.8749 bal_acc: 0.35 acc: 0.35
fold=5 label=1_vs_3 | epoch 010 | train loss: 0.5136 bal_acc: 0.73 acc: 0.73 | val loss: 0.7953 bal_loss: 0.7953 bal_acc: 0.55 acc: 0.55
fold=5 label=1_vs_3 | epoch 020 | train loss: 0.3723 bal_acc: 0.83 acc: 0.82 | val loss: 0.7144 bal_loss: 0.7144 bal_acc: 0.75 acc: 0.75
fold=5 label=1_vs_3 | epoch 030 | train loss: 0.2215 bal_acc: 0.93 acc: 0.93 | val loss: 0.5724 bal_loss: 0.5724 bal_acc: 0.80 acc: 0.80
fold=5 label=1_vs_3 | epoch 040 | train loss: 0.2302 bal_acc: 0.92 acc: 0.92 | val loss: 0.5058 bal_loss: 0.5058 bal_acc: 0.75 acc: 0.75
fold=5 label=1_vs_3 | epoch 050 | train loss: 0.1948 bal_acc: 0.92 acc: 0.92 | val loss: 0.4352 bal_loss: 0.4352 bal_acc: 0.85 acc: 0.85
fold=5 label=1_vs_3 | epoch 060 | train loss: 0.1453 bal_acc: 0.97 acc: 0.97 | val loss: 0.4202 bal_loss: 0.4202 bal_acc: 0.80 acc: 0.80
fold=5 label=1_vs_3 | epoch 070 | train loss: 0.1287 bal_acc: 0.95 acc: 0.95 | val loss: 0.5057 bal_loss: 0.5057 bal_acc: 0.75 acc: 0.75
fold=5 label=1_vs_3 | epoch 080 | train loss: 0.0378 bal_acc: 1.00 acc: 1.00 | val loss: 0.5070 bal_loss: 0.5070 bal_acc: 0.80 acc: 0.80
fold=5 label=1_vs_3 | epoch 090 | train loss: 0.0932 bal_acc: 0.97 acc: 0.97 | val loss: 0.4970 bal_loss: 0.4970 bal_acc: 0.80 acc: 0.80
fold=5 label=1_vs_3 | epoch 100 | train loss: 0.0802 bal_acc: 0.96 acc: 0.97 | val loss: 0.4567 bal_loss: 0.4567 bal_acc: 0.80 acc: 0.80
fold=5 label=1_vs_3 | epoch 110 | train loss: 0.0465 bal_acc: 1.00 acc: 1.00 | val loss: 0.3607 bal_loss: 0.3607 bal_acc: 0.75 acc: 0.75
fold=5 label=1_vs_3 | epoch 120 | train loss: 0.0797 bal_acc: 0.99 acc: 0.98 | val loss: 0.3540 bal_loss: 0.3540 bal_acc: 0.75 acc: 0.75
fold=5 label=1_vs_3 | epoch 130 | train loss: 0.0489 bal_acc: 1.00 acc: 1.00 | val loss: 0.3596 bal_loss: 0.3596 bal_acc: 0.80 acc: 0.80
fold=5 label=1_vs_3 | epoch 140 | train loss: 0.0568 bal_acc: 0.99 acc: 0.98 | val loss: 0.4149 bal_loss: 0.4149 bal_acc: 0.70 acc: 0.70
fold=5 label=1_vs_3 | epoch 150 | train loss: 0.0420 bal_acc: 0.99 acc: 0.98 | val loss: 0.3434 bal_loss: 0.3434 bal_acc: 0.80 acc: 0.80
fold=5 label=1_vs_3 | epoch 160 | train loss: 0.0294 bal_acc: 0.98 acc: 0.98 | val loss: 0.4138 bal_loss: 0.4138 bal_acc: 0.75 acc: 0.75
fold=5 label=1_vs_3 | epoch 170 | train loss: 0.0284 bal_acc: 1.00 acc: 1.00 | val loss: 0.3978 bal_loss: 0.3978 bal_acc: 0.75 acc: 0.75

5-fold cross-validation summary
y_0: test bal_loss=0.431 +/- 0.129 | bal_acc=0.798 +/- 0.055 | test acc=0.892 +/- 0.027
y_2: test bal_loss=0.612 +/- 0.226 | bal_acc=0.770 +/- 0.066 | test acc=0.836 +/- 0.050
y_1_vs_3: test bal_loss=0.327 +/- 0.123 | bal_acc=0.830 +/- 0.051 | test acc=0.830 +/- 0.051
Cross-validation CSV: ./checkpoints/sub2_yjkim_nogit/v3_sub2_shallownet_all_days/20260628_154526/cross_validation.csv

Saved to: ./checkpoints/sub2_yjkim_nogit/v3_sub2_shallownet_all_days/20260628_154526
