Training configuration
  config=./configs/train_config_v3.json
  model=eegnet
  patient=sub1_hjlee
  day=260422
  data_dir=./data/processed/sub1_hjlee/260422
  input_file=X_eeg.npy
  checkpoint_root=./checkpoints/sub1_hjlee_nogit/v3_sub1_eegnet_all_days
  epochs=200
  batch_size=16
  lr=3e-05
  weight_decay=0.0001
  patience=50
  seed=42
  val_test_ratio=0.2
  weighted_sampler=True
  run_window_diagnostic=False
  window_size=256
  window_stride=128
  balance_rest_to_target=False
  run_5fold_cross_validation=True
  selection_metric=balanced_loss

Loading X_eeg.npy...
Device: cuda | X: (500, 64, 1000) | run: ./checkpoints/sub1_hjlee_nogit/v3_sub1_eegnet_all_days/20260628_175606
Data split: train=300 val=100 test=100
Original label distribution:
  train: label0=60 label1=60 label2=60 label3=60 label4=60 total=300
  val:   label0=20 label1=20 label2=20 label3=20 label4=20 total=100
  test:  label0=20 label1=20 label2=20 label3=20 label4=20 total=100

=== 5-fold cross-validation ===

--- fold 1/5: train=300 val=100 test=100 ---

fold=1 label=0
Binary label distribution:
  train: class0=60 class1=240 total=300
  val:   class0=20 class1=80 total=100
  test:  class0=20 class1=80 total=100
Original labels in this split:
  train: label0=60 label1=60 label2=60 label3=60 label4=60 total=300
  val:   label0=20 label1=20 label2=20 label3=20 label4=20 total=100
  test:  label0=20 label1=20 label2=20 label3=20 label4=20 total=100
fold=1 label=0 | epoch 001 | train loss: 0.7651 bal_acc: 0.52 acc: 0.52 | val loss: 0.7005 bal_loss: 0.6990 bal_acc: 0.46 acc: 0.50
fold=1 label=0 | epoch 010 | train loss: 0.7093 bal_acc: 0.49 acc: 0.50 | val loss: 0.6833 bal_loss: 0.7012 bal_acc: 0.43 acc: 0.53
fold=1 label=0 | epoch 020 | train loss: 0.6788 bal_acc: 0.56 acc: 0.56 | val loss: 0.6727 bal_loss: 0.7111 bal_acc: 0.50 acc: 0.59
fold=1 label=0 | epoch 030 | train loss: 0.6661 bal_acc: 0.59 acc: 0.59 | val loss: 0.6689 bal_loss: 0.7142 bal_acc: 0.50 acc: 0.59
fold=1 label=0 | epoch 040 | train loss: 0.6281 bal_acc: 0.66 acc: 0.66 | val loss: 0.6553 bal_loss: 0.7039 bal_acc: 0.51 acc: 0.60
fold=1 label=0 | epoch 050 | train loss: 0.6170 bal_acc: 0.66 acc: 0.66 | val loss: 0.6510 bal_loss: 0.7034 bal_acc: 0.51 acc: 0.61

fold=1 label=2
Binary label distribution:
  train: class0=60 class1=240 total=300
  val:   class0=20 class1=80 total=100
  test:  class0=20 class1=80 total=100
Original labels in this split:
  train: label0=60 label1=60 label2=60 label3=60 label4=60 total=300
  val:   label0=20 label1=20 label2=20 label3=20 label4=20 total=100
  test:  label0=20 label1=20 label2=20 label3=20 label4=20 total=100
fold=1 label=2 | epoch 001 | train loss: 0.7056 bal_acc: 0.54 acc: 0.54 | val loss: 0.6892 bal_loss: 0.6842 bal_acc: 0.56 acc: 0.57
fold=1 label=2 | epoch 010 | train loss: 0.6671 bal_acc: 0.58 acc: 0.58 | val loss: 0.6554 bal_loss: 0.6679 bal_acc: 0.57 acc: 0.61
fold=1 label=2 | epoch 020 | train loss: 0.6366 bal_acc: 0.61 acc: 0.61 | val loss: 0.6388 bal_loss: 0.6598 bal_acc: 0.61 acc: 0.65
fold=1 label=2 | epoch 030 | train loss: 0.6214 bal_acc: 0.67 acc: 0.67 | val loss: 0.6383 bal_loss: 0.6646 bal_acc: 0.62 acc: 0.64
fold=1 label=2 | epoch 040 | train loss: 0.5639 bal_acc: 0.70 acc: 0.71 | val loss: 0.6518 bal_loss: 0.6687 bal_acc: 0.61 acc: 0.62
fold=1 label=2 | epoch 050 | train loss: 0.5530 bal_acc: 0.73 acc: 0.73 | val loss: 0.6506 bal_loss: 0.6706 bal_acc: 0.62 acc: 0.66
fold=1 label=2 | epoch 060 | train loss: 0.5379 bal_acc: 0.78 acc: 0.78 | val loss: 0.6408 bal_loss: 0.6690 bal_acc: 0.58 acc: 0.66
fold=1 label=2 | epoch 070 | train loss: 0.5147 bal_acc: 0.79 acc: 0.79 | val loss: 0.6377 bal_loss: 0.6759 bal_acc: 0.56 acc: 0.65

fold=1 label=1_vs_3
Binary labels: class0=label1 class1=label3
Binary label distribution:
  train: class0=60 class1=60 total=120
  val:   class0=20 class1=20 total=40
  test:  class0=20 class1=20 total=40
Original labels in this split:
  train: label0=0 label1=60 label2=0 label3=60 label4=0 total=120
  val:   label0=0 label1=20 label2=0 label3=20 label4=0 total=40
  test:  label0=0 label1=20 label2=0 label3=20 label4=0 total=40
fold=1 label=1_vs_3 | epoch 001 | train loss: 0.8045 bal_acc: 0.44 acc: 0.43 | val loss: 0.7058 bal_loss: 0.7058 bal_acc: 0.40 acc: 0.40
fold=1 label=1_vs_3 | epoch 010 | train loss: 0.7397 bal_acc: 0.53 acc: 0.52 | val loss: 0.7108 bal_loss: 0.7108 bal_acc: 0.45 acc: 0.45
fold=1 label=1_vs_3 | epoch 020 | train loss: 0.6616 bal_acc: 0.56 acc: 0.57 | val loss: 0.7237 bal_loss: 0.7237 bal_acc: 0.38 acc: 0.38
fold=1 label=1_vs_3 | epoch 030 | train loss: 0.6273 bal_acc: 0.64 acc: 0.64 | val loss: 0.7435 bal_loss: 0.7435 bal_acc: 0.35 acc: 0.35
fold=1 label=1_vs_3 | epoch 040 | train loss: 0.6392 bal_acc: 0.64 acc: 0.62 | val loss: 0.7710 bal_loss: 0.7710 bal_acc: 0.38 acc: 0.38
fold=1 label=1_vs_3 | epoch 050 | train loss: 0.6304 bal_acc: 0.65 acc: 0.65 | val loss: 0.7931 bal_loss: 0.7931 bal_acc: 0.38 acc: 0.38

--- fold 2/5: train=300 val=100 test=100 ---

fold=2 label=0
Binary label distribution:
  train: class0=60 class1=240 total=300
  val:   class0=20 class1=80 total=100
  test:  class0=20 class1=80 total=100
Original labels in this split:
  train: label0=60 label1=60 label2=60 label3=60 label4=60 total=300
  val:   label0=20 label1=20 label2=20 label3=20 label4=20 total=100
  test:  label0=20 label1=20 label2=20 label3=20 label4=20 total=100
fold=2 label=0 | epoch 001 | train loss: 0.8050 bal_acc: 0.41 acc: 0.41 | val loss: 0.6967 bal_loss: 0.6888 bal_acc: 0.52 acc: 0.51
fold=2 label=0 | epoch 010 | train loss: 0.7039 bal_acc: 0.54 acc: 0.55 | val loss: 0.6766 bal_loss: 0.6849 bal_acc: 0.48 acc: 0.55
fold=2 label=0 | epoch 020 | train loss: 0.6932 bal_acc: 0.54 acc: 0.54 | val loss: 0.6676 bal_loss: 0.6944 bal_acc: 0.51 acc: 0.60
fold=2 label=0 | epoch 030 | train loss: 0.6733 bal_acc: 0.60 acc: 0.60 | val loss: 0.6778 bal_loss: 0.7204 bal_acc: 0.51 acc: 0.58
fold=2 label=0 | epoch 040 | train loss: 0.6266 bal_acc: 0.66 acc: 0.66 | val loss: 0.6749 bal_loss: 0.7336 bal_acc: 0.55 acc: 0.61
fold=2 label=0 | epoch 050 | train loss: 0.6354 bal_acc: 0.64 acc: 0.64 | val loss: 0.6638 bal_loss: 0.7433 bal_acc: 0.50 acc: 0.59
fold=2 label=0 | epoch 060 | train loss: 0.5785 bal_acc: 0.70 acc: 0.70 | val loss: 0.6692 bal_loss: 0.7525 bal_acc: 0.47 acc: 0.57

fold=2 label=2
Binary label distribution:
  train: class0=60 class1=240 total=300
  val:   class0=20 class1=80 total=100
  test:  class0=20 class1=80 total=100
Original labels in this split:
  train: label0=60 label1=60 label2=60 label3=60 label4=60 total=300
  val:   label0=20 label1=20 label2=20 label3=20 label4=20 total=100
  test:  label0=20 label1=20 label2=20 label3=20 label4=20 total=100
fold=2 label=2 | epoch 001 | train loss: 0.7279 bal_acc: 0.48 acc: 0.48 | val loss: 0.6952 bal_loss: 0.6873 bal_acc: 0.56 acc: 0.53
fold=2 label=2 | epoch 010 | train loss: 0.6452 bal_acc: 0.63 acc: 0.63 | val loss: 0.6710 bal_loss: 0.6878 bal_acc: 0.56 acc: 0.62
fold=2 label=2 | epoch 020 | train loss: 0.6381 bal_acc: 0.64 acc: 0.64 | val loss: 0.6642 bal_loss: 0.7012 bal_acc: 0.50 acc: 0.56
fold=2 label=2 | epoch 030 | train loss: 0.5699 bal_acc: 0.72 acc: 0.72 | val loss: 0.6618 bal_loss: 0.7087 bal_acc: 0.52 acc: 0.57
fold=2 label=2 | epoch 040 | train loss: 0.5627 bal_acc: 0.70 acc: 0.70 | val loss: 0.6659 bal_loss: 0.7170 bal_acc: 0.52 acc: 0.57
fold=2 label=2 | epoch 050 | train loss: 0.5266 bal_acc: 0.75 acc: 0.75 | val loss: 0.6634 bal_loss: 0.7232 bal_acc: 0.54 acc: 0.59

fold=2 label=1_vs_3
Binary labels: class0=label1 class1=label3
Binary label distribution:
  train: class0=60 class1=60 total=120
  val:   class0=20 class1=20 total=40
  test:  class0=20 class1=20 total=40
Original labels in this split:
  train: label0=0 label1=60 label2=0 label3=60 label4=0 total=120
  val:   label0=0 label1=20 label2=0 label3=20 label4=0 total=40
  test:  label0=0 label1=20 label2=0 label3=20 label4=0 total=40
fold=2 label=1_vs_3 | epoch 001 | train loss: 0.8125 bal_acc: 0.39 acc: 0.40 | val loss: 0.7089 bal_loss: 0.7089 bal_acc: 0.43 acc: 0.42
fold=2 label=1_vs_3 | epoch 010 | train loss: 0.6837 bal_acc: 0.54 acc: 0.54 | val loss: 0.7156 bal_loss: 0.7156 bal_acc: 0.38 acc: 0.38
fold=2 label=1_vs_3 | epoch 020 | train loss: 0.6698 bal_acc: 0.64 acc: 0.63 | val loss: 0.7315 bal_loss: 0.7315 bal_acc: 0.35 acc: 0.35
fold=2 label=1_vs_3 | epoch 030 | train loss: 0.6579 bal_acc: 0.56 acc: 0.56 | val loss: 0.7563 bal_loss: 0.7563 bal_acc: 0.35 acc: 0.35
fold=2 label=1_vs_3 | epoch 040 | train loss: 0.5944 bal_acc: 0.67 acc: 0.67 | val loss: 0.7839 bal_loss: 0.7839 bal_acc: 0.43 acc: 0.42
fold=2 label=1_vs_3 | epoch 050 | train loss: 0.5818 bal_acc: 0.70 acc: 0.71 | val loss: 0.8072 bal_loss: 0.8072 bal_acc: 0.40 acc: 0.40

--- fold 3/5: train=300 val=100 test=100 ---

fold=3 label=0
Binary label distribution:
  train: class0=60 class1=240 total=300
  val:   class0=20 class1=80 total=100
  test:  class0=20 class1=80 total=100
Original labels in this split:
  train: label0=60 label1=60 label2=60 label3=60 label4=60 total=300
  val:   label0=20 label1=20 label2=20 label3=20 label4=20 total=100
  test:  label0=20 label1=20 label2=20 label3=20 label4=20 total=100
fold=3 label=0 | epoch 001 | train loss: 0.7216 bal_acc: 0.53 acc: 0.53 | val loss: 0.6993 bal_loss: 0.6911 bal_acc: 0.51 acc: 0.49
fold=3 label=0 | epoch 010 | train loss: 0.6896 bal_acc: 0.56 acc: 0.56 | val loss: 0.6922 bal_loss: 0.7036 bal_acc: 0.49 acc: 0.55
fold=3 label=0 | epoch 020 | train loss: 0.6439 bal_acc: 0.62 acc: 0.62 | val loss: 0.7040 bal_loss: 0.7308 bal_acc: 0.46 acc: 0.53
fold=3 label=0 | epoch 030 | train loss: 0.5923 bal_acc: 0.69 acc: 0.69 | val loss: 0.7041 bal_loss: 0.7444 bal_acc: 0.47 acc: 0.57
fold=3 label=0 | epoch 040 | train loss: 0.5991 bal_acc: 0.68 acc: 0.68 | val loss: 0.7035 bal_loss: 0.7452 bal_acc: 0.42 acc: 0.56
fold=3 label=0 | epoch 050 | train loss: 0.6018 bal_acc: 0.70 acc: 0.69 | val loss: 0.7046 bal_loss: 0.7441 bal_acc: 0.47 acc: 0.57

fold=3 label=2
Binary label distribution:
  train: class0=60 class1=240 total=300
  val:   class0=20 class1=80 total=100
  test:  class0=20 class1=80 total=100
Original labels in this split:
  train: label0=60 label1=60 label2=60 label3=60 label4=60 total=300
  val:   label0=20 label1=20 label2=20 label3=20 label4=20 total=100
  test:  label0=20 label1=20 label2=20 label3=20 label4=20 total=100
fold=3 label=2 | epoch 001 | train loss: 0.7138 bal_acc: 0.51 acc: 0.51 | val loss: 0.6977 bal_loss: 0.6908 bal_acc: 0.53 acc: 0.49
fold=3 label=2 | epoch 010 | train loss: 0.6531 bal_acc: 0.58 acc: 0.58 | val loss: 0.6823 bal_loss: 0.6933 bal_acc: 0.57 acc: 0.61
fold=3 label=2 | epoch 020 | train loss: 0.6414 bal_acc: 0.62 acc: 0.62 | val loss: 0.6816 bal_loss: 0.6942 bal_acc: 0.54 acc: 0.56
fold=3 label=2 | epoch 030 | train loss: 0.6054 bal_acc: 0.67 acc: 0.67 | val loss: 0.6843 bal_loss: 0.6923 bal_acc: 0.60 acc: 0.60
fold=3 label=2 | epoch 040 | train loss: 0.5738 bal_acc: 0.72 acc: 0.71 | val loss: 0.6745 bal_loss: 0.6914 bal_acc: 0.58 acc: 0.60
fold=3 label=2 | epoch 050 | train loss: 0.5974 bal_acc: 0.66 acc: 0.66 | val loss: 0.6651 bal_loss: 0.6808 bal_acc: 0.59 acc: 0.61
fold=3 label=2 | epoch 060 | train loss: 0.5771 bal_acc: 0.69 acc: 0.69 | val loss: 0.6592 bal_loss: 0.6802 bal_acc: 0.59 acc: 0.61
fold=3 label=2 | epoch 070 | train loss: 0.5233 bal_acc: 0.76 acc: 0.76 | val loss: 0.6611 bal_loss: 0.6787 bal_acc: 0.59 acc: 0.61
fold=3 label=2 | epoch 080 | train loss: 0.5211 bal_acc: 0.78 acc: 0.78 | val loss: 0.6513 bal_loss: 0.6771 bal_acc: 0.58 acc: 0.60
fold=3 label=2 | epoch 090 | train loss: 0.4764 bal_acc: 0.82 acc: 0.81 | val loss: 0.6531 bal_loss: 0.6757 bal_acc: 0.62 acc: 0.63
fold=3 label=2 | epoch 100 | train loss: 0.4788 bal_acc: 0.81 acc: 0.81 | val loss: 0.6548 bal_loss: 0.6871 bal_acc: 0.60 acc: 0.63
fold=3 label=2 | epoch 110 | train loss: 0.4938 bal_acc: 0.78 acc: 0.78 | val loss: 0.6440 bal_loss: 0.6863 bal_acc: 0.57 acc: 0.64
fold=3 label=2 | epoch 120 | train loss: 0.4789 bal_acc: 0.80 acc: 0.80 | val loss: 0.6304 bal_loss: 0.6762 bal_acc: 0.57 acc: 0.65
fold=3 label=2 | epoch 130 | train loss: 0.4628 bal_acc: 0.81 acc: 0.81 | val loss: 0.6219 bal_loss: 0.6786 bal_acc: 0.56 acc: 0.66
fold=3 label=2 | epoch 140 | train loss: 0.4529 bal_acc: 0.84 acc: 0.84 | val loss: 0.6320 bal_loss: 0.6801 bal_acc: 0.56 acc: 0.66
fold=3 label=2 | epoch 150 | train loss: 0.4357 bal_acc: 0.85 acc: 0.85 | val loss: 0.6281 bal_loss: 0.6699 bal_acc: 0.57 acc: 0.65
fold=3 label=2 | epoch 160 | train loss: 0.4047 bal_acc: 0.85 acc: 0.85 | val loss: 0.6325 bal_loss: 0.6779 bal_acc: 0.56 acc: 0.65
fold=3 label=2 | epoch 170 | train loss: 0.3749 bal_acc: 0.89 acc: 0.89 | val loss: 0.6246 bal_loss: 0.6764 bal_acc: 0.54 acc: 0.63
fold=3 label=2 | epoch 180 | train loss: 0.3944 bal_acc: 0.85 acc: 0.85 | val loss: 0.6114 bal_loss: 0.6794 bal_acc: 0.54 acc: 0.65
fold=3 label=2 | epoch 190 | train loss: 0.3704 bal_acc: 0.87 acc: 0.87 | val loss: 0.6186 bal_loss: 0.6942 bal_acc: 0.54 acc: 0.65
fold=3 label=2 | epoch 200 | train loss: 0.3441 bal_acc: 0.90 acc: 0.90 | val loss: 0.6151 bal_loss: 0.6955 bal_acc: 0.56 acc: 0.65

fold=3 label=1_vs_3
Binary labels: class0=label1 class1=label3
Binary label distribution:
  train: class0=60 class1=60 total=120
  val:   class0=20 class1=20 total=40
  test:  class0=20 class1=20 total=40
Original labels in this split:
  train: label0=0 label1=60 label2=0 label3=60 label4=0 total=120
  val:   label0=0 label1=20 label2=0 label3=20 label4=0 total=40
  test:  label0=0 label1=20 label2=0 label3=20 label4=0 total=40
fold=3 label=1_vs_3 | epoch 001 | train loss: 0.7554 bal_acc: 0.52 acc: 0.52 | val loss: 0.6984 bal_loss: 0.6984 bal_acc: 0.48 acc: 0.47
fold=3 label=1_vs_3 | epoch 010 | train loss: 0.7456 bal_acc: 0.48 acc: 0.47 | val loss: 0.6949 bal_loss: 0.6949 bal_acc: 0.55 acc: 0.55
fold=3 label=1_vs_3 | epoch 020 | train loss: 0.7281 bal_acc: 0.47 acc: 0.47 | val loss: 0.6913 bal_loss: 0.6913 bal_acc: 0.55 acc: 0.55
fold=3 label=1_vs_3 | epoch 030 | train loss: 0.6942 bal_acc: 0.55 acc: 0.54 | val loss: 0.6879 bal_loss: 0.6879 bal_acc: 0.50 acc: 0.50
fold=3 label=1_vs_3 | epoch 040 | train loss: 0.6560 bal_acc: 0.62 acc: 0.62 | val loss: 0.6856 bal_loss: 0.6856 bal_acc: 0.60 acc: 0.60
fold=3 label=1_vs_3 | epoch 050 | train loss: 0.6699 bal_acc: 0.55 acc: 0.55 | val loss: 0.6876 bal_loss: 0.6876 bal_acc: 0.60 acc: 0.60
fold=3 label=1_vs_3 | epoch 060 | train loss: 0.6411 bal_acc: 0.64 acc: 0.64 | val loss: 0.6873 bal_loss: 0.6873 bal_acc: 0.60 acc: 0.60
fold=3 label=1_vs_3 | epoch 070 | train loss: 0.6018 bal_acc: 0.70 acc: 0.70 | val loss: 0.6851 bal_loss: 0.6851 bal_acc: 0.62 acc: 0.62
fold=3 label=1_vs_3 | epoch 080 | train loss: 0.6019 bal_acc: 0.70 acc: 0.70 | val loss: 0.6876 bal_loss: 0.6876 bal_acc: 0.58 acc: 0.57
fold=3 label=1_vs_3 | epoch 090 | train loss: 0.5537 bal_acc: 0.72 acc: 0.73 | val loss: 0.6862 bal_loss: 0.6862 bal_acc: 0.58 acc: 0.57
fold=3 label=1_vs_3 | epoch 100 | train loss: 0.5644 bal_acc: 0.72 acc: 0.72 | val loss: 0.6822 bal_loss: 0.6822 bal_acc: 0.60 acc: 0.60
fold=3 label=1_vs_3 | epoch 110 | train loss: 0.5408 bal_acc: 0.76 acc: 0.76 | val loss: 0.6776 bal_loss: 0.6776 bal_acc: 0.60 acc: 0.60
fold=3 label=1_vs_3 | epoch 120 | train loss: 0.5193 bal_acc: 0.82 acc: 0.82 | val loss: 0.6737 bal_loss: 0.6737 bal_acc: 0.65 acc: 0.65
fold=3 label=1_vs_3 | epoch 130 | train loss: 0.5131 bal_acc: 0.80 acc: 0.80 | val loss: 0.6739 bal_loss: 0.6739 bal_acc: 0.65 acc: 0.65
fold=3 label=1_vs_3 | epoch 140 | train loss: 0.5044 bal_acc: 0.81 acc: 0.81 | val loss: 0.6725 bal_loss: 0.6725 bal_acc: 0.65 acc: 0.65
fold=3 label=1_vs_3 | epoch 150 | train loss: 0.5208 bal_acc: 0.79 acc: 0.79 | val loss: 0.6760 bal_loss: 0.6760 bal_acc: 0.65 acc: 0.65
fold=3 label=1_vs_3 | epoch 160 | train loss: 0.4845 bal_acc: 0.83 acc: 0.83 | val loss: 0.6770 bal_loss: 0.6770 bal_acc: 0.65 acc: 0.65
fold=3 label=1_vs_3 | epoch 170 | train loss: 0.4766 bal_acc: 0.82 acc: 0.82 | val loss: 0.6850 bal_loss: 0.6850 bal_acc: 0.68 acc: 0.68

--- fold 4/5: train=300 val=100 test=100 ---

fold=4 label=0
Binary label distribution:
  train: class0=60 class1=240 total=300
  val:   class0=20 class1=80 total=100
  test:  class0=20 class1=80 total=100
Original labels in this split:
  train: label0=60 label1=60 label2=60 label3=60 label4=60 total=300
  val:   label0=20 label1=20 label2=20 label3=20 label4=20 total=100
  test:  label0=20 label1=20 label2=20 label3=20 label4=20 total=100
fold=4 label=0 | epoch 001 | train loss: 0.7335 bal_acc: 0.49 acc: 0.49 | val loss: 0.7074 bal_loss: 0.6971 bal_acc: 0.50 acc: 0.47
fold=4 label=0 | epoch 010 | train loss: 0.6968 bal_acc: 0.53 acc: 0.53 | val loss: 0.6912 bal_loss: 0.6983 bal_acc: 0.54 acc: 0.60
fold=4 label=0 | epoch 020 | train loss: 0.6790 bal_acc: 0.57 acc: 0.57 | val loss: 0.6896 bal_loss: 0.7004 bal_acc: 0.51 acc: 0.54
fold=4 label=0 | epoch 030 | train loss: 0.6553 bal_acc: 0.60 acc: 0.60 | val loss: 0.6828 bal_loss: 0.6996 bal_acc: 0.51 acc: 0.55
fold=4 label=0 | epoch 040 | train loss: 0.6208 bal_acc: 0.64 acc: 0.64 | val loss: 0.6833 bal_loss: 0.6991 bal_acc: 0.50 acc: 0.53
fold=4 label=0 | epoch 050 | train loss: 0.6240 bal_acc: 0.63 acc: 0.63 | val loss: 0.6802 bal_loss: 0.6990 bal_acc: 0.49 acc: 0.52

fold=4 label=2
Binary label distribution:
  train: class0=60 class1=240 total=300
  val:   class0=20 class1=80 total=100
  test:  class0=20 class1=80 total=100
Original labels in this split:
  train: label0=60 label1=60 label2=60 label3=60 label4=60 total=300
  val:   label0=20 label1=20 label2=20 label3=20 label4=20 total=100
  test:  label0=20 label1=20 label2=20 label3=20 label4=20 total=100
fold=4 label=2 | epoch 001 | train loss: 0.7292 bal_acc: 0.53 acc: 0.53 | val loss: 0.7059 bal_loss: 0.6954 bal_acc: 0.54 acc: 0.50
fold=4 label=2 | epoch 010 | train loss: 0.6624 bal_acc: 0.62 acc: 0.62 | val loss: 0.7057 bal_loss: 0.7085 bal_acc: 0.44 acc: 0.49
fold=4 label=2 | epoch 020 | train loss: 0.6010 bal_acc: 0.68 acc: 0.68 | val loss: 0.7280 bal_loss: 0.7401 bal_acc: 0.43 acc: 0.47
fold=4 label=2 | epoch 030 | train loss: 0.5867 bal_acc: 0.74 acc: 0.74 | val loss: 0.7305 bal_loss: 0.7582 bal_acc: 0.43 acc: 0.48
fold=4 label=2 | epoch 040 | train loss: 0.6352 bal_acc: 0.67 acc: 0.67 | val loss: 0.7347 bal_loss: 0.7707 bal_acc: 0.41 acc: 0.48
fold=4 label=2 | epoch 050 | train loss: 0.5731 bal_acc: 0.71 acc: 0.71 | val loss: 0.7332 bal_loss: 0.7736 bal_acc: 0.46 acc: 0.52

fold=4 label=1_vs_3
Binary labels: class0=label1 class1=label3
Binary label distribution:
  train: class0=60 class1=60 total=120
  val:   class0=20 class1=20 total=40
  test:  class0=20 class1=20 total=40
Original labels in this split:
  train: label0=0 label1=60 label2=0 label3=60 label4=0 total=120
  val:   label0=0 label1=20 label2=0 label3=20 label4=0 total=40
  test:  label0=0 label1=20 label2=0 label3=20 label4=0 total=40
fold=4 label=1_vs_3 | epoch 001 | train loss: 0.8230 bal_acc: 0.40 acc: 0.40 | val loss: 0.7132 bal_loss: 0.7132 bal_acc: 0.35 acc: 0.35
fold=4 label=1_vs_3 | epoch 010 | train loss: 0.7507 bal_acc: 0.45 acc: 0.45 | val loss: 0.7062 bal_loss: 0.7062 bal_acc: 0.40 acc: 0.40
fold=4 label=1_vs_3 | epoch 020 | train loss: 0.7311 bal_acc: 0.53 acc: 0.50 | val loss: 0.6977 bal_loss: 0.6977 bal_acc: 0.45 acc: 0.45
fold=4 label=1_vs_3 | epoch 030 | train loss: 0.6785 bal_acc: 0.59 acc: 0.60 | val loss: 0.6875 bal_loss: 0.6875 bal_acc: 0.55 acc: 0.55
fold=4 label=1_vs_3 | epoch 040 | train loss: 0.6337 bal_acc: 0.64 acc: 0.64 | val loss: 0.6783 bal_loss: 0.6783 bal_acc: 0.62 acc: 0.62
fold=4 label=1_vs_3 | epoch 050 | train loss: 0.6054 bal_acc: 0.67 acc: 0.67 | val loss: 0.6727 bal_loss: 0.6727 bal_acc: 0.62 acc: 0.62
fold=4 label=1_vs_3 | epoch 060 | train loss: 0.5808 bal_acc: 0.69 acc: 0.68 | val loss: 0.6684 bal_loss: 0.6684 bal_acc: 0.62 acc: 0.62
fold=4 label=1_vs_3 | epoch 070 | train loss: 0.5502 bal_acc: 0.79 acc: 0.80 | val loss: 0.6628 bal_loss: 0.6628 bal_acc: 0.65 acc: 0.65
fold=4 label=1_vs_3 | epoch 080 | train loss: 0.5530 bal_acc: 0.75 acc: 0.76 | val loss: 0.6644 bal_loss: 0.6644 bal_acc: 0.67 acc: 0.68
fold=4 label=1_vs_3 | epoch 090 | train loss: 0.5636 bal_acc: 0.72 acc: 0.72 | val loss: 0.6627 bal_loss: 0.6627 bal_acc: 0.67 acc: 0.68
fold=4 label=1_vs_3 | epoch 100 | train loss: 0.5367 bal_acc: 0.78 acc: 0.78 | val loss: 0.6740 bal_loss: 0.6740 bal_acc: 0.65 acc: 0.65
fold=4 label=1_vs_3 | epoch 110 | train loss: 0.5374 bal_acc: 0.73 acc: 0.73 | val loss: 0.6727 bal_loss: 0.6727 bal_acc: 0.65 acc: 0.65
fold=4 label=1_vs_3 | epoch 120 | train loss: 0.5195 bal_acc: 0.79 acc: 0.79 | val loss: 0.6722 bal_loss: 0.6722 bal_acc: 0.67 acc: 0.68
fold=4 label=1_vs_3 | epoch 130 | train loss: 0.4665 bal_acc: 0.83 acc: 0.82 | val loss: 0.6785 bal_loss: 0.6785 bal_acc: 0.65 acc: 0.65

--- fold 5/5: train=300 val=100 test=100 ---

fold=5 label=0
Binary label distribution:
  train: class0=60 class1=240 total=300
  val:   class0=20 class1=80 total=100
  test:  class0=20 class1=80 total=100
Original labels in this split:
  train: label0=60 label1=60 label2=60 label3=60 label4=60 total=300
  val:   label0=20 label1=20 label2=20 label3=20 label4=20 total=100
  test:  label0=20 label1=20 label2=20 label3=20 label4=20 total=100
fold=5 label=0 | epoch 001 | train loss: 0.7236 bal_acc: 0.51 acc: 0.51 | val loss: 0.7048 bal_loss: 0.6962 bal_acc: 0.46 acc: 0.44
fold=5 label=0 | epoch 010 | train loss: 0.6834 bal_acc: 0.57 acc: 0.57 | val loss: 0.6887 bal_loss: 0.7095 bal_acc: 0.44 acc: 0.53
fold=5 label=0 | epoch 020 | train loss: 0.6566 bal_acc: 0.63 acc: 0.62 | val loss: 0.6867 bal_loss: 0.7412 bal_acc: 0.41 acc: 0.54
fold=5 label=0 | epoch 030 | train loss: 0.6289 bal_acc: 0.63 acc: 0.63 | val loss: 0.6947 bal_loss: 0.7656 bal_acc: 0.42 acc: 0.55
fold=5 label=0 | epoch 040 | train loss: 0.6039 bal_acc: 0.67 acc: 0.67 | val loss: 0.6867 bal_loss: 0.7889 bal_acc: 0.43 acc: 0.59
fold=5 label=0 | epoch 050 | train loss: 0.5850 bal_acc: 0.71 acc: 0.71 | val loss: 0.6898 bal_loss: 0.7941 bal_acc: 0.42 acc: 0.58

fold=5 label=2
Binary label distribution:
  train: class0=60 class1=240 total=300
  val:   class0=20 class1=80 total=100
  test:  class0=20 class1=80 total=100
Original labels in this split:
  train: label0=60 label1=60 label2=60 label3=60 label4=60 total=300
  val:   label0=20 label1=20 label2=20 label3=20 label4=20 total=100
  test:  label0=20 label1=20 label2=20 label3=20 label4=20 total=100
fold=5 label=2 | epoch 001 | train loss: 0.7038 bal_acc: 0.51 acc: 0.51 | val loss: 0.6988 bal_loss: 0.6889 bal_acc: 0.57 acc: 0.52
fold=5 label=2 | epoch 010 | train loss: 0.6622 bal_acc: 0.58 acc: 0.58 | val loss: 0.6705 bal_loss: 0.6841 bal_acc: 0.56 acc: 0.59
fold=5 label=2 | epoch 020 | train loss: 0.6559 bal_acc: 0.61 acc: 0.61 | val loss: 0.6493 bal_loss: 0.6821 bal_acc: 0.56 acc: 0.62
fold=5 label=2 | epoch 030 | train loss: 0.6144 bal_acc: 0.65 acc: 0.65 | val loss: 0.6355 bal_loss: 0.6772 bal_acc: 0.57 acc: 0.64
fold=5 label=2 | epoch 040 | train loss: 0.6129 bal_acc: 0.67 acc: 0.67 | val loss: 0.6213 bal_loss: 0.6720 bal_acc: 0.55 acc: 0.64
fold=5 label=2 | epoch 050 | train loss: 0.5650 bal_acc: 0.71 acc: 0.71 | val loss: 0.5980 bal_loss: 0.6718 bal_acc: 0.60 acc: 0.72
fold=5 label=2 | epoch 060 | train loss: 0.5721 bal_acc: 0.70 acc: 0.70 | val loss: 0.5947 bal_loss: 0.6625 bal_acc: 0.59 acc: 0.71
fold=5 label=2 | epoch 070 | train loss: 0.5493 bal_acc: 0.72 acc: 0.71 | val loss: 0.5830 bal_loss: 0.6619 bal_acc: 0.60 acc: 0.72
fold=5 label=2 | epoch 080 | train loss: 0.5138 bal_acc: 0.76 acc: 0.76 | val loss: 0.5761 bal_loss: 0.6655 bal_acc: 0.57 acc: 0.71
fold=5 label=2 | epoch 090 | train loss: 0.5208 bal_acc: 0.78 acc: 0.77 | val loss: 0.5770 bal_loss: 0.6629 bal_acc: 0.59 acc: 0.71
fold=5 label=2 | epoch 100 | train loss: 0.5053 bal_acc: 0.79 acc: 0.79 | val loss: 0.5616 bal_loss: 0.6657 bal_acc: 0.61 acc: 0.73
fold=5 label=2 | epoch 110 | train loss: 0.4634 bal_acc: 0.83 acc: 0.83 | val loss: 0.5572 bal_loss: 0.6597 bal_acc: 0.61 acc: 0.73
fold=5 label=2 | epoch 120 | train loss: 0.4255 bal_acc: 0.84 acc: 0.84 | val loss: 0.5490 bal_loss: 0.6568 bal_acc: 0.56 acc: 0.72
fold=5 label=2 | epoch 130 | train loss: 0.4563 bal_acc: 0.83 acc: 0.83 | val loss: 0.5419 bal_loss: 0.6586 bal_acc: 0.57 acc: 0.73
fold=5 label=2 | epoch 140 | train loss: 0.4467 bal_acc: 0.83 acc: 0.83 | val loss: 0.5446 bal_loss: 0.6644 bal_acc: 0.58 acc: 0.75
fold=5 label=2 | epoch 150 | train loss: 0.3987 bal_acc: 0.86 acc: 0.86 | val loss: 0.5463 bal_loss: 0.6634 bal_acc: 0.62 acc: 0.75
fold=5 label=2 | epoch 160 | train loss: 0.4109 bal_acc: 0.83 acc: 0.82 | val loss: 0.5365 bal_loss: 0.6696 bal_acc: 0.58 acc: 0.74
fold=5 label=2 | epoch 170 | train loss: 0.4176 bal_acc: 0.83 acc: 0.83 | val loss: 0.5392 bal_loss: 0.6731 bal_acc: 0.64 acc: 0.76

fold=5 label=1_vs_3
Binary labels: class0=label1 class1=label3
Binary label distribution:
  train: class0=60 class1=60 total=120
  val:   class0=20 class1=20 total=40
  test:  class0=20 class1=20 total=40
Original labels in this split:
  train: label0=0 label1=60 label2=0 label3=60 label4=0 total=120
  val:   label0=0 label1=20 label2=0 label3=20 label4=0 total=40
  test:  label0=0 label1=20 label2=0 label3=20 label4=0 total=40
fold=5 label=1_vs_3 | epoch 001 | train loss: 0.7296 bal_acc: 0.48 acc: 0.48 | val loss: 0.6957 bal_loss: 0.6957 bal_acc: 0.52 acc: 0.53
fold=5 label=1_vs_3 | epoch 010 | train loss: 0.7487 bal_acc: 0.50 acc: 0.49 | val loss: 0.6962 bal_loss: 0.6962 bal_acc: 0.55 acc: 0.55
fold=5 label=1_vs_3 | epoch 020 | train loss: 0.7139 bal_acc: 0.51 acc: 0.51 | val loss: 0.6995 bal_loss: 0.6995 bal_acc: 0.52 acc: 0.53
fold=5 label=1_vs_3 | epoch 030 | train loss: 0.6879 bal_acc: 0.54 acc: 0.52 | val loss: 0.7093 bal_loss: 0.7093 bal_acc: 0.50 acc: 0.50
fold=5 label=1_vs_3 | epoch 040 | train loss: 0.6508 bal_acc: 0.61 acc: 0.60 | val loss: 0.7215 bal_loss: 0.7215 bal_acc: 0.52 acc: 0.53
fold=5 label=1_vs_3 | epoch 050 | train loss: 0.6139 bal_acc: 0.70 acc: 0.70 | val loss: 0.7380 bal_loss: 0.7380 bal_acc: 0.45 acc: 0.45

5-fold cross-validation summary
y_0: test bal_loss=0.695 +/- 0.008 | bal_acc=0.489 +/- 0.070 | test acc=0.482 +/- 0.069
y_2: test bal_loss=0.689 +/- 0.030 | bal_acc=0.557 +/- 0.026 | test acc=0.592 +/- 0.058
y_1_vs_3: test bal_loss=0.742 +/- 0.051 | bal_acc=0.440 +/- 0.044 | test acc=0.440 +/- 0.044
Cross-validation CSV: ./checkpoints/sub1_hjlee_nogit/v3_sub1_eegnet_all_days/20260628_175606/cross_validation.csv

Saved to: ./checkpoints/sub1_hjlee_nogit/v3_sub1_eegnet_all_days/20260628_175606
