Training configuration
  config=./configs/train_config_v3.json
  model=eegnet
  patient=sub1_hjlee
  day=260520
  data_dir=./data/processed/sub1_hjlee/260520
  input_file=X_eeg.npy
  checkpoint_root=./checkpoints/sub1_hjlee_nogit/v3_sub1_eegnet_all_days
  epochs=200
  batch_size=16
  lr=3e-05
  weight_decay=0.0001
  patience=50
  seed=42
  val_test_ratio=0.2
  weighted_sampler=True
  run_window_diagnostic=False
  window_size=256
  window_stride=128
  balance_rest_to_target=False
  run_5fold_cross_validation=True
  selection_metric=balanced_loss

Loading X_eeg.npy...
Device: cuda | X: (500, 64, 1000) | run: ./checkpoints/sub1_hjlee_nogit/v3_sub1_eegnet_all_days/20260628_181634
Data split: train=300 val=100 test=100
Original label distribution:
  train: label0=60 label1=60 label2=60 label3=60 label4=60 total=300
  val:   label0=20 label1=20 label2=20 label3=20 label4=20 total=100
  test:  label0=20 label1=20 label2=20 label3=20 label4=20 total=100

=== 5-fold cross-validation ===

--- fold 1/5: train=300 val=100 test=100 ---

fold=1 label=0
Binary label distribution:
  train: class0=60 class1=240 total=300
  val:   class0=20 class1=80 total=100
  test:  class0=20 class1=80 total=100
Original labels in this split:
  train: label0=60 label1=60 label2=60 label3=60 label4=60 total=300
  val:   label0=20 label1=20 label2=20 label3=20 label4=20 total=100
  test:  label0=20 label1=20 label2=20 label3=20 label4=20 total=100
fold=1 label=0 | epoch 001 | train loss: 0.7062 bal_acc: 0.56 acc: 0.56 | val loss: 0.7128 bal_loss: 0.6992 bal_acc: 0.46 acc: 0.40
fold=1 label=0 | epoch 010 | train loss: 0.6547 bal_acc: 0.60 acc: 0.60 | val loss: 0.7105 bal_loss: 0.7027 bal_acc: 0.49 acc: 0.48
fold=1 label=0 | epoch 020 | train loss: 0.6289 bal_acc: 0.65 acc: 0.65 | val loss: 0.7099 bal_loss: 0.7022 bal_acc: 0.55 acc: 0.52
fold=1 label=0 | epoch 030 | train loss: 0.5869 bal_acc: 0.71 acc: 0.72 | val loss: 0.7137 bal_loss: 0.7035 bal_acc: 0.54 acc: 0.54
fold=1 label=0 | epoch 040 | train loss: 0.5451 bal_acc: 0.75 acc: 0.75 | val loss: 0.7080 bal_loss: 0.7027 bal_acc: 0.59 acc: 0.58
fold=1 label=0 | epoch 050 | train loss: 0.5271 bal_acc: 0.75 acc: 0.75 | val loss: 0.7127 bal_loss: 0.7080 bal_acc: 0.53 acc: 0.55

fold=1 label=2
Binary label distribution:
  train: class0=60 class1=240 total=300
  val:   class0=20 class1=80 total=100
  test:  class0=20 class1=80 total=100
Original labels in this split:
  train: label0=60 label1=60 label2=60 label3=60 label4=60 total=300
  val:   label0=20 label1=20 label2=20 label3=20 label4=20 total=100
  test:  label0=20 label1=20 label2=20 label3=20 label4=20 total=100
fold=1 label=2 | epoch 001 | train loss: 0.6981 bal_acc: 0.59 acc: 0.60 | val loss: 0.7098 bal_loss: 0.6958 bal_acc: 0.49 acc: 0.43
fold=1 label=2 | epoch 010 | train loss: 0.6538 bal_acc: 0.59 acc: 0.59 | val loss: 0.7008 bal_loss: 0.6978 bal_acc: 0.56 acc: 0.56
fold=1 label=2 | epoch 020 | train loss: 0.6258 bal_acc: 0.66 acc: 0.66 | val loss: 0.7098 bal_loss: 0.7159 bal_acc: 0.54 acc: 0.56
fold=1 label=2 | epoch 030 | train loss: 0.6156 bal_acc: 0.66 acc: 0.66 | val loss: 0.7239 bal_loss: 0.7389 bal_acc: 0.57 acc: 0.58
fold=1 label=2 | epoch 040 | train loss: 0.5539 bal_acc: 0.76 acc: 0.76 | val loss: 0.7336 bal_loss: 0.7541 bal_acc: 0.55 acc: 0.58
fold=1 label=2 | epoch 050 | train loss: 0.5426 bal_acc: 0.76 acc: 0.76 | val loss: 0.7304 bal_loss: 0.7660 bal_acc: 0.56 acc: 0.62

fold=1 label=1_vs_3
Binary labels: class0=label1 class1=label3
Binary label distribution:
  train: class0=60 class1=60 total=120
  val:   class0=20 class1=20 total=40
  test:  class0=20 class1=20 total=40
Original labels in this split:
  train: label0=0 label1=60 label2=0 label3=60 label4=0 total=120
  val:   label0=0 label1=20 label2=0 label3=20 label4=0 total=40
  test:  label0=0 label1=20 label2=0 label3=20 label4=0 total=40
fold=1 label=1_vs_3 | epoch 001 | train loss: 0.6947 bal_acc: 0.58 acc: 0.57 | val loss: 0.6958 bal_loss: 0.6958 bal_acc: 0.45 acc: 0.45
fold=1 label=1_vs_3 | epoch 010 | train loss: 0.6903 bal_acc: 0.61 acc: 0.59 | val loss: 0.6992 bal_loss: 0.6992 bal_acc: 0.47 acc: 0.47
fold=1 label=1_vs_3 | epoch 020 | train loss: 0.6036 bal_acc: 0.66 acc: 0.67 | val loss: 0.7092 bal_loss: 0.7092 bal_acc: 0.45 acc: 0.45
fold=1 label=1_vs_3 | epoch 030 | train loss: 0.6264 bal_acc: 0.70 acc: 0.70 | val loss: 0.7221 bal_loss: 0.7221 bal_acc: 0.55 acc: 0.55
fold=1 label=1_vs_3 | epoch 040 | train loss: 0.6616 bal_acc: 0.64 acc: 0.62 | val loss: 0.7271 bal_loss: 0.7271 bal_acc: 0.52 acc: 0.53
fold=1 label=1_vs_3 | epoch 050 | train loss: 0.6236 bal_acc: 0.69 acc: 0.69 | val loss: 0.7330 bal_loss: 0.7330 bal_acc: 0.52 acc: 0.53

--- fold 2/5: train=300 val=100 test=100 ---

fold=2 label=0
Binary label distribution:
  train: class0=60 class1=240 total=300
  val:   class0=20 class1=80 total=100
  test:  class0=20 class1=80 total=100
Original labels in this split:
  train: label0=60 label1=60 label2=60 label3=60 label4=60 total=300
  val:   label0=20 label1=20 label2=20 label3=20 label4=20 total=100
  test:  label0=20 label1=20 label2=20 label3=20 label4=20 total=100
fold=2 label=0 | epoch 001 | train loss: 0.7045 bal_acc: 0.55 acc: 0.55 | val loss: 0.7042 bal_loss: 0.6940 bal_acc: 0.48 acc: 0.43
fold=2 label=0 | epoch 010 | train loss: 0.7011 bal_acc: 0.56 acc: 0.56 | val loss: 0.6848 bal_loss: 0.6913 bal_acc: 0.49 acc: 0.54
fold=2 label=0 | epoch 020 | train loss: 0.6317 bal_acc: 0.61 acc: 0.61 | val loss: 0.6800 bal_loss: 0.6939 bal_acc: 0.52 acc: 0.54
fold=2 label=0 | epoch 030 | train loss: 0.5744 bal_acc: 0.72 acc: 0.72 | val loss: 0.6805 bal_loss: 0.7011 bal_acc: 0.59 acc: 0.59
fold=2 label=0 | epoch 040 | train loss: 0.5410 bal_acc: 0.76 acc: 0.76 | val loss: 0.6655 bal_loss: 0.7001 bal_acc: 0.60 acc: 0.63
fold=2 label=0 | epoch 050 | train loss: 0.5554 bal_acc: 0.71 acc: 0.71 | val loss: 0.6478 bal_loss: 0.7020 bal_acc: 0.57 acc: 0.64

fold=2 label=2
Binary label distribution:
  train: class0=60 class1=240 total=300
  val:   class0=20 class1=80 total=100
  test:  class0=20 class1=80 total=100
Original labels in this split:
  train: label0=60 label1=60 label2=60 label3=60 label4=60 total=300
  val:   label0=20 label1=20 label2=20 label3=20 label4=20 total=100
  test:  label0=20 label1=20 label2=20 label3=20 label4=20 total=100
fold=2 label=2 | epoch 001 | train loss: 0.6842 bal_acc: 0.59 acc: 0.59 | val loss: 0.6990 bal_loss: 0.6846 bal_acc: 0.59 acc: 0.50
fold=2 label=2 | epoch 010 | train loss: 0.6816 bal_acc: 0.54 acc: 0.54 | val loss: 0.6844 bal_loss: 0.6771 bal_acc: 0.61 acc: 0.56
fold=2 label=2 | epoch 020 | train loss: 0.6473 bal_acc: 0.62 acc: 0.62 | val loss: 0.6842 bal_loss: 0.6722 bal_acc: 0.58 acc: 0.54
fold=2 label=2 | epoch 030 | train loss: 0.6063 bal_acc: 0.69 acc: 0.69 | val loss: 0.6804 bal_loss: 0.6747 bal_acc: 0.59 acc: 0.59
fold=2 label=2 | epoch 040 | train loss: 0.6068 bal_acc: 0.68 acc: 0.68 | val loss: 0.6728 bal_loss: 0.6779 bal_acc: 0.57 acc: 0.58
fold=2 label=2 | epoch 050 | train loss: 0.5720 bal_acc: 0.71 acc: 0.71 | val loss: 0.6650 bal_loss: 0.6878 bal_acc: 0.55 acc: 0.58
fold=2 label=2 | epoch 060 | train loss: 0.5501 bal_acc: 0.76 acc: 0.76 | val loss: 0.6549 bal_loss: 0.6957 bal_acc: 0.52 acc: 0.57
fold=2 label=2 | epoch 070 | train loss: 0.5430 bal_acc: 0.72 acc: 0.72 | val loss: 0.6475 bal_loss: 0.6919 bal_acc: 0.54 acc: 0.60

fold=2 label=1_vs_3
Binary labels: class0=label1 class1=label3
Binary label distribution:
  train: class0=60 class1=60 total=120
  val:   class0=20 class1=20 total=40
  test:  class0=20 class1=20 total=40
Original labels in this split:
  train: label0=0 label1=60 label2=0 label3=60 label4=0 total=120
  val:   label0=0 label1=20 label2=0 label3=20 label4=0 total=40
  test:  label0=0 label1=20 label2=0 label3=20 label4=0 total=40
fold=2 label=1_vs_3 | epoch 001 | train loss: 0.7699 bal_acc: 0.43 acc: 0.44 | val loss: 0.7035 bal_loss: 0.7035 bal_acc: 0.52 acc: 0.53
fold=2 label=1_vs_3 | epoch 010 | train loss: 0.7043 bal_acc: 0.44 acc: 0.44 | val loss: 0.7058 bal_loss: 0.7058 bal_acc: 0.48 acc: 0.47
fold=2 label=1_vs_3 | epoch 020 | train loss: 0.7367 bal_acc: 0.52 acc: 0.52 | val loss: 0.7102 bal_loss: 0.7102 bal_acc: 0.52 acc: 0.53
fold=2 label=1_vs_3 | epoch 030 | train loss: 0.6599 bal_acc: 0.61 acc: 0.61 | val loss: 0.7157 bal_loss: 0.7157 bal_acc: 0.55 acc: 0.55
fold=2 label=1_vs_3 | epoch 040 | train loss: 0.6517 bal_acc: 0.60 acc: 0.60 | val loss: 0.7243 bal_loss: 0.7243 bal_acc: 0.50 acc: 0.50
fold=2 label=1_vs_3 | epoch 050 | train loss: 0.6505 bal_acc: 0.66 acc: 0.66 | val loss: 0.7326 bal_loss: 0.7326 bal_acc: 0.45 acc: 0.45

--- fold 3/5: train=300 val=100 test=100 ---

fold=3 label=0
Binary label distribution:
  train: class0=60 class1=240 total=300
  val:   class0=20 class1=80 total=100
  test:  class0=20 class1=80 total=100
Original labels in this split:
  train: label0=60 label1=60 label2=60 label3=60 label4=60 total=300
  val:   label0=20 label1=20 label2=20 label3=20 label4=20 total=100
  test:  label0=20 label1=20 label2=20 label3=20 label4=20 total=100
fold=3 label=0 | epoch 001 | train loss: 0.6885 bal_acc: 0.57 acc: 0.57 | val loss: 0.7087 bal_loss: 0.6973 bal_acc: 0.44 acc: 0.41
fold=3 label=0 | epoch 010 | train loss: 0.6829 bal_acc: 0.57 acc: 0.57 | val loss: 0.6917 bal_loss: 0.7059 bal_acc: 0.51 acc: 0.57
fold=3 label=0 | epoch 020 | train loss: 0.6237 bal_acc: 0.64 acc: 0.64 | val loss: 0.6873 bal_loss: 0.7194 bal_acc: 0.48 acc: 0.56
fold=3 label=0 | epoch 030 | train loss: 0.5986 bal_acc: 0.70 acc: 0.70 | val loss: 0.6809 bal_loss: 0.7404 bal_acc: 0.47 acc: 0.57
fold=3 label=0 | epoch 040 | train loss: 0.5610 bal_acc: 0.71 acc: 0.71 | val loss: 0.6769 bal_loss: 0.7502 bal_acc: 0.46 acc: 0.56
fold=3 label=0 | epoch 050 | train loss: 0.5333 bal_acc: 0.75 acc: 0.75 | val loss: 0.6814 bal_loss: 0.7679 bal_acc: 0.46 acc: 0.56

fold=3 label=2
Binary label distribution:
  train: class0=60 class1=240 total=300
  val:   class0=20 class1=80 total=100
  test:  class0=20 class1=80 total=100
Original labels in this split:
  train: label0=60 label1=60 label2=60 label3=60 label4=60 total=300
  val:   label0=20 label1=20 label2=20 label3=20 label4=20 total=100
  test:  label0=20 label1=20 label2=20 label3=20 label4=20 total=100
fold=3 label=2 | epoch 001 | train loss: 0.6925 bal_acc: 0.53 acc: 0.53 | val loss: 0.7023 bal_loss: 0.6868 bal_acc: 0.53 acc: 0.46
fold=3 label=2 | epoch 010 | train loss: 0.6377 bal_acc: 0.63 acc: 0.63 | val loss: 0.6831 bal_loss: 0.6867 bal_acc: 0.62 acc: 0.63
fold=3 label=2 | epoch 020 | train loss: 0.6030 bal_acc: 0.68 acc: 0.68 | val loss: 0.6705 bal_loss: 0.6847 bal_acc: 0.58 acc: 0.63
fold=3 label=2 | epoch 030 | train loss: 0.5755 bal_acc: 0.73 acc: 0.72 | val loss: 0.6649 bal_loss: 0.6728 bal_acc: 0.63 acc: 0.62
fold=3 label=2 | epoch 040 | train loss: 0.5613 bal_acc: 0.75 acc: 0.75 | val loss: 0.6445 bal_loss: 0.6756 bal_acc: 0.63 acc: 0.65
fold=3 label=2 | epoch 050 | train loss: 0.5140 bal_acc: 0.81 acc: 0.81 | val loss: 0.6376 bal_loss: 0.6775 bal_acc: 0.63 acc: 0.65
fold=3 label=2 | epoch 060 | train loss: 0.5131 bal_acc: 0.77 acc: 0.77 | val loss: 0.6359 bal_loss: 0.6818 bal_acc: 0.59 acc: 0.62
fold=3 label=2 | epoch 070 | train loss: 0.4931 bal_acc: 0.78 acc: 0.78 | val loss: 0.6282 bal_loss: 0.6717 bal_acc: 0.62 acc: 0.64
fold=3 label=2 | epoch 080 | train loss: 0.4340 bal_acc: 0.83 acc: 0.83 | val loss: 0.6274 bal_loss: 0.6911 bal_acc: 0.64 acc: 0.67
fold=3 label=2 | epoch 090 | train loss: 0.4273 bal_acc: 0.83 acc: 0.82 | val loss: 0.6331 bal_loss: 0.7030 bal_acc: 0.62 acc: 0.63
fold=3 label=2 | epoch 100 | train loss: 0.4011 bal_acc: 0.86 acc: 0.86 | val loss: 0.6354 bal_loss: 0.6965 bal_acc: 0.64 acc: 0.66

fold=3 label=1_vs_3
Binary labels: class0=label1 class1=label3
Binary label distribution:
  train: class0=60 class1=60 total=120
  val:   class0=20 class1=20 total=40
  test:  class0=20 class1=20 total=40
Original labels in this split:
  train: label0=0 label1=60 label2=0 label3=60 label4=0 total=120
  val:   label0=0 label1=20 label2=0 label3=20 label4=0 total=40
  test:  label0=0 label1=20 label2=0 label3=20 label4=0 total=40
fold=3 label=1_vs_3 | epoch 001 | train loss: 0.7940 bal_acc: 0.48 acc: 0.48 | val loss: 0.6798 bal_loss: 0.6798 bal_acc: 0.57 acc: 0.57
fold=3 label=1_vs_3 | epoch 010 | train loss: 0.7411 bal_acc: 0.49 acc: 0.49 | val loss: 0.6766 bal_loss: 0.6766 bal_acc: 0.65 acc: 0.65
fold=3 label=1_vs_3 | epoch 020 | train loss: 0.7836 bal_acc: 0.50 acc: 0.50 | val loss: 0.6725 bal_loss: 0.6725 bal_acc: 0.60 acc: 0.60
fold=3 label=1_vs_3 | epoch 030 | train loss: 0.6811 bal_acc: 0.56 acc: 0.56 | val loss: 0.6668 bal_loss: 0.6668 bal_acc: 0.65 acc: 0.65
fold=3 label=1_vs_3 | epoch 040 | train loss: 0.6693 bal_acc: 0.59 acc: 0.60 | val loss: 0.6641 bal_loss: 0.6641 bal_acc: 0.60 acc: 0.60
fold=3 label=1_vs_3 | epoch 050 | train loss: 0.6249 bal_acc: 0.63 acc: 0.63 | val loss: 0.6672 bal_loss: 0.6672 bal_acc: 0.60 acc: 0.60
fold=3 label=1_vs_3 | epoch 060 | train loss: 0.5973 bal_acc: 0.72 acc: 0.72 | val loss: 0.6765 bal_loss: 0.6765 bal_acc: 0.58 acc: 0.57
fold=3 label=1_vs_3 | epoch 070 | train loss: 0.6066 bal_acc: 0.73 acc: 0.73 | val loss: 0.6837 bal_loss: 0.6837 bal_acc: 0.55 acc: 0.55
fold=3 label=1_vs_3 | epoch 080 | train loss: 0.5630 bal_acc: 0.75 acc: 0.75 | val loss: 0.6979 bal_loss: 0.6979 bal_acc: 0.52 acc: 0.53
fold=3 label=1_vs_3 | epoch 090 | train loss: 0.5493 bal_acc: 0.76 acc: 0.76 | val loss: 0.7076 bal_loss: 0.7076 bal_acc: 0.50 acc: 0.50

--- fold 4/5: train=300 val=100 test=100 ---

fold=4 label=0
Binary label distribution:
  train: class0=60 class1=240 total=300
  val:   class0=20 class1=80 total=100
  test:  class0=20 class1=80 total=100
Original labels in this split:
  train: label0=60 label1=60 label2=60 label3=60 label4=60 total=300
  val:   label0=20 label1=20 label2=20 label3=20 label4=20 total=100
  test:  label0=20 label1=20 label2=20 label3=20 label4=20 total=100
fold=4 label=0 | epoch 001 | train loss: 0.7345 bal_acc: 0.50 acc: 0.50 | val loss: 0.7044 bal_loss: 0.6962 bal_acc: 0.46 acc: 0.43
fold=4 label=0 | epoch 010 | train loss: 0.6543 bal_acc: 0.58 acc: 0.58 | val loss: 0.6818 bal_loss: 0.6933 bal_acc: 0.55 acc: 0.64
fold=4 label=0 | epoch 020 | train loss: 0.6218 bal_acc: 0.66 acc: 0.66 | val loss: 0.6684 bal_loss: 0.6889 bal_acc: 0.61 acc: 0.64
fold=4 label=0 | epoch 030 | train loss: 0.5795 bal_acc: 0.71 acc: 0.71 | val loss: 0.6529 bal_loss: 0.6837 bal_acc: 0.61 acc: 0.64
fold=4 label=0 | epoch 040 | train loss: 0.5535 bal_acc: 0.73 acc: 0.73 | val loss: 0.6395 bal_loss: 0.6821 bal_acc: 0.61 acc: 0.64
fold=4 label=0 | epoch 050 | train loss: 0.5628 bal_acc: 0.74 acc: 0.74 | val loss: 0.6197 bal_loss: 0.6848 bal_acc: 0.61 acc: 0.67
fold=4 label=0 | epoch 060 | train loss: 0.5187 bal_acc: 0.79 acc: 0.79 | val loss: 0.6062 bal_loss: 0.6837 bal_acc: 0.59 acc: 0.67
fold=4 label=0 | epoch 070 | train loss: 0.4751 bal_acc: 0.80 acc: 0.80 | val loss: 0.6045 bal_loss: 0.7003 bal_acc: 0.54 acc: 0.65
fold=4 label=0 | epoch 080 | train loss: 0.4776 bal_acc: 0.78 acc: 0.78 | val loss: 0.5929 bal_loss: 0.6993 bal_acc: 0.55 acc: 0.67
fold=4 label=0 | epoch 090 | train loss: 0.4548 bal_acc: 0.79 acc: 0.79 | val loss: 0.6038 bal_loss: 0.7162 bal_acc: 0.57 acc: 0.68

fold=4 label=2
Binary label distribution:
  train: class0=60 class1=240 total=300
  val:   class0=20 class1=80 total=100
  test:  class0=20 class1=80 total=100
Original labels in this split:
  train: label0=60 label1=60 label2=60 label3=60 label4=60 total=300
  val:   label0=20 label1=20 label2=20 label3=20 label4=20 total=100
  test:  label0=20 label1=20 label2=20 label3=20 label4=20 total=100
fold=4 label=2 | epoch 001 | train loss: 0.7057 bal_acc: 0.58 acc: 0.58 | val loss: 0.6963 bal_loss: 0.6861 bal_acc: 0.56 acc: 0.50
fold=4 label=2 | epoch 010 | train loss: 0.6654 bal_acc: 0.59 acc: 0.59 | val loss: 0.6893 bal_loss: 0.6891 bal_acc: 0.56 acc: 0.57
fold=4 label=2 | epoch 020 | train loss: 0.6422 bal_acc: 0.62 acc: 0.62 | val loss: 0.6839 bal_loss: 0.7002 bal_acc: 0.56 acc: 0.62
fold=4 label=2 | epoch 030 | train loss: 0.5927 bal_acc: 0.71 acc: 0.71 | val loss: 0.6742 bal_loss: 0.7098 bal_acc: 0.57 acc: 0.64
fold=4 label=2 | epoch 040 | train loss: 0.5592 bal_acc: 0.74 acc: 0.74 | val loss: 0.6717 bal_loss: 0.7239 bal_acc: 0.58 acc: 0.66
fold=4 label=2 | epoch 050 | train loss: 0.5681 bal_acc: 0.74 acc: 0.74 | val loss: 0.6610 bal_loss: 0.7375 bal_acc: 0.58 acc: 0.69

fold=4 label=1_vs_3
Binary labels: class0=label1 class1=label3
Binary label distribution:
  train: class0=60 class1=60 total=120
  val:   class0=20 class1=20 total=40
  test:  class0=20 class1=20 total=40
Original labels in this split:
  train: label0=0 label1=60 label2=0 label3=60 label4=0 total=120
  val:   label0=0 label1=20 label2=0 label3=20 label4=0 total=40
  test:  label0=0 label1=20 label2=0 label3=20 label4=0 total=40
fold=4 label=1_vs_3 | epoch 001 | train loss: 0.7519 bal_acc: 0.48 acc: 0.48 | val loss: 0.7062 bal_loss: 0.7062 bal_acc: 0.35 acc: 0.35
fold=4 label=1_vs_3 | epoch 010 | train loss: 0.7180 bal_acc: 0.55 acc: 0.55 | val loss: 0.7063 bal_loss: 0.7063 bal_acc: 0.38 acc: 0.38
fold=4 label=1_vs_3 | epoch 020 | train loss: 0.6726 bal_acc: 0.58 acc: 0.56 | val loss: 0.7039 bal_loss: 0.7039 bal_acc: 0.38 acc: 0.38
fold=4 label=1_vs_3 | epoch 030 | train loss: 0.7297 bal_acc: 0.51 acc: 0.52 | val loss: 0.6968 bal_loss: 0.6968 bal_acc: 0.45 acc: 0.45
fold=4 label=1_vs_3 | epoch 040 | train loss: 0.6456 bal_acc: 0.64 acc: 0.64 | val loss: 0.6940 bal_loss: 0.6940 bal_acc: 0.45 acc: 0.45
fold=4 label=1_vs_3 | epoch 050 | train loss: 0.6603 bal_acc: 0.62 acc: 0.62 | val loss: 0.6844 bal_loss: 0.6844 bal_acc: 0.45 acc: 0.45
fold=4 label=1_vs_3 | epoch 060 | train loss: 0.6489 bal_acc: 0.62 acc: 0.62 | val loss: 0.6752 bal_loss: 0.6752 bal_acc: 0.50 acc: 0.50
fold=4 label=1_vs_3 | epoch 070 | train loss: 0.6057 bal_acc: 0.63 acc: 0.64 | val loss: 0.6784 bal_loss: 0.6784 bal_acc: 0.52 acc: 0.53
fold=4 label=1_vs_3 | epoch 080 | train loss: 0.6308 bal_acc: 0.64 acc: 0.64 | val loss: 0.6824 bal_loss: 0.6824 bal_acc: 0.52 acc: 0.53
fold=4 label=1_vs_3 | epoch 090 | train loss: 0.6190 bal_acc: 0.70 acc: 0.70 | val loss: 0.6863 bal_loss: 0.6863 bal_acc: 0.52 acc: 0.53
fold=4 label=1_vs_3 | epoch 100 | train loss: 0.6106 bal_acc: 0.71 acc: 0.71 | val loss: 0.6810 bal_loss: 0.6810 bal_acc: 0.55 acc: 0.55
fold=4 label=1_vs_3 | epoch 110 | train loss: 0.5778 bal_acc: 0.72 acc: 0.72 | val loss: 0.6808 bal_loss: 0.6808 bal_acc: 0.55 acc: 0.55

--- fold 5/5: train=300 val=100 test=100 ---

fold=5 label=0
Binary label distribution:
  train: class0=60 class1=240 total=300
  val:   class0=20 class1=80 total=100
  test:  class0=20 class1=80 total=100
Original labels in this split:
  train: label0=60 label1=60 label2=60 label3=60 label4=60 total=300
  val:   label0=20 label1=20 label2=20 label3=20 label4=20 total=100
  test:  label0=20 label1=20 label2=20 label3=20 label4=20 total=100
fold=5 label=0 | epoch 001 | train loss: 0.7489 bal_acc: 0.48 acc: 0.48 | val loss: 0.6891 bal_loss: 0.6839 bal_acc: 0.57 acc: 0.58
fold=5 label=0 | epoch 010 | train loss: 0.6919 bal_acc: 0.57 acc: 0.57 | val loss: 0.6584 bal_loss: 0.6751 bal_acc: 0.56 acc: 0.65
fold=5 label=0 | epoch 020 | train loss: 0.6124 bal_acc: 0.67 acc: 0.67 | val loss: 0.6539 bal_loss: 0.6828 bal_acc: 0.57 acc: 0.62
fold=5 label=0 | epoch 030 | train loss: 0.5771 bal_acc: 0.70 acc: 0.70 | val loss: 0.6682 bal_loss: 0.6996 bal_acc: 0.52 acc: 0.60
fold=5 label=0 | epoch 040 | train loss: 0.5034 bal_acc: 0.79 acc: 0.79 | val loss: 0.6713 bal_loss: 0.7266 bal_acc: 0.54 acc: 0.62
fold=5 label=0 | epoch 050 | train loss: 0.5376 bal_acc: 0.75 acc: 0.75 | val loss: 0.6887 bal_loss: 0.7452 bal_acc: 0.55 acc: 0.64
fold=5 label=0 | epoch 060 | train loss: 0.5041 bal_acc: 0.77 acc: 0.77 | val loss: 0.6989 bal_loss: 0.7738 bal_acc: 0.55 acc: 0.64

fold=5 label=2
Binary label distribution:
  train: class0=60 class1=240 total=300
  val:   class0=20 class1=80 total=100
  test:  class0=20 class1=80 total=100
Original labels in this split:
  train: label0=60 label1=60 label2=60 label3=60 label4=60 total=300
  val:   label0=20 label1=20 label2=20 label3=20 label4=20 total=100
  test:  label0=20 label1=20 label2=20 label3=20 label4=20 total=100
fold=5 label=2 | epoch 001 | train loss: 0.6802 bal_acc: 0.58 acc: 0.58 | val loss: 0.6952 bal_loss: 0.6939 bal_acc: 0.49 acc: 0.52
fold=5 label=2 | epoch 010 | train loss: 0.6912 bal_acc: 0.57 acc: 0.57 | val loss: 0.6720 bal_loss: 0.6971 bal_acc: 0.51 acc: 0.60
fold=5 label=2 | epoch 020 | train loss: 0.6289 bal_acc: 0.65 acc: 0.65 | val loss: 0.6601 bal_loss: 0.7047 bal_acc: 0.54 acc: 0.63
fold=5 label=2 | epoch 030 | train loss: 0.5965 bal_acc: 0.75 acc: 0.75 | val loss: 0.6424 bal_loss: 0.6993 bal_acc: 0.57 acc: 0.65
fold=5 label=2 | epoch 040 | train loss: 0.5613 bal_acc: 0.74 acc: 0.74 | val loss: 0.6409 bal_loss: 0.7021 bal_acc: 0.55 acc: 0.64
fold=5 label=2 | epoch 050 | train loss: 0.5459 bal_acc: 0.74 acc: 0.74 | val loss: 0.6277 bal_loss: 0.7089 bal_acc: 0.51 acc: 0.64

fold=5 label=1_vs_3
Binary labels: class0=label1 class1=label3
Binary label distribution:
  train: class0=60 class1=60 total=120
  val:   class0=20 class1=20 total=40
  test:  class0=20 class1=20 total=40
Original labels in this split:
  train: label0=0 label1=60 label2=0 label3=60 label4=0 total=120
  val:   label0=0 label1=20 label2=0 label3=20 label4=0 total=40
  test:  label0=0 label1=20 label2=0 label3=20 label4=0 total=40
fold=5 label=1_vs_3 | epoch 001 | train loss: 0.7923 bal_acc: 0.42 acc: 0.42 | val loss: 0.6984 bal_loss: 0.6984 bal_acc: 0.55 acc: 0.55
fold=5 label=1_vs_3 | epoch 010 | train loss: 0.7188 bal_acc: 0.49 acc: 0.48 | val loss: 0.7005 bal_loss: 0.7005 bal_acc: 0.40 acc: 0.40
fold=5 label=1_vs_3 | epoch 020 | train loss: 0.6559 bal_acc: 0.55 acc: 0.55 | val loss: 0.7040 bal_loss: 0.7040 bal_acc: 0.45 acc: 0.45
fold=5 label=1_vs_3 | epoch 030 | train loss: 0.6507 bal_acc: 0.63 acc: 0.62 | val loss: 0.7078 bal_loss: 0.7078 bal_acc: 0.47 acc: 0.47
fold=5 label=1_vs_3 | epoch 040 | train loss: 0.6703 bal_acc: 0.59 acc: 0.59 | val loss: 0.7133 bal_loss: 0.7133 bal_acc: 0.45 acc: 0.45
fold=5 label=1_vs_3 | epoch 050 | train loss: 0.6331 bal_acc: 0.61 acc: 0.61 | val loss: 0.7204 bal_loss: 0.7204 bal_acc: 0.43 acc: 0.42

5-fold cross-validation summary
y_0: test bal_loss=0.693 +/- 0.012 | bal_acc=0.522 +/- 0.070 | test acc=0.542 +/- 0.083
y_2: test bal_loss=0.715 +/- 0.070 | bal_acc=0.569 +/- 0.067 | test acc=0.550 +/- 0.033
y_1_vs_3: test bal_loss=0.709 +/- 0.038 | bal_acc=0.490 +/- 0.118 | test acc=0.490 +/- 0.118
Cross-validation CSV: ./checkpoints/sub1_hjlee_nogit/v3_sub1_eegnet_all_days/20260628_181634/cross_validation.csv

Saved to: ./checkpoints/sub1_hjlee_nogit/v3_sub1_eegnet_all_days/20260628_181634
