Training configuration
  config=./configs/train_config_v3.json
  model=eegnet
  patient=sub2_yjkim
  day=260602
  data_dir=./data/processed/sub2_yjkim/260602
  input_file=X_eeg.npy
  checkpoint_root=./checkpoints/sub2_yjkim_nogit/v3_sub2_eegnet_all_days
  epochs=200
  batch_size=16
  lr=3e-05
  weight_decay=0.0001
  patience=50
  seed=42
  val_test_ratio=0.2
  weighted_sampler=True
  run_window_diagnostic=False
  window_size=256
  window_stride=128
  balance_rest_to_target=False
  run_5fold_cross_validation=True
  selection_metric=balanced_loss

Loading X_eeg.npy...
Device: cuda | X: (400, 64, 1000) | run: ./checkpoints/sub2_yjkim_nogit/v3_sub2_eegnet_all_days/20260628_163852
Data split: train=240 val=80 test=80
Original label distribution:
  train: label0=48 label1=48 label2=48 label3=48 label4=48 total=240
  val:   label0=16 label1=16 label2=16 label3=16 label4=16 total=80
  test:  label0=16 label1=16 label2=16 label3=16 label4=16 total=80

=== 5-fold cross-validation ===

--- fold 1/5: train=240 val=80 test=80 ---

fold=1 label=0
Binary label distribution:
  train: class0=48 class1=192 total=240
  val:   class0=16 class1=64 total=80
  test:  class0=16 class1=64 total=80
Original labels in this split:
  train: label0=48 label1=48 label2=48 label3=48 label4=48 total=240
  val:   label0=16 label1=16 label2=16 label3=16 label4=16 total=80
  test:  label0=16 label1=16 label2=16 label3=16 label4=16 total=80
fold=1 label=0 | epoch 001 | train loss: 0.6428 bal_acc: 0.61 acc: 0.62 | val loss: 0.6734 bal_loss: 0.6804 bal_acc: 0.66 acc: 0.72
fold=1 label=0 | epoch 010 | train loss: 0.5388 bal_acc: 0.76 acc: 0.76 | val loss: 0.6069 bal_loss: 0.6393 bal_acc: 0.67 acc: 0.74
fold=1 label=0 | epoch 020 | train loss: 0.5180 bal_acc: 0.76 acc: 0.76 | val loss: 0.5586 bal_loss: 0.5997 bal_acc: 0.73 acc: 0.76
fold=1 label=0 | epoch 030 | train loss: 0.4647 bal_acc: 0.80 acc: 0.80 | val loss: 0.5201 bal_loss: 0.5602 bal_acc: 0.77 acc: 0.79
fold=1 label=0 | epoch 040 | train loss: 0.4437 bal_acc: 0.83 acc: 0.82 | val loss: 0.4942 bal_loss: 0.5454 bal_acc: 0.75 acc: 0.79
fold=1 label=0 | epoch 050 | train loss: 0.4409 bal_acc: 0.82 acc: 0.82 | val loss: 0.4712 bal_loss: 0.5261 bal_acc: 0.77 acc: 0.81
fold=1 label=0 | epoch 060 | train loss: 0.3965 bal_acc: 0.85 acc: 0.85 | val loss: 0.4473 bal_loss: 0.5123 bal_acc: 0.76 acc: 0.80
fold=1 label=0 | epoch 070 | train loss: 0.4192 bal_acc: 0.78 acc: 0.78 | val loss: 0.4330 bal_loss: 0.4982 bal_acc: 0.80 acc: 0.82
fold=1 label=0 | epoch 080 | train loss: 0.3220 bal_acc: 0.91 acc: 0.91 | val loss: 0.4244 bal_loss: 0.4868 bal_acc: 0.76 acc: 0.80
fold=1 label=0 | epoch 090 | train loss: 0.3412 bal_acc: 0.86 acc: 0.86 | val loss: 0.4079 bal_loss: 0.4705 bal_acc: 0.79 acc: 0.81
fold=1 label=0 | epoch 100 | train loss: 0.3402 bal_acc: 0.85 acc: 0.85 | val loss: 0.4049 bal_loss: 0.4673 bal_acc: 0.76 acc: 0.80
fold=1 label=0 | epoch 110 | train loss: 0.3052 bal_acc: 0.87 acc: 0.87 | val loss: 0.3957 bal_loss: 0.4455 bal_acc: 0.81 acc: 0.81
fold=1 label=0 | epoch 120 | train loss: 0.2996 bal_acc: 0.89 acc: 0.89 | val loss: 0.3667 bal_loss: 0.4217 bal_acc: 0.80 acc: 0.84
fold=1 label=0 | epoch 130 | train loss: 0.2447 bal_acc: 0.91 acc: 0.91 | val loss: 0.3504 bal_loss: 0.4056 bal_acc: 0.84 acc: 0.86
fold=1 label=0 | epoch 140 | train loss: 0.2681 bal_acc: 0.91 acc: 0.92 | val loss: 0.3333 bal_loss: 0.3846 bal_acc: 0.83 acc: 0.88
fold=1 label=0 | epoch 150 | train loss: 0.2287 bal_acc: 0.92 acc: 0.93 | val loss: 0.3398 bal_loss: 0.3892 bal_acc: 0.81 acc: 0.85
fold=1 label=0 | epoch 160 | train loss: 0.1992 bal_acc: 0.93 acc: 0.93 | val loss: 0.3099 bal_loss: 0.3670 bal_acc: 0.84 acc: 0.90
fold=1 label=0 | epoch 170 | train loss: 0.2131 bal_acc: 0.92 acc: 0.92 | val loss: 0.2957 bal_loss: 0.3572 bal_acc: 0.86 acc: 0.89
fold=1 label=0 | epoch 180 | train loss: 0.1820 bal_acc: 0.96 acc: 0.96 | val loss: 0.2752 bal_loss: 0.3554 bal_acc: 0.88 acc: 0.93
fold=1 label=0 | epoch 190 | train loss: 0.1761 bal_acc: 0.95 acc: 0.95 | val loss: 0.2657 bal_loss: 0.3548 bal_acc: 0.88 acc: 0.93
fold=1 label=0 | epoch 200 | train loss: 0.2097 bal_acc: 0.94 acc: 0.94 | val loss: 0.2541 bal_loss: 0.3489 bal_acc: 0.88 acc: 0.91

fold=1 label=2
Binary label distribution:
  train: class0=48 class1=192 total=240
  val:   class0=16 class1=64 total=80
  test:  class0=16 class1=64 total=80
Original labels in this split:
  train: label0=48 label1=48 label2=48 label3=48 label4=48 total=240
  val:   label0=16 label1=16 label2=16 label3=16 label4=16 total=80
  test:  label0=16 label1=16 label2=16 label3=16 label4=16 total=80
fold=1 label=2 | epoch 001 | train loss: 0.6931 bal_acc: 0.56 acc: 0.55 | val loss: 0.6888 bal_loss: 0.6968 bal_acc: 0.51 acc: 0.62
fold=1 label=2 | epoch 010 | train loss: 0.5463 bal_acc: 0.74 acc: 0.74 | val loss: 0.6589 bal_loss: 0.6648 bal_acc: 0.62 acc: 0.65
fold=1 label=2 | epoch 020 | train loss: 0.4805 bal_acc: 0.81 acc: 0.80 | val loss: 0.6100 bal_loss: 0.5979 bal_acc: 0.73 acc: 0.71
fold=1 label=2 | epoch 030 | train loss: 0.4275 bal_acc: 0.84 acc: 0.84 | val loss: 0.5729 bal_loss: 0.5547 bal_acc: 0.73 acc: 0.71
fold=1 label=2 | epoch 040 | train loss: 0.3726 bal_acc: 0.86 acc: 0.86 | val loss: 0.5474 bal_loss: 0.5245 bal_acc: 0.75 acc: 0.71
fold=1 label=2 | epoch 050 | train loss: 0.3430 bal_acc: 0.87 acc: 0.87 | val loss: 0.4760 bal_loss: 0.4736 bal_acc: 0.80 acc: 0.80
fold=1 label=2 | epoch 060 | train loss: 0.3179 bal_acc: 0.89 acc: 0.89 | val loss: 0.4127 bal_loss: 0.4359 bal_acc: 0.83 acc: 0.84
fold=1 label=2 | epoch 070 | train loss: 0.2800 bal_acc: 0.90 acc: 0.90 | val loss: 0.3543 bal_loss: 0.4035 bal_acc: 0.85 acc: 0.88
fold=1 label=2 | epoch 080 | train loss: 0.3026 bal_acc: 0.89 acc: 0.89 | val loss: 0.3211 bal_loss: 0.3941 bal_acc: 0.84 acc: 0.89
fold=1 label=2 | epoch 090 | train loss: 0.2413 bal_acc: 0.93 acc: 0.93 | val loss: 0.2978 bal_loss: 0.3747 bal_acc: 0.84 acc: 0.90
fold=1 label=2 | epoch 100 | train loss: 0.2267 bal_acc: 0.95 acc: 0.95 | val loss: 0.2742 bal_loss: 0.3713 bal_acc: 0.85 acc: 0.91
fold=1 label=2 | epoch 110 | train loss: 0.2045 bal_acc: 0.94 acc: 0.93 | val loss: 0.2674 bal_loss: 0.3506 bal_acc: 0.84 acc: 0.90
fold=1 label=2 | epoch 120 | train loss: 0.1807 bal_acc: 0.96 acc: 0.96 | val loss: 0.2480 bal_loss: 0.3461 bal_acc: 0.85 acc: 0.91
fold=1 label=2 | epoch 130 | train loss: 0.1765 bal_acc: 0.96 acc: 0.96 | val loss: 0.2457 bal_loss: 0.3446 bal_acc: 0.84 acc: 0.90
fold=1 label=2 | epoch 140 | train loss: 0.1584 bal_acc: 0.96 acc: 0.96 | val loss: 0.2358 bal_loss: 0.3414 bal_acc: 0.85 acc: 0.91
fold=1 label=2 | epoch 150 | train loss: 0.1342 bal_acc: 0.97 acc: 0.97 | val loss: 0.2300 bal_loss: 0.3302 bal_acc: 0.85 acc: 0.91
fold=1 label=2 | epoch 160 | train loss: 0.1928 bal_acc: 0.93 acc: 0.93 | val loss: 0.2167 bal_loss: 0.3292 bal_acc: 0.85 acc: 0.91
fold=1 label=2 | epoch 170 | train loss: 0.1277 bal_acc: 0.98 acc: 0.98 | val loss: 0.2123 bal_loss: 0.3182 bal_acc: 0.85 acc: 0.91
fold=1 label=2 | epoch 180 | train loss: 0.1187 bal_acc: 0.97 acc: 0.97 | val loss: 0.2038 bal_loss: 0.3116 bal_acc: 0.85 acc: 0.91
fold=1 label=2 | epoch 190 | train loss: 0.1110 bal_acc: 0.98 acc: 0.98 | val loss: 0.2016 bal_loss: 0.3093 bal_acc: 0.85 acc: 0.91
fold=1 label=2 | epoch 200 | train loss: 0.1446 bal_acc: 0.98 acc: 0.98 | val loss: 0.2009 bal_loss: 0.3401 bal_acc: 0.86 acc: 0.93

fold=1 label=1_vs_3
Binary labels: class0=label1 class1=label3
Binary label distribution:
  train: class0=48 class1=48 total=96
  val:   class0=16 class1=16 total=32
  test:  class0=16 class1=16 total=32
Original labels in this split:
  train: label0=0 label1=48 label2=0 label3=48 label4=0 total=96
  val:   label0=0 label1=16 label2=0 label3=16 label4=0 total=32
  test:  label0=0 label1=16 label2=0 label3=16 label4=0 total=32
fold=1 label=1_vs_3 | epoch 001 | train loss: 0.7751 bal_acc: 0.51 acc: 0.48 | val loss: 0.6968 bal_loss: 0.6968 bal_acc: 0.41 acc: 0.41
fold=1 label=1_vs_3 | epoch 010 | train loss: 0.6357 bal_acc: 0.67 acc: 0.67 | val loss: 0.6651 bal_loss: 0.6651 bal_acc: 0.81 acc: 0.81
fold=1 label=1_vs_3 | epoch 020 | train loss: 0.4962 bal_acc: 0.79 acc: 0.80 | val loss: 0.6273 bal_loss: 0.6273 bal_acc: 0.78 acc: 0.78
fold=1 label=1_vs_3 | epoch 030 | train loss: 0.4527 bal_acc: 0.81 acc: 0.80 | val loss: 0.5776 bal_loss: 0.5776 bal_acc: 0.78 acc: 0.78
fold=1 label=1_vs_3 | epoch 040 | train loss: 0.4349 bal_acc: 0.82 acc: 0.81 | val loss: 0.5251 bal_loss: 0.5251 bal_acc: 0.78 acc: 0.78
fold=1 label=1_vs_3 | epoch 050 | train loss: 0.3840 bal_acc: 0.85 acc: 0.88 | val loss: 0.4779 bal_loss: 0.4779 bal_acc: 0.78 acc: 0.78
fold=1 label=1_vs_3 | epoch 060 | train loss: 0.3940 bal_acc: 0.83 acc: 0.83 | val loss: 0.4375 bal_loss: 0.4375 bal_acc: 0.81 acc: 0.81
fold=1 label=1_vs_3 | epoch 070 | train loss: 0.3741 bal_acc: 0.87 acc: 0.85 | val loss: 0.4098 bal_loss: 0.4098 bal_acc: 0.81 acc: 0.81
fold=1 label=1_vs_3 | epoch 080 | train loss: 0.3641 bal_acc: 0.85 acc: 0.85 | val loss: 0.3863 bal_loss: 0.3863 bal_acc: 0.81 acc: 0.81
fold=1 label=1_vs_3 | epoch 090 | train loss: 0.3583 bal_acc: 0.91 acc: 0.91 | val loss: 0.3733 bal_loss: 0.3733 bal_acc: 0.81 acc: 0.81
fold=1 label=1_vs_3 | epoch 100 | train loss: 0.2914 bal_acc: 0.89 acc: 0.90 | val loss: 0.3636 bal_loss: 0.3636 bal_acc: 0.81 acc: 0.81
fold=1 label=1_vs_3 | epoch 110 | train loss: 0.2888 bal_acc: 0.90 acc: 0.90 | val loss: 0.3540 bal_loss: 0.3540 bal_acc: 0.81 acc: 0.81
fold=1 label=1_vs_3 | epoch 120 | train loss: 0.2663 bal_acc: 0.93 acc: 0.94 | val loss: 0.3449 bal_loss: 0.3449 bal_acc: 0.81 acc: 0.81
fold=1 label=1_vs_3 | epoch 130 | train loss: 0.2347 bal_acc: 0.91 acc: 0.92 | val loss: 0.3450 bal_loss: 0.3450 bal_acc: 0.81 acc: 0.81
fold=1 label=1_vs_3 | epoch 140 | train loss: 0.2797 bal_acc: 0.91 acc: 0.91 | val loss: 0.3366 bal_loss: 0.3366 bal_acc: 0.81 acc: 0.81
fold=1 label=1_vs_3 | epoch 150 | train loss: 0.2221 bal_acc: 0.94 acc: 0.94 | val loss: 0.3420 bal_loss: 0.3420 bal_acc: 0.81 acc: 0.81
fold=1 label=1_vs_3 | epoch 160 | train loss: 0.2590 bal_acc: 0.91 acc: 0.92 | val loss: 0.3349 bal_loss: 0.3349 bal_acc: 0.81 acc: 0.81
fold=1 label=1_vs_3 | epoch 170 | train loss: 0.2094 bal_acc: 0.95 acc: 0.95 | val loss: 0.3278 bal_loss: 0.3278 bal_acc: 0.81 acc: 0.81
fold=1 label=1_vs_3 | epoch 180 | train loss: 0.2616 bal_acc: 0.90 acc: 0.90 | val loss: 0.3261 bal_loss: 0.3261 bal_acc: 0.81 acc: 0.81
fold=1 label=1_vs_3 | epoch 190 | train loss: 0.2725 bal_acc: 0.91 acc: 0.92 | val loss: 0.3222 bal_loss: 0.3222 bal_acc: 0.81 acc: 0.81
fold=1 label=1_vs_3 | epoch 200 | train loss: 0.2100 bal_acc: 0.94 acc: 0.94 | val loss: 0.3199 bal_loss: 0.3199 bal_acc: 0.84 acc: 0.84

--- fold 2/5: train=240 val=80 test=80 ---

fold=2 label=0
Binary label distribution:
  train: class0=48 class1=192 total=240
  val:   class0=16 class1=64 total=80
  test:  class0=16 class1=64 total=80
Original labels in this split:
  train: label0=48 label1=48 label2=48 label3=48 label4=48 total=240
  val:   label0=16 label1=16 label2=16 label3=16 label4=16 total=80
  test:  label0=16 label1=16 label2=16 label3=16 label4=16 total=80
fold=2 label=0 | epoch 001 | train loss: 0.6428 bal_acc: 0.62 acc: 0.64 | val loss: 0.6757 bal_loss: 0.6809 bal_acc: 0.68 acc: 0.71
fold=2 label=0 | epoch 010 | train loss: 0.5758 bal_acc: 0.74 acc: 0.73 | val loss: 0.6139 bal_loss: 0.6422 bal_acc: 0.66 acc: 0.69
fold=2 label=0 | epoch 020 | train loss: 0.5479 bal_acc: 0.74 acc: 0.73 | val loss: 0.5723 bal_loss: 0.6027 bal_acc: 0.72 acc: 0.74
fold=2 label=0 | epoch 030 | train loss: 0.5083 bal_acc: 0.79 acc: 0.78 | val loss: 0.5457 bal_loss: 0.5585 bal_acc: 0.78 acc: 0.76
fold=2 label=0 | epoch 040 | train loss: 0.4489 bal_acc: 0.83 acc: 0.82 | val loss: 0.5156 bal_loss: 0.5171 bal_acc: 0.76 acc: 0.76
fold=2 label=0 | epoch 050 | train loss: 0.4417 bal_acc: 0.82 acc: 0.82 | val loss: 0.4842 bal_loss: 0.4815 bal_acc: 0.79 acc: 0.78
fold=2 label=0 | epoch 060 | train loss: 0.4195 bal_acc: 0.82 acc: 0.82 | val loss: 0.4530 bal_loss: 0.4704 bal_acc: 0.73 acc: 0.75
fold=2 label=0 | epoch 070 | train loss: 0.4270 bal_acc: 0.81 acc: 0.81 | val loss: 0.4444 bal_loss: 0.4427 bal_acc: 0.80 acc: 0.79
fold=2 label=0 | epoch 080 | train loss: 0.3379 bal_acc: 0.89 acc: 0.89 | val loss: 0.4445 bal_loss: 0.4253 bal_acc: 0.80 acc: 0.79
fold=2 label=0 | epoch 090 | train loss: 0.3347 bal_acc: 0.87 acc: 0.87 | val loss: 0.4111 bal_loss: 0.3997 bal_acc: 0.83 acc: 0.80
fold=2 label=0 | epoch 100 | train loss: 0.3107 bal_acc: 0.90 acc: 0.90 | val loss: 0.4002 bal_loss: 0.3839 bal_acc: 0.84 acc: 0.81
fold=2 label=0 | epoch 110 | train loss: 0.3242 bal_acc: 0.89 acc: 0.89 | val loss: 0.3685 bal_loss: 0.3634 bal_acc: 0.84 acc: 0.82
fold=2 label=0 | epoch 120 | train loss: 0.3162 bal_acc: 0.89 acc: 0.89 | val loss: 0.3634 bal_loss: 0.3359 bal_acc: 0.88 acc: 0.84
fold=2 label=0 | epoch 130 | train loss: 0.2806 bal_acc: 0.91 acc: 0.92 | val loss: 0.3400 bal_loss: 0.3218 bal_acc: 0.88 acc: 0.84
fold=2 label=0 | epoch 140 | train loss: 0.2524 bal_acc: 0.93 acc: 0.93 | val loss: 0.3211 bal_loss: 0.3077 bal_acc: 0.89 acc: 0.86
fold=2 label=0 | epoch 150 | train loss: 0.2709 bal_acc: 0.91 acc: 0.91 | val loss: 0.3106 bal_loss: 0.2998 bal_acc: 0.89 acc: 0.86
fold=2 label=0 | epoch 160 | train loss: 0.2049 bal_acc: 0.94 acc: 0.94 | val loss: 0.3082 bal_loss: 0.3120 bal_acc: 0.88 acc: 0.88
fold=2 label=0 | epoch 170 | train loss: 0.2214 bal_acc: 0.94 acc: 0.94 | val loss: 0.2904 bal_loss: 0.2820 bal_acc: 0.91 acc: 0.89
fold=2 label=0 | epoch 180 | train loss: 0.1983 bal_acc: 0.94 acc: 0.94 | val loss: 0.2793 bal_loss: 0.2685 bal_acc: 0.91 acc: 0.89
fold=2 label=0 | epoch 190 | train loss: 0.2211 bal_acc: 0.95 acc: 0.95 | val loss: 0.2645 bal_loss: 0.2531 bal_acc: 0.92 acc: 0.91
fold=2 label=0 | epoch 200 | train loss: 0.1471 bal_acc: 0.98 acc: 0.98 | val loss: 0.2519 bal_loss: 0.2697 bal_acc: 0.92 acc: 0.91

fold=2 label=2
Binary label distribution:
  train: class0=48 class1=192 total=240
  val:   class0=16 class1=64 total=80
  test:  class0=16 class1=64 total=80
Original labels in this split:
  train: label0=48 label1=48 label2=48 label3=48 label4=48 total=240
  val:   label0=16 label1=16 label2=16 label3=16 label4=16 total=80
  test:  label0=16 label1=16 label2=16 label3=16 label4=16 total=80
fold=2 label=2 | epoch 001 | train loss: 0.7245 bal_acc: 0.50 acc: 0.50 | val loss: 0.6873 bal_loss: 0.6926 bal_acc: 0.57 acc: 0.65
fold=2 label=2 | epoch 010 | train loss: 0.5867 bal_acc: 0.66 acc: 0.66 | val loss: 0.6548 bal_loss: 0.6450 bal_acc: 0.74 acc: 0.74
fold=2 label=2 | epoch 020 | train loss: 0.5263 bal_acc: 0.76 acc: 0.75 | val loss: 0.6124 bal_loss: 0.5581 bal_acc: 0.78 acc: 0.72
fold=2 label=2 | epoch 030 | train loss: 0.4438 bal_acc: 0.83 acc: 0.83 | val loss: 0.5803 bal_loss: 0.5076 bal_acc: 0.81 acc: 0.74
fold=2 label=2 | epoch 040 | train loss: 0.4242 bal_acc: 0.83 acc: 0.83 | val loss: 0.5209 bal_loss: 0.4363 bal_acc: 0.84 acc: 0.75
fold=2 label=2 | epoch 050 | train loss: 0.3964 bal_acc: 0.87 acc: 0.87 | val loss: 0.4697 bal_loss: 0.3787 bal_acc: 0.88 acc: 0.81
fold=2 label=2 | epoch 060 | train loss: 0.2926 bal_acc: 0.90 acc: 0.90 | val loss: 0.3922 bal_loss: 0.3289 bal_acc: 0.84 acc: 0.81
fold=2 label=2 | epoch 070 | train loss: 0.2699 bal_acc: 0.92 acc: 0.93 | val loss: 0.3583 bal_loss: 0.3044 bal_acc: 0.84 acc: 0.81
fold=2 label=2 | epoch 080 | train loss: 0.2446 bal_acc: 0.91 acc: 0.91 | val loss: 0.3270 bal_loss: 0.2746 bal_acc: 0.87 acc: 0.82
fold=2 label=2 | epoch 090 | train loss: 0.2059 bal_acc: 0.95 acc: 0.95 | val loss: 0.3097 bal_loss: 0.2645 bal_acc: 0.87 acc: 0.82
fold=2 label=2 | epoch 100 | train loss: 0.1912 bal_acc: 0.96 acc: 0.96 | val loss: 0.2858 bal_loss: 0.2538 bal_acc: 0.89 acc: 0.86
fold=2 label=2 | epoch 110 | train loss: 0.1686 bal_acc: 0.95 acc: 0.95 | val loss: 0.2921 bal_loss: 0.2470 bal_acc: 0.89 acc: 0.86
fold=2 label=2 | epoch 120 | train loss: 0.1296 bal_acc: 0.98 acc: 0.98 | val loss: 0.2867 bal_loss: 0.2423 bal_acc: 0.91 acc: 0.89
fold=2 label=2 | epoch 130 | train loss: 0.1536 bal_acc: 0.97 acc: 0.97 | val loss: 0.2301 bal_loss: 0.2223 bal_acc: 0.88 acc: 0.89
fold=2 label=2 | epoch 140 | train loss: 0.1496 bal_acc: 0.97 acc: 0.97 | val loss: 0.2492 bal_loss: 0.2242 bal_acc: 0.87 acc: 0.86
fold=2 label=2 | epoch 150 | train loss: 0.1456 bal_acc: 0.96 acc: 0.96 | val loss: 0.2227 bal_loss: 0.2106 bal_acc: 0.88 acc: 0.89
fold=2 label=2 | epoch 160 | train loss: 0.1625 bal_acc: 0.96 acc: 0.96 | val loss: 0.2217 bal_loss: 0.2256 bal_acc: 0.89 acc: 0.90
fold=2 label=2 | epoch 170 | train loss: 0.1805 bal_acc: 0.95 acc: 0.95 | val loss: 0.2200 bal_loss: 0.2102 bal_acc: 0.88 acc: 0.89
fold=2 label=2 | epoch 180 | train loss: 0.1259 bal_acc: 0.97 acc: 0.97 | val loss: 0.2136 bal_loss: 0.2062 bal_acc: 0.88 acc: 0.89
fold=2 label=2 | epoch 190 | train loss: 0.1429 bal_acc: 0.96 acc: 0.96 | val loss: 0.2030 bal_loss: 0.2052 bal_acc: 0.89 acc: 0.90
fold=2 label=2 | epoch 200 | train loss: 0.1267 bal_acc: 0.96 acc: 0.96 | val loss: 0.2057 bal_loss: 0.1981 bal_acc: 0.88 acc: 0.89

fold=2 label=1_vs_3
Binary labels: class0=label1 class1=label3
Binary label distribution:
  train: class0=48 class1=48 total=96
  val:   class0=16 class1=16 total=32
  test:  class0=16 class1=16 total=32
Original labels in this split:
  train: label0=0 label1=48 label2=0 label3=48 label4=0 total=96
  val:   label0=0 label1=16 label2=0 label3=16 label4=0 total=32
  test:  label0=0 label1=16 label2=0 label3=16 label4=0 total=32
fold=2 label=1_vs_3 | epoch 001 | train loss: 0.7290 bal_acc: 0.59 acc: 0.58 | val loss: 0.6973 bal_loss: 0.6973 bal_acc: 0.47 acc: 0.47
fold=2 label=1_vs_3 | epoch 010 | train loss: 0.6980 bal_acc: 0.66 acc: 0.61 | val loss: 0.6671 bal_loss: 0.6671 bal_acc: 0.78 acc: 0.78
fold=2 label=1_vs_3 | epoch 020 | train loss: 0.5016 bal_acc: 0.77 acc: 0.76 | val loss: 0.6250 bal_loss: 0.6250 bal_acc: 0.78 acc: 0.78
fold=2 label=1_vs_3 | epoch 030 | train loss: 0.4469 bal_acc: 0.86 acc: 0.84 | val loss: 0.5769 bal_loss: 0.5769 bal_acc: 0.78 acc: 0.78
fold=2 label=1_vs_3 | epoch 040 | train loss: 0.4558 bal_acc: 0.82 acc: 0.83 | val loss: 0.5265 bal_loss: 0.5265 bal_acc: 0.84 acc: 0.84
fold=2 label=1_vs_3 | epoch 050 | train loss: 0.3892 bal_acc: 0.85 acc: 0.86 | val loss: 0.4796 bal_loss: 0.4796 bal_acc: 0.88 acc: 0.88
fold=2 label=1_vs_3 | epoch 060 | train loss: 0.3559 bal_acc: 0.86 acc: 0.86 | val loss: 0.4410 bal_loss: 0.4410 bal_acc: 0.88 acc: 0.88
fold=2 label=1_vs_3 | epoch 070 | train loss: 0.3764 bal_acc: 0.86 acc: 0.88 | val loss: 0.4129 bal_loss: 0.4129 bal_acc: 0.91 acc: 0.91
fold=2 label=1_vs_3 | epoch 080 | train loss: 0.3814 bal_acc: 0.84 acc: 0.81 | val loss: 0.3907 bal_loss: 0.3907 bal_acc: 0.91 acc: 0.91
fold=2 label=1_vs_3 | epoch 090 | train loss: 0.3664 bal_acc: 0.86 acc: 0.85 | val loss: 0.3784 bal_loss: 0.3784 bal_acc: 0.91 acc: 0.91
fold=2 label=1_vs_3 | epoch 100 | train loss: 0.3725 bal_acc: 0.83 acc: 0.83 | val loss: 0.3637 bal_loss: 0.3637 bal_acc: 0.91 acc: 0.91
fold=2 label=1_vs_3 | epoch 110 | train loss: 0.2897 bal_acc: 0.87 acc: 0.88 | val loss: 0.3594 bal_loss: 0.3594 bal_acc: 0.91 acc: 0.91
fold=2 label=1_vs_3 | epoch 120 | train loss: 0.3536 bal_acc: 0.88 acc: 0.88 | val loss: 0.3491 bal_loss: 0.3491 bal_acc: 0.91 acc: 0.91
fold=2 label=1_vs_3 | epoch 130 | train loss: 0.3192 bal_acc: 0.86 acc: 0.85 | val loss: 0.3489 bal_loss: 0.3489 bal_acc: 0.91 acc: 0.91
fold=2 label=1_vs_3 | epoch 140 | train loss: 0.2506 bal_acc: 0.91 acc: 0.91 | val loss: 0.3413 bal_loss: 0.3413 bal_acc: 0.91 acc: 0.91
fold=2 label=1_vs_3 | epoch 150 | train loss: 0.2374 bal_acc: 0.93 acc: 0.93 | val loss: 0.3375 bal_loss: 0.3375 bal_acc: 0.91 acc: 0.91
fold=2 label=1_vs_3 | epoch 160 | train loss: 0.2643 bal_acc: 0.91 acc: 0.91 | val loss: 0.3366 bal_loss: 0.3366 bal_acc: 0.91 acc: 0.91
fold=2 label=1_vs_3 | epoch 170 | train loss: 0.3097 bal_acc: 0.92 acc: 0.92 | val loss: 0.3357 bal_loss: 0.3357 bal_acc: 0.88 acc: 0.88
fold=2 label=1_vs_3 | epoch 180 | train loss: 0.2549 bal_acc: 0.93 acc: 0.93 | val loss: 0.3385 bal_loss: 0.3385 bal_acc: 0.91 acc: 0.91
fold=2 label=1_vs_3 | epoch 190 | train loss: 0.1964 bal_acc: 0.96 acc: 0.96 | val loss: 0.3321 bal_loss: 0.3321 bal_acc: 0.88 acc: 0.88
fold=2 label=1_vs_3 | epoch 200 | train loss: 0.2540 bal_acc: 0.91 acc: 0.91 | val loss: 0.3344 bal_loss: 0.3344 bal_acc: 0.88 acc: 0.88

--- fold 3/5: train=240 val=80 test=80 ---

fold=3 label=0
Binary label distribution:
  train: class0=48 class1=192 total=240
  val:   class0=16 class1=64 total=80
  test:  class0=16 class1=64 total=80
Original labels in this split:
  train: label0=48 label1=48 label2=48 label3=48 label4=48 total=240
  val:   label0=16 label1=16 label2=16 label3=16 label4=16 total=80
  test:  label0=16 label1=16 label2=16 label3=16 label4=16 total=80
fold=3 label=0 | epoch 001 | train loss: 0.6684 bal_acc: 0.60 acc: 0.60 | val loss: 0.6754 bal_loss: 0.6772 bal_acc: 0.71 acc: 0.72
fold=3 label=0 | epoch 010 | train loss: 0.6091 bal_acc: 0.71 acc: 0.70 | val loss: 0.6213 bal_loss: 0.6318 bal_acc: 0.72 acc: 0.74
fold=3 label=0 | epoch 020 | train loss: 0.5872 bal_acc: 0.70 acc: 0.70 | val loss: 0.5636 bal_loss: 0.5735 bal_acc: 0.73 acc: 0.76
fold=3 label=0 | epoch 030 | train loss: 0.5594 bal_acc: 0.76 acc: 0.76 | val loss: 0.5243 bal_loss: 0.5115 bal_acc: 0.76 acc: 0.72
fold=3 label=0 | epoch 040 | train loss: 0.4763 bal_acc: 0.82 acc: 0.82 | val loss: 0.4950 bal_loss: 0.4703 bal_acc: 0.84 acc: 0.79
fold=3 label=0 | epoch 050 | train loss: 0.4879 bal_acc: 0.77 acc: 0.77 | val loss: 0.4608 bal_loss: 0.4452 bal_acc: 0.80 acc: 0.76
fold=3 label=0 | epoch 060 | train loss: 0.4509 bal_acc: 0.81 acc: 0.81 | val loss: 0.4559 bal_loss: 0.4375 bal_acc: 0.81 acc: 0.78
fold=3 label=0 | epoch 070 | train loss: 0.4349 bal_acc: 0.80 acc: 0.80 | val loss: 0.4451 bal_loss: 0.4262 bal_acc: 0.85 acc: 0.80
fold=3 label=0 | epoch 080 | train loss: 0.4371 bal_acc: 0.82 acc: 0.82 | val loss: 0.4351 bal_loss: 0.4161 bal_acc: 0.84 acc: 0.78
fold=3 label=0 | epoch 090 | train loss: 0.3761 bal_acc: 0.86 acc: 0.86 | val loss: 0.4342 bal_loss: 0.4030 bal_acc: 0.84 acc: 0.78
fold=3 label=0 | epoch 100 | train loss: 0.4078 bal_acc: 0.85 acc: 0.85 | val loss: 0.4169 bal_loss: 0.3966 bal_acc: 0.82 acc: 0.79
fold=3 label=0 | epoch 110 | train loss: 0.3801 bal_acc: 0.84 acc: 0.84 | val loss: 0.4282 bal_loss: 0.3911 bal_acc: 0.81 acc: 0.78
fold=3 label=0 | epoch 120 | train loss: 0.3936 bal_acc: 0.81 acc: 0.81 | val loss: 0.4040 bal_loss: 0.3761 bal_acc: 0.85 acc: 0.80
fold=3 label=0 | epoch 130 | train loss: 0.3124 bal_acc: 0.90 acc: 0.90 | val loss: 0.4070 bal_loss: 0.3607 bal_acc: 0.84 acc: 0.79
fold=3 label=0 | epoch 140 | train loss: 0.3681 bal_acc: 0.85 acc: 0.85 | val loss: 0.3957 bal_loss: 0.3513 bal_acc: 0.86 acc: 0.81
fold=3 label=0 | epoch 150 | train loss: 0.3100 bal_acc: 0.90 acc: 0.90 | val loss: 0.3635 bal_loss: 0.3387 bal_acc: 0.88 acc: 0.84
fold=3 label=0 | epoch 160 | train loss: 0.2940 bal_acc: 0.88 acc: 0.88 | val loss: 0.3391 bal_loss: 0.3279 bal_acc: 0.88 acc: 0.84
fold=3 label=0 | epoch 170 | train loss: 0.2447 bal_acc: 0.91 acc: 0.91 | val loss: 0.3391 bal_loss: 0.3106 bal_acc: 0.88 acc: 0.84
fold=3 label=0 | epoch 180 | train loss: 0.2543 bal_acc: 0.91 acc: 0.91 | val loss: 0.3226 bal_loss: 0.3050 bal_acc: 0.88 acc: 0.85
fold=3 label=0 | epoch 190 | train loss: 0.2426 bal_acc: 0.92 acc: 0.92 | val loss: 0.3180 bal_loss: 0.2884 bal_acc: 0.88 acc: 0.85
fold=3 label=0 | epoch 200 | train loss: 0.2229 bal_acc: 0.92 acc: 0.92 | val loss: 0.2893 bal_loss: 0.2677 bal_acc: 0.88 acc: 0.85

fold=3 label=2
Binary label distribution:
  train: class0=48 class1=192 total=240
  val:   class0=16 class1=64 total=80
  test:  class0=16 class1=64 total=80
Original labels in this split:
  train: label0=48 label1=48 label2=48 label3=48 label4=48 total=240
  val:   label0=16 label1=16 label2=16 label3=16 label4=16 total=80
  test:  label0=16 label1=16 label2=16 label3=16 label4=16 total=80
fold=3 label=2 | epoch 001 | train loss: 0.6973 bal_acc: 0.59 acc: 0.59 | val loss: 0.6894 bal_loss: 0.6955 bal_acc: 0.45 acc: 0.61
fold=3 label=2 | epoch 010 | train loss: 0.5642 bal_acc: 0.72 acc: 0.73 | val loss: 0.6501 bal_loss: 0.6374 bal_acc: 0.80 acc: 0.75
fold=3 label=2 | epoch 020 | train loss: 0.5812 bal_acc: 0.73 acc: 0.72 | val loss: 0.5930 bal_loss: 0.5430 bal_acc: 0.77 acc: 0.71
fold=3 label=2 | epoch 030 | train loss: 0.5049 bal_acc: 0.74 acc: 0.75 | val loss: 0.5686 bal_loss: 0.4996 bal_acc: 0.78 acc: 0.72
fold=3 label=2 | epoch 040 | train loss: 0.4158 bal_acc: 0.84 acc: 0.84 | val loss: 0.5267 bal_loss: 0.4671 bal_acc: 0.79 acc: 0.74
fold=3 label=2 | epoch 050 | train loss: 0.4056 bal_acc: 0.82 acc: 0.82 | val loss: 0.4506 bal_loss: 0.4034 bal_acc: 0.82 acc: 0.79
fold=3 label=2 | epoch 060 | train loss: 0.4195 bal_acc: 0.84 acc: 0.84 | val loss: 0.4281 bal_loss: 0.3834 bal_acc: 0.87 acc: 0.82
fold=3 label=2 | epoch 070 | train loss: 0.2868 bal_acc: 0.92 acc: 0.92 | val loss: 0.3826 bal_loss: 0.3276 bal_acc: 0.87 acc: 0.82
fold=3 label=2 | epoch 080 | train loss: 0.2702 bal_acc: 0.92 acc: 0.92 | val loss: 0.3617 bal_loss: 0.3090 bal_acc: 0.88 acc: 0.84
fold=3 label=2 | epoch 090 | train loss: 0.2680 bal_acc: 0.92 acc: 0.92 | val loss: 0.3324 bal_loss: 0.2977 bal_acc: 0.88 acc: 0.85
fold=3 label=2 | epoch 100 | train loss: 0.2684 bal_acc: 0.91 acc: 0.91 | val loss: 0.3314 bal_loss: 0.2816 bal_acc: 0.88 acc: 0.85
fold=3 label=2 | epoch 110 | train loss: 0.2208 bal_acc: 0.93 acc: 0.93 | val loss: 0.3262 bal_loss: 0.2731 bal_acc: 0.88 acc: 0.84
fold=3 label=2 | epoch 120 | train loss: 0.1868 bal_acc: 0.94 acc: 0.94 | val loss: 0.3139 bal_loss: 0.2544 bal_acc: 0.88 acc: 0.85
fold=3 label=2 | epoch 130 | train loss: 0.1596 bal_acc: 0.99 acc: 0.99 | val loss: 0.3044 bal_loss: 0.2575 bal_acc: 0.89 acc: 0.86
fold=3 label=2 | epoch 140 | train loss: 0.1910 bal_acc: 0.95 acc: 0.95 | val loss: 0.2933 bal_loss: 0.2399 bal_acc: 0.89 acc: 0.86
fold=3 label=2 | epoch 150 | train loss: 0.1902 bal_acc: 0.96 acc: 0.96 | val loss: 0.2841 bal_loss: 0.2389 bal_acc: 0.90 acc: 0.88
fold=3 label=2 | epoch 160 | train loss: 0.1731 bal_acc: 0.95 acc: 0.95 | val loss: 0.2895 bal_loss: 0.2412 bal_acc: 0.89 acc: 0.86
fold=3 label=2 | epoch 170 | train loss: 0.1519 bal_acc: 0.96 acc: 0.96 | val loss: 0.2746 bal_loss: 0.2319 bal_acc: 0.90 acc: 0.88
fold=3 label=2 | epoch 180 | train loss: 0.1118 bal_acc: 0.99 acc: 0.99 | val loss: 0.2828 bal_loss: 0.2326 bal_acc: 0.89 acc: 0.86
fold=3 label=2 | epoch 190 | train loss: 0.1350 bal_acc: 0.97 acc: 0.97 | val loss: 0.2670 bal_loss: 0.2253 bal_acc: 0.90 acc: 0.88
fold=3 label=2 | epoch 200 | train loss: 0.1070 bal_acc: 0.98 acc: 0.98 | val loss: 0.3035 bal_loss: 0.2341 bal_acc: 0.88 acc: 0.85

fold=3 label=1_vs_3
Binary labels: class0=label1 class1=label3
Binary label distribution:
  train: class0=48 class1=48 total=96
  val:   class0=16 class1=16 total=32
  test:  class0=16 class1=16 total=32
Original labels in this split:
  train: label0=0 label1=48 label2=0 label3=48 label4=0 total=96
  val:   label0=0 label1=16 label2=0 label3=16 label4=0 total=32
  test:  label0=0 label1=16 label2=0 label3=16 label4=0 total=32
fold=3 label=1_vs_3 | epoch 001 | train loss: 0.7847 bal_acc: 0.51 acc: 0.49 | val loss: 0.6959 bal_loss: 0.6959 bal_acc: 0.50 acc: 0.50
fold=3 label=1_vs_3 | epoch 010 | train loss: 0.5997 bal_acc: 0.71 acc: 0.71 | val loss: 0.6644 bal_loss: 0.6644 bal_acc: 0.75 acc: 0.75
fold=3 label=1_vs_3 | epoch 020 | train loss: 0.5765 bal_acc: 0.75 acc: 0.74 | val loss: 0.6203 bal_loss: 0.6203 bal_acc: 0.78 acc: 0.78
fold=3 label=1_vs_3 | epoch 030 | train loss: 0.5062 bal_acc: 0.78 acc: 0.78 | val loss: 0.5755 bal_loss: 0.5755 bal_acc: 0.78 acc: 0.78
fold=3 label=1_vs_3 | epoch 040 | train loss: 0.4645 bal_acc: 0.79 acc: 0.78 | val loss: 0.5231 bal_loss: 0.5231 bal_acc: 0.78 acc: 0.78
fold=3 label=1_vs_3 | epoch 050 | train loss: 0.4501 bal_acc: 0.84 acc: 0.84 | val loss: 0.4688 bal_loss: 0.4688 bal_acc: 0.78 acc: 0.78
fold=3 label=1_vs_3 | epoch 060 | train loss: 0.3554 bal_acc: 0.89 acc: 0.90 | val loss: 0.4240 bal_loss: 0.4240 bal_acc: 0.78 acc: 0.78
fold=3 label=1_vs_3 | epoch 070 | train loss: 0.4096 bal_acc: 0.83 acc: 0.82 | val loss: 0.3933 bal_loss: 0.3933 bal_acc: 0.78 acc: 0.78
fold=3 label=1_vs_3 | epoch 080 | train loss: 0.3373 bal_acc: 0.87 acc: 0.88 | val loss: 0.3704 bal_loss: 0.3704 bal_acc: 0.78 acc: 0.78
fold=3 label=1_vs_3 | epoch 090 | train loss: 0.4156 bal_acc: 0.83 acc: 0.82 | val loss: 0.3550 bal_loss: 0.3550 bal_acc: 0.78 acc: 0.78
fold=3 label=1_vs_3 | epoch 100 | train loss: 0.3894 bal_acc: 0.85 acc: 0.84 | val loss: 0.3411 bal_loss: 0.3411 bal_acc: 0.81 acc: 0.81
fold=3 label=1_vs_3 | epoch 110 | train loss: 0.2981 bal_acc: 0.86 acc: 0.86 | val loss: 0.3338 bal_loss: 0.3338 bal_acc: 0.81 acc: 0.81
fold=3 label=1_vs_3 | epoch 120 | train loss: 0.3180 bal_acc: 0.88 acc: 0.88 | val loss: 0.3277 bal_loss: 0.3277 bal_acc: 0.84 acc: 0.84
fold=3 label=1_vs_3 | epoch 130 | train loss: 0.4011 bal_acc: 0.81 acc: 0.78 | val loss: 0.3189 bal_loss: 0.3189 bal_acc: 0.81 acc: 0.81
fold=3 label=1_vs_3 | epoch 140 | train loss: 0.3979 bal_acc: 0.84 acc: 0.83 | val loss: 0.3125 bal_loss: 0.3125 bal_acc: 0.81 acc: 0.81
fold=3 label=1_vs_3 | epoch 150 | train loss: 0.3649 bal_acc: 0.88 acc: 0.88 | val loss: 0.3118 bal_loss: 0.3118 bal_acc: 0.84 acc: 0.84
fold=3 label=1_vs_3 | epoch 160 | train loss: 0.3342 bal_acc: 0.86 acc: 0.86 | val loss: 0.3169 bal_loss: 0.3169 bal_acc: 0.84 acc: 0.84
fold=3 label=1_vs_3 | epoch 170 | train loss: 0.2559 bal_acc: 0.92 acc: 0.92 | val loss: 0.3052 bal_loss: 0.3052 bal_acc: 0.84 acc: 0.84
fold=3 label=1_vs_3 | epoch 180 | train loss: 0.2526 bal_acc: 0.91 acc: 0.91 | val loss: 0.3040 bal_loss: 0.3040 bal_acc: 0.84 acc: 0.84
fold=3 label=1_vs_3 | epoch 190 | train loss: 0.2645 bal_acc: 0.92 acc: 0.91 | val loss: 0.2974 bal_loss: 0.2974 bal_acc: 0.84 acc: 0.84
fold=3 label=1_vs_3 | epoch 200 | train loss: 0.2385 bal_acc: 0.94 acc: 0.94 | val loss: 0.2851 bal_loss: 0.2851 bal_acc: 0.84 acc: 0.84

--- fold 4/5: train=240 val=80 test=80 ---

fold=4 label=0
Binary label distribution:
  train: class0=48 class1=192 total=240
  val:   class0=16 class1=64 total=80
  test:  class0=16 class1=64 total=80
Original labels in this split:
  train: label0=48 label1=48 label2=48 label3=48 label4=48 total=240
  val:   label0=16 label1=16 label2=16 label3=16 label4=16 total=80
  test:  label0=16 label1=16 label2=16 label3=16 label4=16 total=80
fold=4 label=0 | epoch 001 | train loss: 0.6831 bal_acc: 0.60 acc: 0.60 | val loss: 0.6773 bal_loss: 0.6832 bal_acc: 0.65 acc: 0.66
fold=4 label=0 | epoch 010 | train loss: 0.6033 bal_acc: 0.68 acc: 0.68 | val loss: 0.6207 bal_loss: 0.6516 bal_acc: 0.67 acc: 0.70
fold=4 label=0 | epoch 020 | train loss: 0.5250 bal_acc: 0.76 acc: 0.76 | val loss: 0.5826 bal_loss: 0.6305 bal_acc: 0.68 acc: 0.71
fold=4 label=0 | epoch 030 | train loss: 0.5074 bal_acc: 0.77 acc: 0.77 | val loss: 0.5589 bal_loss: 0.6013 bal_acc: 0.72 acc: 0.74
fold=4 label=0 | epoch 040 | train loss: 0.4790 bal_acc: 0.81 acc: 0.80 | val loss: 0.5474 bal_loss: 0.6012 bal_acc: 0.74 acc: 0.78
fold=4 label=0 | epoch 050 | train loss: 0.4841 bal_acc: 0.79 acc: 0.79 | val loss: 0.5134 bal_loss: 0.5837 bal_acc: 0.73 acc: 0.76
fold=4 label=0 | epoch 060 | train loss: 0.4409 bal_acc: 0.81 acc: 0.81 | val loss: 0.5065 bal_loss: 0.5639 bal_acc: 0.76 acc: 0.76
fold=4 label=0 | epoch 070 | train loss: 0.4290 bal_acc: 0.86 acc: 0.86 | val loss: 0.4766 bal_loss: 0.5621 bal_acc: 0.74 acc: 0.78
fold=4 label=0 | epoch 080 | train loss: 0.4203 bal_acc: 0.84 acc: 0.84 | val loss: 0.4720 bal_loss: 0.5466 bal_acc: 0.74 acc: 0.78
fold=4 label=0 | epoch 090 | train loss: 0.4029 bal_acc: 0.84 acc: 0.84 | val loss: 0.4567 bal_loss: 0.5297 bal_acc: 0.73 acc: 0.75
fold=4 label=0 | epoch 100 | train loss: 0.3846 bal_acc: 0.84 acc: 0.84 | val loss: 0.4424 bal_loss: 0.5191 bal_acc: 0.74 acc: 0.78
fold=4 label=0 | epoch 110 | train loss: 0.3331 bal_acc: 0.88 acc: 0.88 | val loss: 0.4303 bal_loss: 0.5003 bal_acc: 0.74 acc: 0.78
fold=4 label=0 | epoch 120 | train loss: 0.3569 bal_acc: 0.87 acc: 0.86 | val loss: 0.4267 bal_loss: 0.4864 bal_acc: 0.77 acc: 0.79
fold=4 label=0 | epoch 130 | train loss: 0.3043 bal_acc: 0.89 acc: 0.89 | val loss: 0.4143 bal_loss: 0.4834 bal_acc: 0.77 acc: 0.79
fold=4 label=0 | epoch 140 | train loss: 0.2649 bal_acc: 0.93 acc: 0.93 | val loss: 0.4046 bal_loss: 0.4534 bal_acc: 0.80 acc: 0.79
fold=4 label=0 | epoch 150 | train loss: 0.2666 bal_acc: 0.94 acc: 0.94 | val loss: 0.3840 bal_loss: 0.4477 bal_acc: 0.81 acc: 0.81
fold=4 label=0 | epoch 160 | train loss: 0.2727 bal_acc: 0.91 acc: 0.91 | val loss: 0.3823 bal_loss: 0.4475 bal_acc: 0.81 acc: 0.81
fold=4 label=0 | epoch 170 | train loss: 0.2848 bal_acc: 0.91 acc: 0.91 | val loss: 0.3612 bal_loss: 0.4245 bal_acc: 0.82 acc: 0.82
fold=4 label=0 | epoch 180 | train loss: 0.2528 bal_acc: 0.92 acc: 0.92 | val loss: 0.3467 bal_loss: 0.4266 bal_acc: 0.82 acc: 0.82
fold=4 label=0 | epoch 190 | train loss: 0.2472 bal_acc: 0.91 acc: 0.91 | val loss: 0.3471 bal_loss: 0.3968 bal_acc: 0.78 acc: 0.80
fold=4 label=0 | epoch 200 | train loss: 0.1903 bal_acc: 0.97 acc: 0.97 | val loss: 0.3410 bal_loss: 0.3925 bal_acc: 0.80 acc: 0.80

fold=4 label=2
Binary label distribution:
  train: class0=48 class1=192 total=240
  val:   class0=16 class1=64 total=80
  test:  class0=16 class1=64 total=80
Original labels in this split:
  train: label0=48 label1=48 label2=48 label3=48 label4=48 total=240
  val:   label0=16 label1=16 label2=16 label3=16 label4=16 total=80
  test:  label0=16 label1=16 label2=16 label3=16 label4=16 total=80
fold=4 label=2 | epoch 001 | train loss: 0.7165 bal_acc: 0.53 acc: 0.53 | val loss: 0.6850 bal_loss: 0.6888 bal_acc: 0.58 acc: 0.66
fold=4 label=2 | epoch 010 | train loss: 0.5824 bal_acc: 0.73 acc: 0.73 | val loss: 0.6503 bal_loss: 0.6296 bal_acc: 0.73 acc: 0.72
fold=4 label=2 | epoch 020 | train loss: 0.5194 bal_acc: 0.75 acc: 0.75 | val loss: 0.5835 bal_loss: 0.5231 bal_acc: 0.79 acc: 0.74
fold=4 label=2 | epoch 030 | train loss: 0.4574 bal_acc: 0.84 acc: 0.85 | val loss: 0.5834 bal_loss: 0.5025 bal_acc: 0.76 acc: 0.69
fold=4 label=2 | epoch 040 | train loss: 0.4424 bal_acc: 0.81 acc: 0.81 | val loss: 0.4732 bal_loss: 0.4208 bal_acc: 0.84 acc: 0.79
fold=4 label=2 | epoch 050 | train loss: 0.3889 bal_acc: 0.86 acc: 0.86 | val loss: 0.4081 bal_loss: 0.3621 bal_acc: 0.89 acc: 0.86
fold=4 label=2 | epoch 060 | train loss: 0.3813 bal_acc: 0.86 acc: 0.86 | val loss: 0.3351 bal_loss: 0.2994 bal_acc: 0.94 acc: 0.90
fold=4 label=2 | epoch 070 | train loss: 0.3227 bal_acc: 0.88 acc: 0.88 | val loss: 0.2638 bal_loss: 0.2446 bal_acc: 0.95 acc: 0.91
fold=4 label=2 | epoch 080 | train loss: 0.3005 bal_acc: 0.90 acc: 0.90 | val loss: 0.2262 bal_loss: 0.2033 bal_acc: 0.95 acc: 0.93
fold=4 label=2 | epoch 090 | train loss: 0.2528 bal_acc: 0.93 acc: 0.93 | val loss: 0.2159 bal_loss: 0.1991 bal_acc: 0.95 acc: 0.93
fold=4 label=2 | epoch 100 | train loss: 0.2223 bal_acc: 0.93 acc: 0.93 | val loss: 0.1943 bal_loss: 0.1768 bal_acc: 0.96 acc: 0.94
fold=4 label=2 | epoch 110 | train loss: 0.2181 bal_acc: 0.93 acc: 0.93 | val loss: 0.1855 bal_loss: 0.1695 bal_acc: 0.95 acc: 0.93
fold=4 label=2 | epoch 120 | train loss: 0.2194 bal_acc: 0.93 acc: 0.93 | val loss: 0.1584 bal_loss: 0.1450 bal_acc: 0.98 acc: 0.96
fold=4 label=2 | epoch 130 | train loss: 0.2087 bal_acc: 0.95 acc: 0.95 | val loss: 0.1490 bal_loss: 0.1331 bal_acc: 0.97 acc: 0.95
fold=4 label=2 | epoch 140 | train loss: 0.1530 bal_acc: 0.97 acc: 0.97 | val loss: 0.1352 bal_loss: 0.1150 bal_acc: 0.98 acc: 0.97
fold=4 label=2 | epoch 150 | train loss: 0.1923 bal_acc: 0.93 acc: 0.93 | val loss: 0.1334 bal_loss: 0.1204 bal_acc: 0.97 acc: 0.95
fold=4 label=2 | epoch 160 | train loss: 0.1670 bal_acc: 0.95 acc: 0.95 | val loss: 0.1247 bal_loss: 0.1256 bal_acc: 0.98 acc: 0.96
fold=4 label=2 | epoch 170 | train loss: 0.1670 bal_acc: 0.95 acc: 0.95 | val loss: 0.1179 bal_loss: 0.1157 bal_acc: 0.99 acc: 0.99
fold=4 label=2 | epoch 180 | train loss: 0.1346 bal_acc: 0.97 acc: 0.97 | val loss: 0.1140 bal_loss: 0.0952 bal_acc: 0.97 acc: 0.95
fold=4 label=2 | epoch 190 | train loss: 0.1538 bal_acc: 0.94 acc: 0.94 | val loss: 0.0960 bal_loss: 0.0835 bal_acc: 1.00 acc: 1.00
fold=4 label=2 | epoch 200 | train loss: 0.1099 bal_acc: 0.97 acc: 0.97 | val loss: 0.0947 bal_loss: 0.0803 bal_acc: 1.00 acc: 1.00

fold=4 label=1_vs_3
Binary labels: class0=label1 class1=label3
Binary label distribution:
  train: class0=48 class1=48 total=96
  val:   class0=16 class1=16 total=32
  test:  class0=16 class1=16 total=32
Original labels in this split:
  train: label0=0 label1=48 label2=0 label3=48 label4=0 total=96
  val:   label0=0 label1=16 label2=0 label3=16 label4=0 total=32
  test:  label0=0 label1=16 label2=0 label3=16 label4=0 total=32
fold=4 label=1_vs_3 | epoch 001 | train loss: 0.7731 bal_acc: 0.46 acc: 0.44 | val loss: 0.6973 bal_loss: 0.6973 bal_acc: 0.53 acc: 0.53
fold=4 label=1_vs_3 | epoch 010 | train loss: 0.6442 bal_acc: 0.62 acc: 0.60 | val loss: 0.6569 bal_loss: 0.6569 bal_acc: 0.88 acc: 0.88
fold=4 label=1_vs_3 | epoch 020 | train loss: 0.4998 bal_acc: 0.79 acc: 0.81 | val loss: 0.6028 bal_loss: 0.6028 bal_acc: 0.94 acc: 0.94
fold=4 label=1_vs_3 | epoch 030 | train loss: 0.4970 bal_acc: 0.78 acc: 0.77 | val loss: 0.5490 bal_loss: 0.5490 bal_acc: 0.94 acc: 0.94
fold=4 label=1_vs_3 | epoch 040 | train loss: 0.4354 bal_acc: 0.86 acc: 0.86 | val loss: 0.4810 bal_loss: 0.4810 bal_acc: 0.94 acc: 0.94
fold=4 label=1_vs_3 | epoch 050 | train loss: 0.4356 bal_acc: 0.78 acc: 0.78 | val loss: 0.4184 bal_loss: 0.4184 bal_acc: 0.94 acc: 0.94
fold=4 label=1_vs_3 | epoch 060 | train loss: 0.3898 bal_acc: 0.87 acc: 0.88 | val loss: 0.3916 bal_loss: 0.3916 bal_acc: 0.91 acc: 0.91
fold=4 label=1_vs_3 | epoch 070 | train loss: 0.4009 bal_acc: 0.88 acc: 0.84 | val loss: 0.3519 bal_loss: 0.3519 bal_acc: 0.91 acc: 0.91
fold=4 label=1_vs_3 | epoch 080 | train loss: 0.3537 bal_acc: 0.88 acc: 0.88 | val loss: 0.3174 bal_loss: 0.3174 bal_acc: 0.91 acc: 0.91
fold=4 label=1_vs_3 | epoch 090 | train loss: 0.3432 bal_acc: 0.91 acc: 0.91 | val loss: 0.3216 bal_loss: 0.3216 bal_acc: 0.91 acc: 0.91
fold=4 label=1_vs_3 | epoch 100 | train loss: 0.3347 bal_acc: 0.87 acc: 0.88 | val loss: 0.2919 bal_loss: 0.2919 bal_acc: 0.91 acc: 0.91
fold=4 label=1_vs_3 | epoch 110 | train loss: 0.2871 bal_acc: 0.95 acc: 0.94 | val loss: 0.2801 bal_loss: 0.2801 bal_acc: 0.91 acc: 0.91
fold=4 label=1_vs_3 | epoch 120 | train loss: 0.2789 bal_acc: 0.95 acc: 0.95 | val loss: 0.2715 bal_loss: 0.2715 bal_acc: 0.91 acc: 0.91
fold=4 label=1_vs_3 | epoch 130 | train loss: 0.2935 bal_acc: 0.92 acc: 0.92 | val loss: 0.2763 bal_loss: 0.2763 bal_acc: 0.91 acc: 0.91
fold=4 label=1_vs_3 | epoch 140 | train loss: 0.2965 bal_acc: 0.90 acc: 0.90 | val loss: 0.2703 bal_loss: 0.2703 bal_acc: 0.91 acc: 0.91
fold=4 label=1_vs_3 | epoch 150 | train loss: 0.3252 bal_acc: 0.87 acc: 0.88 | val loss: 0.2585 bal_loss: 0.2585 bal_acc: 0.91 acc: 0.91
fold=4 label=1_vs_3 | epoch 160 | train loss: 0.2422 bal_acc: 0.93 acc: 0.94 | val loss: 0.2669 bal_loss: 0.2669 bal_acc: 0.91 acc: 0.91
fold=4 label=1_vs_3 | epoch 170 | train loss: 0.2915 bal_acc: 0.87 acc: 0.88 | val loss: 0.2597 bal_loss: 0.2597 bal_acc: 0.91 acc: 0.91
fold=4 label=1_vs_3 | epoch 180 | train loss: 0.2055 bal_acc: 0.96 acc: 0.96 | val loss: 0.2406 bal_loss: 0.2406 bal_acc: 0.91 acc: 0.91
fold=4 label=1_vs_3 | epoch 190 | train loss: 0.2505 bal_acc: 0.91 acc: 0.92 | val loss: 0.2615 bal_loss: 0.2615 bal_acc: 0.91 acc: 0.91
fold=4 label=1_vs_3 | epoch 200 | train loss: 0.2290 bal_acc: 0.94 acc: 0.94 | val loss: 0.2655 bal_loss: 0.2655 bal_acc: 0.91 acc: 0.91

--- fold 5/5: train=240 val=80 test=80 ---

fold=5 label=0
Binary label distribution:
  train: class0=48 class1=192 total=240
  val:   class0=16 class1=64 total=80
  test:  class0=16 class1=64 total=80
Original labels in this split:
  train: label0=48 label1=48 label2=48 label3=48 label4=48 total=240
  val:   label0=16 label1=16 label2=16 label3=16 label4=16 total=80
  test:  label0=16 label1=16 label2=16 label3=16 label4=16 total=80
fold=5 label=0 | epoch 001 | train loss: 0.6858 bal_acc: 0.55 acc: 0.55 | val loss: 0.6719 bal_loss: 0.6761 bal_acc: 0.70 acc: 0.74
fold=5 label=0 | epoch 010 | train loss: 0.5769 bal_acc: 0.70 acc: 0.70 | val loss: 0.5943 bal_loss: 0.6112 bal_acc: 0.70 acc: 0.75
fold=5 label=0 | epoch 020 | train loss: 0.5142 bal_acc: 0.75 acc: 0.75 | val loss: 0.5248 bal_loss: 0.5414 bal_acc: 0.80 acc: 0.80
fold=5 label=0 | epoch 030 | train loss: 0.5284 bal_acc: 0.73 acc: 0.73 | val loss: 0.4814 bal_loss: 0.4826 bal_acc: 0.78 acc: 0.76
fold=5 label=0 | epoch 040 | train loss: 0.4740 bal_acc: 0.74 acc: 0.74 | val loss: 0.4596 bal_loss: 0.4536 bal_acc: 0.82 acc: 0.79
fold=5 label=0 | epoch 050 | train loss: 0.4891 bal_acc: 0.72 acc: 0.73 | val loss: 0.4460 bal_loss: 0.4317 bal_acc: 0.81 acc: 0.78
fold=5 label=0 | epoch 060 | train loss: 0.4807 bal_acc: 0.74 acc: 0.74 | val loss: 0.4073 bal_loss: 0.4010 bal_acc: 0.84 acc: 0.81
fold=5 label=0 | epoch 070 | train loss: 0.4567 bal_acc: 0.78 acc: 0.78 | val loss: 0.3937 bal_loss: 0.3878 bal_acc: 0.84 acc: 0.82
fold=5 label=0 | epoch 080 | train loss: 0.3970 bal_acc: 0.83 acc: 0.83 | val loss: 0.3791 bal_loss: 0.3717 bal_acc: 0.84 acc: 0.82
fold=5 label=0 | epoch 090 | train loss: 0.3888 bal_acc: 0.83 acc: 0.83 | val loss: 0.3586 bal_loss: 0.3579 bal_acc: 0.85 acc: 0.84
fold=5 label=0 | epoch 100 | train loss: 0.3861 bal_acc: 0.85 acc: 0.85 | val loss: 0.3774 bal_loss: 0.3528 bal_acc: 0.84 acc: 0.82
fold=5 label=0 | epoch 110 | train loss: 0.3354 bal_acc: 0.88 acc: 0.88 | val loss: 0.3481 bal_loss: 0.3394 bal_acc: 0.88 acc: 0.88
fold=5 label=0 | epoch 120 | train loss: 0.3617 bal_acc: 0.84 acc: 0.84 | val loss: 0.3324 bal_loss: 0.3235 bal_acc: 0.87 acc: 0.86
fold=5 label=0 | epoch 130 | train loss: 0.3084 bal_acc: 0.91 acc: 0.90 | val loss: 0.2981 bal_loss: 0.3004 bal_acc: 0.88 acc: 0.88
fold=5 label=0 | epoch 140 | train loss: 0.2876 bal_acc: 0.88 acc: 0.87 | val loss: 0.2794 bal_loss: 0.2872 bal_acc: 0.88 acc: 0.89
fold=5 label=0 | epoch 150 | train loss: 0.3329 bal_acc: 0.87 acc: 0.87 | val loss: 0.2786 bal_loss: 0.2719 bal_acc: 0.95 acc: 0.91
fold=5 label=0 | epoch 160 | train loss: 0.2856 bal_acc: 0.89 acc: 0.89 | val loss: 0.2614 bal_loss: 0.2622 bal_acc: 0.94 acc: 0.94
fold=5 label=0 | epoch 170 | train loss: 0.3022 bal_acc: 0.89 acc: 0.88 | val loss: 0.2415 bal_loss: 0.2464 bal_acc: 0.92 acc: 0.91
fold=5 label=0 | epoch 180 | train loss: 0.2663 bal_acc: 0.90 acc: 0.90 | val loss: 0.2432 bal_loss: 0.2362 bal_acc: 0.94 acc: 0.94
fold=5 label=0 | epoch 190 | train loss: 0.2085 bal_acc: 0.94 acc: 0.94 | val loss: 0.2264 bal_loss: 0.2179 bal_acc: 0.97 acc: 0.95
fold=5 label=0 | epoch 200 | train loss: 0.2151 bal_acc: 0.94 acc: 0.94 | val loss: 0.2080 bal_loss: 0.2139 bal_acc: 0.95 acc: 0.95

fold=5 label=2
Binary label distribution:
  train: class0=48 class1=192 total=240
  val:   class0=16 class1=64 total=80
  test:  class0=16 class1=64 total=80
Original labels in this split:
  train: label0=48 label1=48 label2=48 label3=48 label4=48 total=240
  val:   label0=16 label1=16 label2=16 label3=16 label4=16 total=80
  test:  label0=16 label1=16 label2=16 label3=16 label4=16 total=80
fold=5 label=2 | epoch 001 | train loss: 0.7032 bal_acc: 0.58 acc: 0.58 | val loss: 0.6857 bal_loss: 0.6945 bal_acc: 0.51 acc: 0.66
fold=5 label=2 | epoch 010 | train loss: 0.5409 bal_acc: 0.75 acc: 0.75 | val loss: 0.6487 bal_loss: 0.6605 bal_acc: 0.65 acc: 0.70
fold=5 label=2 | epoch 020 | train loss: 0.4786 bal_acc: 0.80 acc: 0.80 | val loss: 0.5816 bal_loss: 0.5950 bal_acc: 0.69 acc: 0.72
fold=5 label=2 | epoch 030 | train loss: 0.3980 bal_acc: 0.86 acc: 0.86 | val loss: 0.5575 bal_loss: 0.5549 bal_acc: 0.71 acc: 0.69
fold=5 label=2 | epoch 040 | train loss: 0.3901 bal_acc: 0.85 acc: 0.85 | val loss: 0.5209 bal_loss: 0.5232 bal_acc: 0.76 acc: 0.76
fold=5 label=2 | epoch 050 | train loss: 0.3293 bal_acc: 0.90 acc: 0.90 | val loss: 0.4641 bal_loss: 0.4874 bal_acc: 0.76 acc: 0.76
fold=5 label=2 | epoch 060 | train loss: 0.2896 bal_acc: 0.89 acc: 0.89 | val loss: 0.4307 bal_loss: 0.4443 bal_acc: 0.74 acc: 0.78
fold=5 label=2 | epoch 070 | train loss: 0.2629 bal_acc: 0.90 acc: 0.90 | val loss: 0.3868 bal_loss: 0.4179 bal_acc: 0.73 acc: 0.80
fold=5 label=2 | epoch 080 | train loss: 0.2884 bal_acc: 0.90 acc: 0.90 | val loss: 0.3722 bal_loss: 0.3949 bal_acc: 0.77 acc: 0.81
fold=5 label=2 | epoch 090 | train loss: 0.2288 bal_acc: 0.91 acc: 0.91 | val loss: 0.3595 bal_loss: 0.3741 bal_acc: 0.80 acc: 0.82
fold=5 label=2 | epoch 100 | train loss: 0.2045 bal_acc: 0.92 acc: 0.92 | val loss: 0.3610 bal_loss: 0.3578 bal_acc: 0.80 acc: 0.82
fold=5 label=2 | epoch 110 | train loss: 0.2001 bal_acc: 0.92 acc: 0.92 | val loss: 0.3353 bal_loss: 0.3387 bal_acc: 0.81 acc: 0.85
fold=5 label=2 | epoch 120 | train loss: 0.1884 bal_acc: 0.93 acc: 0.93 | val loss: 0.3281 bal_loss: 0.3346 bal_acc: 0.84 acc: 0.86
fold=5 label=2 | epoch 130 | train loss: 0.1587 bal_acc: 0.96 acc: 0.96 | val loss: 0.3213 bal_loss: 0.3234 bal_acc: 0.84 acc: 0.86
fold=5 label=2 | epoch 140 | train loss: 0.1642 bal_acc: 0.96 acc: 0.96 | val loss: 0.3314 bal_loss: 0.3228 bal_acc: 0.84 acc: 0.86
fold=5 label=2 | epoch 150 | train loss: 0.1478 bal_acc: 0.95 acc: 0.95 | val loss: 0.2938 bal_loss: 0.3041 bal_acc: 0.85 acc: 0.88
fold=5 label=2 | epoch 160 | train loss: 0.1537 bal_acc: 0.96 acc: 0.96 | val loss: 0.2930 bal_loss: 0.3051 bal_acc: 0.85 acc: 0.88
fold=5 label=2 | epoch 170 | train loss: 0.1283 bal_acc: 0.96 acc: 0.96 | val loss: 0.2840 bal_loss: 0.2984 bal_acc: 0.86 acc: 0.89
fold=5 label=2 | epoch 180 | train loss: 0.1323 bal_acc: 0.96 acc: 0.95 | val loss: 0.2783 bal_loss: 0.2996 bal_acc: 0.86 acc: 0.89
fold=5 label=2 | epoch 190 | train loss: 0.1155 bal_acc: 0.97 acc: 0.97 | val loss: 0.2968 bal_loss: 0.2946 bal_acc: 0.85 acc: 0.88
fold=5 label=2 | epoch 200 | train loss: 0.1087 bal_acc: 0.97 acc: 0.97 | val loss: 0.2941 bal_loss: 0.2999 bal_acc: 0.84 acc: 0.86

fold=5 label=1_vs_3
Binary labels: class0=label1 class1=label3
Binary label distribution:
  train: class0=48 class1=48 total=96
  val:   class0=16 class1=16 total=32
  test:  class0=16 class1=16 total=32
Original labels in this split:
  train: label0=0 label1=48 label2=0 label3=48 label4=0 total=96
  val:   label0=0 label1=16 label2=0 label3=16 label4=0 total=32
  test:  label0=0 label1=16 label2=0 label3=16 label4=0 total=32
fold=5 label=1_vs_3 | epoch 001 | train loss: 0.7298 bal_acc: 0.47 acc: 0.49 | val loss: 0.7033 bal_loss: 0.7033 bal_acc: 0.44 acc: 0.44
fold=5 label=1_vs_3 | epoch 010 | train loss: 0.5950 bal_acc: 0.69 acc: 0.70 | val loss: 0.6623 bal_loss: 0.6623 bal_acc: 0.81 acc: 0.81
fold=5 label=1_vs_3 | epoch 020 | train loss: 0.5122 bal_acc: 0.82 acc: 0.81 | val loss: 0.6099 bal_loss: 0.6099 bal_acc: 0.81 acc: 0.81
fold=5 label=1_vs_3 | epoch 030 | train loss: 0.5167 bal_acc: 0.77 acc: 0.76 | val loss: 0.5470 bal_loss: 0.5470 bal_acc: 0.78 acc: 0.78
fold=5 label=1_vs_3 | epoch 040 | train loss: 0.4808 bal_acc: 0.79 acc: 0.78 | val loss: 0.4854 bal_loss: 0.4854 bal_acc: 0.81 acc: 0.81
fold=5 label=1_vs_3 | epoch 050 | train loss: 0.4716 bal_acc: 0.81 acc: 0.81 | val loss: 0.4294 bal_loss: 0.4294 bal_acc: 0.84 acc: 0.84
fold=5 label=1_vs_3 | epoch 060 | train loss: 0.3661 bal_acc: 0.86 acc: 0.86 | val loss: 0.3829 bal_loss: 0.3829 bal_acc: 0.84 acc: 0.84
fold=5 label=1_vs_3 | epoch 070 | train loss: 0.3933 bal_acc: 0.88 acc: 0.88 | val loss: 0.3501 bal_loss: 0.3501 bal_acc: 0.84 acc: 0.84
fold=5 label=1_vs_3 | epoch 080 | train loss: 0.3243 bal_acc: 0.86 acc: 0.85 | val loss: 0.3276 bal_loss: 0.3276 bal_acc: 0.91 acc: 0.91
fold=5 label=1_vs_3 | epoch 090 | train loss: 0.3746 bal_acc: 0.81 acc: 0.82 | val loss: 0.3078 bal_loss: 0.3078 bal_acc: 0.91 acc: 0.91
fold=5 label=1_vs_3 | epoch 100 | train loss: 0.3094 bal_acc: 0.88 acc: 0.89 | val loss: 0.2945 bal_loss: 0.2945 bal_acc: 0.91 acc: 0.91
fold=5 label=1_vs_3 | epoch 110 | train loss: 0.3364 bal_acc: 0.88 acc: 0.88 | val loss: 0.2851 bal_loss: 0.2851 bal_acc: 0.91 acc: 0.91
fold=5 label=1_vs_3 | epoch 120 | train loss: 0.3270 bal_acc: 0.88 acc: 0.88 | val loss: 0.2782 bal_loss: 0.2782 bal_acc: 0.91 acc: 0.91
fold=5 label=1_vs_3 | epoch 130 | train loss: 0.2790 bal_acc: 0.91 acc: 0.91 | val loss: 0.2701 bal_loss: 0.2701 bal_acc: 0.94 acc: 0.94
fold=5 label=1_vs_3 | epoch 140 | train loss: 0.2680 bal_acc: 0.89 acc: 0.90 | val loss: 0.2635 bal_loss: 0.2635 bal_acc: 0.94 acc: 0.94
fold=5 label=1_vs_3 | epoch 150 | train loss: 0.2543 bal_acc: 0.91 acc: 0.91 | val loss: 0.2544 bal_loss: 0.2544 bal_acc: 0.94 acc: 0.94
fold=5 label=1_vs_3 | epoch 160 | train loss: 0.2430 bal_acc: 0.92 acc: 0.92 | val loss: 0.2509 bal_loss: 0.2509 bal_acc: 0.94 acc: 0.94
fold=5 label=1_vs_3 | epoch 170 | train loss: 0.2046 bal_acc: 0.93 acc: 0.94 | val loss: 0.2451 bal_loss: 0.2451 bal_acc: 0.94 acc: 0.94
fold=5 label=1_vs_3 | epoch 180 | train loss: 0.2474 bal_acc: 0.95 acc: 0.94 | val loss: 0.2371 bal_loss: 0.2371 bal_acc: 0.94 acc: 0.94
fold=5 label=1_vs_3 | epoch 190 | train loss: 0.2276 bal_acc: 0.95 acc: 0.95 | val loss: 0.2332 bal_loss: 0.2332 bal_acc: 0.94 acc: 0.94
fold=5 label=1_vs_3 | epoch 200 | train loss: 0.2481 bal_acc: 0.91 acc: 0.92 | val loss: 0.2238 bal_loss: 0.2238 bal_acc: 0.94 acc: 0.94

5-fold cross-validation summary
y_0: test bal_loss=0.333 +/- 0.058 | bal_acc=0.856 +/- 0.044 | test acc=0.875 +/- 0.032
y_2: test bal_loss=0.243 +/- 0.062 | bal_acc=0.897 +/- 0.036 | test acc=0.895 +/- 0.030
y_1_vs_3: test bal_loss=0.297 +/- 0.047 | bal_acc=0.900 +/- 0.012 | test acc=0.900 +/- 0.012
Cross-validation CSV: ./checkpoints/sub2_yjkim_nogit/v3_sub2_eegnet_all_days/20260628_163852/cross_validation.csv

Saved to: ./checkpoints/sub2_yjkim_nogit/v3_sub2_eegnet_all_days/20260628_163852
