Training configuration
  config=./configs/train_config_v3.json
  model=eegnet
  patient=sub2_yjkim
  day=260623
  data_dir=./data/processed/sub2_yjkim/260623
  input_file=X_eeg.npy
  checkpoint_root=./checkpoints/sub2_yjkim_nogit/v3_sub2_eegnet_all_days
  epochs=200
  batch_size=16
  lr=3e-05
  weight_decay=0.0001
  patience=50
  seed=42
  val_test_ratio=0.2
  weighted_sampler=True
  run_window_diagnostic=False
  window_size=256
  window_stride=128
  balance_rest_to_target=False
  run_5fold_cross_validation=True
  selection_metric=balanced_loss

Loading X_eeg.npy...
Device: cuda | X: (500, 64, 1000) | run: ./checkpoints/sub2_yjkim_nogit/v3_sub2_eegnet_all_days/20260628_165618
Data split: train=300 val=100 test=100
Original label distribution:
  train: label0=60 label1=60 label2=60 label3=60 label4=60 total=300
  val:   label0=20 label1=20 label2=20 label3=20 label4=20 total=100
  test:  label0=20 label1=20 label2=20 label3=20 label4=20 total=100

=== 5-fold cross-validation ===

--- fold 1/5: train=300 val=100 test=100 ---

fold=1 label=0
Binary label distribution:
  train: class0=60 class1=240 total=300
  val:   class0=20 class1=80 total=100
  test:  class0=20 class1=80 total=100
Original labels in this split:
  train: label0=60 label1=60 label2=60 label3=60 label4=60 total=300
  val:   label0=20 label1=20 label2=20 label3=20 label4=20 total=100
  test:  label0=20 label1=20 label2=20 label3=20 label4=20 total=100
fold=1 label=0 | epoch 001 | train loss: 0.7118 bal_acc: 0.53 acc: 0.53 | val loss: 0.6997 bal_loss: 0.6870 bal_acc: 0.52 acc: 0.45
fold=1 label=0 | epoch 010 | train loss: 0.5902 bal_acc: 0.69 acc: 0.69 | val loss: 0.6524 bal_loss: 0.6297 bal_acc: 0.73 acc: 0.63
fold=1 label=0 | epoch 020 | train loss: 0.5065 bal_acc: 0.80 acc: 0.79 | val loss: 0.5755 bal_loss: 0.5188 bal_acc: 0.82 acc: 0.72
fold=1 label=0 | epoch 030 | train loss: 0.4424 bal_acc: 0.82 acc: 0.83 | val loss: 0.5269 bal_loss: 0.4423 bal_acc: 0.84 acc: 0.74
fold=1 label=0 | epoch 040 | train loss: 0.4028 bal_acc: 0.82 acc: 0.82 | val loss: 0.4855 bal_loss: 0.3955 bal_acc: 0.86 acc: 0.78
fold=1 label=0 | epoch 050 | train loss: 0.3984 bal_acc: 0.82 acc: 0.82 | val loss: 0.4425 bal_loss: 0.3536 bal_acc: 0.88 acc: 0.80
fold=1 label=0 | epoch 060 | train loss: 0.3010 bal_acc: 0.93 acc: 0.93 | val loss: 0.4112 bal_loss: 0.3203 bal_acc: 0.89 acc: 0.82
fold=1 label=0 | epoch 070 | train loss: 0.2778 bal_acc: 0.94 acc: 0.93 | val loss: 0.3725 bal_loss: 0.2872 bal_acc: 0.92 acc: 0.87
fold=1 label=0 | epoch 080 | train loss: 0.2659 bal_acc: 0.93 acc: 0.93 | val loss: 0.3381 bal_loss: 0.2563 bal_acc: 0.94 acc: 0.90
fold=1 label=0 | epoch 090 | train loss: 0.2187 bal_acc: 0.94 acc: 0.94 | val loss: 0.3149 bal_loss: 0.2366 bal_acc: 0.94 acc: 0.91
fold=1 label=0 | epoch 100 | train loss: 0.2353 bal_acc: 0.93 acc: 0.93 | val loss: 0.2898 bal_loss: 0.2184 bal_acc: 0.96 acc: 0.93
fold=1 label=0 | epoch 110 | train loss: 0.1779 bal_acc: 0.96 acc: 0.96 | val loss: 0.2647 bal_loss: 0.1993 bal_acc: 0.96 acc: 0.94
fold=1 label=0 | epoch 120 | train loss: 0.1770 bal_acc: 0.95 acc: 0.95 | val loss: 0.2443 bal_loss: 0.1840 bal_acc: 0.96 acc: 0.93
fold=1 label=0 | epoch 130 | train loss: 0.2019 bal_acc: 0.93 acc: 0.93 | val loss: 0.2333 bal_loss: 0.1738 bal_acc: 0.96 acc: 0.93
fold=1 label=0 | epoch 140 | train loss: 0.1610 bal_acc: 0.95 acc: 0.95 | val loss: 0.2182 bal_loss: 0.1644 bal_acc: 0.97 acc: 0.95
fold=1 label=0 | epoch 150 | train loss: 0.1399 bal_acc: 0.95 acc: 0.95 | val loss: 0.1952 bal_loss: 0.1479 bal_acc: 0.97 acc: 0.95
fold=1 label=0 | epoch 160 | train loss: 0.1072 bal_acc: 0.98 acc: 0.98 | val loss: 0.1817 bal_loss: 0.1394 bal_acc: 0.97 acc: 0.95
fold=1 label=0 | epoch 170 | train loss: 0.1260 bal_acc: 0.97 acc: 0.97 | val loss: 0.1788 bal_loss: 0.1359 bal_acc: 0.98 acc: 0.96
fold=1 label=0 | epoch 180 | train loss: 0.1091 bal_acc: 0.97 acc: 0.97 | val loss: 0.1585 bal_loss: 0.1240 bal_acc: 0.97 acc: 0.95
fold=1 label=0 | epoch 190 | train loss: 0.0920 bal_acc: 0.98 acc: 0.98 | val loss: 0.1563 bal_loss: 0.1224 bal_acc: 0.97 acc: 0.95
fold=1 label=0 | epoch 200 | train loss: 0.0819 bal_acc: 0.98 acc: 0.98 | val loss: 0.1415 bal_loss: 0.1104 bal_acc: 0.97 acc: 0.95

fold=1 label=2
Binary label distribution:
  train: class0=60 class1=240 total=300
  val:   class0=20 class1=80 total=100
  test:  class0=20 class1=80 total=100
Original labels in this split:
  train: label0=60 label1=60 label2=60 label3=60 label4=60 total=300
  val:   label0=20 label1=20 label2=20 label3=20 label4=20 total=100
  test:  label0=20 label1=20 label2=20 label3=20 label4=20 total=100
fold=1 label=2 | epoch 001 | train loss: 0.6852 bal_acc: 0.57 acc: 0.57 | val loss: 0.6992 bal_loss: 0.6879 bal_acc: 0.53 acc: 0.46
fold=1 label=2 | epoch 010 | train loss: 0.6135 bal_acc: 0.68 acc: 0.68 | val loss: 0.6545 bal_loss: 0.6536 bal_acc: 0.62 acc: 0.64
fold=1 label=2 | epoch 020 | train loss: 0.5038 bal_acc: 0.80 acc: 0.80 | val loss: 0.5473 bal_loss: 0.5578 bal_acc: 0.72 acc: 0.76
fold=1 label=2 | epoch 030 | train loss: 0.4221 bal_acc: 0.82 acc: 0.82 | val loss: 0.4397 bal_loss: 0.4750 bal_acc: 0.74 acc: 0.80
fold=1 label=2 | epoch 040 | train loss: 0.2933 bal_acc: 0.88 acc: 0.88 | val loss: 0.3813 bal_loss: 0.4342 bal_acc: 0.75 acc: 0.81
fold=1 label=2 | epoch 050 | train loss: 0.2844 bal_acc: 0.89 acc: 0.89 | val loss: 0.3483 bal_loss: 0.4118 bal_acc: 0.77 acc: 0.82
fold=1 label=2 | epoch 060 | train loss: 0.2489 bal_acc: 0.89 acc: 0.89 | val loss: 0.3243 bal_loss: 0.4016 bal_acc: 0.78 acc: 0.83
fold=1 label=2 | epoch 070 | train loss: 0.2195 bal_acc: 0.92 acc: 0.92 | val loss: 0.2984 bal_loss: 0.3858 bal_acc: 0.82 acc: 0.87
fold=1 label=2 | epoch 080 | train loss: 0.2259 bal_acc: 0.91 acc: 0.91 | val loss: 0.2869 bal_loss: 0.3814 bal_acc: 0.79 acc: 0.85
fold=1 label=2 | epoch 090 | train loss: 0.2062 bal_acc: 0.92 acc: 0.92 | val loss: 0.2757 bal_loss: 0.3861 bal_acc: 0.81 acc: 0.88
fold=1 label=2 | epoch 100 | train loss: 0.1527 bal_acc: 0.95 acc: 0.95 | val loss: 0.2672 bal_loss: 0.3799 bal_acc: 0.83 acc: 0.88
fold=1 label=2 | epoch 110 | train loss: 0.1802 bal_acc: 0.94 acc: 0.94 | val loss: 0.2540 bal_loss: 0.3878 bal_acc: 0.82 acc: 0.90
fold=1 label=2 | epoch 120 | train loss: 0.1547 bal_acc: 0.94 acc: 0.94 | val loss: 0.2536 bal_loss: 0.3916 bal_acc: 0.83 acc: 0.91
fold=1 label=2 | epoch 130 | train loss: 0.1278 bal_acc: 0.97 acc: 0.97 | val loss: 0.2444 bal_loss: 0.3916 bal_acc: 0.86 acc: 0.92
fold=1 label=2 | epoch 140 | train loss: 0.1331 bal_acc: 0.96 acc: 0.96 | val loss: 0.2357 bal_loss: 0.3935 bal_acc: 0.88 acc: 0.93

fold=1 label=1_vs_3
Binary labels: class0=label1 class1=label3
Binary label distribution:
  train: class0=60 class1=60 total=120
  val:   class0=20 class1=20 total=40
  test:  class0=20 class1=20 total=40
Original labels in this split:
  train: label0=0 label1=60 label2=0 label3=60 label4=0 total=120
  val:   label0=0 label1=20 label2=0 label3=20 label4=0 total=40
  test:  label0=0 label1=20 label2=0 label3=20 label4=0 total=40
fold=1 label=1_vs_3 | epoch 001 | train loss: 0.7643 bal_acc: 0.45 acc: 0.45 | val loss: 0.6852 bal_loss: 0.6852 bal_acc: 0.62 acc: 0.62
fold=1 label=1_vs_3 | epoch 010 | train loss: 0.6529 bal_acc: 0.67 acc: 0.66 | val loss: 0.6699 bal_loss: 0.6699 bal_acc: 0.65 acc: 0.65
fold=1 label=1_vs_3 | epoch 020 | train loss: 0.5650 bal_acc: 0.79 acc: 0.79 | val loss: 0.6270 bal_loss: 0.6270 bal_acc: 0.80 acc: 0.80
fold=1 label=1_vs_3 | epoch 030 | train loss: 0.5052 bal_acc: 0.85 acc: 0.85 | val loss: 0.5413 bal_loss: 0.5413 bal_acc: 0.88 acc: 0.88
fold=1 label=1_vs_3 | epoch 040 | train loss: 0.4329 bal_acc: 0.87 acc: 0.85 | val loss: 0.4457 bal_loss: 0.4457 bal_acc: 0.90 acc: 0.90
fold=1 label=1_vs_3 | epoch 050 | train loss: 0.3892 bal_acc: 0.86 acc: 0.87 | val loss: 0.3800 bal_loss: 0.3800 bal_acc: 0.93 acc: 0.93
fold=1 label=1_vs_3 | epoch 060 | train loss: 0.3187 bal_acc: 0.92 acc: 0.92 | val loss: 0.3325 bal_loss: 0.3325 bal_acc: 0.93 acc: 0.93
fold=1 label=1_vs_3 | epoch 070 | train loss: 0.3040 bal_acc: 0.93 acc: 0.93 | val loss: 0.3087 bal_loss: 0.3087 bal_acc: 0.93 acc: 0.93
fold=1 label=1_vs_3 | epoch 080 | train loss: 0.2515 bal_acc: 0.90 acc: 0.91 | val loss: 0.2912 bal_loss: 0.2912 bal_acc: 0.93 acc: 0.93
fold=1 label=1_vs_3 | epoch 090 | train loss: 0.2754 bal_acc: 0.91 acc: 0.90 | val loss: 0.2787 bal_loss: 0.2787 bal_acc: 0.93 acc: 0.93
fold=1 label=1_vs_3 | epoch 100 | train loss: 0.1865 bal_acc: 0.95 acc: 0.94 | val loss: 0.2673 bal_loss: 0.2673 bal_acc: 0.93 acc: 0.93
fold=1 label=1_vs_3 | epoch 110 | train loss: 0.2797 bal_acc: 0.87 acc: 0.87 | val loss: 0.2625 bal_loss: 0.2625 bal_acc: 0.90 acc: 0.90
fold=1 label=1_vs_3 | epoch 120 | train loss: 0.2416 bal_acc: 0.91 acc: 0.91 | val loss: 0.2547 bal_loss: 0.2547 bal_acc: 0.90 acc: 0.90
fold=1 label=1_vs_3 | epoch 130 | train loss: 0.2387 bal_acc: 0.92 acc: 0.92 | val loss: 0.2461 bal_loss: 0.2461 bal_acc: 0.90 acc: 0.90
fold=1 label=1_vs_3 | epoch 140 | train loss: 0.1768 bal_acc: 0.96 acc: 0.96 | val loss: 0.2438 bal_loss: 0.2438 bal_acc: 0.90 acc: 0.90
fold=1 label=1_vs_3 | epoch 150 | train loss: 0.2425 bal_acc: 0.92 acc: 0.92 | val loss: 0.2369 bal_loss: 0.2369 bal_acc: 0.90 acc: 0.90
fold=1 label=1_vs_3 | epoch 160 | train loss: 0.1898 bal_acc: 0.93 acc: 0.93 | val loss: 0.2374 bal_loss: 0.2374 bal_acc: 0.90 acc: 0.90
fold=1 label=1_vs_3 | epoch 170 | train loss: 0.1578 bal_acc: 0.95 acc: 0.95 | val loss: 0.2405 bal_loss: 0.2405 bal_acc: 0.90 acc: 0.90
fold=1 label=1_vs_3 | epoch 180 | train loss: 0.1742 bal_acc: 0.93 acc: 0.93 | val loss: 0.2380 bal_loss: 0.2380 bal_acc: 0.90 acc: 0.90
fold=1 label=1_vs_3 | epoch 190 | train loss: 0.1434 bal_acc: 0.95 acc: 0.95 | val loss: 0.2386 bal_loss: 0.2386 bal_acc: 0.90 acc: 0.90
fold=1 label=1_vs_3 | epoch 200 | train loss: 0.1173 bal_acc: 0.98 acc: 0.98 | val loss: 0.2317 bal_loss: 0.2317 bal_acc: 0.88 acc: 0.88

--- fold 2/5: train=300 val=100 test=100 ---

fold=2 label=0
Binary label distribution:
  train: class0=60 class1=240 total=300
  val:   class0=20 class1=80 total=100
  test:  class0=20 class1=80 total=100
Original labels in this split:
  train: label0=60 label1=60 label2=60 label3=60 label4=60 total=300
  val:   label0=20 label1=20 label2=20 label3=20 label4=20 total=100
  test:  label0=20 label1=20 label2=20 label3=20 label4=20 total=100
fold=2 label=0 | epoch 001 | train loss: 0.7353 bal_acc: 0.47 acc: 0.47 | val loss: 0.6971 bal_loss: 0.6834 bal_acc: 0.62 acc: 0.54
fold=2 label=0 | epoch 010 | train loss: 0.5868 bal_acc: 0.69 acc: 0.69 | val loss: 0.6309 bal_loss: 0.6329 bal_acc: 0.76 acc: 0.73
fold=2 label=0 | epoch 020 | train loss: 0.4776 bal_acc: 0.81 acc: 0.81 | val loss: 0.5365 bal_loss: 0.5548 bal_acc: 0.82 acc: 0.78
fold=2 label=0 | epoch 030 | train loss: 0.4239 bal_acc: 0.84 acc: 0.84 | val loss: 0.5023 bal_loss: 0.5089 bal_acc: 0.81 acc: 0.75
fold=2 label=0 | epoch 040 | train loss: 0.3586 bal_acc: 0.88 acc: 0.88 | val loss: 0.4763 bal_loss: 0.4662 bal_acc: 0.83 acc: 0.79
fold=2 label=0 | epoch 050 | train loss: 0.3389 bal_acc: 0.88 acc: 0.89 | val loss: 0.4501 bal_loss: 0.4418 bal_acc: 0.83 acc: 0.79
fold=2 label=0 | epoch 060 | train loss: 0.2739 bal_acc: 0.92 acc: 0.92 | val loss: 0.4281 bal_loss: 0.4160 bal_acc: 0.84 acc: 0.81
fold=2 label=0 | epoch 070 | train loss: 0.2694 bal_acc: 0.92 acc: 0.92 | val loss: 0.3989 bal_loss: 0.3983 bal_acc: 0.85 acc: 0.82
fold=2 label=0 | epoch 080 | train loss: 0.2384 bal_acc: 0.93 acc: 0.93 | val loss: 0.3830 bal_loss: 0.3913 bal_acc: 0.86 acc: 0.83
fold=2 label=0 | epoch 090 | train loss: 0.2011 bal_acc: 0.95 acc: 0.95 | val loss: 0.3592 bal_loss: 0.3602 bal_acc: 0.86 acc: 0.83
fold=2 label=0 | epoch 100 | train loss: 0.1783 bal_acc: 0.95 acc: 0.95 | val loss: 0.3328 bal_loss: 0.3364 bal_acc: 0.88 acc: 0.86
fold=2 label=0 | epoch 110 | train loss: 0.1670 bal_acc: 0.96 acc: 0.96 | val loss: 0.3102 bal_loss: 0.3186 bal_acc: 0.88 acc: 0.87
fold=2 label=0 | epoch 120 | train loss: 0.1698 bal_acc: 0.95 acc: 0.95 | val loss: 0.2945 bal_loss: 0.3200 bal_acc: 0.89 acc: 0.89
fold=2 label=0 | epoch 130 | train loss: 0.1626 bal_acc: 0.96 acc: 0.96 | val loss: 0.2675 bal_loss: 0.2728 bal_acc: 0.92 acc: 0.91
fold=2 label=0 | epoch 140 | train loss: 0.1234 bal_acc: 0.98 acc: 0.98 | val loss: 0.2492 bal_loss: 0.2602 bal_acc: 0.94 acc: 0.93
fold=2 label=0 | epoch 150 | train loss: 0.1169 bal_acc: 0.99 acc: 0.99 | val loss: 0.2475 bal_loss: 0.2736 bal_acc: 0.93 acc: 0.92
fold=2 label=0 | epoch 160 | train loss: 0.0967 bal_acc: 0.98 acc: 0.98 | val loss: 0.2288 bal_loss: 0.2364 bal_acc: 0.93 acc: 0.92
fold=2 label=0 | epoch 170 | train loss: 0.1184 bal_acc: 0.96 acc: 0.96 | val loss: 0.2252 bal_loss: 0.2250 bal_acc: 0.93 acc: 0.92
fold=2 label=0 | epoch 180 | train loss: 0.0798 bal_acc: 0.99 acc: 0.99 | val loss: 0.2100 bal_loss: 0.2211 bal_acc: 0.94 acc: 0.94
fold=2 label=0 | epoch 190 | train loss: 0.0724 bal_acc: 0.98 acc: 0.98 | val loss: 0.2089 bal_loss: 0.2187 bal_acc: 0.94 acc: 0.94
fold=2 label=0 | epoch 200 | train loss: 0.0770 bal_acc: 0.98 acc: 0.98 | val loss: 0.1933 bal_loss: 0.2196 bal_acc: 0.94 acc: 0.94

fold=2 label=2
Binary label distribution:
  train: class0=60 class1=240 total=300
  val:   class0=20 class1=80 total=100
  test:  class0=20 class1=80 total=100
Original labels in this split:
  train: label0=60 label1=60 label2=60 label3=60 label4=60 total=300
  val:   label0=20 label1=20 label2=20 label3=20 label4=20 total=100
  test:  label0=20 label1=20 label2=20 label3=20 label4=20 total=100
fold=2 label=2 | epoch 001 | train loss: 0.6862 bal_acc: 0.55 acc: 0.55 | val loss: 0.7084 bal_loss: 0.6981 bal_acc: 0.44 acc: 0.43
fold=2 label=2 | epoch 010 | train loss: 0.5969 bal_acc: 0.68 acc: 0.68 | val loss: 0.6958 bal_loss: 0.6855 bal_acc: 0.54 acc: 0.57
fold=2 label=2 | epoch 020 | train loss: 0.4785 bal_acc: 0.82 acc: 0.82 | val loss: 0.6289 bal_loss: 0.6166 bal_acc: 0.69 acc: 0.69
fold=2 label=2 | epoch 030 | train loss: 0.4031 bal_acc: 0.86 acc: 0.86 | val loss: 0.4880 bal_loss: 0.4929 bal_acc: 0.73 acc: 0.75
fold=2 label=2 | epoch 040 | train loss: 0.3579 bal_acc: 0.85 acc: 0.85 | val loss: 0.3970 bal_loss: 0.4146 bal_acc: 0.77 acc: 0.81
fold=2 label=2 | epoch 050 | train loss: 0.2954 bal_acc: 0.88 acc: 0.88 | val loss: 0.3615 bal_loss: 0.3811 bal_acc: 0.81 acc: 0.84
fold=2 label=2 | epoch 060 | train loss: 0.2893 bal_acc: 0.89 acc: 0.89 | val loss: 0.3299 bal_loss: 0.3593 bal_acc: 0.84 acc: 0.87
fold=2 label=2 | epoch 070 | train loss: 0.2301 bal_acc: 0.90 acc: 0.90 | val loss: 0.3091 bal_loss: 0.3432 bal_acc: 0.87 acc: 0.88
fold=2 label=2 | epoch 080 | train loss: 0.2206 bal_acc: 0.92 acc: 0.92 | val loss: 0.2977 bal_loss: 0.3321 bal_acc: 0.87 acc: 0.88
fold=2 label=2 | epoch 090 | train loss: 0.2341 bal_acc: 0.90 acc: 0.90 | val loss: 0.2797 bal_loss: 0.3313 bal_acc: 0.90 acc: 0.90
fold=2 label=2 | epoch 100 | train loss: 0.1965 bal_acc: 0.94 acc: 0.94 | val loss: 0.2749 bal_loss: 0.3328 bal_acc: 0.90 acc: 0.90
fold=2 label=2 | epoch 110 | train loss: 0.1503 bal_acc: 0.96 acc: 0.96 | val loss: 0.2702 bal_loss: 0.3372 bal_acc: 0.88 acc: 0.90
fold=2 label=2 | epoch 120 | train loss: 0.1732 bal_acc: 0.94 acc: 0.94 | val loss: 0.2714 bal_loss: 0.3437 bal_acc: 0.90 acc: 0.90
fold=2 label=2 | epoch 130 | train loss: 0.1402 bal_acc: 0.96 acc: 0.96 | val loss: 0.2680 bal_loss: 0.3452 bal_acc: 0.90 acc: 0.90

fold=2 label=1_vs_3
Binary labels: class0=label1 class1=label3
Binary label distribution:
  train: class0=60 class1=60 total=120
  val:   class0=20 class1=20 total=40
  test:  class0=20 class1=20 total=40
Original labels in this split:
  train: label0=0 label1=60 label2=0 label3=60 label4=0 total=120
  val:   label0=0 label1=20 label2=0 label3=20 label4=0 total=40
  test:  label0=0 label1=20 label2=0 label3=20 label4=0 total=40
fold=2 label=1_vs_3 | epoch 001 | train loss: 0.7905 bal_acc: 0.38 acc: 0.38 | val loss: 0.6989 bal_loss: 0.6989 bal_acc: 0.50 acc: 0.50
fold=2 label=1_vs_3 | epoch 010 | train loss: 0.6449 bal_acc: 0.65 acc: 0.65 | val loss: 0.6882 bal_loss: 0.6882 bal_acc: 0.57 acc: 0.57
fold=2 label=1_vs_3 | epoch 020 | train loss: 0.5254 bal_acc: 0.85 acc: 0.85 | val loss: 0.6492 bal_loss: 0.6492 bal_acc: 0.70 acc: 0.70
fold=2 label=1_vs_3 | epoch 030 | train loss: 0.4488 bal_acc: 0.88 acc: 0.88 | val loss: 0.5685 bal_loss: 0.5685 bal_acc: 0.80 acc: 0.80
fold=2 label=1_vs_3 | epoch 040 | train loss: 0.3631 bal_acc: 0.90 acc: 0.90 | val loss: 0.4677 bal_loss: 0.4677 bal_acc: 0.83 acc: 0.82
fold=2 label=1_vs_3 | epoch 050 | train loss: 0.3860 bal_acc: 0.86 acc: 0.87 | val loss: 0.3874 bal_loss: 0.3874 bal_acc: 0.82 acc: 0.82
fold=2 label=1_vs_3 | epoch 060 | train loss: 0.3089 bal_acc: 0.88 acc: 0.88 | val loss: 0.3415 bal_loss: 0.3415 bal_acc: 0.88 acc: 0.88
fold=2 label=1_vs_3 | epoch 070 | train loss: 0.2993 bal_acc: 0.91 acc: 0.91 | val loss: 0.3122 bal_loss: 0.3122 bal_acc: 0.88 acc: 0.88
fold=2 label=1_vs_3 | epoch 080 | train loss: 0.2788 bal_acc: 0.90 acc: 0.90 | val loss: 0.2940 bal_loss: 0.2940 bal_acc: 0.88 acc: 0.88
fold=2 label=1_vs_3 | epoch 090 | train loss: 0.1977 bal_acc: 0.95 acc: 0.95 | val loss: 0.2873 bal_loss: 0.2873 bal_acc: 0.88 acc: 0.88
fold=2 label=1_vs_3 | epoch 100 | train loss: 0.2887 bal_acc: 0.87 acc: 0.86 | val loss: 0.2719 bal_loss: 0.2719 bal_acc: 0.90 acc: 0.90
fold=2 label=1_vs_3 | epoch 110 | train loss: 0.2264 bal_acc: 0.94 acc: 0.94 | val loss: 0.2657 bal_loss: 0.2657 bal_acc: 0.90 acc: 0.90
fold=2 label=1_vs_3 | epoch 120 | train loss: 0.2113 bal_acc: 0.96 acc: 0.96 | val loss: 0.2583 bal_loss: 0.2583 bal_acc: 0.92 acc: 0.93
fold=2 label=1_vs_3 | epoch 130 | train loss: 0.1518 bal_acc: 0.94 acc: 0.94 | val loss: 0.2553 bal_loss: 0.2553 bal_acc: 0.92 acc: 0.93
fold=2 label=1_vs_3 | epoch 140 | train loss: 0.1734 bal_acc: 0.95 acc: 0.95 | val loss: 0.2411 bal_loss: 0.2411 bal_acc: 0.95 acc: 0.95
fold=2 label=1_vs_3 | epoch 150 | train loss: 0.1347 bal_acc: 0.97 acc: 0.97 | val loss: 0.2371 bal_loss: 0.2371 bal_acc: 0.95 acc: 0.95
fold=2 label=1_vs_3 | epoch 160 | train loss: 0.1463 bal_acc: 0.95 acc: 0.95 | val loss: 0.2238 bal_loss: 0.2238 bal_acc: 0.95 acc: 0.95
fold=2 label=1_vs_3 | epoch 170 | train loss: 0.2073 bal_acc: 0.90 acc: 0.90 | val loss: 0.2118 bal_loss: 0.2118 bal_acc: 0.95 acc: 0.95
fold=2 label=1_vs_3 | epoch 180 | train loss: 0.1002 bal_acc: 0.98 acc: 0.98 | val loss: 0.2173 bal_loss: 0.2173 bal_acc: 0.95 acc: 0.95
fold=2 label=1_vs_3 | epoch 190 | train loss: 0.1349 bal_acc: 0.97 acc: 0.98 | val loss: 0.2153 bal_loss: 0.2153 bal_acc: 0.95 acc: 0.95
fold=2 label=1_vs_3 | epoch 200 | train loss: 0.1176 bal_acc: 0.96 acc: 0.96 | val loss: 0.2100 bal_loss: 0.2100 bal_acc: 0.95 acc: 0.95

--- fold 3/5: train=300 val=100 test=100 ---

fold=3 label=0
Binary label distribution:
  train: class0=60 class1=240 total=300
  val:   class0=20 class1=80 total=100
  test:  class0=20 class1=80 total=100
Original labels in this split:
  train: label0=60 label1=60 label2=60 label3=60 label4=60 total=300
  val:   label0=20 label1=20 label2=20 label3=20 label4=20 total=100
  test:  label0=20 label1=20 label2=20 label3=20 label4=20 total=100
fold=3 label=0 | epoch 001 | train loss: 0.7339 bal_acc: 0.48 acc: 0.49 | val loss: 0.7022 bal_loss: 0.6861 bal_acc: 0.59 acc: 0.52
fold=3 label=0 | epoch 010 | train loss: 0.6463 bal_acc: 0.65 acc: 0.65 | val loss: 0.6521 bal_loss: 0.6379 bal_acc: 0.76 acc: 0.68
fold=3 label=0 | epoch 020 | train loss: 0.5612 bal_acc: 0.73 acc: 0.73 | val loss: 0.5637 bal_loss: 0.5503 bal_acc: 0.81 acc: 0.78
fold=3 label=0 | epoch 030 | train loss: 0.4990 bal_acc: 0.78 acc: 0.78 | val loss: 0.5139 bal_loss: 0.5009 bal_acc: 0.85 acc: 0.82
fold=3 label=0 | epoch 040 | train loss: 0.4073 bal_acc: 0.85 acc: 0.84 | val loss: 0.4882 bal_loss: 0.4708 bal_acc: 0.84 acc: 0.80
fold=3 label=0 | epoch 050 | train loss: 0.3356 bal_acc: 0.89 acc: 0.89 | val loss: 0.4587 bal_loss: 0.4353 bal_acc: 0.84 acc: 0.83
fold=3 label=0 | epoch 060 | train loss: 0.3094 bal_acc: 0.89 acc: 0.89 | val loss: 0.4210 bal_loss: 0.4242 bal_acc: 0.86 acc: 0.86
fold=3 label=0 | epoch 070 | train loss: 0.2593 bal_acc: 0.94 acc: 0.93 | val loss: 0.4013 bal_loss: 0.4066 bal_acc: 0.87 acc: 0.88
fold=3 label=0 | epoch 080 | train loss: 0.2057 bal_acc: 0.95 acc: 0.95 | val loss: 0.3822 bal_loss: 0.3924 bal_acc: 0.84 acc: 0.87
fold=3 label=0 | epoch 090 | train loss: 0.2283 bal_acc: 0.92 acc: 0.92 | val loss: 0.3673 bal_loss: 0.3817 bal_acc: 0.84 acc: 0.87
fold=3 label=0 | epoch 100 | train loss: 0.2147 bal_acc: 0.94 acc: 0.94 | val loss: 0.3472 bal_loss: 0.3558 bal_acc: 0.84 acc: 0.87
fold=3 label=0 | epoch 110 | train loss: 0.1650 bal_acc: 0.95 acc: 0.95 | val loss: 0.3288 bal_loss: 0.3608 bal_acc: 0.84 acc: 0.86
fold=3 label=0 | epoch 120 | train loss: 0.1568 bal_acc: 0.97 acc: 0.97 | val loss: 0.3262 bal_loss: 0.3607 bal_acc: 0.84 acc: 0.86
fold=3 label=0 | epoch 130 | train loss: 0.1285 bal_acc: 0.96 acc: 0.96 | val loss: 0.3240 bal_loss: 0.3512 bal_acc: 0.84 acc: 0.86
fold=3 label=0 | epoch 140 | train loss: 0.1202 bal_acc: 0.97 acc: 0.97 | val loss: 0.3111 bal_loss: 0.3507 bal_acc: 0.84 acc: 0.87
fold=3 label=0 | epoch 150 | train loss: 0.1011 bal_acc: 0.99 acc: 0.99 | val loss: 0.3125 bal_loss: 0.3381 bal_acc: 0.84 acc: 0.87
fold=3 label=0 | epoch 160 | train loss: 0.1139 bal_acc: 0.97 acc: 0.97 | val loss: 0.3037 bal_loss: 0.3465 bal_acc: 0.85 acc: 0.88
fold=3 label=0 | epoch 170 | train loss: 0.1194 bal_acc: 0.98 acc: 0.98 | val loss: 0.3075 bal_loss: 0.3371 bal_acc: 0.85 acc: 0.88
fold=3 label=0 | epoch 180 | train loss: 0.1085 bal_acc: 0.96 acc: 0.96 | val loss: 0.3015 bal_loss: 0.3370 bal_acc: 0.85 acc: 0.88
fold=3 label=0 | epoch 190 | train loss: 0.0937 bal_acc: 0.98 acc: 0.98 | val loss: 0.2960 bal_loss: 0.3364 bal_acc: 0.85 acc: 0.88
fold=3 label=0 | epoch 200 | train loss: 0.0679 bal_acc: 0.99 acc: 0.99 | val loss: 0.2987 bal_loss: 0.3325 bal_acc: 0.85 acc: 0.88

fold=3 label=2
Binary label distribution:
  train: class0=60 class1=240 total=300
  val:   class0=20 class1=80 total=100
  test:  class0=20 class1=80 total=100
Original labels in this split:
  train: label0=60 label1=60 label2=60 label3=60 label4=60 total=300
  val:   label0=20 label1=20 label2=20 label3=20 label4=20 total=100
  test:  label0=20 label1=20 label2=20 label3=20 label4=20 total=100
fold=3 label=2 | epoch 001 | train loss: 0.6797 bal_acc: 0.55 acc: 0.55 | val loss: 0.6976 bal_loss: 0.6809 bal_acc: 0.56 acc: 0.50
fold=3 label=2 | epoch 010 | train loss: 0.6182 bal_acc: 0.70 acc: 0.70 | val loss: 0.6621 bal_loss: 0.6404 bal_acc: 0.62 acc: 0.63
fold=3 label=2 | epoch 020 | train loss: 0.5032 bal_acc: 0.80 acc: 0.80 | val loss: 0.5887 bal_loss: 0.5640 bal_acc: 0.74 acc: 0.77
fold=3 label=2 | epoch 030 | train loss: 0.3816 bal_acc: 0.88 acc: 0.88 | val loss: 0.4705 bal_loss: 0.4416 bal_acc: 0.83 acc: 0.84
fold=3 label=2 | epoch 040 | train loss: 0.3421 bal_acc: 0.88 acc: 0.88 | val loss: 0.4020 bal_loss: 0.3775 bal_acc: 0.83 acc: 0.81
fold=3 label=2 | epoch 050 | train loss: 0.2691 bal_acc: 0.91 acc: 0.91 | val loss: 0.3450 bal_loss: 0.3324 bal_acc: 0.80 acc: 0.80
fold=3 label=2 | epoch 060 | train loss: 0.2794 bal_acc: 0.90 acc: 0.90 | val loss: 0.3288 bal_loss: 0.3160 bal_acc: 0.81 acc: 0.82
fold=3 label=2 | epoch 070 | train loss: 0.2408 bal_acc: 0.92 acc: 0.92 | val loss: 0.3006 bal_loss: 0.2974 bal_acc: 0.84 acc: 0.84
fold=3 label=2 | epoch 080 | train loss: 0.2098 bal_acc: 0.92 acc: 0.92 | val loss: 0.2694 bal_loss: 0.2721 bal_acc: 0.86 acc: 0.86
fold=3 label=2 | epoch 090 | train loss: 0.1895 bal_acc: 0.93 acc: 0.93 | val loss: 0.2630 bal_loss: 0.2644 bal_acc: 0.84 acc: 0.84
fold=3 label=2 | epoch 100 | train loss: 0.1500 bal_acc: 0.96 acc: 0.96 | val loss: 0.2540 bal_loss: 0.2697 bal_acc: 0.83 acc: 0.84
fold=3 label=2 | epoch 110 | train loss: 0.1359 bal_acc: 0.96 acc: 0.96 | val loss: 0.2266 bal_loss: 0.2489 bal_acc: 0.85 acc: 0.88
fold=3 label=2 | epoch 120 | train loss: 0.1345 bal_acc: 0.97 acc: 0.97 | val loss: 0.2226 bal_loss: 0.2462 bal_acc: 0.84 acc: 0.86
fold=3 label=2 | epoch 130 | train loss: 0.1435 bal_acc: 0.95 acc: 0.95 | val loss: 0.2174 bal_loss: 0.2544 bal_acc: 0.86 acc: 0.89
fold=3 label=2 | epoch 140 | train loss: 0.1031 bal_acc: 0.98 acc: 0.98 | val loss: 0.2163 bal_loss: 0.2496 bal_acc: 0.85 acc: 0.88
fold=3 label=2 | epoch 150 | train loss: 0.1244 bal_acc: 0.96 acc: 0.96 | val loss: 0.2164 bal_loss: 0.2518 bal_acc: 0.88 acc: 0.89
fold=3 label=2 | epoch 160 | train loss: 0.0986 bal_acc: 0.98 acc: 0.98 | val loss: 0.1983 bal_loss: 0.2571 bal_acc: 0.90 acc: 0.93
fold=3 label=2 | epoch 170 | train loss: 0.0937 bal_acc: 0.98 acc: 0.98 | val loss: 0.1986 bal_loss: 0.2496 bal_acc: 0.90 acc: 0.93
fold=3 label=2 | epoch 180 | train loss: 0.0746 bal_acc: 0.98 acc: 0.98 | val loss: 0.1963 bal_loss: 0.2551 bal_acc: 0.89 acc: 0.92

fold=3 label=1_vs_3
Binary labels: class0=label1 class1=label3
Binary label distribution:
  train: class0=60 class1=60 total=120
  val:   class0=20 class1=20 total=40
  test:  class0=20 class1=20 total=40
Original labels in this split:
  train: label0=0 label1=60 label2=0 label3=60 label4=0 total=120
  val:   label0=0 label1=20 label2=0 label3=20 label4=0 total=40
  test:  label0=0 label1=20 label2=0 label3=20 label4=0 total=40
fold=3 label=1_vs_3 | epoch 001 | train loss: 0.7147 bal_acc: 0.55 acc: 0.55 | val loss: 0.7015 bal_loss: 0.7015 bal_acc: 0.50 acc: 0.50
fold=3 label=1_vs_3 | epoch 010 | train loss: 0.6476 bal_acc: 0.62 acc: 0.62 | val loss: 0.6937 bal_loss: 0.6937 bal_acc: 0.52 acc: 0.53
fold=3 label=1_vs_3 | epoch 020 | train loss: 0.5280 bal_acc: 0.81 acc: 0.81 | val loss: 0.6601 bal_loss: 0.6601 bal_acc: 0.67 acc: 0.68
fold=3 label=1_vs_3 | epoch 030 | train loss: 0.4855 bal_acc: 0.82 acc: 0.82 | val loss: 0.5792 bal_loss: 0.5792 bal_acc: 0.83 acc: 0.82
fold=3 label=1_vs_3 | epoch 040 | train loss: 0.3739 bal_acc: 0.91 acc: 0.91 | val loss: 0.4824 bal_loss: 0.4824 bal_acc: 0.85 acc: 0.85
fold=3 label=1_vs_3 | epoch 050 | train loss: 0.3780 bal_acc: 0.88 acc: 0.88 | val loss: 0.4177 bal_loss: 0.4177 bal_acc: 0.85 acc: 0.85
fold=3 label=1_vs_3 | epoch 060 | train loss: 0.3096 bal_acc: 0.90 acc: 0.90 | val loss: 0.3802 bal_loss: 0.3802 bal_acc: 0.83 acc: 0.82
fold=3 label=1_vs_3 | epoch 070 | train loss: 0.2939 bal_acc: 0.92 acc: 0.92 | val loss: 0.3564 bal_loss: 0.3564 bal_acc: 0.83 acc: 0.82
fold=3 label=1_vs_3 | epoch 080 | train loss: 0.2540 bal_acc: 0.89 acc: 0.89 | val loss: 0.3388 bal_loss: 0.3388 bal_acc: 0.85 acc: 0.85
fold=3 label=1_vs_3 | epoch 090 | train loss: 0.2212 bal_acc: 0.94 acc: 0.94 | val loss: 0.3279 bal_loss: 0.3279 bal_acc: 0.85 acc: 0.85
fold=3 label=1_vs_3 | epoch 100 | train loss: 0.3204 bal_acc: 0.88 acc: 0.88 | val loss: 0.3187 bal_loss: 0.3187 bal_acc: 0.85 acc: 0.85
fold=3 label=1_vs_3 | epoch 110 | train loss: 0.1988 bal_acc: 0.94 acc: 0.94 | val loss: 0.3036 bal_loss: 0.3036 bal_acc: 0.85 acc: 0.85
fold=3 label=1_vs_3 | epoch 120 | train loss: 0.1419 bal_acc: 0.97 acc: 0.97 | val loss: 0.3022 bal_loss: 0.3022 bal_acc: 0.88 acc: 0.88
fold=3 label=1_vs_3 | epoch 130 | train loss: 0.1459 bal_acc: 0.97 acc: 0.97 | val loss: 0.2937 bal_loss: 0.2937 bal_acc: 0.90 acc: 0.90
fold=3 label=1_vs_3 | epoch 140 | train loss: 0.1379 bal_acc: 0.97 acc: 0.97 | val loss: 0.2860 bal_loss: 0.2860 bal_acc: 0.92 acc: 0.93
fold=3 label=1_vs_3 | epoch 150 | train loss: 0.1893 bal_acc: 0.93 acc: 0.93 | val loss: 0.2767 bal_loss: 0.2767 bal_acc: 0.92 acc: 0.93
fold=3 label=1_vs_3 | epoch 160 | train loss: 0.2113 bal_acc: 0.93 acc: 0.93 | val loss: 0.2801 bal_loss: 0.2801 bal_acc: 0.92 acc: 0.93
fold=3 label=1_vs_3 | epoch 170 | train loss: 0.1805 bal_acc: 0.96 acc: 0.96 | val loss: 0.2762 bal_loss: 0.2762 bal_acc: 0.92 acc: 0.93
fold=3 label=1_vs_3 | epoch 180 | train loss: 0.1504 bal_acc: 0.94 acc: 0.94 | val loss: 0.2732 bal_loss: 0.2732 bal_acc: 0.92 acc: 0.93
fold=3 label=1_vs_3 | epoch 190 | train loss: 0.1419 bal_acc: 0.94 acc: 0.94 | val loss: 0.2715 bal_loss: 0.2715 bal_acc: 0.92 acc: 0.93
fold=3 label=1_vs_3 | epoch 200 | train loss: 0.0918 bal_acc: 0.97 acc: 0.97 | val loss: 0.2644 bal_loss: 0.2644 bal_acc: 0.92 acc: 0.93

--- fold 4/5: train=300 val=100 test=100 ---

fold=4 label=0
Binary label distribution:
  train: class0=60 class1=240 total=300
  val:   class0=20 class1=80 total=100
  test:  class0=20 class1=80 total=100
Original labels in this split:
  train: label0=60 label1=60 label2=60 label3=60 label4=60 total=300
  val:   label0=20 label1=20 label2=20 label3=20 label4=20 total=100
  test:  label0=20 label1=20 label2=20 label3=20 label4=20 total=100
fold=4 label=0 | epoch 001 | train loss: 0.7235 bal_acc: 0.52 acc: 0.52 | val loss: 0.7111 bal_loss: 0.6939 bal_acc: 0.54 acc: 0.41
fold=4 label=0 | epoch 010 | train loss: 0.5720 bal_acc: 0.73 acc: 0.72 | val loss: 0.6638 bal_loss: 0.6462 bal_acc: 0.71 acc: 0.63
fold=4 label=0 | epoch 020 | train loss: 0.5036 bal_acc: 0.82 acc: 0.82 | val loss: 0.5882 bal_loss: 0.5630 bal_acc: 0.75 acc: 0.72
fold=4 label=0 | epoch 030 | train loss: 0.4765 bal_acc: 0.77 acc: 0.77 | val loss: 0.5400 bal_loss: 0.5226 bal_acc: 0.77 acc: 0.75
fold=4 label=0 | epoch 040 | train loss: 0.3825 bal_acc: 0.86 acc: 0.86 | val loss: 0.4991 bal_loss: 0.4877 bal_acc: 0.77 acc: 0.76
fold=4 label=0 | epoch 050 | train loss: 0.3154 bal_acc: 0.91 acc: 0.91 | val loss: 0.4668 bal_loss: 0.4592 bal_acc: 0.80 acc: 0.80
fold=4 label=0 | epoch 060 | train loss: 0.3106 bal_acc: 0.88 acc: 0.88 | val loss: 0.4358 bal_loss: 0.4324 bal_acc: 0.82 acc: 0.80
fold=4 label=0 | epoch 070 | train loss: 0.2186 bal_acc: 0.94 acc: 0.95 | val loss: 0.3963 bal_loss: 0.4067 bal_acc: 0.85 acc: 0.82
fold=4 label=0 | epoch 080 | train loss: 0.2194 bal_acc: 0.94 acc: 0.94 | val loss: 0.3804 bal_loss: 0.3908 bal_acc: 0.84 acc: 0.84
fold=4 label=0 | epoch 090 | train loss: 0.1791 bal_acc: 0.95 acc: 0.95 | val loss: 0.3570 bal_loss: 0.3723 bal_acc: 0.87 acc: 0.85
fold=4 label=0 | epoch 100 | train loss: 0.1449 bal_acc: 0.97 acc: 0.97 | val loss: 0.3301 bal_loss: 0.3634 bal_acc: 0.85 acc: 0.85
fold=4 label=0 | epoch 110 | train loss: 0.1236 bal_acc: 0.98 acc: 0.98 | val loss: 0.3202 bal_loss: 0.3491 bal_acc: 0.86 acc: 0.86
fold=4 label=0 | epoch 120 | train loss: 0.1134 bal_acc: 0.98 acc: 0.98 | val loss: 0.3124 bal_loss: 0.3475 bal_acc: 0.87 acc: 0.88
fold=4 label=0 | epoch 130 | train loss: 0.1028 bal_acc: 1.00 acc: 1.00 | val loss: 0.2998 bal_loss: 0.3527 bal_acc: 0.86 acc: 0.87
fold=4 label=0 | epoch 140 | train loss: 0.1200 bal_acc: 0.97 acc: 0.97 | val loss: 0.2960 bal_loss: 0.3548 bal_acc: 0.87 acc: 0.88
fold=4 label=0 | epoch 150 | train loss: 0.1060 bal_acc: 0.97 acc: 0.97 | val loss: 0.2850 bal_loss: 0.3574 bal_acc: 0.88 acc: 0.90
fold=4 label=0 | epoch 160 | train loss: 0.0911 bal_acc: 0.98 acc: 0.98 | val loss: 0.2872 bal_loss: 0.3584 bal_acc: 0.88 acc: 0.90
fold=4 label=0 | epoch 170 | train loss: 0.0793 bal_acc: 0.99 acc: 0.99 | val loss: 0.2824 bal_loss: 0.3579 bal_acc: 0.88 acc: 0.89

fold=4 label=2
Binary label distribution:
  train: class0=60 class1=240 total=300
  val:   class0=20 class1=80 total=100
  test:  class0=20 class1=80 total=100
Original labels in this split:
  train: label0=60 label1=60 label2=60 label3=60 label4=60 total=300
  val:   label0=20 label1=20 label2=20 label3=20 label4=20 total=100
  test:  label0=20 label1=20 label2=20 label3=20 label4=20 total=100
fold=4 label=2 | epoch 001 | train loss: 0.6937 bal_acc: 0.54 acc: 0.54 | val loss: 0.7108 bal_loss: 0.6947 bal_acc: 0.49 acc: 0.39
fold=4 label=2 | epoch 010 | train loss: 0.5904 bal_acc: 0.71 acc: 0.70 | val loss: 0.6945 bal_loss: 0.6761 bal_acc: 0.64 acc: 0.63
fold=4 label=2 | epoch 020 | train loss: 0.5082 bal_acc: 0.76 acc: 0.77 | val loss: 0.6251 bal_loss: 0.6011 bal_acc: 0.71 acc: 0.68
fold=4 label=2 | epoch 030 | train loss: 0.3769 bal_acc: 0.88 acc: 0.88 | val loss: 0.4948 bal_loss: 0.4811 bal_acc: 0.84 acc: 0.81
fold=4 label=2 | epoch 040 | train loss: 0.3010 bal_acc: 0.90 acc: 0.90 | val loss: 0.4104 bal_loss: 0.3960 bal_acc: 0.85 acc: 0.82
fold=4 label=2 | epoch 050 | train loss: 0.2812 bal_acc: 0.89 acc: 0.89 | val loss: 0.3453 bal_loss: 0.3552 bal_acc: 0.88 acc: 0.86
fold=4 label=2 | epoch 060 | train loss: 0.2307 bal_acc: 0.92 acc: 0.92 | val loss: 0.3170 bal_loss: 0.3305 bal_acc: 0.88 acc: 0.86
fold=4 label=2 | epoch 070 | train loss: 0.2474 bal_acc: 0.91 acc: 0.91 | val loss: 0.3003 bal_loss: 0.3163 bal_acc: 0.88 acc: 0.86
fold=4 label=2 | epoch 080 | train loss: 0.1698 bal_acc: 0.97 acc: 0.97 | val loss: 0.2775 bal_loss: 0.2962 bal_acc: 0.91 acc: 0.88
fold=4 label=2 | epoch 090 | train loss: 0.1751 bal_acc: 0.93 acc: 0.93 | val loss: 0.2466 bal_loss: 0.2799 bal_acc: 0.92 acc: 0.91
fold=4 label=2 | epoch 100 | train loss: 0.1463 bal_acc: 0.96 acc: 0.96 | val loss: 0.2412 bal_loss: 0.2821 bal_acc: 0.92 acc: 0.91
fold=4 label=2 | epoch 110 | train loss: 0.1331 bal_acc: 0.97 acc: 0.97 | val loss: 0.2313 bal_loss: 0.2850 bal_acc: 0.94 acc: 0.93
fold=4 label=2 | epoch 120 | train loss: 0.1117 bal_acc: 0.97 acc: 0.97 | val loss: 0.2320 bal_loss: 0.2937 bal_acc: 0.93 acc: 0.92
fold=4 label=2 | epoch 130 | train loss: 0.1273 bal_acc: 0.96 acc: 0.96 | val loss: 0.2258 bal_loss: 0.2955 bal_acc: 0.94 acc: 0.93
fold=4 label=2 | epoch 140 | train loss: 0.0989 bal_acc: 0.98 acc: 0.98 | val loss: 0.2222 bal_loss: 0.2976 bal_acc: 0.94 acc: 0.93
fold=4 label=2 | epoch 150 | train loss: 0.0872 bal_acc: 0.97 acc: 0.97 | val loss: 0.2320 bal_loss: 0.3029 bal_acc: 0.92 acc: 0.91

fold=4 label=1_vs_3
Binary labels: class0=label1 class1=label3
Binary label distribution:
  train: class0=60 class1=60 total=120
  val:   class0=20 class1=20 total=40
  test:  class0=20 class1=20 total=40
Original labels in this split:
  train: label0=0 label1=60 label2=0 label3=60 label4=0 total=120
  val:   label0=0 label1=20 label2=0 label3=20 label4=0 total=40
  test:  label0=0 label1=20 label2=0 label3=20 label4=0 total=40
fold=4 label=1_vs_3 | epoch 001 | train loss: 0.7096 bal_acc: 0.53 acc: 0.53 | val loss: 0.6925 bal_loss: 0.6925 bal_acc: 0.65 acc: 0.65
fold=4 label=1_vs_3 | epoch 010 | train loss: 0.6133 bal_acc: 0.64 acc: 0.65 | val loss: 0.6872 bal_loss: 0.6872 bal_acc: 0.62 acc: 0.62
fold=4 label=1_vs_3 | epoch 020 | train loss: 0.6040 bal_acc: 0.69 acc: 0.67 | val loss: 0.6609 bal_loss: 0.6609 bal_acc: 0.75 acc: 0.75
fold=4 label=1_vs_3 | epoch 030 | train loss: 0.5080 bal_acc: 0.77 acc: 0.77 | val loss: 0.5952 bal_loss: 0.5952 bal_acc: 0.80 acc: 0.80
fold=4 label=1_vs_3 | epoch 040 | train loss: 0.4504 bal_acc: 0.86 acc: 0.86 | val loss: 0.5041 bal_loss: 0.5041 bal_acc: 0.85 acc: 0.85
fold=4 label=1_vs_3 | epoch 050 | train loss: 0.4033 bal_acc: 0.86 acc: 0.87 | val loss: 0.4227 bal_loss: 0.4227 bal_acc: 0.88 acc: 0.88
fold=4 label=1_vs_3 | epoch 060 | train loss: 0.3574 bal_acc: 0.90 acc: 0.90 | val loss: 0.3516 bal_loss: 0.3516 bal_acc: 0.90 acc: 0.90
fold=4 label=1_vs_3 | epoch 070 | train loss: 0.3021 bal_acc: 0.89 acc: 0.91 | val loss: 0.3069 bal_loss: 0.3069 bal_acc: 0.93 acc: 0.93
fold=4 label=1_vs_3 | epoch 080 | train loss: 0.3193 bal_acc: 0.91 acc: 0.92 | val loss: 0.2875 bal_loss: 0.2875 bal_acc: 0.93 acc: 0.93
fold=4 label=1_vs_3 | epoch 090 | train loss: 0.3281 bal_acc: 0.88 acc: 0.88 | val loss: 0.2667 bal_loss: 0.2667 bal_acc: 0.93 acc: 0.93
fold=4 label=1_vs_3 | epoch 100 | train loss: 0.2880 bal_acc: 0.91 acc: 0.91 | val loss: 0.2515 bal_loss: 0.2515 bal_acc: 0.93 acc: 0.93
fold=4 label=1_vs_3 | epoch 110 | train loss: 0.2507 bal_acc: 0.93 acc: 0.93 | val loss: 0.2365 bal_loss: 0.2365 bal_acc: 0.93 acc: 0.93
fold=4 label=1_vs_3 | epoch 120 | train loss: 0.2316 bal_acc: 0.95 acc: 0.95 | val loss: 0.2182 bal_loss: 0.2182 bal_acc: 0.93 acc: 0.93
fold=4 label=1_vs_3 | epoch 130 | train loss: 0.2474 bal_acc: 0.92 acc: 0.93 | val loss: 0.2150 bal_loss: 0.2150 bal_acc: 0.93 acc: 0.93
fold=4 label=1_vs_3 | epoch 140 | train loss: 0.1945 bal_acc: 0.97 acc: 0.97 | val loss: 0.1999 bal_loss: 0.1999 bal_acc: 0.95 acc: 0.95
fold=4 label=1_vs_3 | epoch 150 | train loss: 0.1696 bal_acc: 0.97 acc: 0.97 | val loss: 0.1925 bal_loss: 0.1925 bal_acc: 0.95 acc: 0.95
fold=4 label=1_vs_3 | epoch 160 | train loss: 0.1479 bal_acc: 0.97 acc: 0.97 | val loss: 0.1908 bal_loss: 0.1908 bal_acc: 0.95 acc: 0.95
fold=4 label=1_vs_3 | epoch 170 | train loss: 0.1705 bal_acc: 0.95 acc: 0.95 | val loss: 0.1993 bal_loss: 0.1993 bal_acc: 0.95 acc: 0.95
fold=4 label=1_vs_3 | epoch 180 | train loss: 0.1424 bal_acc: 0.96 acc: 0.96 | val loss: 0.2052 bal_loss: 0.2052 bal_acc: 0.93 acc: 0.93
fold=4 label=1_vs_3 | epoch 190 | train loss: 0.1530 bal_acc: 0.95 acc: 0.94 | val loss: 0.1946 bal_loss: 0.1946 bal_acc: 0.95 acc: 0.95
fold=4 label=1_vs_3 | epoch 200 | train loss: 0.1332 bal_acc: 0.96 acc: 0.97 | val loss: 0.1852 bal_loss: 0.1852 bal_acc: 0.95 acc: 0.95

--- fold 5/5: train=300 val=100 test=100 ---

fold=5 label=0
Binary label distribution:
  train: class0=60 class1=240 total=300
  val:   class0=20 class1=80 total=100
  test:  class0=20 class1=80 total=100
Original labels in this split:
  train: label0=60 label1=60 label2=60 label3=60 label4=60 total=300
  val:   label0=20 label1=20 label2=20 label3=20 label4=20 total=100
  test:  label0=20 label1=20 label2=20 label3=20 label4=20 total=100
fold=5 label=0 | epoch 001 | train loss: 0.7354 bal_acc: 0.52 acc: 0.51 | val loss: 0.7026 bal_loss: 0.6924 bal_acc: 0.46 acc: 0.47
fold=5 label=0 | epoch 010 | train loss: 0.6027 bal_acc: 0.70 acc: 0.70 | val loss: 0.6575 bal_loss: 0.6520 bal_acc: 0.63 acc: 0.62
fold=5 label=0 | epoch 020 | train loss: 0.5064 bal_acc: 0.82 acc: 0.82 | val loss: 0.5489 bal_loss: 0.5472 bal_acc: 0.72 acc: 0.70
fold=5 label=0 | epoch 030 | train loss: 0.4562 bal_acc: 0.81 acc: 0.81 | val loss: 0.4831 bal_loss: 0.4681 bal_acc: 0.77 acc: 0.79
fold=5 label=0 | epoch 040 | train loss: 0.3965 bal_acc: 0.82 acc: 0.82 | val loss: 0.4410 bal_loss: 0.4252 bal_acc: 0.81 acc: 0.81
fold=5 label=0 | epoch 050 | train loss: 0.3300 bal_acc: 0.87 acc: 0.87 | val loss: 0.3922 bal_loss: 0.3797 bal_acc: 0.84 acc: 0.83
fold=5 label=0 | epoch 060 | train loss: 0.3063 bal_acc: 0.89 acc: 0.90 | val loss: 0.3639 bal_loss: 0.3535 bal_acc: 0.84 acc: 0.84
fold=5 label=0 | epoch 070 | train loss: 0.3174 bal_acc: 0.87 acc: 0.87 | val loss: 0.3348 bal_loss: 0.3304 bal_acc: 0.85 acc: 0.85
fold=5 label=0 | epoch 080 | train loss: 0.2515 bal_acc: 0.92 acc: 0.92 | val loss: 0.3020 bal_loss: 0.3007 bal_acc: 0.89 acc: 0.88
fold=5 label=0 | epoch 090 | train loss: 0.2349 bal_acc: 0.92 acc: 0.92 | val loss: 0.2870 bal_loss: 0.2896 bal_acc: 0.89 acc: 0.88
fold=5 label=0 | epoch 100 | train loss: 0.2001 bal_acc: 0.94 acc: 0.94 | val loss: 0.2793 bal_loss: 0.2818 bal_acc: 0.89 acc: 0.89
fold=5 label=0 | epoch 110 | train loss: 0.1938 bal_acc: 0.94 acc: 0.94 | val loss: 0.2692 bal_loss: 0.2794 bal_acc: 0.89 acc: 0.89
fold=5 label=0 | epoch 120 | train loss: 0.1471 bal_acc: 0.96 acc: 0.96 | val loss: 0.2580 bal_loss: 0.2658 bal_acc: 0.90 acc: 0.90
fold=5 label=0 | epoch 130 | train loss: 0.1552 bal_acc: 0.96 acc: 0.96 | val loss: 0.2550 bal_loss: 0.2566 bal_acc: 0.90 acc: 0.90
fold=5 label=0 | epoch 140 | train loss: 0.1384 bal_acc: 0.97 acc: 0.97 | val loss: 0.2451 bal_loss: 0.2580 bal_acc: 0.90 acc: 0.90
fold=5 label=0 | epoch 150 | train loss: 0.1331 bal_acc: 0.98 acc: 0.98 | val loss: 0.2441 bal_loss: 0.2599 bal_acc: 0.91 acc: 0.91
fold=5 label=0 | epoch 160 | train loss: 0.1128 bal_acc: 0.98 acc: 0.98 | val loss: 0.2491 bal_loss: 0.2577 bal_acc: 0.91 acc: 0.91
fold=5 label=0 | epoch 170 | train loss: 0.0997 bal_acc: 0.99 acc: 0.99 | val loss: 0.2361 bal_loss: 0.2601 bal_acc: 0.91 acc: 0.92
fold=5 label=0 | epoch 180 | train loss: 0.0875 bal_acc: 0.99 acc: 0.99 | val loss: 0.2333 bal_loss: 0.2631 bal_acc: 0.91 acc: 0.92
fold=5 label=0 | epoch 190 | train loss: 0.1197 bal_acc: 0.97 acc: 0.97 | val loss: 0.2413 bal_loss: 0.2634 bal_acc: 0.91 acc: 0.91
fold=5 label=0 | epoch 200 | train loss: 0.0978 bal_acc: 0.98 acc: 0.98 | val loss: 0.2319 bal_loss: 0.2677 bal_acc: 0.91 acc: 0.92

fold=5 label=2
Binary label distribution:
  train: class0=60 class1=240 total=300
  val:   class0=20 class1=80 total=100
  test:  class0=20 class1=80 total=100
Original labels in this split:
  train: label0=60 label1=60 label2=60 label3=60 label4=60 total=300
  val:   label0=20 label1=20 label2=20 label3=20 label4=20 total=100
  test:  label0=20 label1=20 label2=20 label3=20 label4=20 total=100
fold=5 label=2 | epoch 001 | train loss: 0.6910 bal_acc: 0.54 acc: 0.54 | val loss: 0.6922 bal_loss: 0.6765 bal_acc: 0.59 acc: 0.55
fold=5 label=2 | epoch 010 | train loss: 0.6156 bal_acc: 0.70 acc: 0.70 | val loss: 0.6520 bal_loss: 0.6403 bal_acc: 0.69 acc: 0.68
fold=5 label=2 | epoch 020 | train loss: 0.5547 bal_acc: 0.71 acc: 0.71 | val loss: 0.5627 bal_loss: 0.5676 bal_acc: 0.77 acc: 0.78
fold=5 label=2 | epoch 030 | train loss: 0.4390 bal_acc: 0.83 acc: 0.83 | val loss: 0.4528 bal_loss: 0.4749 bal_acc: 0.84 acc: 0.84
fold=5 label=2 | epoch 040 | train loss: 0.3413 bal_acc: 0.87 acc: 0.87 | val loss: 0.3626 bal_loss: 0.3979 bal_acc: 0.86 acc: 0.86
fold=5 label=2 | epoch 050 | train loss: 0.2947 bal_acc: 0.88 acc: 0.88 | val loss: 0.3177 bal_loss: 0.3622 bal_acc: 0.86 acc: 0.86
fold=5 label=2 | epoch 060 | train loss: 0.2526 bal_acc: 0.91 acc: 0.91 | val loss: 0.2824 bal_loss: 0.3325 bal_acc: 0.86 acc: 0.86
fold=5 label=2 | epoch 070 | train loss: 0.2292 bal_acc: 0.93 acc: 0.93 | val loss: 0.2642 bal_loss: 0.3193 bal_acc: 0.84 acc: 0.86
fold=5 label=2 | epoch 080 | train loss: 0.1815 bal_acc: 0.97 acc: 0.97 | val loss: 0.2397 bal_loss: 0.3053 bal_acc: 0.89 acc: 0.91
fold=5 label=2 | epoch 090 | train loss: 0.1830 bal_acc: 0.94 acc: 0.93 | val loss: 0.2299 bal_loss: 0.2941 bal_acc: 0.89 acc: 0.91
fold=5 label=2 | epoch 100 | train loss: 0.1727 bal_acc: 0.96 acc: 0.96 | val loss: 0.2123 bal_loss: 0.2816 bal_acc: 0.88 acc: 0.90
fold=5 label=2 | epoch 110 | train loss: 0.1422 bal_acc: 0.95 acc: 0.95 | val loss: 0.2078 bal_loss: 0.2683 bal_acc: 0.86 acc: 0.89
fold=5 label=2 | epoch 120 | train loss: 0.1283 bal_acc: 0.97 acc: 0.97 | val loss: 0.2012 bal_loss: 0.2713 bal_acc: 0.86 acc: 0.89
fold=5 label=2 | epoch 130 | train loss: 0.1219 bal_acc: 0.95 acc: 0.95 | val loss: 0.1974 bal_loss: 0.2685 bal_acc: 0.92 acc: 0.93
fold=5 label=2 | epoch 140 | train loss: 0.1160 bal_acc: 0.97 acc: 0.97 | val loss: 0.1933 bal_loss: 0.2738 bal_acc: 0.89 acc: 0.92
fold=5 label=2 | epoch 150 | train loss: 0.1267 bal_acc: 0.96 acc: 0.96 | val loss: 0.1910 bal_loss: 0.2694 bal_acc: 0.92 acc: 0.93
fold=5 label=2 | epoch 160 | train loss: 0.0979 bal_acc: 0.97 acc: 0.97 | val loss: 0.1912 bal_loss: 0.2735 bal_acc: 0.89 acc: 0.92
fold=5 label=2 | epoch 170 | train loss: 0.0634 bal_acc: 1.00 acc: 1.00 | val loss: 0.1836 bal_loss: 0.2723 bal_acc: 0.90 acc: 0.93
fold=5 label=2 | epoch 180 | train loss: 0.1021 bal_acc: 0.97 acc: 0.97 | val loss: 0.1754 bal_loss: 0.2587 bal_acc: 0.92 acc: 0.94
fold=5 label=2 | epoch 190 | train loss: 0.0799 bal_acc: 0.99 acc: 0.99 | val loss: 0.1811 bal_loss: 0.2715 bal_acc: 0.90 acc: 0.93
fold=5 label=2 | epoch 200 | train loss: 0.0606 bal_acc: 0.99 acc: 0.99 | val loss: 0.1806 bal_loss: 0.2772 bal_acc: 0.88 acc: 0.92

fold=5 label=1_vs_3
Binary labels: class0=label1 class1=label3
Binary label distribution:
  train: class0=60 class1=60 total=120
  val:   class0=20 class1=20 total=40
  test:  class0=20 class1=20 total=40
Original labels in this split:
  train: label0=0 label1=60 label2=0 label3=60 label4=0 total=120
  val:   label0=0 label1=20 label2=0 label3=20 label4=0 total=40
  test:  label0=0 label1=20 label2=0 label3=20 label4=0 total=40
fold=5 label=1_vs_3 | epoch 001 | train loss: 0.7060 bal_acc: 0.54 acc: 0.54 | val loss: 0.7025 bal_loss: 0.7025 bal_acc: 0.50 acc: 0.50
fold=5 label=1_vs_3 | epoch 010 | train loss: 0.6406 bal_acc: 0.67 acc: 0.67 | val loss: 0.6928 bal_loss: 0.6928 bal_acc: 0.47 acc: 0.47
fold=5 label=1_vs_3 | epoch 020 | train loss: 0.5400 bal_acc: 0.77 acc: 0.77 | val loss: 0.6571 bal_loss: 0.6571 bal_acc: 0.67 acc: 0.68
fold=5 label=1_vs_3 | epoch 030 | train loss: 0.4857 bal_acc: 0.81 acc: 0.80 | val loss: 0.5669 bal_loss: 0.5669 bal_acc: 0.88 acc: 0.88
fold=5 label=1_vs_3 | epoch 040 | train loss: 0.4022 bal_acc: 0.87 acc: 0.87 | val loss: 0.4513 bal_loss: 0.4513 bal_acc: 0.92 acc: 0.93
fold=5 label=1_vs_3 | epoch 050 | train loss: 0.3665 bal_acc: 0.85 acc: 0.85 | val loss: 0.3618 bal_loss: 0.3618 bal_acc: 0.92 acc: 0.93
fold=5 label=1_vs_3 | epoch 060 | train loss: 0.3388 bal_acc: 0.91 acc: 0.91 | val loss: 0.3086 bal_loss: 0.3086 bal_acc: 0.92 acc: 0.93
fold=5 label=1_vs_3 | epoch 070 | train loss: 0.3907 bal_acc: 0.82 acc: 0.82 | val loss: 0.2615 bal_loss: 0.2615 bal_acc: 0.98 acc: 0.97
fold=5 label=1_vs_3 | epoch 080 | train loss: 0.2476 bal_acc: 0.91 acc: 0.91 | val loss: 0.2413 bal_loss: 0.2413 bal_acc: 0.98 acc: 0.97
fold=5 label=1_vs_3 | epoch 090 | train loss: 0.2744 bal_acc: 0.92 acc: 0.92 | val loss: 0.2143 bal_loss: 0.2143 bal_acc: 0.98 acc: 0.97
fold=5 label=1_vs_3 | epoch 100 | train loss: 0.2426 bal_acc: 0.91 acc: 0.91 | val loss: 0.2065 bal_loss: 0.2065 bal_acc: 0.98 acc: 0.97
fold=5 label=1_vs_3 | epoch 110 | train loss: 0.1852 bal_acc: 0.95 acc: 0.95 | val loss: 0.1828 bal_loss: 0.1828 bal_acc: 0.98 acc: 0.97
fold=5 label=1_vs_3 | epoch 120 | train loss: 0.1988 bal_acc: 0.91 acc: 0.92 | val loss: 0.1761 bal_loss: 0.1761 bal_acc: 0.95 acc: 0.95
fold=5 label=1_vs_3 | epoch 130 | train loss: 0.2068 bal_acc: 0.94 acc: 0.94 | val loss: 0.1722 bal_loss: 0.1722 bal_acc: 0.95 acc: 0.95
fold=5 label=1_vs_3 | epoch 140 | train loss: 0.1719 bal_acc: 0.93 acc: 0.93 | val loss: 0.1618 bal_loss: 0.1618 bal_acc: 0.95 acc: 0.95
fold=5 label=1_vs_3 | epoch 150 | train loss: 0.1559 bal_acc: 0.97 acc: 0.97 | val loss: 0.1553 bal_loss: 0.1553 bal_acc: 0.95 acc: 0.95
fold=5 label=1_vs_3 | epoch 160 | train loss: 0.1561 bal_acc: 0.95 acc: 0.95 | val loss: 0.1525 bal_loss: 0.1525 bal_acc: 0.95 acc: 0.95
fold=5 label=1_vs_3 | epoch 170 | train loss: 0.1503 bal_acc: 0.95 acc: 0.95 | val loss: 0.1517 bal_loss: 0.1517 bal_acc: 0.95 acc: 0.95
fold=5 label=1_vs_3 | epoch 180 | train loss: 0.1089 bal_acc: 0.97 acc: 0.97 | val loss: 0.1503 bal_loss: 0.1503 bal_acc: 0.95 acc: 0.95
fold=5 label=1_vs_3 | epoch 190 | train loss: 0.1597 bal_acc: 0.93 acc: 0.93 | val loss: 0.1545 bal_loss: 0.1545 bal_acc: 0.95 acc: 0.95
fold=5 label=1_vs_3 | epoch 200 | train loss: 0.0987 bal_acc: 0.98 acc: 0.98 | val loss: 0.1499 bal_loss: 0.1499 bal_acc: 0.95 acc: 0.95

5-fold cross-validation summary
y_0: test bal_loss=0.241 +/- 0.072 | bal_acc=0.896 +/- 0.045 | test acc=0.912 +/- 0.023
y_2: test bal_loss=0.270 +/- 0.031 | bal_acc=0.894 +/- 0.034 | test acc=0.908 +/- 0.033
y_1_vs_3: test bal_loss=0.246 +/- 0.059 | bal_acc=0.905 +/- 0.029 | test acc=0.905 +/- 0.029
Cross-validation CSV: ./checkpoints/sub2_yjkim_nogit/v3_sub2_eegnet_all_days/20260628_165618/cross_validation.csv

Saved to: ./checkpoints/sub2_yjkim_nogit/v3_sub2_eegnet_all_days/20260628_165618
