Training configuration
  config=./configs/train_config_v3.json
  model=eegnet
  patient=sub1_hjlee
  day=260408
  data_dir=./data/processed/sub1_hjlee/260408
  input_file=X_eeg.npy
  checkpoint_root=./checkpoints/sub1_hjlee_nogit/v3_sub1_eegnet_all_days
  epochs=200
  batch_size=16
  lr=3e-05
  weight_decay=0.0001
  patience=50
  seed=42
  val_test_ratio=0.2
  weighted_sampler=True
  run_window_diagnostic=False
  window_size=256
  window_stride=128
  balance_rest_to_target=False
  run_5fold_cross_validation=True
  selection_metric=balanced_loss

Loading X_eeg.npy...
Device: cuda | X: (500, 64, 1000) | run: ./checkpoints/sub1_hjlee_nogit/v3_sub1_eegnet_all_days/20260628_174138
Data split: train=300 val=100 test=100
Original label distribution:
  train: label0=60 label1=60 label2=60 label3=60 label4=60 total=300
  val:   label0=20 label1=20 label2=20 label3=20 label4=20 total=100
  test:  label0=20 label1=20 label2=20 label3=20 label4=20 total=100

=== 5-fold cross-validation ===

--- fold 1/5: train=300 val=100 test=100 ---

fold=1 label=0
Binary label distribution:
  train: class0=60 class1=240 total=300
  val:   class0=20 class1=80 total=100
  test:  class0=20 class1=80 total=100
Original labels in this split:
  train: label0=60 label1=60 label2=60 label3=60 label4=60 total=300
  val:   label0=20 label1=20 label2=20 label3=20 label4=20 total=100
  test:  label0=20 label1=20 label2=20 label3=20 label4=20 total=100
fold=1 label=0 | epoch 001 | train loss: 0.7650 bal_acc: 0.45 acc: 0.45 | val loss: 0.7054 bal_loss: 0.7027 bal_acc: 0.35 acc: 0.35
fold=1 label=0 | epoch 010 | train loss: 0.6806 bal_acc: 0.57 acc: 0.57 | val loss: 0.6834 bal_loss: 0.6892 bal_acc: 0.49 acc: 0.51
fold=1 label=0 | epoch 020 | train loss: 0.6623 bal_acc: 0.60 acc: 0.61 | val loss: 0.6675 bal_loss: 0.6718 bal_acc: 0.59 acc: 0.59
fold=1 label=0 | epoch 030 | train loss: 0.6383 bal_acc: 0.61 acc: 0.61 | val loss: 0.6691 bal_loss: 0.6741 bal_acc: 0.58 acc: 0.57
fold=1 label=0 | epoch 040 | train loss: 0.5822 bal_acc: 0.75 acc: 0.75 | val loss: 0.6536 bal_loss: 0.6808 bal_acc: 0.58 acc: 0.59
fold=1 label=0 | epoch 050 | train loss: 0.5823 bal_acc: 0.70 acc: 0.70 | val loss: 0.6602 bal_loss: 0.7039 bal_acc: 0.56 acc: 0.60
fold=1 label=0 | epoch 060 | train loss: 0.5645 bal_acc: 0.71 acc: 0.71 | val loss: 0.6670 bal_loss: 0.7415 bal_acc: 0.54 acc: 0.59
fold=1 label=0 | epoch 070 | train loss: 0.5427 bal_acc: 0.72 acc: 0.72 | val loss: 0.6636 bal_loss: 0.7861 bal_acc: 0.52 acc: 0.63

fold=1 label=2
Binary label distribution:
  train: class0=60 class1=240 total=300
  val:   class0=20 class1=80 total=100
  test:  class0=20 class1=80 total=100
Original labels in this split:
  train: label0=60 label1=60 label2=60 label3=60 label4=60 total=300
  val:   label0=20 label1=20 label2=20 label3=20 label4=20 total=100
  test:  label0=20 label1=20 label2=20 label3=20 label4=20 total=100
fold=1 label=2 | epoch 001 | train loss: 0.7293 bal_acc: 0.49 acc: 0.49 | val loss: 0.7019 bal_loss: 0.6965 bal_acc: 0.50 acc: 0.44
fold=1 label=2 | epoch 010 | train loss: 0.6681 bal_acc: 0.57 acc: 0.57 | val loss: 0.6850 bal_loss: 0.6889 bal_acc: 0.52 acc: 0.53
fold=1 label=2 | epoch 020 | train loss: 0.6335 bal_acc: 0.68 acc: 0.68 | val loss: 0.6732 bal_loss: 0.6941 bal_acc: 0.59 acc: 0.64
fold=1 label=2 | epoch 030 | train loss: 0.6106 bal_acc: 0.70 acc: 0.69 | val loss: 0.6570 bal_loss: 0.7032 bal_acc: 0.56 acc: 0.65
fold=1 label=2 | epoch 040 | train loss: 0.5698 bal_acc: 0.72 acc: 0.72 | val loss: 0.6510 bal_loss: 0.7103 bal_acc: 0.53 acc: 0.61
fold=1 label=2 | epoch 050 | train loss: 0.5536 bal_acc: 0.73 acc: 0.73 | val loss: 0.6410 bal_loss: 0.7175 bal_acc: 0.52 acc: 0.62
fold=1 label=2 | epoch 060 | train loss: 0.5591 bal_acc: 0.74 acc: 0.74 | val loss: 0.6340 bal_loss: 0.7241 bal_acc: 0.52 acc: 0.63

fold=1 label=1_vs_3
Binary labels: class0=label1 class1=label3
Binary label distribution:
  train: class0=60 class1=60 total=120
  val:   class0=20 class1=20 total=40
  test:  class0=20 class1=20 total=40
Original labels in this split:
  train: label0=0 label1=60 label2=0 label3=60 label4=0 total=120
  val:   label0=0 label1=20 label2=0 label3=20 label4=0 total=40
  test:  label0=0 label1=20 label2=0 label3=20 label4=0 total=40
fold=1 label=1_vs_3 | epoch 001 | train loss: 0.7812 bal_acc: 0.46 acc: 0.46 | val loss: 0.7029 bal_loss: 0.7029 bal_acc: 0.45 acc: 0.45
fold=1 label=1_vs_3 | epoch 010 | train loss: 0.7122 bal_acc: 0.49 acc: 0.48 | val loss: 0.6971 bal_loss: 0.6971 bal_acc: 0.48 acc: 0.47
fold=1 label=1_vs_3 | epoch 020 | train loss: 0.6584 bal_acc: 0.59 acc: 0.59 | val loss: 0.6873 bal_loss: 0.6873 bal_acc: 0.50 acc: 0.50
fold=1 label=1_vs_3 | epoch 030 | train loss: 0.6417 bal_acc: 0.61 acc: 0.61 | val loss: 0.6753 bal_loss: 0.6753 bal_acc: 0.55 acc: 0.55
fold=1 label=1_vs_3 | epoch 040 | train loss: 0.6155 bal_acc: 0.65 acc: 0.64 | val loss: 0.6621 bal_loss: 0.6621 bal_acc: 0.62 acc: 0.62
fold=1 label=1_vs_3 | epoch 050 | train loss: 0.6150 bal_acc: 0.69 acc: 0.69 | val loss: 0.6542 bal_loss: 0.6542 bal_acc: 0.62 acc: 0.62
fold=1 label=1_vs_3 | epoch 060 | train loss: 0.5622 bal_acc: 0.74 acc: 0.74 | val loss: 0.6458 bal_loss: 0.6458 bal_acc: 0.65 acc: 0.65
fold=1 label=1_vs_3 | epoch 070 | train loss: 0.5585 bal_acc: 0.73 acc: 0.73 | val loss: 0.6428 bal_loss: 0.6428 bal_acc: 0.65 acc: 0.65
fold=1 label=1_vs_3 | epoch 080 | train loss: 0.4578 bal_acc: 0.81 acc: 0.81 | val loss: 0.6455 bal_loss: 0.6455 bal_acc: 0.65 acc: 0.65
fold=1 label=1_vs_3 | epoch 090 | train loss: 0.5022 bal_acc: 0.76 acc: 0.75 | val loss: 0.6477 bal_loss: 0.6477 bal_acc: 0.65 acc: 0.65
fold=1 label=1_vs_3 | epoch 100 | train loss: 0.5054 bal_acc: 0.78 acc: 0.77 | val loss: 0.6460 bal_loss: 0.6460 bal_acc: 0.65 acc: 0.65
fold=1 label=1_vs_3 | epoch 110 | train loss: 0.5285 bal_acc: 0.72 acc: 0.72 | val loss: 0.6504 bal_loss: 0.6504 bal_acc: 0.62 acc: 0.62
fold=1 label=1_vs_3 | epoch 120 | train loss: 0.4433 bal_acc: 0.87 acc: 0.88 | val loss: 0.6524 bal_loss: 0.6524 bal_acc: 0.62 acc: 0.62

--- fold 2/5: train=300 val=100 test=100 ---

fold=2 label=0
Binary label distribution:
  train: class0=60 class1=240 total=300
  val:   class0=20 class1=80 total=100
  test:  class0=20 class1=80 total=100
Original labels in this split:
  train: label0=60 label1=60 label2=60 label3=60 label4=60 total=300
  val:   label0=20 label1=20 label2=20 label3=20 label4=20 total=100
  test:  label0=20 label1=20 label2=20 label3=20 label4=20 total=100
fold=2 label=0 | epoch 001 | train loss: 0.7301 bal_acc: 0.48 acc: 0.48 | val loss: 0.7071 bal_loss: 0.7031 bal_acc: 0.32 acc: 0.33
fold=2 label=0 | epoch 010 | train loss: 0.6774 bal_acc: 0.56 acc: 0.56 | val loss: 0.6926 bal_loss: 0.7083 bal_acc: 0.47 acc: 0.57
fold=2 label=0 | epoch 020 | train loss: 0.6640 bal_acc: 0.61 acc: 0.60 | val loss: 0.6862 bal_loss: 0.7241 bal_acc: 0.49 acc: 0.61
fold=2 label=0 | epoch 030 | train loss: 0.5865 bal_acc: 0.71 acc: 0.71 | val loss: 0.6838 bal_loss: 0.7396 bal_acc: 0.49 acc: 0.60
fold=2 label=0 | epoch 040 | train loss: 0.5656 bal_acc: 0.73 acc: 0.73 | val loss: 0.6840 bal_loss: 0.7520 bal_acc: 0.49 acc: 0.61
fold=2 label=0 | epoch 050 | train loss: 0.5624 bal_acc: 0.72 acc: 0.71 | val loss: 0.6863 bal_loss: 0.7623 bal_acc: 0.54 acc: 0.65

fold=2 label=2
Binary label distribution:
  train: class0=60 class1=240 total=300
  val:   class0=20 class1=80 total=100
  test:  class0=20 class1=80 total=100
Original labels in this split:
  train: label0=60 label1=60 label2=60 label3=60 label4=60 total=300
  val:   label0=20 label1=20 label2=20 label3=20 label4=20 total=100
  test:  label0=20 label1=20 label2=20 label3=20 label4=20 total=100
fold=2 label=2 | epoch 001 | train loss: 0.7469 bal_acc: 0.49 acc: 0.48 | val loss: 0.7050 bal_loss: 0.6962 bal_acc: 0.57 acc: 0.50
fold=2 label=2 | epoch 010 | train loss: 0.7052 bal_acc: 0.50 acc: 0.51 | val loss: 0.6848 bal_loss: 0.6794 bal_acc: 0.61 acc: 0.61
fold=2 label=2 | epoch 020 | train loss: 0.6354 bal_acc: 0.65 acc: 0.65 | val loss: 0.6676 bal_loss: 0.6531 bal_acc: 0.66 acc: 0.64
fold=2 label=2 | epoch 030 | train loss: 0.6195 bal_acc: 0.62 acc: 0.62 | val loss: 0.6446 bal_loss: 0.6438 bal_acc: 0.66 acc: 0.66
fold=2 label=2 | epoch 040 | train loss: 0.5797 bal_acc: 0.71 acc: 0.71 | val loss: 0.6165 bal_loss: 0.6371 bal_acc: 0.69 acc: 0.71
fold=2 label=2 | epoch 050 | train loss: 0.5512 bal_acc: 0.80 acc: 0.80 | val loss: 0.6062 bal_loss: 0.6341 bal_acc: 0.68 acc: 0.70
fold=2 label=2 | epoch 060 | train loss: 0.5407 bal_acc: 0.77 acc: 0.77 | val loss: 0.6000 bal_loss: 0.6346 bal_acc: 0.69 acc: 0.72
fold=2 label=2 | epoch 070 | train loss: 0.5569 bal_acc: 0.75 acc: 0.75 | val loss: 0.5927 bal_loss: 0.6427 bal_acc: 0.64 acc: 0.70
fold=2 label=2 | epoch 080 | train loss: 0.5451 bal_acc: 0.78 acc: 0.78 | val loss: 0.6035 bal_loss: 0.6547 bal_acc: 0.62 acc: 0.67
fold=2 label=2 | epoch 090 | train loss: 0.5122 bal_acc: 0.76 acc: 0.76 | val loss: 0.5875 bal_loss: 0.6501 bal_acc: 0.62 acc: 0.69
fold=2 label=2 | epoch 100 | train loss: 0.4564 bal_acc: 0.84 acc: 0.83 | val loss: 0.5879 bal_loss: 0.6546 bal_acc: 0.59 acc: 0.68

fold=2 label=1_vs_3
Binary labels: class0=label1 class1=label3
Binary label distribution:
  train: class0=60 class1=60 total=120
  val:   class0=20 class1=20 total=40
  test:  class0=20 class1=20 total=40
Original labels in this split:
  train: label0=0 label1=60 label2=0 label3=60 label4=0 total=120
  val:   label0=0 label1=20 label2=0 label3=20 label4=0 total=40
  test:  label0=0 label1=20 label2=0 label3=20 label4=0 total=40
fold=2 label=1_vs_3 | epoch 001 | train loss: 0.7764 bal_acc: 0.43 acc: 0.43 | val loss: 0.7060 bal_loss: 0.7060 bal_acc: 0.45 acc: 0.45
fold=2 label=1_vs_3 | epoch 010 | train loss: 0.7196 bal_acc: 0.53 acc: 0.53 | val loss: 0.7079 bal_loss: 0.7079 bal_acc: 0.45 acc: 0.45
fold=2 label=1_vs_3 | epoch 020 | train loss: 0.6529 bal_acc: 0.60 acc: 0.59 | val loss: 0.7157 bal_loss: 0.7157 bal_acc: 0.45 acc: 0.45
fold=2 label=1_vs_3 | epoch 030 | train loss: 0.6099 bal_acc: 0.68 acc: 0.68 | val loss: 0.7167 bal_loss: 0.7167 bal_acc: 0.48 acc: 0.47
fold=2 label=1_vs_3 | epoch 040 | train loss: 0.5764 bal_acc: 0.71 acc: 0.71 | val loss: 0.7177 bal_loss: 0.7177 bal_acc: 0.47 acc: 0.47
fold=2 label=1_vs_3 | epoch 050 | train loss: 0.5487 bal_acc: 0.76 acc: 0.76 | val loss: 0.7195 bal_loss: 0.7195 bal_acc: 0.50 acc: 0.50

--- fold 3/5: train=300 val=100 test=100 ---

fold=3 label=0
Binary label distribution:
  train: class0=60 class1=240 total=300
  val:   class0=20 class1=80 total=100
  test:  class0=20 class1=80 total=100
Original labels in this split:
  train: label0=60 label1=60 label2=60 label3=60 label4=60 total=300
  val:   label0=20 label1=20 label2=20 label3=20 label4=20 total=100
  test:  label0=20 label1=20 label2=20 label3=20 label4=20 total=100
fold=3 label=0 | epoch 001 | train loss: 0.7509 bal_acc: 0.48 acc: 0.48 | val loss: 0.7074 bal_loss: 0.6999 bal_acc: 0.39 acc: 0.39
fold=3 label=0 | epoch 010 | train loss: 0.6825 bal_acc: 0.56 acc: 0.57 | val loss: 0.6929 bal_loss: 0.7025 bal_acc: 0.48 acc: 0.52
fold=3 label=0 | epoch 020 | train loss: 0.6852 bal_acc: 0.58 acc: 0.58 | val loss: 0.6765 bal_loss: 0.7043 bal_acc: 0.52 acc: 0.59
fold=3 label=0 | epoch 030 | train loss: 0.6465 bal_acc: 0.62 acc: 0.62 | val loss: 0.6631 bal_loss: 0.7019 bal_acc: 0.53 acc: 0.64
fold=3 label=0 | epoch 040 | train loss: 0.5615 bal_acc: 0.75 acc: 0.75 | val loss: 0.6452 bal_loss: 0.6914 bal_acc: 0.50 acc: 0.62
fold=3 label=0 | epoch 050 | train loss: 0.5709 bal_acc: 0.73 acc: 0.73 | val loss: 0.6358 bal_loss: 0.6761 bal_acc: 0.56 acc: 0.66
fold=3 label=0 | epoch 060 | train loss: 0.5418 bal_acc: 0.79 acc: 0.79 | val loss: 0.6159 bal_loss: 0.6713 bal_acc: 0.56 acc: 0.66
fold=3 label=0 | epoch 070 | train loss: 0.5424 bal_acc: 0.76 acc: 0.76 | val loss: 0.6045 bal_loss: 0.6696 bal_acc: 0.59 acc: 0.67
fold=3 label=0 | epoch 080 | train loss: 0.5205 bal_acc: 0.78 acc: 0.78 | val loss: 0.5971 bal_loss: 0.6684 bal_acc: 0.59 acc: 0.68
fold=3 label=0 | epoch 090 | train loss: 0.4781 bal_acc: 0.78 acc: 0.78 | val loss: 0.5892 bal_loss: 0.6696 bal_acc: 0.59 acc: 0.68
fold=3 label=0 | epoch 100 | train loss: 0.4570 bal_acc: 0.83 acc: 0.83 | val loss: 0.5845 bal_loss: 0.6736 bal_acc: 0.59 acc: 0.68
fold=3 label=0 | epoch 110 | train loss: 0.4355 bal_acc: 0.83 acc: 0.83 | val loss: 0.5782 bal_loss: 0.6787 bal_acc: 0.60 acc: 0.69

fold=3 label=2
Binary label distribution:
  train: class0=60 class1=240 total=300
  val:   class0=20 class1=80 total=100
  test:  class0=20 class1=80 total=100
Original labels in this split:
  train: label0=60 label1=60 label2=60 label3=60 label4=60 total=300
  val:   label0=20 label1=20 label2=20 label3=20 label4=20 total=100
  test:  label0=20 label1=20 label2=20 label3=20 label4=20 total=100
fold=3 label=2 | epoch 001 | train loss: 0.7436 bal_acc: 0.46 acc: 0.46 | val loss: 0.7042 bal_loss: 0.6923 bal_acc: 0.53 acc: 0.46
fold=3 label=2 | epoch 010 | train loss: 0.6852 bal_acc: 0.54 acc: 0.54 | val loss: 0.6866 bal_loss: 0.6795 bal_acc: 0.58 acc: 0.54
fold=3 label=2 | epoch 020 | train loss: 0.6500 bal_acc: 0.62 acc: 0.62 | val loss: 0.6731 bal_loss: 0.6651 bal_acc: 0.60 acc: 0.54
fold=3 label=2 | epoch 030 | train loss: 0.6406 bal_acc: 0.64 acc: 0.64 | val loss: 0.6774 bal_loss: 0.6662 bal_acc: 0.59 acc: 0.58
fold=3 label=2 | epoch 040 | train loss: 0.6069 bal_acc: 0.68 acc: 0.68 | val loss: 0.6661 bal_loss: 0.6706 bal_acc: 0.53 acc: 0.58
fold=3 label=2 | epoch 050 | train loss: 0.5939 bal_acc: 0.69 acc: 0.69 | val loss: 0.6574 bal_loss: 0.6682 bal_acc: 0.50 acc: 0.56
fold=3 label=2 | epoch 060 | train loss: 0.5367 bal_acc: 0.78 acc: 0.78 | val loss: 0.6539 bal_loss: 0.6796 bal_acc: 0.50 acc: 0.59
fold=3 label=2 | epoch 070 | train loss: 0.5298 bal_acc: 0.74 acc: 0.74 | val loss: 0.6508 bal_loss: 0.6796 bal_acc: 0.50 acc: 0.59

fold=3 label=1_vs_3
Binary labels: class0=label1 class1=label3
Binary label distribution:
  train: class0=60 class1=60 total=120
  val:   class0=20 class1=20 total=40
  test:  class0=20 class1=20 total=40
Original labels in this split:
  train: label0=0 label1=60 label2=0 label3=60 label4=0 total=120
  val:   label0=0 label1=20 label2=0 label3=20 label4=0 total=40
  test:  label0=0 label1=20 label2=0 label3=20 label4=0 total=40
fold=3 label=1_vs_3 | epoch 001 | train loss: 0.7762 bal_acc: 0.48 acc: 0.48 | val loss: 0.6934 bal_loss: 0.6934 bal_acc: 0.50 acc: 0.50
fold=3 label=1_vs_3 | epoch 010 | train loss: 0.7025 bal_acc: 0.48 acc: 0.48 | val loss: 0.6846 bal_loss: 0.6846 bal_acc: 0.52 acc: 0.53
fold=3 label=1_vs_3 | epoch 020 | train loss: 0.6707 bal_acc: 0.61 acc: 0.62 | val loss: 0.6659 bal_loss: 0.6659 bal_acc: 0.73 acc: 0.72
fold=3 label=1_vs_3 | epoch 030 | train loss: 0.6404 bal_acc: 0.57 acc: 0.57 | val loss: 0.6417 bal_loss: 0.6417 bal_acc: 0.75 acc: 0.75
fold=3 label=1_vs_3 | epoch 040 | train loss: 0.6542 bal_acc: 0.63 acc: 0.62 | val loss: 0.6193 bal_loss: 0.6193 bal_acc: 0.77 acc: 0.78
fold=3 label=1_vs_3 | epoch 050 | train loss: 0.5873 bal_acc: 0.71 acc: 0.70 | val loss: 0.5971 bal_loss: 0.5971 bal_acc: 0.80 acc: 0.80
fold=3 label=1_vs_3 | epoch 060 | train loss: 0.5626 bal_acc: 0.70 acc: 0.70 | val loss: 0.5884 bal_loss: 0.5884 bal_acc: 0.75 acc: 0.75
fold=3 label=1_vs_3 | epoch 070 | train loss: 0.5513 bal_acc: 0.77 acc: 0.76 | val loss: 0.5860 bal_loss: 0.5860 bal_acc: 0.73 acc: 0.72
fold=3 label=1_vs_3 | epoch 080 | train loss: 0.5426 bal_acc: 0.74 acc: 0.74 | val loss: 0.5748 bal_loss: 0.5748 bal_acc: 0.70 acc: 0.70
fold=3 label=1_vs_3 | epoch 090 | train loss: 0.5344 bal_acc: 0.74 acc: 0.74 | val loss: 0.5640 bal_loss: 0.5640 bal_acc: 0.70 acc: 0.70
fold=3 label=1_vs_3 | epoch 100 | train loss: 0.4967 bal_acc: 0.81 acc: 0.81 | val loss: 0.5547 bal_loss: 0.5547 bal_acc: 0.70 acc: 0.70
fold=3 label=1_vs_3 | epoch 110 | train loss: 0.4829 bal_acc: 0.74 acc: 0.74 | val loss: 0.5540 bal_loss: 0.5540 bal_acc: 0.70 acc: 0.70
fold=3 label=1_vs_3 | epoch 120 | train loss: 0.4904 bal_acc: 0.77 acc: 0.77 | val loss: 0.5444 bal_loss: 0.5444 bal_acc: 0.68 acc: 0.68
fold=3 label=1_vs_3 | epoch 130 | train loss: 0.4528 bal_acc: 0.83 acc: 0.83 | val loss: 0.5457 bal_loss: 0.5457 bal_acc: 0.73 acc: 0.72
fold=3 label=1_vs_3 | epoch 140 | train loss: 0.4689 bal_acc: 0.83 acc: 0.83 | val loss: 0.5461 bal_loss: 0.5461 bal_acc: 0.75 acc: 0.75
fold=3 label=1_vs_3 | epoch 150 | train loss: 0.4481 bal_acc: 0.81 acc: 0.81 | val loss: 0.5370 bal_loss: 0.5370 bal_acc: 0.75 acc: 0.75
fold=3 label=1_vs_3 | epoch 160 | train loss: 0.4045 bal_acc: 0.88 acc: 0.88 | val loss: 0.5352 bal_loss: 0.5352 bal_acc: 0.75 acc: 0.75
fold=3 label=1_vs_3 | epoch 170 | train loss: 0.3733 bal_acc: 0.90 acc: 0.89 | val loss: 0.5365 bal_loss: 0.5365 bal_acc: 0.75 acc: 0.75
fold=3 label=1_vs_3 | epoch 180 | train loss: 0.4363 bal_acc: 0.82 acc: 0.82 | val loss: 0.5335 bal_loss: 0.5335 bal_acc: 0.77 acc: 0.78
fold=3 label=1_vs_3 | epoch 190 | train loss: 0.4209 bal_acc: 0.85 acc: 0.85 | val loss: 0.5324 bal_loss: 0.5324 bal_acc: 0.75 acc: 0.75
fold=3 label=1_vs_3 | epoch 200 | train loss: 0.3860 bal_acc: 0.87 acc: 0.87 | val loss: 0.5213 bal_loss: 0.5213 bal_acc: 0.75 acc: 0.75

--- fold 4/5: train=300 val=100 test=100 ---

fold=4 label=0
Binary label distribution:
  train: class0=60 class1=240 total=300
  val:   class0=20 class1=80 total=100
  test:  class0=20 class1=80 total=100
Original labels in this split:
  train: label0=60 label1=60 label2=60 label3=60 label4=60 total=300
  val:   label0=20 label1=20 label2=20 label3=20 label4=20 total=100
  test:  label0=20 label1=20 label2=20 label3=20 label4=20 total=100
fold=4 label=0 | epoch 001 | train loss: 0.7336 bal_acc: 0.46 acc: 0.46 | val loss: 0.7080 bal_loss: 0.6977 bal_acc: 0.41 acc: 0.33
fold=4 label=0 | epoch 010 | train loss: 0.6901 bal_acc: 0.59 acc: 0.58 | val loss: 0.6841 bal_loss: 0.6939 bal_acc: 0.43 acc: 0.50
fold=4 label=0 | epoch 020 | train loss: 0.6440 bal_acc: 0.63 acc: 0.63 | val loss: 0.6648 bal_loss: 0.6853 bal_acc: 0.58 acc: 0.60
fold=4 label=0 | epoch 030 | train loss: 0.6137 bal_acc: 0.69 acc: 0.69 | val loss: 0.6379 bal_loss: 0.6725 bal_acc: 0.59 acc: 0.64
fold=4 label=0 | epoch 040 | train loss: 0.5592 bal_acc: 0.78 acc: 0.78 | val loss: 0.6314 bal_loss: 0.6674 bal_acc: 0.58 acc: 0.63
fold=4 label=0 | epoch 050 | train loss: 0.5607 bal_acc: 0.75 acc: 0.75 | val loss: 0.6104 bal_loss: 0.6494 bal_acc: 0.65 acc: 0.71
fold=4 label=0 | epoch 060 | train loss: 0.5590 bal_acc: 0.76 acc: 0.76 | val loss: 0.5970 bal_loss: 0.6418 bal_acc: 0.66 acc: 0.73
fold=4 label=0 | epoch 070 | train loss: 0.4818 bal_acc: 0.81 acc: 0.81 | val loss: 0.5887 bal_loss: 0.6354 bal_acc: 0.74 acc: 0.77
fold=4 label=0 | epoch 080 | train loss: 0.5184 bal_acc: 0.76 acc: 0.76 | val loss: 0.5720 bal_loss: 0.6248 bal_acc: 0.68 acc: 0.76
fold=4 label=0 | epoch 090 | train loss: 0.4632 bal_acc: 0.81 acc: 0.81 | val loss: 0.5735 bal_loss: 0.6201 bal_acc: 0.69 acc: 0.77
fold=4 label=0 | epoch 100 | train loss: 0.4555 bal_acc: 0.81 acc: 0.81 | val loss: 0.5584 bal_loss: 0.6108 bal_acc: 0.69 acc: 0.77
fold=4 label=0 | epoch 110 | train loss: 0.4147 bal_acc: 0.85 acc: 0.85 | val loss: 0.5510 bal_loss: 0.6093 bal_acc: 0.69 acc: 0.77
fold=4 label=0 | epoch 120 | train loss: 0.3976 bal_acc: 0.85 acc: 0.85 | val loss: 0.5448 bal_loss: 0.6135 bal_acc: 0.64 acc: 0.75
fold=4 label=0 | epoch 130 | train loss: 0.3777 bal_acc: 0.86 acc: 0.86 | val loss: 0.5556 bal_loss: 0.6135 bal_acc: 0.65 acc: 0.74
fold=4 label=0 | epoch 140 | train loss: 0.3372 bal_acc: 0.91 acc: 0.91 | val loss: 0.5430 bal_loss: 0.6077 bal_acc: 0.59 acc: 0.70
fold=4 label=0 | epoch 150 | train loss: 0.3463 bal_acc: 0.88 acc: 0.88 | val loss: 0.5477 bal_loss: 0.6305 bal_acc: 0.56 acc: 0.69
fold=4 label=0 | epoch 160 | train loss: 0.3311 bal_acc: 0.90 acc: 0.90 | val loss: 0.5426 bal_loss: 0.6298 bal_acc: 0.62 acc: 0.72
fold=4 label=0 | epoch 170 | train loss: 0.2809 bal_acc: 0.91 acc: 0.91 | val loss: 0.5283 bal_loss: 0.6282 bal_acc: 0.59 acc: 0.70

fold=4 label=2
Binary label distribution:
  train: class0=60 class1=240 total=300
  val:   class0=20 class1=80 total=100
  test:  class0=20 class1=80 total=100
Original labels in this split:
  train: label0=60 label1=60 label2=60 label3=60 label4=60 total=300
  val:   label0=20 label1=20 label2=20 label3=20 label4=20 total=100
  test:  label0=20 label1=20 label2=20 label3=20 label4=20 total=100
fold=4 label=2 | epoch 001 | train loss: 0.7418 bal_acc: 0.47 acc: 0.47 | val loss: 0.7027 bal_loss: 0.6906 bal_acc: 0.55 acc: 0.43
fold=4 label=2 | epoch 010 | train loss: 0.6728 bal_acc: 0.59 acc: 0.60 | val loss: 0.6918 bal_loss: 0.6898 bal_acc: 0.52 acc: 0.53
fold=4 label=2 | epoch 020 | train loss: 0.6287 bal_acc: 0.67 acc: 0.66 | val loss: 0.6749 bal_loss: 0.6940 bal_acc: 0.55 acc: 0.61
fold=4 label=2 | epoch 030 | train loss: 0.6188 bal_acc: 0.69 acc: 0.69 | val loss: 0.6606 bal_loss: 0.6891 bal_acc: 0.60 acc: 0.63
fold=4 label=2 | epoch 040 | train loss: 0.5951 bal_acc: 0.71 acc: 0.70 | val loss: 0.6571 bal_loss: 0.7028 bal_acc: 0.57 acc: 0.61
fold=4 label=2 | epoch 050 | train loss: 0.5968 bal_acc: 0.68 acc: 0.68 | val loss: 0.6549 bal_loss: 0.7089 bal_acc: 0.52 acc: 0.59
fold=4 label=2 | epoch 060 | train loss: 0.5645 bal_acc: 0.72 acc: 0.72 | val loss: 0.6526 bal_loss: 0.7261 bal_acc: 0.47 acc: 0.58
fold=4 label=2 | epoch 070 | train loss: 0.5130 bal_acc: 0.81 acc: 0.81 | val loss: 0.6495 bal_loss: 0.7169 bal_acc: 0.51 acc: 0.58

fold=4 label=1_vs_3
Binary labels: class0=label1 class1=label3
Binary label distribution:
  train: class0=60 class1=60 total=120
  val:   class0=20 class1=20 total=40
  test:  class0=20 class1=20 total=40
Original labels in this split:
  train: label0=0 label1=60 label2=0 label3=60 label4=0 total=120
  val:   label0=0 label1=20 label2=0 label3=20 label4=0 total=40
  test:  label0=0 label1=20 label2=0 label3=20 label4=0 total=40
fold=4 label=1_vs_3 | epoch 001 | train loss: 0.7729 bal_acc: 0.40 acc: 0.41 | val loss: 0.7045 bal_loss: 0.7045 bal_acc: 0.45 acc: 0.45
fold=4 label=1_vs_3 | epoch 010 | train loss: 0.7073 bal_acc: 0.49 acc: 0.49 | val loss: 0.6972 bal_loss: 0.6972 bal_acc: 0.52 acc: 0.53
fold=4 label=1_vs_3 | epoch 020 | train loss: 0.6549 bal_acc: 0.62 acc: 0.61 | val loss: 0.6861 bal_loss: 0.6861 bal_acc: 0.52 acc: 0.53
fold=4 label=1_vs_3 | epoch 030 | train loss: 0.6426 bal_acc: 0.58 acc: 0.58 | val loss: 0.6699 bal_loss: 0.6699 bal_acc: 0.60 acc: 0.60
fold=4 label=1_vs_3 | epoch 040 | train loss: 0.5965 bal_acc: 0.69 acc: 0.70 | val loss: 0.6517 bal_loss: 0.6517 bal_acc: 0.73 acc: 0.72
fold=4 label=1_vs_3 | epoch 050 | train loss: 0.5806 bal_acc: 0.67 acc: 0.67 | val loss: 0.6421 bal_loss: 0.6421 bal_acc: 0.70 acc: 0.70
fold=4 label=1_vs_3 | epoch 060 | train loss: 0.5339 bal_acc: 0.73 acc: 0.73 | val loss: 0.6295 bal_loss: 0.6295 bal_acc: 0.70 acc: 0.70
fold=4 label=1_vs_3 | epoch 070 | train loss: 0.5447 bal_acc: 0.73 acc: 0.74 | val loss: 0.6231 bal_loss: 0.6231 bal_acc: 0.70 acc: 0.70
fold=4 label=1_vs_3 | epoch 080 | train loss: 0.5601 bal_acc: 0.68 acc: 0.68 | val loss: 0.6202 bal_loss: 0.6202 bal_acc: 0.70 acc: 0.70
fold=4 label=1_vs_3 | epoch 090 | train loss: 0.5120 bal_acc: 0.79 acc: 0.78 | val loss: 0.6201 bal_loss: 0.6201 bal_acc: 0.68 acc: 0.68
fold=4 label=1_vs_3 | epoch 100 | train loss: 0.4800 bal_acc: 0.80 acc: 0.80 | val loss: 0.6196 bal_loss: 0.6196 bal_acc: 0.62 acc: 0.62
fold=4 label=1_vs_3 | epoch 110 | train loss: 0.4789 bal_acc: 0.77 acc: 0.77 | val loss: 0.6196 bal_loss: 0.6196 bal_acc: 0.65 acc: 0.65
fold=4 label=1_vs_3 | epoch 120 | train loss: 0.5312 bal_acc: 0.76 acc: 0.77 | val loss: 0.6171 bal_loss: 0.6171 bal_acc: 0.62 acc: 0.62
fold=4 label=1_vs_3 | epoch 130 | train loss: 0.4532 bal_acc: 0.79 acc: 0.79 | val loss: 0.6136 bal_loss: 0.6136 bal_acc: 0.65 acc: 0.65
fold=4 label=1_vs_3 | epoch 140 | train loss: 0.4540 bal_acc: 0.76 acc: 0.76 | val loss: 0.6138 bal_loss: 0.6138 bal_acc: 0.62 acc: 0.62
fold=4 label=1_vs_3 | epoch 150 | train loss: 0.4541 bal_acc: 0.76 acc: 0.76 | val loss: 0.6159 bal_loss: 0.6159 bal_acc: 0.65 acc: 0.65
fold=4 label=1_vs_3 | epoch 160 | train loss: 0.4050 bal_acc: 0.86 acc: 0.86 | val loss: 0.6137 bal_loss: 0.6137 bal_acc: 0.62 acc: 0.62
fold=4 label=1_vs_3 | epoch 170 | train loss: 0.4132 bal_acc: 0.83 acc: 0.83 | val loss: 0.6139 bal_loss: 0.6139 bal_acc: 0.65 acc: 0.65
fold=4 label=1_vs_3 | epoch 180 | train loss: 0.3428 bal_acc: 0.89 acc: 0.89 | val loss: 0.6119 bal_loss: 0.6119 bal_acc: 0.67 acc: 0.68
fold=4 label=1_vs_3 | epoch 190 | train loss: 0.4050 bal_acc: 0.86 acc: 0.86 | val loss: 0.6167 bal_loss: 0.6167 bal_acc: 0.62 acc: 0.62
fold=4 label=1_vs_3 | epoch 200 | train loss: 0.3439 bal_acc: 0.90 acc: 0.90 | val loss: 0.6160 bal_loss: 0.6160 bal_acc: 0.62 acc: 0.62

--- fold 5/5: train=300 val=100 test=100 ---

fold=5 label=0
Binary label distribution:
  train: class0=60 class1=240 total=300
  val:   class0=20 class1=80 total=100
  test:  class0=20 class1=80 total=100
Original labels in this split:
  train: label0=60 label1=60 label2=60 label3=60 label4=60 total=300
  val:   label0=20 label1=20 label2=20 label3=20 label4=20 total=100
  test:  label0=20 label1=20 label2=20 label3=20 label4=20 total=100
fold=5 label=0 | epoch 001 | train loss: 0.7263 bal_acc: 0.51 acc: 0.51 | val loss: 0.7065 bal_loss: 0.7057 bal_acc: 0.28 acc: 0.33
fold=5 label=0 | epoch 010 | train loss: 0.6801 bal_acc: 0.57 acc: 0.57 | val loss: 0.6935 bal_loss: 0.7138 bal_acc: 0.36 acc: 0.49
fold=5 label=0 | epoch 020 | train loss: 0.6256 bal_acc: 0.67 acc: 0.67 | val loss: 0.6835 bal_loss: 0.7235 bal_acc: 0.46 acc: 0.56
fold=5 label=0 | epoch 030 | train loss: 0.5819 bal_acc: 0.73 acc: 0.73 | val loss: 0.6744 bal_loss: 0.7284 bal_acc: 0.49 acc: 0.58
fold=5 label=0 | epoch 040 | train loss: 0.5510 bal_acc: 0.75 acc: 0.75 | val loss: 0.6636 bal_loss: 0.7356 bal_acc: 0.54 acc: 0.60
fold=5 label=0 | epoch 050 | train loss: 0.5313 bal_acc: 0.75 acc: 0.75 | val loss: 0.6484 bal_loss: 0.7307 bal_acc: 0.57 acc: 0.64

fold=5 label=2
Binary label distribution:
  train: class0=60 class1=240 total=300
  val:   class0=20 class1=80 total=100
  test:  class0=20 class1=80 total=100
Original labels in this split:
  train: label0=60 label1=60 label2=60 label3=60 label4=60 total=300
  val:   label0=20 label1=20 label2=20 label3=20 label4=20 total=100
  test:  label0=20 label1=20 label2=20 label3=20 label4=20 total=100
fold=5 label=2 | epoch 001 | train loss: 0.7528 bal_acc: 0.47 acc: 0.46 | val loss: 0.6994 bal_loss: 0.6940 bal_acc: 0.57 acc: 0.52
fold=5 label=2 | epoch 010 | train loss: 0.6617 bal_acc: 0.58 acc: 0.58 | val loss: 0.6849 bal_loss: 0.6893 bal_acc: 0.55 acc: 0.58
fold=5 label=2 | epoch 020 | train loss: 0.6442 bal_acc: 0.64 acc: 0.64 | val loss: 0.6697 bal_loss: 0.6940 bal_acc: 0.47 acc: 0.57
fold=5 label=2 | epoch 030 | train loss: 0.5950 bal_acc: 0.70 acc: 0.69 | val loss: 0.6664 bal_loss: 0.7146 bal_acc: 0.47 acc: 0.58
fold=5 label=2 | epoch 040 | train loss: 0.5759 bal_acc: 0.71 acc: 0.71 | val loss: 0.6616 bal_loss: 0.7302 bal_acc: 0.44 acc: 0.59
fold=5 label=2 | epoch 050 | train loss: 0.5419 bal_acc: 0.75 acc: 0.75 | val loss: 0.6545 bal_loss: 0.7393 bal_acc: 0.47 acc: 0.61
fold=5 label=2 | epoch 060 | train loss: 0.5366 bal_acc: 0.73 acc: 0.73 | val loss: 0.6529 bal_loss: 0.7579 bal_acc: 0.49 acc: 0.64

fold=5 label=1_vs_3
Binary labels: class0=label1 class1=label3
Binary label distribution:
  train: class0=60 class1=60 total=120
  val:   class0=20 class1=20 total=40
  test:  class0=20 class1=20 total=40
Original labels in this split:
  train: label0=0 label1=60 label2=0 label3=60 label4=0 total=120
  val:   label0=0 label1=20 label2=0 label3=20 label4=0 total=40
  test:  label0=0 label1=20 label2=0 label3=20 label4=0 total=40
fold=5 label=1_vs_3 | epoch 001 | train loss: 0.7422 bal_acc: 0.48 acc: 0.48 | val loss: 0.7043 bal_loss: 0.7043 bal_acc: 0.40 acc: 0.40
fold=5 label=1_vs_3 | epoch 010 | train loss: 0.7306 bal_acc: 0.47 acc: 0.47 | val loss: 0.7004 bal_loss: 0.7004 bal_acc: 0.38 acc: 0.38
fold=5 label=1_vs_3 | epoch 020 | train loss: 0.6629 bal_acc: 0.55 acc: 0.55 | val loss: 0.6959 bal_loss: 0.6959 bal_acc: 0.40 acc: 0.40
fold=5 label=1_vs_3 | epoch 030 | train loss: 0.6640 bal_acc: 0.60 acc: 0.60 | val loss: 0.6910 bal_loss: 0.6910 bal_acc: 0.38 acc: 0.38
fold=5 label=1_vs_3 | epoch 040 | train loss: 0.5903 bal_acc: 0.72 acc: 0.72 | val loss: 0.6866 bal_loss: 0.6866 bal_acc: 0.45 acc: 0.45
fold=5 label=1_vs_3 | epoch 050 | train loss: 0.5505 bal_acc: 0.77 acc: 0.77 | val loss: 0.6830 bal_loss: 0.6830 bal_acc: 0.55 acc: 0.55
fold=5 label=1_vs_3 | epoch 060 | train loss: 0.6110 bal_acc: 0.67 acc: 0.68 | val loss: 0.6825 bal_loss: 0.6825 bal_acc: 0.55 acc: 0.55
fold=5 label=1_vs_3 | epoch 070 | train loss: 0.5630 bal_acc: 0.72 acc: 0.72 | val loss: 0.6795 bal_loss: 0.6795 bal_acc: 0.55 acc: 0.55
fold=5 label=1_vs_3 | epoch 080 | train loss: 0.5368 bal_acc: 0.81 acc: 0.81 | val loss: 0.6780 bal_loss: 0.6780 bal_acc: 0.55 acc: 0.55
fold=5 label=1_vs_3 | epoch 090 | train loss: 0.5367 bal_acc: 0.76 acc: 0.76 | val loss: 0.6799 bal_loss: 0.6799 bal_acc: 0.55 acc: 0.55
fold=5 label=1_vs_3 | epoch 100 | train loss: 0.5125 bal_acc: 0.77 acc: 0.77 | val loss: 0.6781 bal_loss: 0.6781 bal_acc: 0.55 acc: 0.55
fold=5 label=1_vs_3 | epoch 110 | train loss: 0.4966 bal_acc: 0.81 acc: 0.81 | val loss: 0.6739 bal_loss: 0.6739 bal_acc: 0.55 acc: 0.55
fold=5 label=1_vs_3 | epoch 120 | train loss: 0.4815 bal_acc: 0.84 acc: 0.84 | val loss: 0.6742 bal_loss: 0.6742 bal_acc: 0.55 acc: 0.55
fold=5 label=1_vs_3 | epoch 130 | train loss: 0.4758 bal_acc: 0.79 acc: 0.80 | val loss: 0.6700 bal_loss: 0.6700 bal_acc: 0.55 acc: 0.55
fold=5 label=1_vs_3 | epoch 140 | train loss: 0.4785 bal_acc: 0.83 acc: 0.82 | val loss: 0.6661 bal_loss: 0.6661 bal_acc: 0.52 acc: 0.53
fold=5 label=1_vs_3 | epoch 150 | train loss: 0.4279 bal_acc: 0.86 acc: 0.86 | val loss: 0.6653 bal_loss: 0.6653 bal_acc: 0.60 acc: 0.60
fold=5 label=1_vs_3 | epoch 160 | train loss: 0.3925 bal_acc: 0.90 acc: 0.90 | val loss: 0.6629 bal_loss: 0.6629 bal_acc: 0.57 acc: 0.57
fold=5 label=1_vs_3 | epoch 170 | train loss: 0.4238 bal_acc: 0.83 acc: 0.82 | val loss: 0.6601 bal_loss: 0.6601 bal_acc: 0.57 acc: 0.57
fold=5 label=1_vs_3 | epoch 180 | train loss: 0.3875 bal_acc: 0.90 acc: 0.90 | val loss: 0.6609 bal_loss: 0.6609 bal_acc: 0.57 acc: 0.57
fold=5 label=1_vs_3 | epoch 190 | train loss: 0.3865 bal_acc: 0.92 acc: 0.91 | val loss: 0.6603 bal_loss: 0.6603 bal_acc: 0.55 acc: 0.55
fold=5 label=1_vs_3 | epoch 200 | train loss: 0.3972 bal_acc: 0.88 acc: 0.88 | val loss: 0.6537 bal_loss: 0.6537 bal_acc: 0.57 acc: 0.57

5-fold cross-validation summary
y_0: test bal_loss=0.693 +/- 0.029 | bal_acc=0.514 +/- 0.107 | test acc=0.558 +/- 0.126
y_2: test bal_loss=0.686 +/- 0.002 | bal_acc=0.568 +/- 0.031 | test acc=0.596 +/- 0.042
y_1_vs_3: test bal_loss=0.650 +/- 0.049 | bal_acc=0.600 +/- 0.082 | test acc=0.600 +/- 0.082
Cross-validation CSV: ./checkpoints/sub1_hjlee_nogit/v3_sub1_eegnet_all_days/20260628_174138/cross_validation.csv

Saved to: ./checkpoints/sub1_hjlee_nogit/v3_sub1_eegnet_all_days/20260628_174138
