Training configuration
  config=./configs/train_config_v3.json
  model=shallownet
  patient=sub2_yjkim
  day=260601
  data_dir=./data/processed/sub2_yjkim/260601
  input_file=X_eeg.npy
  checkpoint_root=./checkpoints/sub2_yjkim_nogit/v3_sub2_shallownet_all_days
  epochs=200
  batch_size=16
  lr=3e-05
  weight_decay=0.0001
  patience=50
  seed=42
  val_test_ratio=0.2
  weighted_sampler=True
  run_window_diagnostic=False
  window_size=256
  window_stride=128
  balance_rest_to_target=False
  run_5fold_cross_validation=True
  selection_metric=balanced_loss

Loading X_eeg.npy...
Device: cuda | X: (500, 64, 1000) | run: ./checkpoints/sub2_yjkim_nogit/v3_sub2_shallownet_all_days/20260628_160032
Data split: train=300 val=100 test=100
Original label distribution:
  train: label0=60 label1=60 label2=60 label3=60 label4=60 total=300
  val:   label0=20 label1=20 label2=20 label3=20 label4=20 total=100
  test:  label0=20 label1=20 label2=20 label3=20 label4=20 total=100

=== 5-fold cross-validation ===

--- fold 1/5: train=300 val=100 test=100 ---

fold=1 label=0
Binary label distribution:
  train: class0=60 class1=240 total=300
  val:   class0=20 class1=80 total=100
  test:  class0=20 class1=80 total=100
Original labels in this split:
  train: label0=60 label1=60 label2=60 label3=60 label4=60 total=300
  val:   label0=20 label1=20 label2=20 label3=20 label4=20 total=100
  test:  label0=20 label1=20 label2=20 label3=20 label4=20 total=100
fold=1 label=0 | epoch 001 | train loss: 1.2735 bal_acc: 0.47 acc: 0.47 | val loss: 0.6552 bal_loss: 1.2248 bal_acc: 0.52 acc: 0.74
fold=1 label=0 | epoch 010 | train loss: 0.4693 bal_acc: 0.80 acc: 0.80 | val loss: 0.5220 bal_loss: 0.6102 bal_acc: 0.68 acc: 0.75
fold=1 label=0 | epoch 020 | train loss: 0.2283 bal_acc: 0.90 acc: 0.90 | val loss: 0.4487 bal_loss: 0.5144 bal_acc: 0.71 acc: 0.78
fold=1 label=0 | epoch 030 | train loss: 0.1476 bal_acc: 0.94 acc: 0.94 | val loss: 0.3296 bal_loss: 0.5207 bal_acc: 0.73 acc: 0.83
fold=1 label=0 | epoch 040 | train loss: 0.1082 bal_acc: 0.96 acc: 0.96 | val loss: 0.3530 bal_loss: 0.5310 bal_acc: 0.74 acc: 0.83
fold=1 label=0 | epoch 050 | train loss: 0.0623 bal_acc: 0.98 acc: 0.98 | val loss: 0.3389 bal_loss: 0.4908 bal_acc: 0.75 acc: 0.84
fold=1 label=0 | epoch 060 | train loss: 0.0465 bal_acc: 0.99 acc: 0.99 | val loss: 0.2863 bal_loss: 0.4647 bal_acc: 0.76 acc: 0.85
fold=1 label=0 | epoch 070 | train loss: 0.0412 bal_acc: 0.99 acc: 0.99 | val loss: 0.3214 bal_loss: 0.4777 bal_acc: 0.76 acc: 0.86
fold=1 label=0 | epoch 080 | train loss: 0.0258 bal_acc: 1.00 acc: 1.00 | val loss: 0.2983 bal_loss: 0.5365 bal_acc: 0.77 acc: 0.87
fold=1 label=0 | epoch 090 | train loss: 0.0334 bal_acc: 0.99 acc: 0.99 | val loss: 0.2720 bal_loss: 0.4889 bal_acc: 0.77 acc: 0.88
fold=1 label=0 | epoch 100 | train loss: 0.0152 bal_acc: 0.99 acc: 0.99 | val loss: 0.2755 bal_loss: 0.4102 bal_acc: 0.79 acc: 0.88
fold=1 label=0 | epoch 110 | train loss: 0.0192 bal_acc: 1.00 acc: 1.00 | val loss: 0.2647 bal_loss: 0.4696 bal_acc: 0.78 acc: 0.89
fold=1 label=0 | epoch 120 | train loss: 0.0140 bal_acc: 1.00 acc: 1.00 | val loss: 0.2875 bal_loss: 0.5617 bal_acc: 0.76 acc: 0.88
fold=1 label=0 | epoch 130 | train loss: 0.0236 bal_acc: 0.99 acc: 0.99 | val loss: 0.2793 bal_loss: 0.4967 bal_acc: 0.80 acc: 0.89
fold=1 label=0 | epoch 140 | train loss: 0.0076 bal_acc: 1.00 acc: 1.00 | val loss: 0.2695 bal_loss: 0.4012 bal_acc: 0.82 acc: 0.89
fold=1 label=0 | epoch 150 | train loss: 0.0370 bal_acc: 0.98 acc: 0.98 | val loss: 0.2594 bal_loss: 0.4845 bal_acc: 0.78 acc: 0.89
fold=1 label=0 | epoch 160 | train loss: 0.0083 bal_acc: 1.00 acc: 1.00 | val loss: 0.2887 bal_loss: 0.4815 bal_acc: 0.80 acc: 0.89
fold=1 label=0 | epoch 170 | train loss: 0.0049 bal_acc: 1.00 acc: 1.00 | val loss: 0.2822 bal_loss: 0.4880 bal_acc: 0.80 acc: 0.89
fold=1 label=0 | epoch 180 | train loss: 0.0067 bal_acc: 1.00 acc: 1.00 | val loss: 0.2879 bal_loss: 0.5756 bal_acc: 0.78 acc: 0.89

fold=1 label=2
Binary label distribution:
  train: class0=60 class1=240 total=300
  val:   class0=20 class1=80 total=100
  test:  class0=20 class1=80 total=100
Original labels in this split:
  train: label0=60 label1=60 label2=60 label3=60 label4=60 total=300
  val:   label0=20 label1=20 label2=20 label3=20 label4=20 total=100
  test:  label0=20 label1=20 label2=20 label3=20 label4=20 total=100
fold=1 label=2 | epoch 001 | train loss: 1.0381 bal_acc: 0.59 acc: 0.59 | val loss: 0.7620 bal_loss: 0.6255 bal_acc: 0.74 acc: 0.64
fold=1 label=2 | epoch 010 | train loss: 0.4218 bal_acc: 0.83 acc: 0.83 | val loss: 0.3754 bal_loss: 0.4255 bal_acc: 0.81 acc: 0.84
fold=1 label=2 | epoch 020 | train loss: 0.1903 bal_acc: 0.92 acc: 0.92 | val loss: 0.3090 bal_loss: 0.3673 bal_acc: 0.86 acc: 0.87
fold=1 label=2 | epoch 030 | train loss: 0.1597 bal_acc: 0.93 acc: 0.93 | val loss: 0.2738 bal_loss: 0.3570 bal_acc: 0.87 acc: 0.88
fold=1 label=2 | epoch 040 | train loss: 0.1087 bal_acc: 0.97 acc: 0.97 | val loss: 0.3059 bal_loss: 0.3478 bal_acc: 0.86 acc: 0.87
fold=1 label=2 | epoch 050 | train loss: 0.0970 bal_acc: 0.96 acc: 0.96 | val loss: 0.2644 bal_loss: 0.3489 bal_acc: 0.88 acc: 0.89
fold=1 label=2 | epoch 060 | train loss: 0.0795 bal_acc: 0.97 acc: 0.97 | val loss: 0.2605 bal_loss: 0.3805 bal_acc: 0.88 acc: 0.90
fold=1 label=2 | epoch 070 | train loss: 0.0779 bal_acc: 0.98 acc: 0.98 | val loss: 0.2664 bal_loss: 0.3605 bal_acc: 0.86 acc: 0.90
fold=1 label=2 | epoch 080 | train loss: 0.0477 bal_acc: 0.99 acc: 0.99 | val loss: 0.2516 bal_loss: 0.3949 bal_acc: 0.88 acc: 0.90
fold=1 label=2 | epoch 090 | train loss: 0.0518 bal_acc: 0.98 acc: 0.98 | val loss: 0.2267 bal_loss: 0.3614 bal_acc: 0.89 acc: 0.92
fold=1 label=2 | epoch 100 | train loss: 0.0217 bal_acc: 0.99 acc: 0.99 | val loss: 0.2322 bal_loss: 0.3263 bal_acc: 0.88 acc: 0.90
fold=1 label=2 | epoch 110 | train loss: 0.0160 bal_acc: 1.00 acc: 1.00 | val loss: 0.2289 bal_loss: 0.3726 bal_acc: 0.89 acc: 0.91
fold=1 label=2 | epoch 120 | train loss: 0.0180 bal_acc: 1.00 acc: 1.00 | val loss: 0.2475 bal_loss: 0.3813 bal_acc: 0.86 acc: 0.90
fold=1 label=2 | epoch 130 | train loss: 0.0260 bal_acc: 0.99 acc: 0.99 | val loss: 0.2495 bal_loss: 0.3833 bal_acc: 0.86 acc: 0.90

fold=1 label=1_vs_3
Binary labels: class0=label1 class1=label3
Binary label distribution:
  train: class0=60 class1=60 total=120
  val:   class0=20 class1=20 total=40
  test:  class0=20 class1=20 total=40
Original labels in this split:
  train: label0=0 label1=60 label2=0 label3=60 label4=0 total=120
  val:   label0=0 label1=20 label2=0 label3=20 label4=0 total=40
  test:  label0=0 label1=20 label2=0 label3=20 label4=0 total=40
fold=1 label=1_vs_3 | epoch 001 | train loss: 1.0447 bal_acc: 0.58 acc: 0.58 | val loss: 0.8209 bal_loss: 0.8209 bal_acc: 0.58 acc: 0.57
fold=1 label=1_vs_3 | epoch 010 | train loss: 0.4231 bal_acc: 0.81 acc: 0.81 | val loss: 0.6072 bal_loss: 0.6072 bal_acc: 0.75 acc: 0.75
fold=1 label=1_vs_3 | epoch 020 | train loss: 0.2637 bal_acc: 0.84 acc: 0.84 | val loss: 0.5835 bal_loss: 0.5835 bal_acc: 0.68 acc: 0.68
fold=1 label=1_vs_3 | epoch 030 | train loss: 0.2187 bal_acc: 0.90 acc: 0.90 | val loss: 0.5441 bal_loss: 0.5441 bal_acc: 0.67 acc: 0.68
fold=1 label=1_vs_3 | epoch 040 | train loss: 0.1313 bal_acc: 0.95 acc: 0.95 | val loss: 0.4802 bal_loss: 0.4802 bal_acc: 0.73 acc: 0.72
fold=1 label=1_vs_3 | epoch 050 | train loss: 0.0816 bal_acc: 0.98 acc: 0.98 | val loss: 0.5716 bal_loss: 0.5716 bal_acc: 0.73 acc: 0.72
fold=1 label=1_vs_3 | epoch 060 | train loss: 0.1364 bal_acc: 0.96 acc: 0.96 | val loss: 0.5104 bal_loss: 0.5104 bal_acc: 0.75 acc: 0.75
fold=1 label=1_vs_3 | epoch 070 | train loss: 0.0782 bal_acc: 0.99 acc: 0.99 | val loss: 0.5283 bal_loss: 0.5283 bal_acc: 0.75 acc: 0.75
fold=1 label=1_vs_3 | epoch 080 | train loss: 0.0971 bal_acc: 0.95 acc: 0.95 | val loss: 0.5426 bal_loss: 0.5426 bal_acc: 0.77 acc: 0.78
fold=1 label=1_vs_3 | epoch 090 | train loss: 0.0759 bal_acc: 0.98 acc: 0.98 | val loss: 0.5215 bal_loss: 0.5215 bal_acc: 0.75 acc: 0.75
fold=1 label=1_vs_3 | epoch 100 | train loss: 0.0437 bal_acc: 0.99 acc: 0.99 | val loss: 0.4938 bal_loss: 0.4938 bal_acc: 0.83 acc: 0.82
fold=1 label=1_vs_3 | epoch 110 | train loss: 0.0536 bal_acc: 0.99 acc: 0.99 | val loss: 0.5011 bal_loss: 0.5011 bal_acc: 0.77 acc: 0.78
fold=1 label=1_vs_3 | epoch 120 | train loss: 0.0382 bal_acc: 1.00 acc: 1.00 | val loss: 0.5387 bal_loss: 0.5387 bal_acc: 0.77 acc: 0.78
fold=1 label=1_vs_3 | epoch 130 | train loss: 0.0308 bal_acc: 1.00 acc: 1.00 | val loss: 0.5228 bal_loss: 0.5228 bal_acc: 0.80 acc: 0.80

--- fold 2/5: train=300 val=100 test=100 ---

fold=2 label=0
Binary label distribution:
  train: class0=60 class1=240 total=300
  val:   class0=20 class1=80 total=100
  test:  class0=20 class1=80 total=100
Original labels in this split:
  train: label0=60 label1=60 label2=60 label3=60 label4=60 total=300
  val:   label0=20 label1=20 label2=20 label3=20 label4=20 total=100
  test:  label0=20 label1=20 label2=20 label3=20 label4=20 total=100
fold=2 label=0 | epoch 001 | train loss: 1.1512 bal_acc: 0.53 acc: 0.53 | val loss: 0.7813 bal_loss: 1.1435 bal_acc: 0.46 acc: 0.65
fold=2 label=0 | epoch 010 | train loss: 0.4679 bal_acc: 0.82 acc: 0.82 | val loss: 0.4870 bal_loss: 0.4641 bal_acc: 0.83 acc: 0.82
fold=2 label=0 | epoch 020 | train loss: 0.3179 bal_acc: 0.87 acc: 0.87 | val loss: 0.3229 bal_loss: 0.4360 bal_acc: 0.82 acc: 0.86
fold=2 label=0 | epoch 030 | train loss: 0.2225 bal_acc: 0.91 acc: 0.91 | val loss: 0.3001 bal_loss: 0.3392 bal_acc: 0.84 acc: 0.86
fold=2 label=0 | epoch 040 | train loss: 0.1543 bal_acc: 0.97 acc: 0.97 | val loss: 0.2911 bal_loss: 0.3679 bal_acc: 0.88 acc: 0.89
fold=2 label=0 | epoch 050 | train loss: 0.0820 bal_acc: 0.98 acc: 0.98 | val loss: 0.2469 bal_loss: 0.3535 bal_acc: 0.89 acc: 0.91
fold=2 label=0 | epoch 060 | train loss: 0.0587 bal_acc: 0.99 acc: 0.99 | val loss: 0.2387 bal_loss: 0.3281 bal_acc: 0.87 acc: 0.91
fold=2 label=0 | epoch 070 | train loss: 0.0522 bal_acc: 0.99 acc: 0.99 | val loss: 0.2170 bal_loss: 0.3093 bal_acc: 0.88 acc: 0.92
fold=2 label=0 | epoch 080 | train loss: 0.0257 bal_acc: 1.00 acc: 1.00 | val loss: 0.2061 bal_loss: 0.3233 bal_acc: 0.88 acc: 0.92
fold=2 label=0 | epoch 090 | train loss: 0.0508 bal_acc: 0.99 acc: 0.99 | val loss: 0.2141 bal_loss: 0.3521 bal_acc: 0.88 acc: 0.92
fold=2 label=0 | epoch 100 | train loss: 0.0377 bal_acc: 0.99 acc: 0.99 | val loss: 0.1798 bal_loss: 0.2689 bal_acc: 0.88 acc: 0.92
fold=2 label=0 | epoch 110 | train loss: 0.0226 bal_acc: 0.99 acc: 0.99 | val loss: 0.1865 bal_loss: 0.3306 bal_acc: 0.88 acc: 0.92
fold=2 label=0 | epoch 120 | train loss: 0.0251 bal_acc: 1.00 acc: 1.00 | val loss: 0.1645 bal_loss: 0.2812 bal_acc: 0.88 acc: 0.92
fold=2 label=0 | epoch 130 | train loss: 0.0163 bal_acc: 1.00 acc: 1.00 | val loss: 0.2059 bal_loss: 0.3489 bal_acc: 0.85 acc: 0.91
fold=2 label=0 | epoch 140 | train loss: 0.0196 bal_acc: 1.00 acc: 1.00 | val loss: 0.1967 bal_loss: 0.3191 bal_acc: 0.88 acc: 0.92
fold=2 label=0 | epoch 150 | train loss: 0.0124 bal_acc: 1.00 acc: 1.00 | val loss: 0.1721 bal_loss: 0.2937 bal_acc: 0.90 acc: 0.93
fold=2 label=0 | epoch 160 | train loss: 0.0089 bal_acc: 1.00 acc: 1.00 | val loss: 0.1515 bal_loss: 0.2857 bal_acc: 0.89 acc: 0.94
fold=2 label=0 | epoch 170 | train loss: 0.0113 bal_acc: 1.00 acc: 1.00 | val loss: 0.1585 bal_loss: 0.2708 bal_acc: 0.93 acc: 0.95

fold=2 label=2
Binary label distribution:
  train: class0=60 class1=240 total=300
  val:   class0=20 class1=80 total=100
  test:  class0=20 class1=80 total=100
Original labels in this split:
  train: label0=60 label1=60 label2=60 label3=60 label4=60 total=300
  val:   label0=20 label1=20 label2=20 label3=20 label4=20 total=100
  test:  label0=20 label1=20 label2=20 label3=20 label4=20 total=100
fold=2 label=2 | epoch 001 | train loss: 0.9516 bal_acc: 0.58 acc: 0.59 | val loss: 0.9671 bal_loss: 0.7928 bal_acc: 0.63 acc: 0.56
fold=2 label=2 | epoch 010 | train loss: 0.3670 bal_acc: 0.82 acc: 0.82 | val loss: 0.4848 bal_loss: 0.5189 bal_acc: 0.77 acc: 0.79
fold=2 label=2 | epoch 020 | train loss: 0.2151 bal_acc: 0.92 acc: 0.92 | val loss: 0.3818 bal_loss: 0.4996 bal_acc: 0.77 acc: 0.85
fold=2 label=2 | epoch 030 | train loss: 0.1589 bal_acc: 0.93 acc: 0.93 | val loss: 0.3248 bal_loss: 0.4499 bal_acc: 0.78 acc: 0.86
fold=2 label=2 | epoch 040 | train loss: 0.0803 bal_acc: 0.98 acc: 0.98 | val loss: 0.2679 bal_loss: 0.4250 bal_acc: 0.81 acc: 0.88
fold=2 label=2 | epoch 050 | train loss: 0.0872 bal_acc: 0.97 acc: 0.97 | val loss: 0.2284 bal_loss: 0.3807 bal_acc: 0.82 acc: 0.89
fold=2 label=2 | epoch 060 | train loss: 0.0759 bal_acc: 0.97 acc: 0.97 | val loss: 0.2442 bal_loss: 0.4248 bal_acc: 0.81 acc: 0.91
fold=2 label=2 | epoch 070 | train loss: 0.0511 bal_acc: 0.99 acc: 0.99 | val loss: 0.2513 bal_loss: 0.4297 bal_acc: 0.81 acc: 0.91
fold=2 label=2 | epoch 080 | train loss: 0.0461 bal_acc: 0.99 acc: 0.99 | val loss: 0.2177 bal_loss: 0.3761 bal_acc: 0.84 acc: 0.90
fold=2 label=2 | epoch 090 | train loss: 0.0263 bal_acc: 1.00 acc: 1.00 | val loss: 0.2315 bal_loss: 0.4254 bal_acc: 0.83 acc: 0.91
fold=2 label=2 | epoch 100 | train loss: 0.0172 bal_acc: 1.00 acc: 1.00 | val loss: 0.2184 bal_loss: 0.3783 bal_acc: 0.81 acc: 0.90
fold=2 label=2 | epoch 110 | train loss: 0.0215 bal_acc: 0.99 acc: 0.99 | val loss: 0.2294 bal_loss: 0.4273 bal_acc: 0.83 acc: 0.91
fold=2 label=2 | epoch 120 | train loss: 0.0270 bal_acc: 0.99 acc: 0.99 | val loss: 0.2360 bal_loss: 0.4292 bal_acc: 0.83 acc: 0.91
fold=2 label=2 | epoch 130 | train loss: 0.0133 bal_acc: 1.00 acc: 1.00 | val loss: 0.1963 bal_loss: 0.3872 bal_acc: 0.86 acc: 0.93
fold=2 label=2 | epoch 140 | train loss: 0.0077 bal_acc: 1.00 acc: 1.00 | val loss: 0.2202 bal_loss: 0.3898 bal_acc: 0.85 acc: 0.91

fold=2 label=1_vs_3
Binary labels: class0=label1 class1=label3
Binary label distribution:
  train: class0=60 class1=60 total=120
  val:   class0=20 class1=20 total=40
  test:  class0=20 class1=20 total=40
Original labels in this split:
  train: label0=0 label1=60 label2=0 label3=60 label4=0 total=120
  val:   label0=0 label1=20 label2=0 label3=20 label4=0 total=40
  test:  label0=0 label1=20 label2=0 label3=20 label4=0 total=40
fold=2 label=1_vs_3 | epoch 001 | train loss: 1.2346 bal_acc: 0.53 acc: 0.52 | val loss: 0.9504 bal_loss: 0.9504 bal_acc: 0.55 acc: 0.55
fold=2 label=1_vs_3 | epoch 010 | train loss: 0.4506 bal_acc: 0.79 acc: 0.79 | val loss: 0.5415 bal_loss: 0.5415 bal_acc: 0.75 acc: 0.75
fold=2 label=1_vs_3 | epoch 020 | train loss: 0.2870 bal_acc: 0.89 acc: 0.89 | val loss: 0.4983 bal_loss: 0.4983 bal_acc: 0.83 acc: 0.82
fold=2 label=1_vs_3 | epoch 030 | train loss: 0.1904 bal_acc: 0.90 acc: 0.90 | val loss: 0.4307 bal_loss: 0.4307 bal_acc: 0.77 acc: 0.78
fold=2 label=1_vs_3 | epoch 040 | train loss: 0.1432 bal_acc: 0.96 acc: 0.96 | val loss: 0.4413 bal_loss: 0.4413 bal_acc: 0.80 acc: 0.80
fold=2 label=1_vs_3 | epoch 050 | train loss: 0.0792 bal_acc: 0.98 acc: 0.98 | val loss: 0.4036 bal_loss: 0.4036 bal_acc: 0.83 acc: 0.82
fold=2 label=1_vs_3 | epoch 060 | train loss: 0.0812 bal_acc: 0.98 acc: 0.98 | val loss: 0.3911 bal_loss: 0.3911 bal_acc: 0.88 acc: 0.88
fold=2 label=1_vs_3 | epoch 070 | train loss: 0.0796 bal_acc: 0.98 acc: 0.98 | val loss: 0.3980 bal_loss: 0.3980 bal_acc: 0.83 acc: 0.82
fold=2 label=1_vs_3 | epoch 080 | train loss: 0.0895 bal_acc: 0.99 acc: 0.99 | val loss: 0.3521 bal_loss: 0.3521 bal_acc: 0.83 acc: 0.82
fold=2 label=1_vs_3 | epoch 090 | train loss: 0.0479 bal_acc: 1.00 acc: 1.00 | val loss: 0.3589 bal_loss: 0.3589 bal_acc: 0.85 acc: 0.85
fold=2 label=1_vs_3 | epoch 100 | train loss: 0.0750 bal_acc: 0.97 acc: 0.98 | val loss: 0.3509 bal_loss: 0.3509 bal_acc: 0.83 acc: 0.82
fold=2 label=1_vs_3 | epoch 110 | train loss: 0.0264 bal_acc: 1.00 acc: 1.00 | val loss: 0.3725 bal_loss: 0.3725 bal_acc: 0.88 acc: 0.88
fold=2 label=1_vs_3 | epoch 120 | train loss: 0.0513 bal_acc: 0.98 acc: 0.98 | val loss: 0.3116 bal_loss: 0.3116 bal_acc: 0.88 acc: 0.88
fold=2 label=1_vs_3 | epoch 130 | train loss: 0.0228 bal_acc: 1.00 acc: 1.00 | val loss: 0.3649 bal_loss: 0.3649 bal_acc: 0.85 acc: 0.85
fold=2 label=1_vs_3 | epoch 140 | train loss: 0.0314 bal_acc: 0.99 acc: 0.99 | val loss: 0.2992 bal_loss: 0.2992 bal_acc: 0.90 acc: 0.90
fold=2 label=1_vs_3 | epoch 150 | train loss: 0.0189 bal_acc: 1.00 acc: 1.00 | val loss: 0.3151 bal_loss: 0.3151 bal_acc: 0.88 acc: 0.88
fold=2 label=1_vs_3 | epoch 160 | train loss: 0.0175 bal_acc: 1.00 acc: 1.00 | val loss: 0.3108 bal_loss: 0.3108 bal_acc: 0.85 acc: 0.85
fold=2 label=1_vs_3 | epoch 170 | train loss: 0.0169 bal_acc: 1.00 acc: 1.00 | val loss: 0.3545 bal_loss: 0.3545 bal_acc: 0.80 acc: 0.80
fold=2 label=1_vs_3 | epoch 180 | train loss: 0.0240 bal_acc: 1.00 acc: 1.00 | val loss: 0.3121 bal_loss: 0.3121 bal_acc: 0.90 acc: 0.90
fold=2 label=1_vs_3 | epoch 190 | train loss: 0.0185 bal_acc: 0.99 acc: 0.99 | val loss: 0.2914 bal_loss: 0.2914 bal_acc: 0.85 acc: 0.85
fold=2 label=1_vs_3 | epoch 200 | train loss: 0.0126 bal_acc: 1.00 acc: 1.00 | val loss: 0.3176 bal_loss: 0.3176 bal_acc: 0.85 acc: 0.85

--- fold 3/5: train=300 val=100 test=100 ---

fold=3 label=0
Binary label distribution:
  train: class0=60 class1=240 total=300
  val:   class0=20 class1=80 total=100
  test:  class0=20 class1=80 total=100
Original labels in this split:
  train: label0=60 label1=60 label2=60 label3=60 label4=60 total=300
  val:   label0=20 label1=20 label2=20 label3=20 label4=20 total=100
  test:  label0=20 label1=20 label2=20 label3=20 label4=20 total=100
fold=3 label=0 | epoch 001 | train loss: 1.2847 bal_acc: 0.50 acc: 0.50 | val loss: 0.6324 bal_loss: 1.2384 bal_acc: 0.50 acc: 0.74
fold=3 label=0 | epoch 010 | train loss: 0.4205 bal_acc: 0.79 acc: 0.80 | val loss: 0.5610 bal_loss: 0.6178 bal_acc: 0.71 acc: 0.71
fold=3 label=0 | epoch 020 | train loss: 0.2641 bal_acc: 0.90 acc: 0.90 | val loss: 0.4478 bal_loss: 0.5029 bal_acc: 0.82 acc: 0.83
fold=3 label=0 | epoch 030 | train loss: 0.1643 bal_acc: 0.93 acc: 0.93 | val loss: 0.3998 bal_loss: 0.4742 bal_acc: 0.83 acc: 0.85
fold=3 label=0 | epoch 040 | train loss: 0.1018 bal_acc: 0.96 acc: 0.96 | val loss: 0.3408 bal_loss: 0.4335 bal_acc: 0.82 acc: 0.86
fold=3 label=0 | epoch 050 | train loss: 0.0980 bal_acc: 0.97 acc: 0.97 | val loss: 0.2921 bal_loss: 0.3865 bal_acc: 0.86 acc: 0.89
fold=3 label=0 | epoch 060 | train loss: 0.0549 bal_acc: 0.99 acc: 0.99 | val loss: 0.3317 bal_loss: 0.4726 bal_acc: 0.86 acc: 0.90
fold=3 label=0 | epoch 070 | train loss: 0.0669 bal_acc: 0.98 acc: 0.98 | val loss: 0.2824 bal_loss: 0.3831 bal_acc: 0.89 acc: 0.91
fold=3 label=0 | epoch 080 | train loss: 0.0515 bal_acc: 0.99 acc: 0.99 | val loss: 0.2837 bal_loss: 0.4082 bal_acc: 0.89 acc: 0.91
fold=3 label=0 | epoch 090 | train loss: 0.0365 bal_acc: 0.99 acc: 0.99 | val loss: 0.2878 bal_loss: 0.4576 bal_acc: 0.89 acc: 0.91
fold=3 label=0 | epoch 100 | train loss: 0.0753 bal_acc: 0.98 acc: 0.98 | val loss: 0.2866 bal_loss: 0.3744 bal_acc: 0.89 acc: 0.91
fold=3 label=0 | epoch 110 | train loss: 0.0230 bal_acc: 1.00 acc: 1.00 | val loss: 0.2973 bal_loss: 0.5233 bal_acc: 0.89 acc: 0.92
fold=3 label=0 | epoch 120 | train loss: 0.0210 bal_acc: 0.99 acc: 0.99 | val loss: 0.2729 bal_loss: 0.4606 bal_acc: 0.84 acc: 0.89

fold=3 label=2
Binary label distribution:
  train: class0=60 class1=240 total=300
  val:   class0=20 class1=80 total=100
  test:  class0=20 class1=80 total=100
Original labels in this split:
  train: label0=60 label1=60 label2=60 label3=60 label4=60 total=300
  val:   label0=20 label1=20 label2=20 label3=20 label4=20 total=100
  test:  label0=20 label1=20 label2=20 label3=20 label4=20 total=100
fold=3 label=2 | epoch 001 | train loss: 1.1832 bal_acc: 0.52 acc: 0.52 | val loss: 0.7786 bal_loss: 0.7343 bal_acc: 0.64 acc: 0.60
fold=3 label=2 | epoch 010 | train loss: 0.5368 bal_acc: 0.76 acc: 0.76 | val loss: 0.3843 bal_loss: 0.6064 bal_acc: 0.79 acc: 0.88
fold=3 label=2 | epoch 020 | train loss: 0.2463 bal_acc: 0.90 acc: 0.90 | val loss: 0.3475 bal_loss: 0.5768 bal_acc: 0.78 acc: 0.86
fold=3 label=2 | epoch 030 | train loss: 0.1852 bal_acc: 0.93 acc: 0.93 | val loss: 0.3262 bal_loss: 0.5615 bal_acc: 0.79 acc: 0.87
fold=3 label=2 | epoch 040 | train loss: 0.1546 bal_acc: 0.94 acc: 0.94 | val loss: 0.3070 bal_loss: 0.5486 bal_acc: 0.81 acc: 0.87
fold=3 label=2 | epoch 050 | train loss: 0.1153 bal_acc: 0.96 acc: 0.96 | val loss: 0.2845 bal_loss: 0.5127 bal_acc: 0.77 acc: 0.87
fold=3 label=2 | epoch 060 | train loss: 0.0819 bal_acc: 0.97 acc: 0.97 | val loss: 0.2561 bal_loss: 0.4922 bal_acc: 0.81 acc: 0.91
fold=3 label=2 | epoch 070 | train loss: 0.0625 bal_acc: 0.98 acc: 0.98 | val loss: 0.2584 bal_loss: 0.5082 bal_acc: 0.83 acc: 0.91
fold=3 label=2 | epoch 080 | train loss: 0.0597 bal_acc: 0.98 acc: 0.98 | val loss: 0.2537 bal_loss: 0.4893 bal_acc: 0.80 acc: 0.89
fold=3 label=2 | epoch 090 | train loss: 0.0359 bal_acc: 0.99 acc: 0.98 | val loss: 0.2116 bal_loss: 0.3677 bal_acc: 0.81 acc: 0.90
fold=3 label=2 | epoch 100 | train loss: 0.0202 bal_acc: 1.00 acc: 1.00 | val loss: 0.2135 bal_loss: 0.4154 bal_acc: 0.84 acc: 0.93
fold=3 label=2 | epoch 110 | train loss: 0.0267 bal_acc: 0.99 acc: 0.99 | val loss: 0.2267 bal_loss: 0.4642 bal_acc: 0.84 acc: 0.93
fold=3 label=2 | epoch 120 | train loss: 0.0131 bal_acc: 1.00 acc: 1.00 | val loss: 0.2317 bal_loss: 0.4787 bal_acc: 0.81 acc: 0.91
fold=3 label=2 | epoch 130 | train loss: 0.0373 bal_acc: 0.99 acc: 0.99 | val loss: 0.2266 bal_loss: 0.5062 bal_acc: 0.82 acc: 0.92

fold=3 label=1_vs_3
Binary labels: class0=label1 class1=label3
Binary label distribution:
  train: class0=60 class1=60 total=120
  val:   class0=20 class1=20 total=40
  test:  class0=20 class1=20 total=40
Original labels in this split:
  train: label0=0 label1=60 label2=0 label3=60 label4=0 total=120
  val:   label0=0 label1=20 label2=0 label3=20 label4=0 total=40
  test:  label0=0 label1=20 label2=0 label3=20 label4=0 total=40
fold=3 label=1_vs_3 | epoch 001 | train loss: 1.2720 bal_acc: 0.57 acc: 0.57 | val loss: 0.7400 bal_loss: 0.7400 bal_acc: 0.57 acc: 0.57
fold=3 label=1_vs_3 | epoch 010 | train loss: 0.5462 bal_acc: 0.72 acc: 0.72 | val loss: 0.4656 bal_loss: 0.4656 bal_acc: 0.75 acc: 0.75
fold=3 label=1_vs_3 | epoch 020 | train loss: 0.3744 bal_acc: 0.82 acc: 0.82 | val loss: 0.4137 bal_loss: 0.4137 bal_acc: 0.77 acc: 0.78
fold=3 label=1_vs_3 | epoch 030 | train loss: 0.3259 bal_acc: 0.86 acc: 0.86 | val loss: 0.3674 bal_loss: 0.3674 bal_acc: 0.82 acc: 0.82
fold=3 label=1_vs_3 | epoch 040 | train loss: 0.2018 bal_acc: 0.93 acc: 0.93 | val loss: 0.3856 bal_loss: 0.3856 bal_acc: 0.82 acc: 0.82
fold=3 label=1_vs_3 | epoch 050 | train loss: 0.1450 bal_acc: 0.94 acc: 0.94 | val loss: 0.3579 bal_loss: 0.3579 bal_acc: 0.85 acc: 0.85
fold=3 label=1_vs_3 | epoch 060 | train loss: 0.1218 bal_acc: 0.97 acc: 0.97 | val loss: 0.3746 bal_loss: 0.3746 bal_acc: 0.85 acc: 0.85
fold=3 label=1_vs_3 | epoch 070 | train loss: 0.0832 bal_acc: 0.98 acc: 0.98 | val loss: 0.3382 bal_loss: 0.3382 bal_acc: 0.85 acc: 0.85
fold=3 label=1_vs_3 | epoch 080 | train loss: 0.0848 bal_acc: 0.98 acc: 0.98 | val loss: 0.3442 bal_loss: 0.3442 bal_acc: 0.82 acc: 0.82
fold=3 label=1_vs_3 | epoch 090 | train loss: 0.0855 bal_acc: 0.98 acc: 0.98 | val loss: 0.3363 bal_loss: 0.3363 bal_acc: 0.88 acc: 0.88
fold=3 label=1_vs_3 | epoch 100 | train loss: 0.0701 bal_acc: 0.99 acc: 0.99 | val loss: 0.3651 bal_loss: 0.3651 bal_acc: 0.85 acc: 0.85
fold=3 label=1_vs_3 | epoch 110 | train loss: 0.0570 bal_acc: 0.97 acc: 0.98 | val loss: 0.3225 bal_loss: 0.3225 bal_acc: 0.88 acc: 0.88
fold=3 label=1_vs_3 | epoch 120 | train loss: 0.0436 bal_acc: 0.99 acc: 0.99 | val loss: 0.3344 bal_loss: 0.3344 bal_acc: 0.88 acc: 0.88
fold=3 label=1_vs_3 | epoch 130 | train loss: 0.0306 bal_acc: 1.00 acc: 1.00 | val loss: 0.3683 bal_loss: 0.3683 bal_acc: 0.88 acc: 0.88
fold=3 label=1_vs_3 | epoch 140 | train loss: 0.0186 bal_acc: 1.00 acc: 1.00 | val loss: 0.3210 bal_loss: 0.3210 bal_acc: 0.90 acc: 0.90
fold=3 label=1_vs_3 | epoch 150 | train loss: 0.0259 bal_acc: 1.00 acc: 1.00 | val loss: 0.3076 bal_loss: 0.3076 bal_acc: 0.92 acc: 0.93
fold=3 label=1_vs_3 | epoch 160 | train loss: 0.0128 bal_acc: 1.00 acc: 1.00 | val loss: 0.3183 bal_loss: 0.3183 bal_acc: 0.90 acc: 0.90
fold=3 label=1_vs_3 | epoch 170 | train loss: 0.0341 bal_acc: 0.99 acc: 0.99 | val loss: 0.3447 bal_loss: 0.3447 bal_acc: 0.85 acc: 0.85
fold=3 label=1_vs_3 | epoch 180 | train loss: 0.0102 bal_acc: 1.00 acc: 1.00 | val loss: 0.2892 bal_loss: 0.2892 bal_acc: 0.90 acc: 0.90
fold=3 label=1_vs_3 | epoch 190 | train loss: 0.0147 bal_acc: 1.00 acc: 1.00 | val loss: 0.2916 bal_loss: 0.2916 bal_acc: 0.90 acc: 0.90
fold=3 label=1_vs_3 | epoch 200 | train loss: 0.0137 bal_acc: 1.00 acc: 1.00 | val loss: 0.2981 bal_loss: 0.2981 bal_acc: 0.92 acc: 0.93

--- fold 4/5: train=300 val=100 test=100 ---

fold=4 label=0
Binary label distribution:
  train: class0=60 class1=240 total=300
  val:   class0=20 class1=80 total=100
  test:  class0=20 class1=80 total=100
Original labels in this split:
  train: label0=60 label1=60 label2=60 label3=60 label4=60 total=300
  val:   label0=20 label1=20 label2=20 label3=20 label4=20 total=100
  test:  label0=20 label1=20 label2=20 label3=20 label4=20 total=100
fold=4 label=0 | epoch 001 | train loss: 1.4398 bal_acc: 0.44 acc: 0.44 | val loss: 0.6281 bal_loss: 0.8634 bal_acc: 0.57 acc: 0.70
fold=4 label=0 | epoch 010 | train loss: 0.4358 bal_acc: 0.80 acc: 0.80 | val loss: 0.5054 bal_loss: 0.5635 bal_acc: 0.73 acc: 0.77
fold=4 label=0 | epoch 020 | train loss: 0.2583 bal_acc: 0.90 acc: 0.90 | val loss: 0.3790 bal_loss: 0.5129 bal_acc: 0.77 acc: 0.84
fold=4 label=0 | epoch 030 | train loss: 0.1580 bal_acc: 0.95 acc: 0.95 | val loss: 0.3188 bal_loss: 0.4882 bal_acc: 0.76 acc: 0.85
fold=4 label=0 | epoch 040 | train loss: 0.1470 bal_acc: 0.95 acc: 0.95 | val loss: 0.2758 bal_loss: 0.4483 bal_acc: 0.79 acc: 0.88
fold=4 label=0 | epoch 050 | train loss: 0.0932 bal_acc: 0.98 acc: 0.98 | val loss: 0.2736 bal_loss: 0.5097 bal_acc: 0.74 acc: 0.86
fold=4 label=0 | epoch 060 | train loss: 0.0649 bal_acc: 0.99 acc: 0.99 | val loss: 0.2822 bal_loss: 0.4971 bal_acc: 0.80 acc: 0.89
fold=4 label=0 | epoch 070 | train loss: 0.0666 bal_acc: 0.99 acc: 0.99 | val loss: 0.2381 bal_loss: 0.4579 bal_acc: 0.81 acc: 0.91
fold=4 label=0 | epoch 080 | train loss: 0.0394 bal_acc: 0.99 acc: 0.99 | val loss: 0.2621 bal_loss: 0.4990 bal_acc: 0.78 acc: 0.89
fold=4 label=0 | epoch 090 | train loss: 0.0252 bal_acc: 1.00 acc: 1.00 | val loss: 0.2197 bal_loss: 0.3927 bal_acc: 0.83 acc: 0.91
fold=4 label=0 | epoch 100 | train loss: 0.0312 bal_acc: 0.99 acc: 0.99 | val loss: 0.2068 bal_loss: 0.4027 bal_acc: 0.78 acc: 0.89
fold=4 label=0 | epoch 110 | train loss: 0.0265 bal_acc: 1.00 acc: 1.00 | val loss: 0.2351 bal_loss: 0.4682 bal_acc: 0.81 acc: 0.90

fold=4 label=2
Binary label distribution:
  train: class0=60 class1=240 total=300
  val:   class0=20 class1=80 total=100
  test:  class0=20 class1=80 total=100
Original labels in this split:
  train: label0=60 label1=60 label2=60 label3=60 label4=60 total=300
  val:   label0=20 label1=20 label2=20 label3=20 label4=20 total=100
  test:  label0=20 label1=20 label2=20 label3=20 label4=20 total=100
fold=4 label=2 | epoch 001 | train loss: 1.1603 bal_acc: 0.55 acc: 0.55 | val loss: 0.7616 bal_loss: 0.6119 bal_acc: 0.73 acc: 0.66
fold=4 label=2 | epoch 010 | train loss: 0.4899 bal_acc: 0.81 acc: 0.81 | val loss: 0.3813 bal_loss: 0.5207 bal_acc: 0.77 acc: 0.85
fold=4 label=2 | epoch 020 | train loss: 0.2588 bal_acc: 0.91 acc: 0.91 | val loss: 0.3520 bal_loss: 0.4829 bal_acc: 0.82 acc: 0.86
fold=4 label=2 | epoch 030 | train loss: 0.1558 bal_acc: 0.94 acc: 0.94 | val loss: 0.3286 bal_loss: 0.6170 bal_acc: 0.74 acc: 0.86
fold=4 label=2 | epoch 040 | train loss: 0.1090 bal_acc: 0.97 acc: 0.97 | val loss: 0.3064 bal_loss: 0.5455 bal_acc: 0.80 acc: 0.89
fold=4 label=2 | epoch 050 | train loss: 0.0842 bal_acc: 0.97 acc: 0.97 | val loss: 0.3136 bal_loss: 0.6123 bal_acc: 0.76 acc: 0.88
fold=4 label=2 | epoch 060 | train loss: 0.0781 bal_acc: 0.96 acc: 0.96 | val loss: 0.3549 bal_loss: 0.7933 bal_acc: 0.72 acc: 0.88
fold=4 label=2 | epoch 070 | train loss: 0.0386 bal_acc: 0.99 acc: 0.99 | val loss: 0.2997 bal_loss: 0.6251 bal_acc: 0.79 acc: 0.90

fold=4 label=1_vs_3
Binary labels: class0=label1 class1=label3
Binary label distribution:
  train: class0=60 class1=60 total=120
  val:   class0=20 class1=20 total=40
  test:  class0=20 class1=20 total=40
Original labels in this split:
  train: label0=0 label1=60 label2=0 label3=60 label4=0 total=120
  val:   label0=0 label1=20 label2=0 label3=20 label4=0 total=40
  test:  label0=0 label1=20 label2=0 label3=20 label4=0 total=40
fold=4 label=1_vs_3 | epoch 001 | train loss: 1.2667 bal_acc: 0.58 acc: 0.57 | val loss: 0.7992 bal_loss: 0.7992 bal_acc: 0.62 acc: 0.62
fold=4 label=1_vs_3 | epoch 010 | train loss: 0.6537 bal_acc: 0.71 acc: 0.71 | val loss: 0.4714 bal_loss: 0.4714 bal_acc: 0.77 acc: 0.78
fold=4 label=1_vs_3 | epoch 020 | train loss: 0.3403 bal_acc: 0.88 acc: 0.87 | val loss: 0.3889 bal_loss: 0.3889 bal_acc: 0.80 acc: 0.80
fold=4 label=1_vs_3 | epoch 030 | train loss: 0.2649 bal_acc: 0.90 acc: 0.90 | val loss: 0.3505 bal_loss: 0.3505 bal_acc: 0.80 acc: 0.80
fold=4 label=1_vs_3 | epoch 040 | train loss: 0.2318 bal_acc: 0.91 acc: 0.91 | val loss: 0.3862 bal_loss: 0.3862 bal_acc: 0.83 acc: 0.82
fold=4 label=1_vs_3 | epoch 050 | train loss: 0.1724 bal_acc: 0.94 acc: 0.94 | val loss: 0.3294 bal_loss: 0.3294 bal_acc: 0.83 acc: 0.82
fold=4 label=1_vs_3 | epoch 060 | train loss: 0.1232 bal_acc: 0.97 acc: 0.97 | val loss: 0.3132 bal_loss: 0.3132 bal_acc: 0.88 acc: 0.88
fold=4 label=1_vs_3 | epoch 070 | train loss: 0.0678 bal_acc: 0.99 acc: 0.99 | val loss: 0.2966 bal_loss: 0.2966 bal_acc: 0.88 acc: 0.88
fold=4 label=1_vs_3 | epoch 080 | train loss: 0.0838 bal_acc: 0.98 acc: 0.98 | val loss: 0.3426 bal_loss: 0.3426 bal_acc: 0.88 acc: 0.88
fold=4 label=1_vs_3 | epoch 090 | train loss: 0.0641 bal_acc: 0.98 acc: 0.98 | val loss: 0.3029 bal_loss: 0.3029 bal_acc: 0.88 acc: 0.88
fold=4 label=1_vs_3 | epoch 100 | train loss: 0.0755 bal_acc: 0.97 acc: 0.97 | val loss: 0.3005 bal_loss: 0.3005 bal_acc: 0.88 acc: 0.88
fold=4 label=1_vs_3 | epoch 110 | train loss: 0.0389 bal_acc: 1.00 acc: 1.00 | val loss: 0.2937 bal_loss: 0.2937 bal_acc: 0.88 acc: 0.88
fold=4 label=1_vs_3 | epoch 120 | train loss: 0.0229 bal_acc: 1.00 acc: 1.00 | val loss: 0.3130 bal_loss: 0.3130 bal_acc: 0.85 acc: 0.85
fold=4 label=1_vs_3 | epoch 130 | train loss: 0.0279 bal_acc: 1.00 acc: 1.00 | val loss: 0.2662 bal_loss: 0.2662 bal_acc: 0.88 acc: 0.88
fold=4 label=1_vs_3 | epoch 140 | train loss: 0.0519 bal_acc: 0.98 acc: 0.98 | val loss: 0.2863 bal_loss: 0.2863 bal_acc: 0.90 acc: 0.90
fold=4 label=1_vs_3 | epoch 150 | train loss: 0.0268 bal_acc: 0.99 acc: 0.99 | val loss: 0.2424 bal_loss: 0.2424 bal_acc: 0.90 acc: 0.90
fold=4 label=1_vs_3 | epoch 160 | train loss: 0.0204 bal_acc: 1.00 acc: 1.00 | val loss: 0.2734 bal_loss: 0.2734 bal_acc: 0.85 acc: 0.85
fold=4 label=1_vs_3 | epoch 170 | train loss: 0.0198 bal_acc: 0.99 acc: 0.99 | val loss: 0.2541 bal_loss: 0.2541 bal_acc: 0.90 acc: 0.90
fold=4 label=1_vs_3 | epoch 180 | train loss: 0.0214 bal_acc: 0.99 acc: 0.99 | val loss: 0.2880 bal_loss: 0.2880 bal_acc: 0.88 acc: 0.88
fold=4 label=1_vs_3 | epoch 190 | train loss: 0.0152 bal_acc: 1.00 acc: 1.00 | val loss: 0.2630 bal_loss: 0.2630 bal_acc: 0.90 acc: 0.90

--- fold 5/5: train=300 val=100 test=100 ---

fold=5 label=0
Binary label distribution:
  train: class0=60 class1=240 total=300
  val:   class0=20 class1=80 total=100
  test:  class0=20 class1=80 total=100
Original labels in this split:
  train: label0=60 label1=60 label2=60 label3=60 label4=60 total=300
  val:   label0=20 label1=20 label2=20 label3=20 label4=20 total=100
  test:  label0=20 label1=20 label2=20 label3=20 label4=20 total=100
fold=5 label=0 | epoch 001 | train loss: 1.2527 bal_acc: 0.51 acc: 0.51 | val loss: 0.7769 bal_loss: 1.1398 bal_acc: 0.45 acc: 0.63
fold=5 label=0 | epoch 010 | train loss: 0.4834 bal_acc: 0.77 acc: 0.77 | val loss: 0.4432 bal_loss: 0.5419 bal_acc: 0.76 acc: 0.82
fold=5 label=0 | epoch 020 | train loss: 0.2385 bal_acc: 0.91 acc: 0.91 | val loss: 0.3759 bal_loss: 0.4824 bal_acc: 0.84 acc: 0.87
fold=5 label=0 | epoch 030 | train loss: 0.1694 bal_acc: 0.93 acc: 0.93 | val loss: 0.3236 bal_loss: 0.4834 bal_acc: 0.86 acc: 0.89
fold=5 label=0 | epoch 040 | train loss: 0.1107 bal_acc: 0.97 acc: 0.97 | val loss: 0.3083 bal_loss: 0.4664 bal_acc: 0.83 acc: 0.88
fold=5 label=0 | epoch 050 | train loss: 0.1005 bal_acc: 0.97 acc: 0.97 | val loss: 0.2813 bal_loss: 0.3832 bal_acc: 0.89 acc: 0.91
fold=5 label=0 | epoch 060 | train loss: 0.0811 bal_acc: 0.97 acc: 0.97 | val loss: 0.2800 bal_loss: 0.3929 bal_acc: 0.86 acc: 0.90
fold=5 label=0 | epoch 070 | train loss: 0.0714 bal_acc: 0.98 acc: 0.98 | val loss: 0.2438 bal_loss: 0.3929 bal_acc: 0.89 acc: 0.92
fold=5 label=0 | epoch 080 | train loss: 0.0429 bal_acc: 0.99 acc: 0.99 | val loss: 0.2409 bal_loss: 0.3608 bal_acc: 0.89 acc: 0.92
fold=5 label=0 | epoch 090 | train loss: 0.0299 bal_acc: 1.00 acc: 1.00 | val loss: 0.2503 bal_loss: 0.4529 bal_acc: 0.88 acc: 0.92
fold=5 label=0 | epoch 100 | train loss: 0.0259 bal_acc: 1.00 acc: 1.00 | val loss: 0.2562 bal_loss: 0.4438 bal_acc: 0.87 acc: 0.91
fold=5 label=0 | epoch 110 | train loss: 0.0206 bal_acc: 1.00 acc: 1.00 | val loss: 0.2452 bal_loss: 0.3940 bal_acc: 0.87 acc: 0.91
fold=5 label=0 | epoch 120 | train loss: 0.0135 bal_acc: 1.00 acc: 1.00 | val loss: 0.2598 bal_loss: 0.4413 bal_acc: 0.89 acc: 0.92
fold=5 label=0 | epoch 130 | train loss: 0.0138 bal_acc: 1.00 acc: 1.00 | val loss: 0.2419 bal_loss: 0.4002 bal_acc: 0.87 acc: 0.91
fold=5 label=0 | epoch 140 | train loss: 0.0106 bal_acc: 1.00 acc: 1.00 | val loss: 0.2283 bal_loss: 0.3803 bal_acc: 0.87 acc: 0.91
fold=5 label=0 | epoch 150 | train loss: 0.0156 bal_acc: 1.00 acc: 1.00 | val loss: 0.2342 bal_loss: 0.4046 bal_acc: 0.88 acc: 0.92
fold=5 label=0 | epoch 160 | train loss: 0.0107 bal_acc: 1.00 acc: 1.00 | val loss: 0.2237 bal_loss: 0.4236 bal_acc: 0.89 acc: 0.94
fold=5 label=0 | epoch 170 | train loss: 0.0070 bal_acc: 1.00 acc: 1.00 | val loss: 0.2447 bal_loss: 0.4139 bal_acc: 0.88 acc: 0.92
fold=5 label=0 | epoch 180 | train loss: 0.0083 bal_acc: 1.00 acc: 1.00 | val loss: 0.2596 bal_loss: 0.5006 bal_acc: 0.86 acc: 0.92
fold=5 label=0 | epoch 190 | train loss: 0.0049 bal_acc: 1.00 acc: 1.00 | val loss: 0.2457 bal_loss: 0.3921 bal_acc: 0.89 acc: 0.92
fold=5 label=0 | epoch 200 | train loss: 0.0053 bal_acc: 1.00 acc: 1.00 | val loss: 0.2369 bal_loss: 0.4111 bal_acc: 0.88 acc: 0.92

fold=5 label=2
Binary label distribution:
  train: class0=60 class1=240 total=300
  val:   class0=20 class1=80 total=100
  test:  class0=20 class1=80 total=100
Original labels in this split:
  train: label0=60 label1=60 label2=60 label3=60 label4=60 total=300
  val:   label0=20 label1=20 label2=20 label3=20 label4=20 total=100
  test:  label0=20 label1=20 label2=20 label3=20 label4=20 total=100
fold=5 label=2 | epoch 001 | train loss: 1.1661 bal_acc: 0.52 acc: 0.52 | val loss: 0.7763 bal_loss: 0.7151 bal_acc: 0.60 acc: 0.60
fold=5 label=2 | epoch 010 | train loss: 0.3598 bal_acc: 0.83 acc: 0.82 | val loss: 0.4458 bal_loss: 0.5860 bal_acc: 0.70 acc: 0.79
fold=5 label=2 | epoch 020 | train loss: 0.2276 bal_acc: 0.92 acc: 0.92 | val loss: 0.3904 bal_loss: 0.5618 bal_acc: 0.68 acc: 0.79
fold=5 label=2 | epoch 030 | train loss: 0.1861 bal_acc: 0.92 acc: 0.93 | val loss: 0.3941 bal_loss: 0.5955 bal_acc: 0.71 acc: 0.81
fold=5 label=2 | epoch 040 | train loss: 0.1163 bal_acc: 0.96 acc: 0.96 | val loss: 0.3265 bal_loss: 0.4758 bal_acc: 0.73 acc: 0.83
fold=5 label=2 | epoch 050 | train loss: 0.0846 bal_acc: 0.97 acc: 0.97 | val loss: 0.3145 bal_loss: 0.5617 bal_acc: 0.68 acc: 0.85
fold=5 label=2 | epoch 060 | train loss: 0.0857 bal_acc: 0.97 acc: 0.97 | val loss: 0.3130 bal_loss: 0.5494 bal_acc: 0.70 acc: 0.85
fold=5 label=2 | epoch 070 | train loss: 0.0726 bal_acc: 0.97 acc: 0.97 | val loss: 0.2773 bal_loss: 0.4667 bal_acc: 0.77 acc: 0.88
fold=5 label=2 | epoch 080 | train loss: 0.0431 bal_acc: 0.98 acc: 0.98 | val loss: 0.3163 bal_loss: 0.6111 bal_acc: 0.68 acc: 0.85
fold=5 label=2 | epoch 090 | train loss: 0.0350 bal_acc: 0.99 acc: 0.99 | val loss: 0.2726 bal_loss: 0.4393 bal_acc: 0.82 acc: 0.90
fold=5 label=2 | epoch 100 | train loss: 0.0460 bal_acc: 0.98 acc: 0.98 | val loss: 0.2569 bal_loss: 0.4322 bal_acc: 0.79 acc: 0.88
fold=5 label=2 | epoch 110 | train loss: 0.0211 bal_acc: 1.00 acc: 1.00 | val loss: 0.2801 bal_loss: 0.4822 bal_acc: 0.80 acc: 0.89
fold=5 label=2 | epoch 120 | train loss: 0.0178 bal_acc: 1.00 acc: 1.00 | val loss: 0.2727 bal_loss: 0.5316 bal_acc: 0.79 acc: 0.90
fold=5 label=2 | epoch 130 | train loss: 0.0253 bal_acc: 0.99 acc: 0.99 | val loss: 0.2487 bal_loss: 0.5014 bal_acc: 0.79 acc: 0.90

fold=5 label=1_vs_3
Binary labels: class0=label1 class1=label3
Binary label distribution:
  train: class0=60 class1=60 total=120
  val:   class0=20 class1=20 total=40
  test:  class0=20 class1=20 total=40
Original labels in this split:
  train: label0=0 label1=60 label2=0 label3=60 label4=0 total=120
  val:   label0=0 label1=20 label2=0 label3=20 label4=0 total=40
  test:  label0=0 label1=20 label2=0 label3=20 label4=0 total=40
fold=5 label=1_vs_3 | epoch 001 | train loss: 1.1140 bal_acc: 0.53 acc: 0.53 | val loss: 0.9001 bal_loss: 0.9001 bal_acc: 0.57 acc: 0.57
fold=5 label=1_vs_3 | epoch 010 | train loss: 0.6036 bal_acc: 0.73 acc: 0.73 | val loss: 0.4772 bal_loss: 0.4772 bal_acc: 0.75 acc: 0.75
fold=5 label=1_vs_3 | epoch 020 | train loss: 0.4374 bal_acc: 0.79 acc: 0.79 | val loss: 0.3482 bal_loss: 0.3482 bal_acc: 0.82 acc: 0.82
fold=5 label=1_vs_3 | epoch 030 | train loss: 0.2411 bal_acc: 0.90 acc: 0.90 | val loss: 0.3175 bal_loss: 0.3175 bal_acc: 0.88 acc: 0.88
fold=5 label=1_vs_3 | epoch 040 | train loss: 0.2716 bal_acc: 0.87 acc: 0.87 | val loss: 0.3135 bal_loss: 0.3135 bal_acc: 0.88 acc: 0.88
fold=5 label=1_vs_3 | epoch 050 | train loss: 0.1712 bal_acc: 0.94 acc: 0.94 | val loss: 0.2581 bal_loss: 0.2581 bal_acc: 0.90 acc: 0.90
fold=5 label=1_vs_3 | epoch 060 | train loss: 0.1729 bal_acc: 0.93 acc: 0.93 | val loss: 0.2306 bal_loss: 0.2306 bal_acc: 0.90 acc: 0.90
fold=5 label=1_vs_3 | epoch 070 | train loss: 0.0700 bal_acc: 0.99 acc: 0.99 | val loss: 0.2257 bal_loss: 0.2257 bal_acc: 0.95 acc: 0.95
fold=5 label=1_vs_3 | epoch 080 | train loss: 0.0604 bal_acc: 0.99 acc: 0.99 | val loss: 0.2181 bal_loss: 0.2181 bal_acc: 0.92 acc: 0.93
fold=5 label=1_vs_3 | epoch 090 | train loss: 0.0701 bal_acc: 0.98 acc: 0.98 | val loss: 0.2141 bal_loss: 0.2141 bal_acc: 0.92 acc: 0.93
fold=5 label=1_vs_3 | epoch 100 | train loss: 0.0403 bal_acc: 1.00 acc: 1.00 | val loss: 0.2414 bal_loss: 0.2414 bal_acc: 0.88 acc: 0.88
fold=5 label=1_vs_3 | epoch 110 | train loss: 0.0379 bal_acc: 1.00 acc: 1.00 | val loss: 0.2069 bal_loss: 0.2069 bal_acc: 0.90 acc: 0.90
fold=5 label=1_vs_3 | epoch 120 | train loss: 0.0661 bal_acc: 0.98 acc: 0.98 | val loss: 0.2139 bal_loss: 0.2139 bal_acc: 0.90 acc: 0.90
fold=5 label=1_vs_3 | epoch 130 | train loss: 0.0842 bal_acc: 0.96 acc: 0.96 | val loss: 0.1988 bal_loss: 0.1988 bal_acc: 0.90 acc: 0.90

5-fold cross-validation summary
y_0: test bal_loss=0.419 +/- 0.225 | bal_acc=0.838 +/- 0.073 | test acc=0.908 +/- 0.034
y_2: test bal_loss=0.330 +/- 0.135 | bal_acc=0.869 +/- 0.048 | test acc=0.898 +/- 0.017
y_1_vs_3: test bal_loss=0.297 +/- 0.069 | bal_acc=0.900 +/- 0.035 | test acc=0.900 +/- 0.035
Cross-validation CSV: ./checkpoints/sub2_yjkim_nogit/v3_sub2_shallownet_all_days/20260628_160032/cross_validation.csv

Saved to: ./checkpoints/sub2_yjkim_nogit/v3_sub2_shallownet_all_days/20260628_160032
