Training configuration
  config=./configs/train_config_v3.json
  model=eegnet
  patient=sub1_hjlee
  day=260617
  max_folds=5
  print_layer_shapes=True
  data_dir=./data/processed/sub1_hjlee/260617
  input_file=X_eeg.npy
  emg_file=X_emg.npy
  checkpoint_root=./checkpoints/sub1_hjlee_nogit/v4_sub1_eegnet_all_days
  epochs=500
  batch_size=16
  lr=1e-05
  weight_decay=0.0001
  patience=100
  seed=42
  val_test_ratio=0.2
  weighted_sampler=True
  emg_feature_dim=64
  run_window_diagnostic=False
  window_size=256
  window_stride=128
  balance_rest_to_target=False
  run_5fold_cross_validation=True
  selection_metric=balanced_loss

Loading X_eeg.npy...
Loading X_emg.npy...
Device: cuda | X: (500, 64, 1000) | X_emg: (500, 2, 1000) | run: ./checkpoints/sub1_hjlee_nogit/v4_sub1_eegnet_all_days/20260629_190107
Data split: train=300 val=100 test=100
Original label distribution:
  train: label0=60 label1=60 label2=60 label3=60 label4=60 total=300
  val:   label0=20 label1=20 label2=20 label3=20 label4=20 total=100
  test:  label0=20 label1=20 label2=20 label3=20 label4=20 total=100

=== 5-fold cross-validation (running 5 fold(s)) ===

--- fold 1/5: train=300 val=100 test=100 ---

fold=1 label=0
Binary label distribution:
  train: class0=60 class1=240 total=300
  val:   class0=20 class1=80 total=100
  test:  class0=20 class1=80 total=100
Original labels in this split:
  train: label0=60 label1=60 label2=60 label3=60 label4=60 total=300
  val:   label0=20 label1=20 label2=20 label3=20 label4=20 total=100
  test:  label0=20 label1=20 label2=20 label3=20 label4=20 total=100

Model shape diagnostic
  EEG input: (16, 64, 1000)
  EMG input: (16, 2, 1000)
  EEG layer ensuredims: (16, 64, 1000, 1)
  EEG layer dimshuffle: (16, 1, 64, 1000)
  EEG layer conv_temporal: (16, 8, 64, 1001)
  EEG layer bnorm_temporal: (16, 8, 64, 1001)
  EEG layer conv_spatial.parametrizations.weight.0: (16, 1, 64, 1)
  EEG layer bnorm_1: (16, 16, 1, 1001)
  EEG layer elu_1: (16, 16, 1, 1001)
  EEG layer pool_1: (16, 16, 1, 250)
  EEG layer drop_1: (16, 16, 1, 250)
  EEG layer conv_separable_depth: (16, 16, 1, 251)
  EEG layer conv_separable_point: (16, 16, 1, 251)
  EEG layer bnorm_2: (16, 16, 1, 251)
  EEG layer elu_2: (16, 16, 1, 251)
  EEG layer pool_2: (16, 16, 1, 31)
  EEG layer drop_2: (16, 16, 1, 31)
  EEG layer final_layer.conv_classifier: (16, 2, 1, 1)
  EEG layer final_layer.permute_back: (16, 2, 1, 1)
  EEG layer final_layer.squeeze.squeeze: (16, 2, 1)
  EEG feature vector: (16, 496)
  EMG feature vector: (16, 64)
fold=1 label=0 | epoch 001 | train loss: 0.7406 bal_acc: 0.48 acc: 0.47 | val loss: 0.7164 bal_loss: 0.6946 bal_acc: 0.55 acc: 0.28
fold=1 label=0 | epoch 010 | train loss: 0.7082 bal_acc: 0.55 acc: 0.55 | val loss: 0.7562 bal_loss: 0.6981 bal_acc: 0.52 acc: 0.26
fold=1 label=0 | epoch 020 | train loss: 0.6547 bal_acc: 0.63 acc: 0.63 | val loss: 0.7630 bal_loss: 0.7015 bal_acc: 0.45 acc: 0.30
fold=1 label=0 | epoch 030 | train loss: 0.6374 bal_acc: 0.61 acc: 0.61 | val loss: 0.7472 bal_loss: 0.7030 bal_acc: 0.47 acc: 0.37
fold=1 label=0 | epoch 040 | train loss: 0.6160 bal_acc: 0.67 acc: 0.66 | val loss: 0.7332 bal_loss: 0.7030 bal_acc: 0.49 acc: 0.40
fold=1 label=0 | epoch 050 | train loss: 0.5908 bal_acc: 0.68 acc: 0.69 | val loss: 0.7212 bal_loss: 0.7040 bal_acc: 0.49 acc: 0.42
fold=1 label=0 | epoch 060 | train loss: 0.5240 bal_acc: 0.76 acc: 0.75 | val loss: 0.7141 bal_loss: 0.7059 bal_acc: 0.54 acc: 0.50
fold=1 label=0 | epoch 070 | train loss: 0.5183 bal_acc: 0.78 acc: 0.77 | val loss: 0.7026 bal_loss: 0.7087 bal_acc: 0.52 acc: 0.51
fold=1 label=0 | epoch 080 | train loss: 0.4957 bal_acc: 0.79 acc: 0.79 | val loss: 0.6909 bal_loss: 0.7139 bal_acc: 0.55 acc: 0.55
fold=1 label=0 | epoch 090 | train loss: 0.4485 bal_acc: 0.84 acc: 0.84 | val loss: 0.6865 bal_loss: 0.7182 bal_acc: 0.54 acc: 0.57
fold=1 label=0 | epoch 100 | train loss: 0.4128 bal_acc: 0.87 acc: 0.87 | val loss: 0.6704 bal_loss: 0.7244 bal_acc: 0.56 acc: 0.59

fold=1 label=2
Binary label distribution:
  train: class0=60 class1=240 total=300
  val:   class0=20 class1=80 total=100
  test:  class0=20 class1=80 total=100
Original labels in this split:
  train: label0=60 label1=60 label2=60 label3=60 label4=60 total=300
  val:   label0=20 label1=20 label2=20 label3=20 label4=20 total=100
  test:  label0=20 label1=20 label2=20 label3=20 label4=20 total=100
fold=1 label=2 | epoch 001 | train loss: 0.7453 bal_acc: 0.46 acc: 0.46 | val loss: 0.7149 bal_loss: 0.6934 bal_acc: 0.55 acc: 0.28
fold=1 label=2 | epoch 010 | train loss: 0.7398 bal_acc: 0.45 acc: 0.45 | val loss: 0.7518 bal_loss: 0.7029 bal_acc: 0.50 acc: 0.26
fold=1 label=2 | epoch 020 | train loss: 0.6785 bal_acc: 0.58 acc: 0.58 | val loss: 0.7641 bal_loss: 0.7136 bal_acc: 0.53 acc: 0.37
fold=1 label=2 | epoch 030 | train loss: 0.6537 bal_acc: 0.59 acc: 0.59 | val loss: 0.7403 bal_loss: 0.7124 bal_acc: 0.54 acc: 0.45
fold=1 label=2 | epoch 040 | train loss: 0.6121 bal_acc: 0.67 acc: 0.66 | val loss: 0.7294 bal_loss: 0.7097 bal_acc: 0.54 acc: 0.48
fold=1 label=2 | epoch 050 | train loss: 0.5992 bal_acc: 0.69 acc: 0.68 | val loss: 0.7134 bal_loss: 0.7080 bal_acc: 0.56 acc: 0.53
fold=1 label=2 | epoch 060 | train loss: 0.5402 bal_acc: 0.76 acc: 0.76 | val loss: 0.7028 bal_loss: 0.7057 bal_acc: 0.56 acc: 0.56
fold=1 label=2 | epoch 070 | train loss: 0.5172 bal_acc: 0.79 acc: 0.79 | val loss: 0.6998 bal_loss: 0.7077 bal_acc: 0.51 acc: 0.54
fold=1 label=2 | epoch 080 | train loss: 0.5272 bal_acc: 0.78 acc: 0.78 | val loss: 0.6945 bal_loss: 0.7103 bal_acc: 0.56 acc: 0.59
fold=1 label=2 | epoch 090 | train loss: 0.4565 bal_acc: 0.82 acc: 0.82 | val loss: 0.6932 bal_loss: 0.7122 bal_acc: 0.56 acc: 0.60
fold=1 label=2 | epoch 100 | train loss: 0.3900 bal_acc: 0.89 acc: 0.89 | val loss: 0.6902 bal_loss: 0.7186 bal_acc: 0.57 acc: 0.61

fold=1 label=1_vs_3
Binary labels: class0=label1 class1=label3
Binary label distribution:
  train: class0=60 class1=60 total=120
  val:   class0=20 class1=20 total=40
  test:  class0=20 class1=20 total=40
Original labels in this split:
  train: label0=0 label1=60 label2=0 label3=60 label4=0 total=120
  val:   label0=0 label1=20 label2=0 label3=20 label4=0 total=40
  test:  label0=0 label1=20 label2=0 label3=20 label4=0 total=40
fold=1 label=1_vs_3 | epoch 001 | train loss: 0.7087 bal_acc: 0.55 acc: 0.56 | val loss: 0.6986 bal_loss: 0.6986 bal_acc: 0.48 acc: 0.47
fold=1 label=1_vs_3 | epoch 010 | train loss: 0.6846 bal_acc: 0.58 acc: 0.57 | val loss: 0.7034 bal_loss: 0.7034 bal_acc: 0.43 acc: 0.42
fold=1 label=1_vs_3 | epoch 020 | train loss: 0.6921 bal_acc: 0.57 acc: 0.57 | val loss: 0.7063 bal_loss: 0.7063 bal_acc: 0.48 acc: 0.47
fold=1 label=1_vs_3 | epoch 030 | train loss: 0.6706 bal_acc: 0.63 acc: 0.65 | val loss: 0.7123 bal_loss: 0.7123 bal_acc: 0.48 acc: 0.47
fold=1 label=1_vs_3 | epoch 040 | train loss: 0.6966 bal_acc: 0.64 acc: 0.64 | val loss: 0.7167 bal_loss: 0.7167 bal_acc: 0.53 acc: 0.53
fold=1 label=1_vs_3 | epoch 050 | train loss: 0.5842 bal_acc: 0.67 acc: 0.68 | val loss: 0.7214 bal_loss: 0.7214 bal_acc: 0.50 acc: 0.50
fold=1 label=1_vs_3 | epoch 060 | train loss: 0.6260 bal_acc: 0.68 acc: 0.68 | val loss: 0.7243 bal_loss: 0.7243 bal_acc: 0.50 acc: 0.50
fold=1 label=1_vs_3 | epoch 070 | train loss: 0.6502 bal_acc: 0.62 acc: 0.62 | val loss: 0.7237 bal_loss: 0.7237 bal_acc: 0.50 acc: 0.50
fold=1 label=1_vs_3 | epoch 080 | train loss: 0.5746 bal_acc: 0.72 acc: 0.72 | val loss: 0.7225 bal_loss: 0.7225 bal_acc: 0.50 acc: 0.50
fold=1 label=1_vs_3 | epoch 090 | train loss: 0.5479 bal_acc: 0.77 acc: 0.78 | val loss: 0.7210 bal_loss: 0.7210 bal_acc: 0.50 acc: 0.50
fold=1 label=1_vs_3 | epoch 100 | train loss: 0.5424 bal_acc: 0.82 acc: 0.82 | val loss: 0.7152 bal_loss: 0.7152 bal_acc: 0.50 acc: 0.50

--- fold 2/5: train=300 val=100 test=100 ---

fold=2 label=0
Binary label distribution:
  train: class0=60 class1=240 total=300
  val:   class0=20 class1=80 total=100
  test:  class0=20 class1=80 total=100
Original labels in this split:
  train: label0=60 label1=60 label2=60 label3=60 label4=60 total=300
  val:   label0=20 label1=20 label2=20 label3=20 label4=20 total=100
  test:  label0=20 label1=20 label2=20 label3=20 label4=20 total=100
fold=2 label=0 | epoch 001 | train loss: 0.7478 bal_acc: 0.47 acc: 0.47 | val loss: 0.7159 bal_loss: 0.6937 bal_acc: 0.55 acc: 0.31
fold=2 label=0 | epoch 010 | train loss: 0.6959 bal_acc: 0.55 acc: 0.54 | val loss: 0.7582 bal_loss: 0.6988 bal_acc: 0.58 acc: 0.33
fold=2 label=0 | epoch 020 | train loss: 0.6970 bal_acc: 0.53 acc: 0.53 | val loss: 0.7775 bal_loss: 0.7062 bal_acc: 0.52 acc: 0.35
fold=2 label=0 | epoch 030 | train loss: 0.6229 bal_acc: 0.65 acc: 0.64 | val loss: 0.7579 bal_loss: 0.7060 bal_acc: 0.41 acc: 0.35
fold=2 label=0 | epoch 040 | train loss: 0.6172 bal_acc: 0.67 acc: 0.66 | val loss: 0.7439 bal_loss: 0.7027 bal_acc: 0.43 acc: 0.39
fold=2 label=0 | epoch 050 | train loss: 0.5656 bal_acc: 0.72 acc: 0.72 | val loss: 0.7268 bal_loss: 0.6974 bal_acc: 0.42 acc: 0.40
fold=2 label=0 | epoch 060 | train loss: 0.5246 bal_acc: 0.78 acc: 0.78 | val loss: 0.7150 bal_loss: 0.6903 bal_acc: 0.43 acc: 0.42
fold=2 label=0 | epoch 070 | train loss: 0.4974 bal_acc: 0.80 acc: 0.79 | val loss: 0.6945 bal_loss: 0.6874 bal_acc: 0.47 acc: 0.48
fold=2 label=0 | epoch 080 | train loss: 0.4509 bal_acc: 0.84 acc: 0.84 | val loss: 0.6757 bal_loss: 0.6827 bal_acc: 0.51 acc: 0.54
fold=2 label=0 | epoch 090 | train loss: 0.4013 bal_acc: 0.89 acc: 0.90 | val loss: 0.6631 bal_loss: 0.6774 bal_acc: 0.52 acc: 0.57
fold=2 label=0 | epoch 100 | train loss: 0.3710 bal_acc: 0.91 acc: 0.91 | val loss: 0.6552 bal_loss: 0.6800 bal_acc: 0.56 acc: 0.60
fold=2 label=0 | epoch 110 | train loss: 0.3377 bal_acc: 0.91 acc: 0.91 | val loss: 0.6434 bal_loss: 0.6803 bal_acc: 0.55 acc: 0.61
fold=2 label=0 | epoch 120 | train loss: 0.3225 bal_acc: 0.95 acc: 0.94 | val loss: 0.6326 bal_loss: 0.6844 bal_acc: 0.53 acc: 0.61
fold=2 label=0 | epoch 130 | train loss: 0.2870 bal_acc: 0.94 acc: 0.94 | val loss: 0.6138 bal_loss: 0.6904 bal_acc: 0.57 acc: 0.68
fold=2 label=0 | epoch 140 | train loss: 0.2515 bal_acc: 0.94 acc: 0.94 | val loss: 0.6063 bal_loss: 0.6990 bal_acc: 0.57 acc: 0.70
fold=2 label=0 | epoch 150 | train loss: 0.2312 bal_acc: 0.98 acc: 0.98 | val loss: 0.6009 bal_loss: 0.7145 bal_acc: 0.57 acc: 0.71
fold=2 label=0 | epoch 160 | train loss: 0.1933 bal_acc: 0.99 acc: 0.99 | val loss: 0.5935 bal_loss: 0.7332 bal_acc: 0.58 acc: 0.72
fold=2 label=0 | epoch 170 | train loss: 0.1837 bal_acc: 0.99 acc: 0.99 | val loss: 0.5930 bal_loss: 0.7530 bal_acc: 0.58 acc: 0.72
fold=2 label=0 | epoch 180 | train loss: 0.1371 bal_acc: 0.99 acc: 0.99 | val loss: 0.5934 bal_loss: 0.7678 bal_acc: 0.58 acc: 0.72
fold=2 label=0 | epoch 190 | train loss: 0.1336 bal_acc: 0.99 acc: 0.99 | val loss: 0.5918 bal_loss: 0.7983 bal_acc: 0.59 acc: 0.73

fold=2 label=2
Binary label distribution:
  train: class0=60 class1=240 total=300
  val:   class0=20 class1=80 total=100
  test:  class0=20 class1=80 total=100
Original labels in this split:
  train: label0=60 label1=60 label2=60 label3=60 label4=60 total=300
  val:   label0=20 label1=20 label2=20 label3=20 label4=20 total=100
  test:  label0=20 label1=20 label2=20 label3=20 label4=20 total=100
fold=2 label=2 | epoch 001 | train loss: 0.7580 bal_acc: 0.46 acc: 0.48 | val loss: 0.7160 bal_loss: 0.6946 bal_acc: 0.54 acc: 0.30
fold=2 label=2 | epoch 010 | train loss: 0.7228 bal_acc: 0.48 acc: 0.50 | val loss: 0.7563 bal_loss: 0.7061 bal_acc: 0.51 acc: 0.28
fold=2 label=2 | epoch 020 | train loss: 0.6595 bal_acc: 0.59 acc: 0.60 | val loss: 0.7657 bal_loss: 0.7208 bal_acc: 0.47 acc: 0.39
fold=2 label=2 | epoch 030 | train loss: 0.6657 bal_acc: 0.61 acc: 0.59 | val loss: 0.7466 bal_loss: 0.7299 bal_acc: 0.51 acc: 0.49
fold=2 label=2 | epoch 040 | train loss: 0.5827 bal_acc: 0.70 acc: 0.70 | val loss: 0.7362 bal_loss: 0.7370 bal_acc: 0.51 acc: 0.52
fold=2 label=2 | epoch 050 | train loss: 0.5854 bal_acc: 0.69 acc: 0.69 | val loss: 0.7221 bal_loss: 0.7374 bal_acc: 0.48 acc: 0.52
fold=2 label=2 | epoch 060 | train loss: 0.5705 bal_acc: 0.70 acc: 0.70 | val loss: 0.6934 bal_loss: 0.7322 bal_acc: 0.50 acc: 0.56
fold=2 label=2 | epoch 070 | train loss: 0.5132 bal_acc: 0.75 acc: 0.75 | val loss: 0.6856 bal_loss: 0.7339 bal_acc: 0.52 acc: 0.59
fold=2 label=2 | epoch 080 | train loss: 0.4901 bal_acc: 0.79 acc: 0.79 | val loss: 0.6703 bal_loss: 0.7368 bal_acc: 0.56 acc: 0.63
fold=2 label=2 | epoch 090 | train loss: 0.4191 bal_acc: 0.84 acc: 0.84 | val loss: 0.6686 bal_loss: 0.7395 bal_acc: 0.57 acc: 0.64
fold=2 label=2 | epoch 100 | train loss: 0.3742 bal_acc: 0.88 acc: 0.88 | val loss: 0.6598 bal_loss: 0.7486 bal_acc: 0.54 acc: 0.63

fold=2 label=1_vs_3
Binary labels: class0=label1 class1=label3
Binary label distribution:
  train: class0=60 class1=60 total=120
  val:   class0=20 class1=20 total=40
  test:  class0=20 class1=20 total=40
Original labels in this split:
  train: label0=0 label1=60 label2=0 label3=60 label4=0 total=120
  val:   label0=0 label1=20 label2=0 label3=20 label4=0 total=40
  test:  label0=0 label1=20 label2=0 label3=20 label4=0 total=40
fold=2 label=1_vs_3 | epoch 001 | train loss: 0.7278 bal_acc: 0.54 acc: 0.55 | val loss: 0.6877 bal_loss: 0.6877 bal_acc: 0.55 acc: 0.55
fold=2 label=1_vs_3 | epoch 010 | train loss: 0.6914 bal_acc: 0.58 acc: 0.57 | val loss: 0.6855 bal_loss: 0.6855 bal_acc: 0.55 acc: 0.55
fold=2 label=1_vs_3 | epoch 020 | train loss: 0.7247 bal_acc: 0.55 acc: 0.53 | val loss: 0.6805 bal_loss: 0.6805 bal_acc: 0.57 acc: 0.57
fold=2 label=1_vs_3 | epoch 030 | train loss: 0.7191 bal_acc: 0.57 acc: 0.57 | val loss: 0.6736 bal_loss: 0.6736 bal_acc: 0.67 acc: 0.68
fold=2 label=1_vs_3 | epoch 040 | train loss: 0.6672 bal_acc: 0.59 acc: 0.58 | val loss: 0.6647 bal_loss: 0.6647 bal_acc: 0.68 acc: 0.68
fold=2 label=1_vs_3 | epoch 050 | train loss: 0.6734 bal_acc: 0.62 acc: 0.61 | val loss: 0.6584 bal_loss: 0.6584 bal_acc: 0.65 acc: 0.65
fold=2 label=1_vs_3 | epoch 060 | train loss: 0.6244 bal_acc: 0.70 acc: 0.70 | val loss: 0.6518 bal_loss: 0.6518 bal_acc: 0.68 acc: 0.68
fold=2 label=1_vs_3 | epoch 070 | train loss: 0.6401 bal_acc: 0.65 acc: 0.65 | val loss: 0.6486 bal_loss: 0.6486 bal_acc: 0.68 acc: 0.68
fold=2 label=1_vs_3 | epoch 080 | train loss: 0.5913 bal_acc: 0.70 acc: 0.70 | val loss: 0.6463 bal_loss: 0.6463 bal_acc: 0.68 acc: 0.68
fold=2 label=1_vs_3 | epoch 090 | train loss: 0.5640 bal_acc: 0.79 acc: 0.78 | val loss: 0.6401 bal_loss: 0.6401 bal_acc: 0.73 acc: 0.72
fold=2 label=1_vs_3 | epoch 100 | train loss: 0.5404 bal_acc: 0.78 acc: 0.78 | val loss: 0.6358 bal_loss: 0.6358 bal_acc: 0.67 acc: 0.68
fold=2 label=1_vs_3 | epoch 110 | train loss: 0.5480 bal_acc: 0.80 acc: 0.80 | val loss: 0.6342 bal_loss: 0.6342 bal_acc: 0.67 acc: 0.68
fold=2 label=1_vs_3 | epoch 120 | train loss: 0.5309 bal_acc: 0.85 acc: 0.85 | val loss: 0.6300 bal_loss: 0.6300 bal_acc: 0.70 acc: 0.70
fold=2 label=1_vs_3 | epoch 130 | train loss: 0.5130 bal_acc: 0.83 acc: 0.83 | val loss: 0.6273 bal_loss: 0.6273 bal_acc: 0.67 acc: 0.68
fold=2 label=1_vs_3 | epoch 140 | train loss: 0.5046 bal_acc: 0.81 acc: 0.82 | val loss: 0.6252 bal_loss: 0.6252 bal_acc: 0.67 acc: 0.68
fold=2 label=1_vs_3 | epoch 150 | train loss: 0.4731 bal_acc: 0.88 acc: 0.87 | val loss: 0.6224 bal_loss: 0.6224 bal_acc: 0.67 acc: 0.68
fold=2 label=1_vs_3 | epoch 160 | train loss: 0.4436 bal_acc: 0.88 acc: 0.88 | val loss: 0.6217 bal_loss: 0.6217 bal_acc: 0.67 acc: 0.68
fold=2 label=1_vs_3 | epoch 170 | train loss: 0.4104 bal_acc: 0.92 acc: 0.93 | val loss: 0.6186 bal_loss: 0.6186 bal_acc: 0.70 acc: 0.70
fold=2 label=1_vs_3 | epoch 180 | train loss: 0.4077 bal_acc: 0.95 acc: 0.95 | val loss: 0.6181 bal_loss: 0.6181 bal_acc: 0.70 acc: 0.70
fold=2 label=1_vs_3 | epoch 190 | train loss: 0.3954 bal_acc: 0.91 acc: 0.92 | val loss: 0.6154 bal_loss: 0.6154 bal_acc: 0.68 acc: 0.68
fold=2 label=1_vs_3 | epoch 200 | train loss: 0.3771 bal_acc: 0.94 acc: 0.93 | val loss: 0.6135 bal_loss: 0.6135 bal_acc: 0.68 acc: 0.68
fold=2 label=1_vs_3 | epoch 210 | train loss: 0.3335 bal_acc: 0.96 acc: 0.97 | val loss: 0.6122 bal_loss: 0.6122 bal_acc: 0.68 acc: 0.68
fold=2 label=1_vs_3 | epoch 220 | train loss: 0.3164 bal_acc: 0.95 acc: 0.96 | val loss: 0.6118 bal_loss: 0.6118 bal_acc: 0.68 acc: 0.68
fold=2 label=1_vs_3 | epoch 230 | train loss: 0.3105 bal_acc: 0.97 acc: 0.97 | val loss: 0.6097 bal_loss: 0.6097 bal_acc: 0.70 acc: 0.70
fold=2 label=1_vs_3 | epoch 240 | train loss: 0.2730 bal_acc: 0.98 acc: 0.98 | val loss: 0.6079 bal_loss: 0.6079 bal_acc: 0.73 acc: 0.72
fold=2 label=1_vs_3 | epoch 250 | train loss: 0.2603 bal_acc: 0.98 acc: 0.98 | val loss: 0.6073 bal_loss: 0.6073 bal_acc: 0.73 acc: 0.72
fold=2 label=1_vs_3 | epoch 260 | train loss: 0.2175 bal_acc: 0.99 acc: 0.99 | val loss: 0.6058 bal_loss: 0.6058 bal_acc: 0.75 acc: 0.75
fold=2 label=1_vs_3 | epoch 270 | train loss: 0.1976 bal_acc: 0.99 acc: 0.99 | val loss: 0.6077 bal_loss: 0.6077 bal_acc: 0.75 acc: 0.75
fold=2 label=1_vs_3 | epoch 280 | train loss: 0.2070 bal_acc: 1.00 acc: 1.00 | val loss: 0.6077 bal_loss: 0.6077 bal_acc: 0.73 acc: 0.72
fold=2 label=1_vs_3 | epoch 290 | train loss: 0.1648 bal_acc: 0.99 acc: 0.99 | val loss: 0.6071 bal_loss: 0.6071 bal_acc: 0.75 acc: 0.75
fold=2 label=1_vs_3 | epoch 300 | train loss: 0.1764 bal_acc: 0.98 acc: 0.98 | val loss: 0.6088 bal_loss: 0.6088 bal_acc: 0.73 acc: 0.72
fold=2 label=1_vs_3 | epoch 310 | train loss: 0.1656 bal_acc: 0.99 acc: 0.99 | val loss: 0.6102 bal_loss: 0.6102 bal_acc: 0.73 acc: 0.72
fold=2 label=1_vs_3 | epoch 320 | train loss: 0.1488 bal_acc: 0.99 acc: 0.99 | val loss: 0.6125 bal_loss: 0.6125 bal_acc: 0.73 acc: 0.72
fold=2 label=1_vs_3 | epoch 330 | train loss: 0.1197 bal_acc: 1.00 acc: 1.00 | val loss: 0.6128 bal_loss: 0.6128 bal_acc: 0.73 acc: 0.72
fold=2 label=1_vs_3 | epoch 340 | train loss: 0.1265 bal_acc: 1.00 acc: 1.00 | val loss: 0.6145 bal_loss: 0.6145 bal_acc: 0.73 acc: 0.72
fold=2 label=1_vs_3 | epoch 350 | train loss: 0.1267 bal_acc: 0.98 acc: 0.98 | val loss: 0.6197 bal_loss: 0.6197 bal_acc: 0.68 acc: 0.68
fold=2 label=1_vs_3 | epoch 360 | train loss: 0.0944 bal_acc: 1.00 acc: 1.00 | val loss: 0.6211 bal_loss: 0.6211 bal_acc: 0.65 acc: 0.65

--- fold 3/5: train=300 val=100 test=100 ---

fold=3 label=0
Binary label distribution:
  train: class0=60 class1=240 total=300
  val:   class0=20 class1=80 total=100
  test:  class0=20 class1=80 total=100
Original labels in this split:
  train: label0=60 label1=60 label2=60 label3=60 label4=60 total=300
  val:   label0=20 label1=20 label2=20 label3=20 label4=20 total=100
  test:  label0=20 label1=20 label2=20 label3=20 label4=20 total=100
fold=3 label=0 | epoch 001 | train loss: 0.7623 bal_acc: 0.41 acc: 0.41 | val loss: 0.7199 bal_loss: 0.6992 bal_acc: 0.48 acc: 0.25
fold=3 label=0 | epoch 010 | train loss: 0.7095 bal_acc: 0.51 acc: 0.50 | val loss: 0.7644 bal_loss: 0.7107 bal_acc: 0.50 acc: 0.29
fold=3 label=0 | epoch 020 | train loss: 0.7033 bal_acc: 0.56 acc: 0.54 | val loss: 0.7843 bal_loss: 0.7229 bal_acc: 0.43 acc: 0.32
fold=3 label=0 | epoch 030 | train loss: 0.6493 bal_acc: 0.62 acc: 0.62 | val loss: 0.7654 bal_loss: 0.7224 bal_acc: 0.44 acc: 0.38
fold=3 label=0 | epoch 040 | train loss: 0.6226 bal_acc: 0.65 acc: 0.65 | val loss: 0.7481 bal_loss: 0.7201 bal_acc: 0.47 acc: 0.42
fold=3 label=0 | epoch 050 | train loss: 0.6086 bal_acc: 0.66 acc: 0.65 | val loss: 0.7461 bal_loss: 0.7210 bal_acc: 0.48 acc: 0.43
fold=3 label=0 | epoch 060 | train loss: 0.5580 bal_acc: 0.73 acc: 0.75 | val loss: 0.7343 bal_loss: 0.7205 bal_acc: 0.47 acc: 0.45
fold=3 label=0 | epoch 070 | train loss: 0.5245 bal_acc: 0.76 acc: 0.76 | val loss: 0.7208 bal_loss: 0.7221 bal_acc: 0.47 acc: 0.48
fold=3 label=0 | epoch 080 | train loss: 0.4944 bal_acc: 0.79 acc: 0.79 | val loss: 0.7164 bal_loss: 0.7262 bal_acc: 0.51 acc: 0.52
fold=3 label=0 | epoch 090 | train loss: 0.4641 bal_acc: 0.84 acc: 0.83 | val loss: 0.7023 bal_loss: 0.7365 bal_acc: 0.44 acc: 0.50
fold=3 label=0 | epoch 100 | train loss: 0.3867 bal_acc: 0.92 acc: 0.92 | val loss: 0.6942 bal_loss: 0.7505 bal_acc: 0.42 acc: 0.49

fold=3 label=2
Binary label distribution:
  train: class0=60 class1=240 total=300
  val:   class0=20 class1=80 total=100
  test:  class0=20 class1=80 total=100
Original labels in this split:
  train: label0=60 label1=60 label2=60 label3=60 label4=60 total=300
  val:   label0=20 label1=20 label2=20 label3=20 label4=20 total=100
  test:  label0=20 label1=20 label2=20 label3=20 label4=20 total=100
fold=3 label=2 | epoch 001 | train loss: 0.7587 bal_acc: 0.51 acc: 0.49 | val loss: 0.7157 bal_loss: 0.6945 bal_acc: 0.52 acc: 0.29
fold=3 label=2 | epoch 010 | train loss: 0.6853 bal_acc: 0.52 acc: 0.54 | val loss: 0.7520 bal_loss: 0.7030 bal_acc: 0.49 acc: 0.28
fold=3 label=2 | epoch 020 | train loss: 0.6671 bal_acc: 0.57 acc: 0.57 | val loss: 0.7533 bal_loss: 0.7097 bal_acc: 0.48 acc: 0.41
fold=3 label=2 | epoch 030 | train loss: 0.6643 bal_acc: 0.59 acc: 0.59 | val loss: 0.7227 bal_loss: 0.7083 bal_acc: 0.52 acc: 0.50
fold=3 label=2 | epoch 040 | train loss: 0.6110 bal_acc: 0.68 acc: 0.68 | val loss: 0.6987 bal_loss: 0.7068 bal_acc: 0.54 acc: 0.56
fold=3 label=2 | epoch 050 | train loss: 0.6186 bal_acc: 0.62 acc: 0.62 | val loss: 0.6856 bal_loss: 0.7053 bal_acc: 0.55 acc: 0.58
fold=3 label=2 | epoch 060 | train loss: 0.5591 bal_acc: 0.71 acc: 0.71 | val loss: 0.6684 bal_loss: 0.7090 bal_acc: 0.58 acc: 0.63
fold=3 label=2 | epoch 070 | train loss: 0.5051 bal_acc: 0.79 acc: 0.79 | val loss: 0.6575 bal_loss: 0.7135 bal_acc: 0.56 acc: 0.63
fold=3 label=2 | epoch 080 | train loss: 0.4877 bal_acc: 0.82 acc: 0.82 | val loss: 0.6453 bal_loss: 0.7185 bal_acc: 0.51 acc: 0.61
fold=3 label=2 | epoch 090 | train loss: 0.4329 bal_acc: 0.87 acc: 0.87 | val loss: 0.6404 bal_loss: 0.7260 bal_acc: 0.52 acc: 0.62
fold=3 label=2 | epoch 100 | train loss: 0.4188 bal_acc: 0.85 acc: 0.85 | val loss: 0.6357 bal_loss: 0.7376 bal_acc: 0.50 acc: 0.62

fold=3 label=1_vs_3
Binary labels: class0=label1 class1=label3
Binary label distribution:
  train: class0=60 class1=60 total=120
  val:   class0=20 class1=20 total=40
  test:  class0=20 class1=20 total=40
Original labels in this split:
  train: label0=0 label1=60 label2=0 label3=60 label4=0 total=120
  val:   label0=0 label1=20 label2=0 label3=20 label4=0 total=40
  test:  label0=0 label1=20 label2=0 label3=20 label4=0 total=40
fold=3 label=1_vs_3 | epoch 001 | train loss: 0.7808 bal_acc: 0.42 acc: 0.41 | val loss: 0.7009 bal_loss: 0.7009 bal_acc: 0.45 acc: 0.45
fold=3 label=1_vs_3 | epoch 010 | train loss: 0.7331 bal_acc: 0.51 acc: 0.50 | val loss: 0.7034 bal_loss: 0.7034 bal_acc: 0.50 acc: 0.50
fold=3 label=1_vs_3 | epoch 020 | train loss: 0.6971 bal_acc: 0.55 acc: 0.56 | val loss: 0.7067 bal_loss: 0.7067 bal_acc: 0.40 acc: 0.40
fold=3 label=1_vs_3 | epoch 030 | train loss: 0.6822 bal_acc: 0.56 acc: 0.59 | val loss: 0.7081 bal_loss: 0.7081 bal_acc: 0.40 acc: 0.40
fold=3 label=1_vs_3 | epoch 040 | train loss: 0.6623 bal_acc: 0.61 acc: 0.64 | val loss: 0.7089 bal_loss: 0.7089 bal_acc: 0.42 acc: 0.42
fold=3 label=1_vs_3 | epoch 050 | train loss: 0.6295 bal_acc: 0.66 acc: 0.67 | val loss: 0.7083 bal_loss: 0.7083 bal_acc: 0.40 acc: 0.40
fold=3 label=1_vs_3 | epoch 060 | train loss: 0.5822 bal_acc: 0.78 acc: 0.78 | val loss: 0.7072 bal_loss: 0.7072 bal_acc: 0.45 acc: 0.45
fold=3 label=1_vs_3 | epoch 070 | train loss: 0.5851 bal_acc: 0.74 acc: 0.73 | val loss: 0.7043 bal_loss: 0.7043 bal_acc: 0.50 acc: 0.50
fold=3 label=1_vs_3 | epoch 080 | train loss: 0.5858 bal_acc: 0.69 acc: 0.67 | val loss: 0.7005 bal_loss: 0.7005 bal_acc: 0.50 acc: 0.50
fold=3 label=1_vs_3 | epoch 090 | train loss: 0.5544 bal_acc: 0.77 acc: 0.77 | val loss: 0.6963 bal_loss: 0.6963 bal_acc: 0.60 acc: 0.60
fold=3 label=1_vs_3 | epoch 100 | train loss: 0.5072 bal_acc: 0.83 acc: 0.82 | val loss: 0.6923 bal_loss: 0.6923 bal_acc: 0.60 acc: 0.60
fold=3 label=1_vs_3 | epoch 110 | train loss: 0.5206 bal_acc: 0.78 acc: 0.78 | val loss: 0.6885 bal_loss: 0.6885 bal_acc: 0.60 acc: 0.60
fold=3 label=1_vs_3 | epoch 120 | train loss: 0.4937 bal_acc: 0.84 acc: 0.84 | val loss: 0.6864 bal_loss: 0.6864 bal_acc: 0.57 acc: 0.57
fold=3 label=1_vs_3 | epoch 130 | train loss: 0.4633 bal_acc: 0.87 acc: 0.87 | val loss: 0.6821 bal_loss: 0.6821 bal_acc: 0.57 acc: 0.57
fold=3 label=1_vs_3 | epoch 140 | train loss: 0.4666 bal_acc: 0.83 acc: 0.82 | val loss: 0.6793 bal_loss: 0.6793 bal_acc: 0.57 acc: 0.57
fold=3 label=1_vs_3 | epoch 150 | train loss: 0.4454 bal_acc: 0.86 acc: 0.86 | val loss: 0.6767 bal_loss: 0.6767 bal_acc: 0.52 acc: 0.53
fold=3 label=1_vs_3 | epoch 160 | train loss: 0.3750 bal_acc: 0.93 acc: 0.93 | val loss: 0.6752 bal_loss: 0.6752 bal_acc: 0.52 acc: 0.53
fold=3 label=1_vs_3 | epoch 170 | train loss: 0.3750 bal_acc: 0.94 acc: 0.94 | val loss: 0.6729 bal_loss: 0.6729 bal_acc: 0.55 acc: 0.55
fold=3 label=1_vs_3 | epoch 180 | train loss: 0.3285 bal_acc: 0.91 acc: 0.91 | val loss: 0.6709 bal_loss: 0.6709 bal_acc: 0.57 acc: 0.57
fold=3 label=1_vs_3 | epoch 190 | train loss: 0.3822 bal_acc: 0.91 acc: 0.91 | val loss: 0.6690 bal_loss: 0.6690 bal_acc: 0.60 acc: 0.60
fold=3 label=1_vs_3 | epoch 200 | train loss: 0.2938 bal_acc: 0.96 acc: 0.96 | val loss: 0.6698 bal_loss: 0.6698 bal_acc: 0.60 acc: 0.60
fold=3 label=1_vs_3 | epoch 210 | train loss: 0.2833 bal_acc: 0.99 acc: 0.99 | val loss: 0.6689 bal_loss: 0.6689 bal_acc: 0.60 acc: 0.60
fold=3 label=1_vs_3 | epoch 220 | train loss: 0.2533 bal_acc: 0.97 acc: 0.97 | val loss: 0.6697 bal_loss: 0.6697 bal_acc: 0.62 acc: 0.62
fold=3 label=1_vs_3 | epoch 230 | train loss: 0.2560 bal_acc: 0.98 acc: 0.98 | val loss: 0.6722 bal_loss: 0.6722 bal_acc: 0.62 acc: 0.62
fold=3 label=1_vs_3 | epoch 240 | train loss: 0.2206 bal_acc: 0.96 acc: 0.96 | val loss: 0.6731 bal_loss: 0.6731 bal_acc: 0.62 acc: 0.62
fold=3 label=1_vs_3 | epoch 250 | train loss: 0.2046 bal_acc: 0.98 acc: 0.98 | val loss: 0.6743 bal_loss: 0.6743 bal_acc: 0.62 acc: 0.62
fold=3 label=1_vs_3 | epoch 260 | train loss: 0.2187 bal_acc: 0.97 acc: 0.97 | val loss: 0.6756 bal_loss: 0.6756 bal_acc: 0.62 acc: 0.62
fold=3 label=1_vs_3 | epoch 270 | train loss: 0.1930 bal_acc: 0.98 acc: 0.98 | val loss: 0.6763 bal_loss: 0.6763 bal_acc: 0.65 acc: 0.65
fold=3 label=1_vs_3 | epoch 280 | train loss: 0.1635 bal_acc: 1.00 acc: 1.00 | val loss: 0.6796 bal_loss: 0.6796 bal_acc: 0.62 acc: 0.62
fold=3 label=1_vs_3 | epoch 290 | train loss: 0.1656 bal_acc: 0.99 acc: 0.99 | val loss: 0.6875 bal_loss: 0.6875 bal_acc: 0.62 acc: 0.62
fold=3 label=1_vs_3 | epoch 300 | train loss: 0.1348 bal_acc: 1.00 acc: 1.00 | val loss: 0.6945 bal_loss: 0.6945 bal_acc: 0.57 acc: 0.57
fold=3 label=1_vs_3 | epoch 310 | train loss: 0.1451 bal_acc: 1.00 acc: 1.00 | val loss: 0.6983 bal_loss: 0.6983 bal_acc: 0.60 acc: 0.60

--- fold 4/5: train=300 val=100 test=100 ---

fold=4 label=0
Binary label distribution:
  train: class0=60 class1=240 total=300
  val:   class0=20 class1=80 total=100
  test:  class0=20 class1=80 total=100
Original labels in this split:
  train: label0=60 label1=60 label2=60 label3=60 label4=60 total=300
  val:   label0=20 label1=20 label2=20 label3=20 label4=20 total=100
  test:  label0=20 label1=20 label2=20 label3=20 label4=20 total=100
fold=4 label=0 | epoch 001 | train loss: 0.7386 bal_acc: 0.47 acc: 0.47 | val loss: 0.7174 bal_loss: 0.6962 bal_acc: 0.53 acc: 0.28
fold=4 label=0 | epoch 010 | train loss: 0.7106 bal_acc: 0.52 acc: 0.53 | val loss: 0.7561 bal_loss: 0.7058 bal_acc: 0.49 acc: 0.27
fold=4 label=0 | epoch 020 | train loss: 0.6826 bal_acc: 0.58 acc: 0.59 | val loss: 0.7675 bal_loss: 0.7188 bal_acc: 0.42 acc: 0.31
fold=4 label=0 | epoch 030 | train loss: 0.6605 bal_acc: 0.62 acc: 0.62 | val loss: 0.7559 bal_loss: 0.7251 bal_acc: 0.43 acc: 0.36
fold=4 label=0 | epoch 040 | train loss: 0.6080 bal_acc: 0.69 acc: 0.69 | val loss: 0.7398 bal_loss: 0.7249 bal_acc: 0.46 acc: 0.41
fold=4 label=0 | epoch 050 | train loss: 0.5823 bal_acc: 0.69 acc: 0.68 | val loss: 0.7246 bal_loss: 0.7246 bal_acc: 0.47 acc: 0.45
fold=4 label=0 | epoch 060 | train loss: 0.5594 bal_acc: 0.73 acc: 0.72 | val loss: 0.7124 bal_loss: 0.7237 bal_acc: 0.51 acc: 0.52
fold=4 label=0 | epoch 070 | train loss: 0.4999 bal_acc: 0.81 acc: 0.81 | val loss: 0.7058 bal_loss: 0.7299 bal_acc: 0.49 acc: 0.52
fold=4 label=0 | epoch 080 | train loss: 0.4679 bal_acc: 0.83 acc: 0.84 | val loss: 0.6964 bal_loss: 0.7370 bal_acc: 0.52 acc: 0.56
fold=4 label=0 | epoch 090 | train loss: 0.4344 bal_acc: 0.86 acc: 0.86 | val loss: 0.6828 bal_loss: 0.7466 bal_acc: 0.54 acc: 0.60
fold=4 label=0 | epoch 100 | train loss: 0.4151 bal_acc: 0.86 acc: 0.86 | val loss: 0.6806 bal_loss: 0.7617 bal_acc: 0.56 acc: 0.62

fold=4 label=2
Binary label distribution:
  train: class0=60 class1=240 total=300
  val:   class0=20 class1=80 total=100
  test:  class0=20 class1=80 total=100
Original labels in this split:
  train: label0=60 label1=60 label2=60 label3=60 label4=60 total=300
  val:   label0=20 label1=20 label2=20 label3=20 label4=20 total=100
  test:  label0=20 label1=20 label2=20 label3=20 label4=20 total=100
fold=4 label=2 | epoch 001 | train loss: 0.7461 bal_acc: 0.48 acc: 0.49 | val loss: 0.7181 bal_loss: 0.6982 bal_acc: 0.47 acc: 0.24
fold=4 label=2 | epoch 010 | train loss: 0.7244 bal_acc: 0.51 acc: 0.51 | val loss: 0.7526 bal_loss: 0.7060 bal_acc: 0.47 acc: 0.27
fold=4 label=2 | epoch 020 | train loss: 0.6891 bal_acc: 0.55 acc: 0.55 | val loss: 0.7504 bal_loss: 0.7127 bal_acc: 0.48 acc: 0.38
fold=4 label=2 | epoch 030 | train loss: 0.6536 bal_acc: 0.63 acc: 0.63 | val loss: 0.7234 bal_loss: 0.7115 bal_acc: 0.48 acc: 0.43
fold=4 label=2 | epoch 040 | train loss: 0.6570 bal_acc: 0.56 acc: 0.57 | val loss: 0.7114 bal_loss: 0.7123 bal_acc: 0.49 acc: 0.46
fold=4 label=2 | epoch 050 | train loss: 0.6010 bal_acc: 0.69 acc: 0.69 | val loss: 0.6951 bal_loss: 0.7116 bal_acc: 0.51 acc: 0.49
fold=4 label=2 | epoch 060 | train loss: 0.5629 bal_acc: 0.75 acc: 0.75 | val loss: 0.6882 bal_loss: 0.7141 bal_acc: 0.46 acc: 0.49
fold=4 label=2 | epoch 070 | train loss: 0.5221 bal_acc: 0.77 acc: 0.77 | val loss: 0.6831 bal_loss: 0.7128 bal_acc: 0.46 acc: 0.50
fold=4 label=2 | epoch 080 | train loss: 0.4981 bal_acc: 0.81 acc: 0.81 | val loss: 0.6706 bal_loss: 0.7157 bal_acc: 0.47 acc: 0.54
fold=4 label=2 | epoch 090 | train loss: 0.4820 bal_acc: 0.81 acc: 0.81 | val loss: 0.6755 bal_loss: 0.7222 bal_acc: 0.47 acc: 0.54
fold=4 label=2 | epoch 100 | train loss: 0.4351 bal_acc: 0.85 acc: 0.85 | val loss: 0.6726 bal_loss: 0.7261 bal_acc: 0.48 acc: 0.55

fold=4 label=1_vs_3
Binary labels: class0=label1 class1=label3
Binary label distribution:
  train: class0=60 class1=60 total=120
  val:   class0=20 class1=20 total=40
  test:  class0=20 class1=20 total=40
Original labels in this split:
  train: label0=0 label1=60 label2=0 label3=60 label4=0 total=120
  val:   label0=0 label1=20 label2=0 label3=20 label4=0 total=40
  test:  label0=0 label1=20 label2=0 label3=20 label4=0 total=40
fold=4 label=1_vs_3 | epoch 001 | train loss: 0.7669 bal_acc: 0.48 acc: 0.47 | val loss: 0.6917 bal_loss: 0.6917 bal_acc: 0.52 acc: 0.53
fold=4 label=1_vs_3 | epoch 010 | train loss: 0.7179 bal_acc: 0.49 acc: 0.51 | val loss: 0.6943 bal_loss: 0.6943 bal_acc: 0.52 acc: 0.53
fold=4 label=1_vs_3 | epoch 020 | train loss: 0.7233 bal_acc: 0.52 acc: 0.52 | val loss: 0.7014 bal_loss: 0.7014 bal_acc: 0.48 acc: 0.47
fold=4 label=1_vs_3 | epoch 030 | train loss: 0.6576 bal_acc: 0.57 acc: 0.59 | val loss: 0.7135 bal_loss: 0.7135 bal_acc: 0.50 acc: 0.50
fold=4 label=1_vs_3 | epoch 040 | train loss: 0.6275 bal_acc: 0.67 acc: 0.68 | val loss: 0.7304 bal_loss: 0.7304 bal_acc: 0.45 acc: 0.45
fold=4 label=1_vs_3 | epoch 050 | train loss: 0.6179 bal_acc: 0.64 acc: 0.64 | val loss: 0.7434 bal_loss: 0.7434 bal_acc: 0.40 acc: 0.40
fold=4 label=1_vs_3 | epoch 060 | train loss: 0.5943 bal_acc: 0.68 acc: 0.69 | val loss: 0.7622 bal_loss: 0.7622 bal_acc: 0.38 acc: 0.38
fold=4 label=1_vs_3 | epoch 070 | train loss: 0.5581 bal_acc: 0.73 acc: 0.74 | val loss: 0.7690 bal_loss: 0.7690 bal_acc: 0.35 acc: 0.35
fold=4 label=1_vs_3 | epoch 080 | train loss: 0.5342 bal_acc: 0.78 acc: 0.78 | val loss: 0.7841 bal_loss: 0.7841 bal_acc: 0.35 acc: 0.35
fold=4 label=1_vs_3 | epoch 090 | train loss: 0.5546 bal_acc: 0.80 acc: 0.80 | val loss: 0.7916 bal_loss: 0.7916 bal_acc: 0.32 acc: 0.33
fold=4 label=1_vs_3 | epoch 100 | train loss: 0.5419 bal_acc: 0.76 acc: 0.77 | val loss: 0.7960 bal_loss: 0.7960 bal_acc: 0.35 acc: 0.35

--- fold 5/5: train=300 val=100 test=100 ---

fold=5 label=0
Binary label distribution:
  train: class0=60 class1=240 total=300
  val:   class0=20 class1=80 total=100
  test:  class0=20 class1=80 total=100
Original labels in this split:
  train: label0=60 label1=60 label2=60 label3=60 label4=60 total=300
  val:   label0=20 label1=20 label2=20 label3=20 label4=20 total=100
  test:  label0=20 label1=20 label2=20 label3=20 label4=20 total=100
fold=5 label=0 | epoch 001 | train loss: 0.7576 bal_acc: 0.45 acc: 0.45 | val loss: 0.7160 bal_loss: 0.6911 bal_acc: 0.51 acc: 0.24
fold=5 label=0 | epoch 010 | train loss: 0.7023 bal_acc: 0.58 acc: 0.58 | val loss: 0.7503 bal_loss: 0.6905 bal_acc: 0.52 acc: 0.27
fold=5 label=0 | epoch 020 | train loss: 0.6553 bal_acc: 0.63 acc: 0.62 | val loss: 0.7606 bal_loss: 0.6881 bal_acc: 0.53 acc: 0.34
fold=5 label=0 | epoch 030 | train loss: 0.6586 bal_acc: 0.58 acc: 0.57 | val loss: 0.7429 bal_loss: 0.6833 bal_acc: 0.59 acc: 0.44
fold=5 label=0 | epoch 040 | train loss: 0.6273 bal_acc: 0.67 acc: 0.67 | val loss: 0.7281 bal_loss: 0.6822 bal_acc: 0.55 acc: 0.43
fold=5 label=0 | epoch 050 | train loss: 0.5752 bal_acc: 0.66 acc: 0.67 | val loss: 0.7246 bal_loss: 0.6829 bal_acc: 0.57 acc: 0.46
fold=5 label=0 | epoch 060 | train loss: 0.5684 bal_acc: 0.75 acc: 0.75 | val loss: 0.7123 bal_loss: 0.6809 bal_acc: 0.54 acc: 0.48
fold=5 label=0 | epoch 070 | train loss: 0.5109 bal_acc: 0.74 acc: 0.74 | val loss: 0.7034 bal_loss: 0.6815 bal_acc: 0.53 acc: 0.49
fold=5 label=0 | epoch 080 | train loss: 0.4759 bal_acc: 0.82 acc: 0.81 | val loss: 0.6878 bal_loss: 0.6827 bal_acc: 0.53 acc: 0.52
fold=5 label=0 | epoch 090 | train loss: 0.4677 bal_acc: 0.82 acc: 0.82 | val loss: 0.6790 bal_loss: 0.6862 bal_acc: 0.55 acc: 0.55
fold=5 label=0 | epoch 100 | train loss: 0.4154 bal_acc: 0.85 acc: 0.86 | val loss: 0.6693 bal_loss: 0.6922 bal_acc: 0.58 acc: 0.60
fold=5 label=0 | epoch 110 | train loss: 0.3584 bal_acc: 0.89 acc: 0.89 | val loss: 0.6571 bal_loss: 0.7002 bal_acc: 0.60 acc: 0.66
fold=5 label=0 | epoch 120 | train loss: 0.3404 bal_acc: 0.93 acc: 0.93 | val loss: 0.6477 bal_loss: 0.7118 bal_acc: 0.59 acc: 0.67
fold=5 label=0 | epoch 130 | train loss: 0.2897 bal_acc: 0.96 acc: 0.96 | val loss: 0.6414 bal_loss: 0.7271 bal_acc: 0.58 acc: 0.69
fold=5 label=0 | epoch 140 | train loss: 0.2649 bal_acc: 0.93 acc: 0.93 | val loss: 0.6382 bal_loss: 0.7432 bal_acc: 0.56 acc: 0.69
fold=5 label=0 | epoch 150 | train loss: 0.2403 bal_acc: 0.95 acc: 0.95 | val loss: 0.6334 bal_loss: 0.7619 bal_acc: 0.57 acc: 0.70
fold=5 label=0 | epoch 160 | train loss: 0.2372 bal_acc: 0.96 acc: 0.96 | val loss: 0.6293 bal_loss: 0.7839 bal_acc: 0.57 acc: 0.70

fold=5 label=2
Binary label distribution:
  train: class0=60 class1=240 total=300
  val:   class0=20 class1=80 total=100
  test:  class0=20 class1=80 total=100
Original labels in this split:
  train: label0=60 label1=60 label2=60 label3=60 label4=60 total=300
  val:   label0=20 label1=20 label2=20 label3=20 label4=20 total=100
  test:  label0=20 label1=20 label2=20 label3=20 label4=20 total=100
fold=5 label=2 | epoch 001 | train loss: 0.7213 bal_acc: 0.53 acc: 0.52 | val loss: 0.7165 bal_loss: 0.6932 bal_acc: 0.49 acc: 0.24
fold=5 label=2 | epoch 010 | train loss: 0.7070 bal_acc: 0.55 acc: 0.54 | val loss: 0.7487 bal_loss: 0.6977 bal_acc: 0.52 acc: 0.26
fold=5 label=2 | epoch 020 | train loss: 0.6686 bal_acc: 0.57 acc: 0.58 | val loss: 0.7538 bal_loss: 0.7014 bal_acc: 0.45 acc: 0.33
fold=5 label=2 | epoch 030 | train loss: 0.6162 bal_acc: 0.67 acc: 0.67 | val loss: 0.7388 bal_loss: 0.7059 bal_acc: 0.48 acc: 0.44
fold=5 label=2 | epoch 040 | train loss: 0.6176 bal_acc: 0.71 acc: 0.71 | val loss: 0.7219 bal_loss: 0.7014 bal_acc: 0.49 acc: 0.45
fold=5 label=2 | epoch 050 | train loss: 0.5965 bal_acc: 0.71 acc: 0.71 | val loss: 0.7102 bal_loss: 0.7013 bal_acc: 0.51 acc: 0.49
fold=5 label=2 | epoch 060 | train loss: 0.5438 bal_acc: 0.73 acc: 0.73 | val loss: 0.7014 bal_loss: 0.7053 bal_acc: 0.56 acc: 0.56
fold=5 label=2 | epoch 070 | train loss: 0.5014 bal_acc: 0.82 acc: 0.81 | val loss: 0.6865 bal_loss: 0.7073 bal_acc: 0.56 acc: 0.57
fold=5 label=2 | epoch 080 | train loss: 0.4935 bal_acc: 0.79 acc: 0.79 | val loss: 0.6729 bal_loss: 0.7085 bal_acc: 0.55 acc: 0.58
fold=5 label=2 | epoch 090 | train loss: 0.4369 bal_acc: 0.87 acc: 0.87 | val loss: 0.6641 bal_loss: 0.7109 bal_acc: 0.56 acc: 0.60
fold=5 label=2 | epoch 100 | train loss: 0.3941 bal_acc: 0.87 acc: 0.88 | val loss: 0.6572 bal_loss: 0.7168 bal_acc: 0.52 acc: 0.59

fold=5 label=1_vs_3
Binary labels: class0=label1 class1=label3
Binary label distribution:
  train: class0=60 class1=60 total=120
  val:   class0=20 class1=20 total=40
  test:  class0=20 class1=20 total=40
Original labels in this split:
  train: label0=0 label1=60 label2=0 label3=60 label4=0 total=120
  val:   label0=0 label1=20 label2=0 label3=20 label4=0 total=40
  test:  label0=0 label1=20 label2=0 label3=20 label4=0 total=40
fold=5 label=1_vs_3 | epoch 001 | train loss: 0.7360 bal_acc: 0.49 acc: 0.47 | val loss: 0.6913 bal_loss: 0.6913 bal_acc: 0.47 acc: 0.47
fold=5 label=1_vs_3 | epoch 010 | train loss: 0.7263 bal_acc: 0.51 acc: 0.51 | val loss: 0.6916 bal_loss: 0.6916 bal_acc: 0.47 acc: 0.47
fold=5 label=1_vs_3 | epoch 020 | train loss: 0.7103 bal_acc: 0.53 acc: 0.52 | val loss: 0.6919 bal_loss: 0.6919 bal_acc: 0.50 acc: 0.50
fold=5 label=1_vs_3 | epoch 030 | train loss: 0.6826 bal_acc: 0.64 acc: 0.62 | val loss: 0.6932 bal_loss: 0.6932 bal_acc: 0.55 acc: 0.55
fold=5 label=1_vs_3 | epoch 040 | train loss: 0.6512 bal_acc: 0.68 acc: 0.68 | val loss: 0.6915 bal_loss: 0.6915 bal_acc: 0.55 acc: 0.55
fold=5 label=1_vs_3 | epoch 050 | train loss: 0.6508 bal_acc: 0.68 acc: 0.68 | val loss: 0.6880 bal_loss: 0.6880 bal_acc: 0.60 acc: 0.60
fold=5 label=1_vs_3 | epoch 060 | train loss: 0.6482 bal_acc: 0.70 acc: 0.71 | val loss: 0.6914 bal_loss: 0.6914 bal_acc: 0.60 acc: 0.60
fold=5 label=1_vs_3 | epoch 070 | train loss: 0.5705 bal_acc: 0.76 acc: 0.76 | val loss: 0.6905 bal_loss: 0.6905 bal_acc: 0.62 acc: 0.62
fold=5 label=1_vs_3 | epoch 080 | train loss: 0.6034 bal_acc: 0.69 acc: 0.68 | val loss: 0.6883 bal_loss: 0.6883 bal_acc: 0.65 acc: 0.65
fold=5 label=1_vs_3 | epoch 090 | train loss: 0.5560 bal_acc: 0.76 acc: 0.77 | val loss: 0.6890 bal_loss: 0.6890 bal_acc: 0.68 acc: 0.68
fold=5 label=1_vs_3 | epoch 100 | train loss: 0.5665 bal_acc: 0.73 acc: 0.73 | val loss: 0.6864 bal_loss: 0.6864 bal_acc: 0.68 acc: 0.68
fold=5 label=1_vs_3 | epoch 110 | train loss: 0.5564 bal_acc: 0.74 acc: 0.74 | val loss: 0.6878 bal_loss: 0.6878 bal_acc: 0.68 acc: 0.68
fold=5 label=1_vs_3 | epoch 120 | train loss: 0.5520 bal_acc: 0.80 acc: 0.80 | val loss: 0.6901 bal_loss: 0.6901 bal_acc: 0.68 acc: 0.68
fold=5 label=1_vs_3 | epoch 130 | train loss: 0.4936 bal_acc: 0.78 acc: 0.78 | val loss: 0.6893 bal_loss: 0.6893 bal_acc: 0.70 acc: 0.70
fold=5 label=1_vs_3 | epoch 140 | train loss: 0.5312 bal_acc: 0.79 acc: 0.78 | val loss: 0.6862 bal_loss: 0.6862 bal_acc: 0.68 acc: 0.68
fold=5 label=1_vs_3 | epoch 150 | train loss: 0.4451 bal_acc: 0.89 acc: 0.89 | val loss: 0.6890 bal_loss: 0.6890 bal_acc: 0.68 acc: 0.68
fold=5 label=1_vs_3 | epoch 160 | train loss: 0.4248 bal_acc: 0.88 acc: 0.88 | val loss: 0.6842 bal_loss: 0.6842 bal_acc: 0.68 acc: 0.68
fold=5 label=1_vs_3 | epoch 170 | train loss: 0.4143 bal_acc: 0.89 acc: 0.89 | val loss: 0.6798 bal_loss: 0.6798 bal_acc: 0.65 acc: 0.65
fold=5 label=1_vs_3 | epoch 180 | train loss: 0.4022 bal_acc: 0.90 acc: 0.90 | val loss: 0.6764 bal_loss: 0.6764 bal_acc: 0.62 acc: 0.62
fold=5 label=1_vs_3 | epoch 190 | train loss: 0.4013 bal_acc: 0.94 acc: 0.93 | val loss: 0.6790 bal_loss: 0.6790 bal_acc: 0.62 acc: 0.62
fold=5 label=1_vs_3 | epoch 200 | train loss: 0.3736 bal_acc: 0.90 acc: 0.91 | val loss: 0.6783 bal_loss: 0.6783 bal_acc: 0.60 acc: 0.60
fold=5 label=1_vs_3 | epoch 210 | train loss: 0.3628 bal_acc: 0.95 acc: 0.95 | val loss: 0.6787 bal_loss: 0.6787 bal_acc: 0.60 acc: 0.60
fold=5 label=1_vs_3 | epoch 220 | train loss: 0.3035 bal_acc: 0.97 acc: 0.97 | val loss: 0.6755 bal_loss: 0.6755 bal_acc: 0.62 acc: 0.62
fold=5 label=1_vs_3 | epoch 230 | train loss: 0.2990 bal_acc: 0.94 acc: 0.94 | val loss: 0.6757 bal_loss: 0.6757 bal_acc: 0.62 acc: 0.62
fold=5 label=1_vs_3 | epoch 240 | train loss: 0.3077 bal_acc: 0.95 acc: 0.94 | val loss: 0.6725 bal_loss: 0.6725 bal_acc: 0.65 acc: 0.65
fold=5 label=1_vs_3 | epoch 250 | train loss: 0.2455 bal_acc: 0.98 acc: 0.98 | val loss: 0.6733 bal_loss: 0.6733 bal_acc: 0.65 acc: 0.65
fold=5 label=1_vs_3 | epoch 260 | train loss: 0.2709 bal_acc: 0.96 acc: 0.96 | val loss: 0.6749 bal_loss: 0.6749 bal_acc: 0.65 acc: 0.65
fold=5 label=1_vs_3 | epoch 270 | train loss: 0.2398 bal_acc: 0.95 acc: 0.95 | val loss: 0.6718 bal_loss: 0.6718 bal_acc: 0.65 acc: 0.65
fold=5 label=1_vs_3 | epoch 280 | train loss: 0.2285 bal_acc: 0.96 acc: 0.96 | val loss: 0.6730 bal_loss: 0.6730 bal_acc: 0.60 acc: 0.60
fold=5 label=1_vs_3 | epoch 290 | train loss: 0.2065 bal_acc: 0.98 acc: 0.98 | val loss: 0.6754 bal_loss: 0.6754 bal_acc: 0.62 acc: 0.62
fold=5 label=1_vs_3 | epoch 300 | train loss: 0.1761 bal_acc: 0.98 acc: 0.98 | val loss: 0.6768 bal_loss: 0.6768 bal_acc: 0.65 acc: 0.65
fold=5 label=1_vs_3 | epoch 310 | train loss: 0.1764 bal_acc: 0.99 acc: 0.99 | val loss: 0.6774 bal_loss: 0.6774 bal_acc: 0.65 acc: 0.65
fold=5 label=1_vs_3 | epoch 320 | train loss: 0.1790 bal_acc: 0.97 acc: 0.98 | val loss: 0.6869 bal_loss: 0.6869 bal_acc: 0.62 acc: 0.62
fold=5 label=1_vs_3 | epoch 330 | train loss: 0.1644 bal_acc: 0.98 acc: 0.98 | val loss: 0.6901 bal_loss: 0.6901 bal_acc: 0.62 acc: 0.62
fold=5 label=1_vs_3 | epoch 340 | train loss: 0.1292 bal_acc: 1.00 acc: 1.00 | val loss: 0.6921 bal_loss: 0.6921 bal_acc: 0.65 acc: 0.65
fold=5 label=1_vs_3 | epoch 350 | train loss: 0.1302 bal_acc: 0.99 acc: 0.99 | val loss: 0.6928 bal_loss: 0.6928 bal_acc: 0.65 acc: 0.65
fold=5 label=1_vs_3 | epoch 360 | train loss: 0.1182 bal_acc: 1.00 acc: 1.00 | val loss: 0.6985 bal_loss: 0.6985 bal_acc: 0.62 acc: 0.62

Cross-validation summary (5 fold(s) run)
y_0: test bal_loss=0.712 +/- 0.020 | bal_acc=0.499 +/- 0.027 | test acc=0.366 +/- 0.143
y_2: test bal_loss=0.695 +/- 0.002 | bal_acc=0.501 +/- 0.051 | test acc=0.268 +/- 0.020
y_1_vs_3: test bal_loss=0.700 +/- 0.052 | bal_acc=0.525 +/- 0.065 | test acc=0.525 +/- 0.065
Cross-validation CSV: ./checkpoints/sub1_hjlee_nogit/v4_sub1_eegnet_all_days/20260629_190107/cross_validation.csv

Saved to: ./checkpoints/sub1_hjlee_nogit/v4_sub1_eegnet_all_days/20260629_190107
