Training configuration
  config=./configs/train_config_v3.json
  model=eegnet
  patient=sub2_yjkim
  day=260601
  data_dir=./data/processed/sub2_yjkim/260601
  input_file=X_eeg.npy
  checkpoint_root=./checkpoints/sub2_yjkim_nogit/v3_sub2_eegnet_all_days
  epochs=200
  batch_size=16
  lr=3e-05
  weight_decay=0.0001
  patience=50
  seed=42
  val_test_ratio=0.2
  weighted_sampler=True
  run_window_diagnostic=False
  window_size=256
  window_stride=128
  balance_rest_to_target=False
  run_5fold_cross_validation=True
  selection_metric=balanced_loss

Loading X_eeg.npy...
Device: cuda | X: (500, 64, 1000) | run: ./checkpoints/sub2_yjkim_nogit/v3_sub2_eegnet_all_days/20260628_160850
Data split: train=300 val=100 test=100
Original label distribution:
  train: label0=60 label1=60 label2=60 label3=60 label4=60 total=300
  val:   label0=20 label1=20 label2=20 label3=20 label4=20 total=100
  test:  label0=20 label1=20 label2=20 label3=20 label4=20 total=100

=== 5-fold cross-validation ===

--- fold 1/5: train=300 val=100 test=100 ---

fold=1 label=0
Binary label distribution:
  train: class0=60 class1=240 total=300
  val:   class0=20 class1=80 total=100
  test:  class0=20 class1=80 total=100
Original labels in this split:
  train: label0=60 label1=60 label2=60 label3=60 label4=60 total=300
  val:   label0=20 label1=20 label2=20 label3=20 label4=20 total=100
  test:  label0=20 label1=20 label2=20 label3=20 label4=20 total=100
fold=1 label=0 | epoch 001 | train loss: 0.6878 bal_acc: 0.59 acc: 0.59 | val loss: 0.7042 bal_loss: 0.6797 bal_acc: 0.54 acc: 0.38
fold=1 label=0 | epoch 010 | train loss: 0.5755 bal_acc: 0.75 acc: 0.75 | val loss: 0.6400 bal_loss: 0.6217 bal_acc: 0.73 acc: 0.69
fold=1 label=0 | epoch 020 | train loss: 0.4840 bal_acc: 0.83 acc: 0.83 | val loss: 0.5516 bal_loss: 0.5234 bal_acc: 0.81 acc: 0.78
fold=1 label=0 | epoch 030 | train loss: 0.4331 bal_acc: 0.86 acc: 0.86 | val loss: 0.5010 bal_loss: 0.4627 bal_acc: 0.81 acc: 0.78
fold=1 label=0 | epoch 040 | train loss: 0.3727 bal_acc: 0.85 acc: 0.85 | val loss: 0.4334 bal_loss: 0.4094 bal_acc: 0.84 acc: 0.84
fold=1 label=0 | epoch 050 | train loss: 0.3138 bal_acc: 0.88 acc: 0.88 | val loss: 0.3886 bal_loss: 0.3792 bal_acc: 0.86 acc: 0.86
fold=1 label=0 | epoch 060 | train loss: 0.2544 bal_acc: 0.91 acc: 0.91 | val loss: 0.3557 bal_loss: 0.3536 bal_acc: 0.87 acc: 0.88
fold=1 label=0 | epoch 070 | train loss: 0.2062 bal_acc: 0.96 acc: 0.96 | val loss: 0.3312 bal_loss: 0.3363 bal_acc: 0.87 acc: 0.88
fold=1 label=0 | epoch 080 | train loss: 0.2098 bal_acc: 0.95 acc: 0.95 | val loss: 0.3186 bal_loss: 0.3135 bal_acc: 0.86 acc: 0.86
fold=1 label=0 | epoch 090 | train loss: 0.1730 bal_acc: 0.95 acc: 0.95 | val loss: 0.2997 bal_loss: 0.3039 bal_acc: 0.86 acc: 0.86
fold=1 label=0 | epoch 100 | train loss: 0.1477 bal_acc: 0.96 acc: 0.96 | val loss: 0.2933 bal_loss: 0.2998 bal_acc: 0.86 acc: 0.87
fold=1 label=0 | epoch 110 | train loss: 0.1538 bal_acc: 0.96 acc: 0.96 | val loss: 0.2852 bal_loss: 0.2986 bal_acc: 0.89 acc: 0.89
fold=1 label=0 | epoch 120 | train loss: 0.1301 bal_acc: 0.96 acc: 0.96 | val loss: 0.2702 bal_loss: 0.2868 bal_acc: 0.89 acc: 0.88
fold=1 label=0 | epoch 130 | train loss: 0.1295 bal_acc: 0.96 acc: 0.96 | val loss: 0.2737 bal_loss: 0.2894 bal_acc: 0.89 acc: 0.89
fold=1 label=0 | epoch 140 | train loss: 0.1130 bal_acc: 0.98 acc: 0.98 | val loss: 0.2676 bal_loss: 0.2835 bal_acc: 0.90 acc: 0.90
fold=1 label=0 | epoch 150 | train loss: 0.1100 bal_acc: 0.98 acc: 0.98 | val loss: 0.2640 bal_loss: 0.2831 bal_acc: 0.90 acc: 0.90
fold=1 label=0 | epoch 160 | train loss: 0.0837 bal_acc: 0.98 acc: 0.98 | val loss: 0.2598 bal_loss: 0.2834 bal_acc: 0.91 acc: 0.91
fold=1 label=0 | epoch 170 | train loss: 0.0891 bal_acc: 0.98 acc: 0.98 | val loss: 0.2485 bal_loss: 0.2817 bal_acc: 0.91 acc: 0.91
fold=1 label=0 | epoch 180 | train loss: 0.0678 bal_acc: 0.99 acc: 0.99 | val loss: 0.2456 bal_loss: 0.2839 bal_acc: 0.90 acc: 0.90
fold=1 label=0 | epoch 190 | train loss: 0.0617 bal_acc: 1.00 acc: 1.00 | val loss: 0.2366 bal_loss: 0.2847 bal_acc: 0.91 acc: 0.91
fold=1 label=0 | epoch 200 | train loss: 0.0789 bal_acc: 0.99 acc: 0.99 | val loss: 0.2335 bal_loss: 0.2853 bal_acc: 0.91 acc: 0.91

fold=1 label=2
Binary label distribution:
  train: class0=60 class1=240 total=300
  val:   class0=20 class1=80 total=100
  test:  class0=20 class1=80 total=100
Original labels in this split:
  train: label0=60 label1=60 label2=60 label3=60 label4=60 total=300
  val:   label0=20 label1=20 label2=20 label3=20 label4=20 total=100
  test:  label0=20 label1=20 label2=20 label3=20 label4=20 total=100
fold=1 label=2 | epoch 001 | train loss: 0.7278 bal_acc: 0.50 acc: 0.50 | val loss: 0.7152 bal_loss: 0.6955 bal_acc: 0.52 acc: 0.35
fold=1 label=2 | epoch 010 | train loss: 0.5620 bal_acc: 0.74 acc: 0.74 | val loss: 0.6758 bal_loss: 0.6305 bal_acc: 0.73 acc: 0.60
fold=1 label=2 | epoch 020 | train loss: 0.3867 bal_acc: 0.85 acc: 0.85 | val loss: 0.5266 bal_loss: 0.4588 bal_acc: 0.86 acc: 0.78
fold=1 label=2 | epoch 030 | train loss: 0.2985 bal_acc: 0.90 acc: 0.90 | val loss: 0.4273 bal_loss: 0.3597 bal_acc: 0.89 acc: 0.83
fold=1 label=2 | epoch 040 | train loss: 0.2743 bal_acc: 0.91 acc: 0.91 | val loss: 0.3755 bal_loss: 0.3131 bal_acc: 0.90 acc: 0.84
fold=1 label=2 | epoch 050 | train loss: 0.2162 bal_acc: 0.95 acc: 0.95 | val loss: 0.3324 bal_loss: 0.2807 bal_acc: 0.90 acc: 0.87
fold=1 label=2 | epoch 060 | train loss: 0.2062 bal_acc: 0.92 acc: 0.92 | val loss: 0.2925 bal_loss: 0.2561 bal_acc: 0.91 acc: 0.89
fold=1 label=2 | epoch 070 | train loss: 0.1750 bal_acc: 0.95 acc: 0.94 | val loss: 0.2753 bal_loss: 0.2426 bal_acc: 0.91 acc: 0.89
fold=1 label=2 | epoch 080 | train loss: 0.1791 bal_acc: 0.95 acc: 0.94 | val loss: 0.2585 bal_loss: 0.2291 bal_acc: 0.91 acc: 0.89
fold=1 label=2 | epoch 090 | train loss: 0.1342 bal_acc: 0.97 acc: 0.97 | val loss: 0.2533 bal_loss: 0.2192 bal_acc: 0.91 acc: 0.89
fold=1 label=2 | epoch 100 | train loss: 0.1272 bal_acc: 0.97 acc: 0.97 | val loss: 0.2364 bal_loss: 0.2098 bal_acc: 0.91 acc: 0.89
fold=1 label=2 | epoch 110 | train loss: 0.1035 bal_acc: 0.99 acc: 0.99 | val loss: 0.2232 bal_loss: 0.2026 bal_acc: 0.94 acc: 0.90
fold=1 label=2 | epoch 120 | train loss: 0.0957 bal_acc: 0.98 acc: 0.98 | val loss: 0.2092 bal_loss: 0.1925 bal_acc: 0.92 acc: 0.90
fold=1 label=2 | epoch 130 | train loss: 0.1178 bal_acc: 0.97 acc: 0.97 | val loss: 0.1992 bal_loss: 0.1863 bal_acc: 0.94 acc: 0.91
fold=1 label=2 | epoch 140 | train loss: 0.0796 bal_acc: 0.99 acc: 0.99 | val loss: 0.1961 bal_loss: 0.1847 bal_acc: 0.95 acc: 0.92
fold=1 label=2 | epoch 150 | train loss: 0.0840 bal_acc: 0.99 acc: 0.99 | val loss: 0.1973 bal_loss: 0.1841 bal_acc: 0.94 acc: 0.91
fold=1 label=2 | epoch 160 | train loss: 0.0847 bal_acc: 0.98 acc: 0.98 | val loss: 0.1891 bal_loss: 0.1786 bal_acc: 0.96 acc: 0.93
fold=1 label=2 | epoch 170 | train loss: 0.0838 bal_acc: 0.98 acc: 0.98 | val loss: 0.1893 bal_loss: 0.1782 bal_acc: 0.92 acc: 0.91
fold=1 label=2 | epoch 180 | train loss: 0.0634 bal_acc: 0.99 acc: 0.98 | val loss: 0.1879 bal_loss: 0.1799 bal_acc: 0.92 acc: 0.91
fold=1 label=2 | epoch 190 | train loss: 0.0647 bal_acc: 0.99 acc: 0.99 | val loss: 0.1921 bal_loss: 0.1815 bal_acc: 0.92 acc: 0.91
fold=1 label=2 | epoch 200 | train loss: 0.0549 bal_acc: 0.99 acc: 0.99 | val loss: 0.1888 bal_loss: 0.1812 bal_acc: 0.92 acc: 0.91

fold=1 label=1_vs_3
Binary labels: class0=label1 class1=label3
Binary label distribution:
  train: class0=60 class1=60 total=120
  val:   class0=20 class1=20 total=40
  test:  class0=20 class1=20 total=40
Original labels in this split:
  train: label0=0 label1=60 label2=0 label3=60 label4=0 total=120
  val:   label0=0 label1=20 label2=0 label3=20 label4=0 total=40
  test:  label0=0 label1=20 label2=0 label3=20 label4=0 total=40
fold=1 label=1_vs_3 | epoch 001 | train loss: 0.7280 bal_acc: 0.53 acc: 0.53 | val loss: 0.7006 bal_loss: 0.7006 bal_acc: 0.47 acc: 0.47
fold=1 label=1_vs_3 | epoch 010 | train loss: 0.6732 bal_acc: 0.58 acc: 0.56 | val loss: 0.7004 bal_loss: 0.7004 bal_acc: 0.35 acc: 0.35
fold=1 label=1_vs_3 | epoch 020 | train loss: 0.6103 bal_acc: 0.71 acc: 0.72 | val loss: 0.6939 bal_loss: 0.6939 bal_acc: 0.40 acc: 0.40
fold=1 label=1_vs_3 | epoch 030 | train loss: 0.5960 bal_acc: 0.71 acc: 0.71 | val loss: 0.6768 bal_loss: 0.6768 bal_acc: 0.48 acc: 0.47
fold=1 label=1_vs_3 | epoch 040 | train loss: 0.5251 bal_acc: 0.77 acc: 0.77 | val loss: 0.6506 bal_loss: 0.6506 bal_acc: 0.60 acc: 0.60
fold=1 label=1_vs_3 | epoch 050 | train loss: 0.4488 bal_acc: 0.87 acc: 0.87 | val loss: 0.6182 bal_loss: 0.6182 bal_acc: 0.67 acc: 0.68
fold=1 label=1_vs_3 | epoch 060 | train loss: 0.4111 bal_acc: 0.88 acc: 0.88 | val loss: 0.5922 bal_loss: 0.5922 bal_acc: 0.70 acc: 0.70
fold=1 label=1_vs_3 | epoch 070 | train loss: 0.4647 bal_acc: 0.83 acc: 0.83 | val loss: 0.5681 bal_loss: 0.5681 bal_acc: 0.73 acc: 0.72
fold=1 label=1_vs_3 | epoch 080 | train loss: 0.3431 bal_acc: 0.91 acc: 0.91 | val loss: 0.5407 bal_loss: 0.5407 bal_acc: 0.77 acc: 0.78
fold=1 label=1_vs_3 | epoch 090 | train loss: 0.3837 bal_acc: 0.89 acc: 0.89 | val loss: 0.5229 bal_loss: 0.5229 bal_acc: 0.77 acc: 0.78
fold=1 label=1_vs_3 | epoch 100 | train loss: 0.2834 bal_acc: 0.96 acc: 0.96 | val loss: 0.4986 bal_loss: 0.4986 bal_acc: 0.77 acc: 0.78
fold=1 label=1_vs_3 | epoch 110 | train loss: 0.3099 bal_acc: 0.92 acc: 0.92 | val loss: 0.4738 bal_loss: 0.4738 bal_acc: 0.80 acc: 0.80
fold=1 label=1_vs_3 | epoch 120 | train loss: 0.3210 bal_acc: 0.87 acc: 0.88 | val loss: 0.4584 bal_loss: 0.4584 bal_acc: 0.80 acc: 0.80
fold=1 label=1_vs_3 | epoch 130 | train loss: 0.2617 bal_acc: 0.92 acc: 0.92 | val loss: 0.4360 bal_loss: 0.4360 bal_acc: 0.83 acc: 0.82
fold=1 label=1_vs_3 | epoch 140 | train loss: 0.2459 bal_acc: 0.93 acc: 0.93 | val loss: 0.4088 bal_loss: 0.4088 bal_acc: 0.83 acc: 0.82
fold=1 label=1_vs_3 | epoch 150 | train loss: 0.2923 bal_acc: 0.87 acc: 0.88 | val loss: 0.3945 bal_loss: 0.3945 bal_acc: 0.85 acc: 0.85
fold=1 label=1_vs_3 | epoch 160 | train loss: 0.2056 bal_acc: 0.96 acc: 0.96 | val loss: 0.3865 bal_loss: 0.3865 bal_acc: 0.85 acc: 0.85
fold=1 label=1_vs_3 | epoch 170 | train loss: 0.2055 bal_acc: 0.96 acc: 0.96 | val loss: 0.3668 bal_loss: 0.3668 bal_acc: 0.85 acc: 0.85
fold=1 label=1_vs_3 | epoch 180 | train loss: 0.2170 bal_acc: 0.98 acc: 0.98 | val loss: 0.3571 bal_loss: 0.3571 bal_acc: 0.85 acc: 0.85
fold=1 label=1_vs_3 | epoch 190 | train loss: 0.2276 bal_acc: 0.95 acc: 0.95 | val loss: 0.3500 bal_loss: 0.3500 bal_acc: 0.82 acc: 0.82
fold=1 label=1_vs_3 | epoch 200 | train loss: 0.2020 bal_acc: 0.93 acc: 0.93 | val loss: 0.3422 bal_loss: 0.3422 bal_acc: 0.82 acc: 0.82

--- fold 2/5: train=300 val=100 test=100 ---

fold=2 label=0
Binary label distribution:
  train: class0=60 class1=240 total=300
  val:   class0=20 class1=80 total=100
  test:  class0=20 class1=80 total=100
Original labels in this split:
  train: label0=60 label1=60 label2=60 label3=60 label4=60 total=300
  val:   label0=20 label1=20 label2=20 label3=20 label4=20 total=100
  test:  label0=20 label1=20 label2=20 label3=20 label4=20 total=100
fold=2 label=0 | epoch 001 | train loss: 0.6696 bal_acc: 0.55 acc: 0.55 | val loss: 0.7113 bal_loss: 0.6948 bal_acc: 0.44 acc: 0.32
fold=2 label=0 | epoch 010 | train loss: 0.5742 bal_acc: 0.71 acc: 0.71 | val loss: 0.6369 bal_loss: 0.6382 bal_acc: 0.66 acc: 0.69
fold=2 label=0 | epoch 020 | train loss: 0.4904 bal_acc: 0.77 acc: 0.78 | val loss: 0.5207 bal_loss: 0.5106 bal_acc: 0.83 acc: 0.82
fold=2 label=0 | epoch 030 | train loss: 0.4054 bal_acc: 0.86 acc: 0.86 | val loss: 0.4149 bal_loss: 0.3972 bal_acc: 0.87 acc: 0.85
fold=2 label=0 | epoch 040 | train loss: 0.3892 bal_acc: 0.86 acc: 0.86 | val loss: 0.3482 bal_loss: 0.3287 bal_acc: 0.88 acc: 0.86
fold=2 label=0 | epoch 050 | train loss: 0.2952 bal_acc: 0.92 acc: 0.92 | val loss: 0.2927 bal_loss: 0.2741 bal_acc: 0.91 acc: 0.89
fold=2 label=0 | epoch 060 | train loss: 0.2745 bal_acc: 0.91 acc: 0.91 | val loss: 0.2597 bal_loss: 0.2401 bal_acc: 0.94 acc: 0.91
fold=2 label=0 | epoch 070 | train loss: 0.2633 bal_acc: 0.90 acc: 0.90 | val loss: 0.2249 bal_loss: 0.2095 bal_acc: 0.96 acc: 0.94
fold=2 label=0 | epoch 080 | train loss: 0.2235 bal_acc: 0.94 acc: 0.94 | val loss: 0.2022 bal_loss: 0.1930 bal_acc: 0.94 acc: 0.94
fold=2 label=0 | epoch 090 | train loss: 0.2126 bal_acc: 0.93 acc: 0.93 | val loss: 0.1838 bal_loss: 0.1746 bal_acc: 0.94 acc: 0.94
fold=2 label=0 | epoch 100 | train loss: 0.1779 bal_acc: 0.94 acc: 0.94 | val loss: 0.1664 bal_loss: 0.1618 bal_acc: 0.95 acc: 0.95
fold=2 label=0 | epoch 110 | train loss: 0.1701 bal_acc: 0.94 acc: 0.94 | val loss: 0.1545 bal_loss: 0.1521 bal_acc: 0.95 acc: 0.95
fold=2 label=0 | epoch 120 | train loss: 0.1279 bal_acc: 0.96 acc: 0.96 | val loss: 0.1428 bal_loss: 0.1464 bal_acc: 0.96 acc: 0.97
fold=2 label=0 | epoch 130 | train loss: 0.1261 bal_acc: 0.98 acc: 0.98 | val loss: 0.1355 bal_loss: 0.1429 bal_acc: 0.96 acc: 0.96
fold=2 label=0 | epoch 140 | train loss: 0.1196 bal_acc: 0.96 acc: 0.96 | val loss: 0.1290 bal_loss: 0.1400 bal_acc: 0.96 acc: 0.96
fold=2 label=0 | epoch 150 | train loss: 0.1093 bal_acc: 0.97 acc: 0.97 | val loss: 0.1259 bal_loss: 0.1378 bal_acc: 0.96 acc: 0.97
fold=2 label=0 | epoch 160 | train loss: 0.0947 bal_acc: 0.97 acc: 0.97 | val loss: 0.1197 bal_loss: 0.1427 bal_acc: 0.96 acc: 0.97
fold=2 label=0 | epoch 170 | train loss: 0.0910 bal_acc: 0.97 acc: 0.97 | val loss: 0.1116 bal_loss: 0.1314 bal_acc: 0.96 acc: 0.96
fold=2 label=0 | epoch 180 | train loss: 0.0814 bal_acc: 0.98 acc: 0.98 | val loss: 0.1093 bal_loss: 0.1326 bal_acc: 0.96 acc: 0.96
fold=2 label=0 | epoch 190 | train loss: 0.0786 bal_acc: 0.98 acc: 0.98 | val loss: 0.0971 bal_loss: 0.1202 bal_acc: 0.97 acc: 0.98
fold=2 label=0 | epoch 200 | train loss: 0.0606 bal_acc: 1.00 acc: 1.00 | val loss: 0.0972 bal_loss: 0.1225 bal_acc: 0.96 acc: 0.97

fold=2 label=2
Binary label distribution:
  train: class0=60 class1=240 total=300
  val:   class0=20 class1=80 total=100
  test:  class0=20 class1=80 total=100
Original labels in this split:
  train: label0=60 label1=60 label2=60 label3=60 label4=60 total=300
  val:   label0=20 label1=20 label2=20 label3=20 label4=20 total=100
  test:  label0=20 label1=20 label2=20 label3=20 label4=20 total=100
fold=2 label=2 | epoch 001 | train loss: 0.7595 bal_acc: 0.46 acc: 0.46 | val loss: 0.7128 bal_loss: 0.6932 bal_acc: 0.46 acc: 0.32
fold=2 label=2 | epoch 010 | train loss: 0.5568 bal_acc: 0.77 acc: 0.78 | val loss: 0.6626 bal_loss: 0.6240 bal_acc: 0.76 acc: 0.64
fold=2 label=2 | epoch 020 | train loss: 0.4142 bal_acc: 0.84 acc: 0.85 | val loss: 0.5015 bal_loss: 0.4504 bal_acc: 0.82 acc: 0.77
fold=2 label=2 | epoch 030 | train loss: 0.3336 bal_acc: 0.90 acc: 0.90 | val loss: 0.3935 bal_loss: 0.3504 bal_acc: 0.86 acc: 0.83
fold=2 label=2 | epoch 040 | train loss: 0.2635 bal_acc: 0.92 acc: 0.92 | val loss: 0.3561 bal_loss: 0.3131 bal_acc: 0.84 acc: 0.83
fold=2 label=2 | epoch 050 | train loss: 0.2349 bal_acc: 0.94 acc: 0.94 | val loss: 0.3073 bal_loss: 0.2764 bal_acc: 0.89 acc: 0.88
fold=2 label=2 | epoch 060 | train loss: 0.2222 bal_acc: 0.94 acc: 0.94 | val loss: 0.2773 bal_loss: 0.2533 bal_acc: 0.89 acc: 0.88
fold=2 label=2 | epoch 070 | train loss: 0.1866 bal_acc: 0.94 acc: 0.94 | val loss: 0.2627 bal_loss: 0.2361 bal_acc: 0.89 acc: 0.88
fold=2 label=2 | epoch 080 | train loss: 0.1407 bal_acc: 0.97 acc: 0.97 | val loss: 0.2507 bal_loss: 0.2257 bal_acc: 0.91 acc: 0.89
fold=2 label=2 | epoch 090 | train loss: 0.1287 bal_acc: 0.97 acc: 0.97 | val loss: 0.2344 bal_loss: 0.2153 bal_acc: 0.92 acc: 0.90
fold=2 label=2 | epoch 100 | train loss: 0.1297 bal_acc: 0.97 acc: 0.97 | val loss: 0.2153 bal_loss: 0.2028 bal_acc: 0.92 acc: 0.91
fold=2 label=2 | epoch 110 | train loss: 0.1244 bal_acc: 0.98 acc: 0.98 | val loss: 0.2078 bal_loss: 0.1944 bal_acc: 0.92 acc: 0.91
fold=2 label=2 | epoch 120 | train loss: 0.1042 bal_acc: 0.97 acc: 0.97 | val loss: 0.2003 bal_loss: 0.1918 bal_acc: 0.92 acc: 0.91
fold=2 label=2 | epoch 130 | train loss: 0.0879 bal_acc: 0.99 acc: 0.99 | val loss: 0.1883 bal_loss: 0.1822 bal_acc: 0.92 acc: 0.91
fold=2 label=2 | epoch 140 | train loss: 0.0951 bal_acc: 0.97 acc: 0.97 | val loss: 0.1880 bal_loss: 0.1778 bal_acc: 0.93 acc: 0.92
fold=2 label=2 | epoch 150 | train loss: 0.0742 bal_acc: 0.99 acc: 0.99 | val loss: 0.1819 bal_loss: 0.1776 bal_acc: 0.93 acc: 0.92
fold=2 label=2 | epoch 160 | train loss: 0.0788 bal_acc: 0.98 acc: 0.98 | val loss: 0.1807 bal_loss: 0.1737 bal_acc: 0.93 acc: 0.92
fold=2 label=2 | epoch 170 | train loss: 0.0829 bal_acc: 0.98 acc: 0.98 | val loss: 0.1746 bal_loss: 0.1694 bal_acc: 0.94 acc: 0.93
fold=2 label=2 | epoch 180 | train loss: 0.0592 bal_acc: 1.00 acc: 1.00 | val loss: 0.1754 bal_loss: 0.1746 bal_acc: 0.94 acc: 0.94
fold=2 label=2 | epoch 190 | train loss: 0.0570 bal_acc: 1.00 acc: 1.00 | val loss: 0.1735 bal_loss: 0.1701 bal_acc: 0.91 acc: 0.91
fold=2 label=2 | epoch 200 | train loss: 0.0603 bal_acc: 0.98 acc: 0.98 | val loss: 0.1726 bal_loss: 0.1711 bal_acc: 0.93 acc: 0.92

fold=2 label=1_vs_3
Binary labels: class0=label1 class1=label3
Binary label distribution:
  train: class0=60 class1=60 total=120
  val:   class0=20 class1=20 total=40
  test:  class0=20 class1=20 total=40
Original labels in this split:
  train: label0=0 label1=60 label2=0 label3=60 label4=0 total=120
  val:   label0=0 label1=20 label2=0 label3=20 label4=0 total=40
  test:  label0=0 label1=20 label2=0 label3=20 label4=0 total=40
fold=2 label=1_vs_3 | epoch 001 | train loss: 0.7154 bal_acc: 0.48 acc: 0.47 | val loss: 0.6958 bal_loss: 0.6958 bal_acc: 0.55 acc: 0.55
fold=2 label=1_vs_3 | epoch 010 | train loss: 0.6779 bal_acc: 0.59 acc: 0.58 | val loss: 0.6922 bal_loss: 0.6922 bal_acc: 0.62 acc: 0.62
fold=2 label=1_vs_3 | epoch 020 | train loss: 0.6315 bal_acc: 0.63 acc: 0.62 | val loss: 0.6795 bal_loss: 0.6795 bal_acc: 0.67 acc: 0.68
fold=2 label=1_vs_3 | epoch 030 | train loss: 0.5841 bal_acc: 0.71 acc: 0.71 | val loss: 0.6516 bal_loss: 0.6516 bal_acc: 0.75 acc: 0.75
fold=2 label=1_vs_3 | epoch 040 | train loss: 0.5440 bal_acc: 0.78 acc: 0.77 | val loss: 0.6111 bal_loss: 0.6111 bal_acc: 0.67 acc: 0.68
fold=2 label=1_vs_3 | epoch 050 | train loss: 0.4884 bal_acc: 0.81 acc: 0.81 | val loss: 0.5708 bal_loss: 0.5708 bal_acc: 0.70 acc: 0.70
fold=2 label=1_vs_3 | epoch 060 | train loss: 0.4410 bal_acc: 0.85 acc: 0.85 | val loss: 0.5339 bal_loss: 0.5339 bal_acc: 0.75 acc: 0.75
fold=2 label=1_vs_3 | epoch 070 | train loss: 0.4074 bal_acc: 0.92 acc: 0.93 | val loss: 0.5089 bal_loss: 0.5089 bal_acc: 0.73 acc: 0.72
fold=2 label=1_vs_3 | epoch 080 | train loss: 0.3980 bal_acc: 0.88 acc: 0.88 | val loss: 0.4727 bal_loss: 0.4727 bal_acc: 0.75 acc: 0.75
fold=2 label=1_vs_3 | epoch 090 | train loss: 0.3328 bal_acc: 0.92 acc: 0.92 | val loss: 0.4475 bal_loss: 0.4475 bal_acc: 0.80 acc: 0.80
fold=2 label=1_vs_3 | epoch 100 | train loss: 0.2984 bal_acc: 0.93 acc: 0.93 | val loss: 0.4269 bal_loss: 0.4269 bal_acc: 0.83 acc: 0.82
fold=2 label=1_vs_3 | epoch 110 | train loss: 0.3159 bal_acc: 0.88 acc: 0.88 | val loss: 0.4062 bal_loss: 0.4062 bal_acc: 0.83 acc: 0.82
fold=2 label=1_vs_3 | epoch 120 | train loss: 0.2551 bal_acc: 0.93 acc: 0.93 | val loss: 0.3936 bal_loss: 0.3936 bal_acc: 0.83 acc: 0.82
fold=2 label=1_vs_3 | epoch 130 | train loss: 0.2614 bal_acc: 0.93 acc: 0.93 | val loss: 0.3834 bal_loss: 0.3834 bal_acc: 0.83 acc: 0.82
fold=2 label=1_vs_3 | epoch 140 | train loss: 0.2368 bal_acc: 0.92 acc: 0.92 | val loss: 0.3699 bal_loss: 0.3699 bal_acc: 0.83 acc: 0.82
fold=2 label=1_vs_3 | epoch 150 | train loss: 0.2079 bal_acc: 0.98 acc: 0.98 | val loss: 0.3629 bal_loss: 0.3629 bal_acc: 0.85 acc: 0.85
fold=2 label=1_vs_3 | epoch 160 | train loss: 0.2399 bal_acc: 0.95 acc: 0.95 | val loss: 0.3478 bal_loss: 0.3478 bal_acc: 0.88 acc: 0.88
fold=2 label=1_vs_3 | epoch 170 | train loss: 0.2232 bal_acc: 0.92 acc: 0.93 | val loss: 0.3385 bal_loss: 0.3385 bal_acc: 0.88 acc: 0.88
fold=2 label=1_vs_3 | epoch 180 | train loss: 0.1767 bal_acc: 0.95 acc: 0.95 | val loss: 0.3291 bal_loss: 0.3291 bal_acc: 0.88 acc: 0.88
fold=2 label=1_vs_3 | epoch 190 | train loss: 0.1826 bal_acc: 0.96 acc: 0.96 | val loss: 0.3259 bal_loss: 0.3259 bal_acc: 0.88 acc: 0.88
fold=2 label=1_vs_3 | epoch 200 | train loss: 0.1767 bal_acc: 0.96 acc: 0.97 | val loss: 0.3234 bal_loss: 0.3234 bal_acc: 0.88 acc: 0.88

--- fold 3/5: train=300 val=100 test=100 ---

fold=3 label=0
Binary label distribution:
  train: class0=60 class1=240 total=300
  val:   class0=20 class1=80 total=100
  test:  class0=20 class1=80 total=100
Original labels in this split:
  train: label0=60 label1=60 label2=60 label3=60 label4=60 total=300
  val:   label0=20 label1=20 label2=20 label3=20 label4=20 total=100
  test:  label0=20 label1=20 label2=20 label3=20 label4=20 total=100
fold=3 label=0 | epoch 001 | train loss: 0.6335 bal_acc: 0.60 acc: 0.60 | val loss: 0.7010 bal_loss: 0.6852 bal_acc: 0.46 acc: 0.38
fold=3 label=0 | epoch 010 | train loss: 0.5325 bal_acc: 0.76 acc: 0.76 | val loss: 0.6382 bal_loss: 0.6467 bal_acc: 0.68 acc: 0.67
fold=3 label=0 | epoch 020 | train loss: 0.4287 bal_acc: 0.87 acc: 0.87 | val loss: 0.5540 bal_loss: 0.5820 bal_acc: 0.76 acc: 0.76
fold=3 label=0 | epoch 030 | train loss: 0.3433 bal_acc: 0.90 acc: 0.90 | val loss: 0.5040 bal_loss: 0.5408 bal_acc: 0.77 acc: 0.78
fold=3 label=0 | epoch 040 | train loss: 0.3011 bal_acc: 0.88 acc: 0.88 | val loss: 0.4529 bal_loss: 0.4836 bal_acc: 0.77 acc: 0.78
fold=3 label=0 | epoch 050 | train loss: 0.2583 bal_acc: 0.94 acc: 0.94 | val loss: 0.4222 bal_loss: 0.4347 bal_acc: 0.83 acc: 0.81
fold=3 label=0 | epoch 060 | train loss: 0.2257 bal_acc: 0.93 acc: 0.93 | val loss: 0.3678 bal_loss: 0.3915 bal_acc: 0.88 acc: 0.89
fold=3 label=0 | epoch 070 | train loss: 0.2097 bal_acc: 0.93 acc: 0.92 | val loss: 0.3326 bal_loss: 0.3535 bal_acc: 0.89 acc: 0.91
fold=3 label=0 | epoch 080 | train loss: 0.2172 bal_acc: 0.92 acc: 0.92 | val loss: 0.3026 bal_loss: 0.3320 bal_acc: 0.88 acc: 0.90
fold=3 label=0 | epoch 090 | train loss: 0.1778 bal_acc: 0.96 acc: 0.96 | val loss: 0.2947 bal_loss: 0.3121 bal_acc: 0.88 acc: 0.90
fold=3 label=0 | epoch 100 | train loss: 0.1417 bal_acc: 0.97 acc: 0.96 | val loss: 0.2677 bal_loss: 0.2937 bal_acc: 0.89 acc: 0.91
fold=3 label=0 | epoch 110 | train loss: 0.1234 bal_acc: 0.97 acc: 0.97 | val loss: 0.2443 bal_loss: 0.2814 bal_acc: 0.90 acc: 0.93
fold=3 label=0 | epoch 120 | train loss: 0.1280 bal_acc: 0.98 acc: 0.98 | val loss: 0.2405 bal_loss: 0.2725 bal_acc: 0.90 acc: 0.93
fold=3 label=0 | epoch 130 | train loss: 0.1085 bal_acc: 0.97 acc: 0.97 | val loss: 0.2347 bal_loss: 0.2689 bal_acc: 0.90 acc: 0.93
fold=3 label=0 | epoch 140 | train loss: 0.0951 bal_acc: 0.97 acc: 0.97 | val loss: 0.2247 bal_loss: 0.2629 bal_acc: 0.90 acc: 0.93
fold=3 label=0 | epoch 150 | train loss: 0.0824 bal_acc: 0.98 acc: 0.98 | val loss: 0.2218 bal_loss: 0.2638 bal_acc: 0.90 acc: 0.93
fold=3 label=0 | epoch 160 | train loss: 0.0927 bal_acc: 0.98 acc: 0.98 | val loss: 0.2107 bal_loss: 0.2559 bal_acc: 0.90 acc: 0.93
fold=3 label=0 | epoch 170 | train loss: 0.0801 bal_acc: 0.98 acc: 0.98 | val loss: 0.2067 bal_loss: 0.2542 bal_acc: 0.90 acc: 0.93
fold=3 label=0 | epoch 180 | train loss: 0.0609 bal_acc: 0.99 acc: 0.99 | val loss: 0.2017 bal_loss: 0.2572 bal_acc: 0.89 acc: 0.92
fold=3 label=0 | epoch 190 | train loss: 0.0778 bal_acc: 0.99 acc: 0.99 | val loss: 0.1957 bal_loss: 0.2559 bal_acc: 0.88 acc: 0.92
fold=3 label=0 | epoch 200 | train loss: 0.0585 bal_acc: 0.99 acc: 0.99 | val loss: 0.1910 bal_loss: 0.2505 bal_acc: 0.87 acc: 0.91

fold=3 label=2
Binary label distribution:
  train: class0=60 class1=240 total=300
  val:   class0=20 class1=80 total=100
  test:  class0=20 class1=80 total=100
Original labels in this split:
  train: label0=60 label1=60 label2=60 label3=60 label4=60 total=300
  val:   label0=20 label1=20 label2=20 label3=20 label4=20 total=100
  test:  label0=20 label1=20 label2=20 label3=20 label4=20 total=100
fold=3 label=2 | epoch 001 | train loss: 0.7560 bal_acc: 0.48 acc: 0.48 | val loss: 0.7128 bal_loss: 0.6993 bal_acc: 0.43 acc: 0.36
fold=3 label=2 | epoch 010 | train loss: 0.5764 bal_acc: 0.72 acc: 0.72 | val loss: 0.6572 bal_loss: 0.6451 bal_acc: 0.73 acc: 0.69
fold=3 label=2 | epoch 020 | train loss: 0.4218 bal_acc: 0.86 acc: 0.86 | val loss: 0.4764 bal_loss: 0.4828 bal_acc: 0.82 acc: 0.83
fold=3 label=2 | epoch 030 | train loss: 0.3277 bal_acc: 0.89 acc: 0.89 | val loss: 0.3654 bal_loss: 0.3845 bal_acc: 0.83 acc: 0.85
fold=3 label=2 | epoch 040 | train loss: 0.2867 bal_acc: 0.91 acc: 0.91 | val loss: 0.3151 bal_loss: 0.3413 bal_acc: 0.86 acc: 0.86
fold=3 label=2 | epoch 050 | train loss: 0.2410 bal_acc: 0.93 acc: 0.93 | val loss: 0.2755 bal_loss: 0.3045 bal_acc: 0.87 acc: 0.88
fold=3 label=2 | epoch 060 | train loss: 0.2056 bal_acc: 0.94 acc: 0.94 | val loss: 0.2497 bal_loss: 0.2792 bal_acc: 0.91 acc: 0.91
fold=3 label=2 | epoch 070 | train loss: 0.2035 bal_acc: 0.95 acc: 0.95 | val loss: 0.2208 bal_loss: 0.2506 bal_acc: 0.91 acc: 0.92
fold=3 label=2 | epoch 080 | train loss: 0.1763 bal_acc: 0.95 acc: 0.95 | val loss: 0.2000 bal_loss: 0.2320 bal_acc: 0.92 acc: 0.93
fold=3 label=2 | epoch 090 | train loss: 0.1447 bal_acc: 0.96 acc: 0.96 | val loss: 0.1867 bal_loss: 0.2119 bal_acc: 0.91 acc: 0.91
fold=3 label=2 | epoch 100 | train loss: 0.1364 bal_acc: 0.97 acc: 0.97 | val loss: 0.1718 bal_loss: 0.2028 bal_acc: 0.92 acc: 0.93
fold=3 label=2 | epoch 110 | train loss: 0.1502 bal_acc: 0.94 acc: 0.94 | val loss: 0.1576 bal_loss: 0.1865 bal_acc: 0.95 acc: 0.95
fold=3 label=2 | epoch 120 | train loss: 0.1089 bal_acc: 0.98 acc: 0.97 | val loss: 0.1466 bal_loss: 0.1735 bal_acc: 0.96 acc: 0.96
fold=3 label=2 | epoch 130 | train loss: 0.1322 bal_acc: 0.96 acc: 0.96 | val loss: 0.1349 bal_loss: 0.1718 bal_acc: 0.96 acc: 0.97
fold=3 label=2 | epoch 140 | train loss: 0.1061 bal_acc: 0.98 acc: 0.98 | val loss: 0.1319 bal_loss: 0.1586 bal_acc: 0.96 acc: 0.97
fold=3 label=2 | epoch 150 | train loss: 0.1085 bal_acc: 0.97 acc: 0.97 | val loss: 0.1272 bal_loss: 0.1561 bal_acc: 0.96 acc: 0.96
fold=3 label=2 | epoch 160 | train loss: 0.0860 bal_acc: 0.98 acc: 0.98 | val loss: 0.1202 bal_loss: 0.1527 bal_acc: 0.96 acc: 0.96
fold=3 label=2 | epoch 170 | train loss: 0.0737 bal_acc: 0.99 acc: 0.99 | val loss: 0.1107 bal_loss: 0.1410 bal_acc: 0.96 acc: 0.97
fold=3 label=2 | epoch 180 | train loss: 0.0819 bal_acc: 0.98 acc: 0.98 | val loss: 0.1079 bal_loss: 0.1430 bal_acc: 0.94 acc: 0.96
fold=3 label=2 | epoch 190 | train loss: 0.0761 bal_acc: 0.98 acc: 0.98 | val loss: 0.1061 bal_loss: 0.1416 bal_acc: 0.94 acc: 0.96
fold=3 label=2 | epoch 200 | train loss: 0.0475 bal_acc: 0.99 acc: 0.99 | val loss: 0.0996 bal_loss: 0.1303 bal_acc: 0.94 acc: 0.96

fold=3 label=1_vs_3
Binary labels: class0=label1 class1=label3
Binary label distribution:
  train: class0=60 class1=60 total=120
  val:   class0=20 class1=20 total=40
  test:  class0=20 class1=20 total=40
Original labels in this split:
  train: label0=0 label1=60 label2=0 label3=60 label4=0 total=120
  val:   label0=0 label1=20 label2=0 label3=20 label4=0 total=40
  test:  label0=0 label1=20 label2=0 label3=20 label4=0 total=40
fold=3 label=1_vs_3 | epoch 001 | train loss: 0.7434 bal_acc: 0.49 acc: 0.49 | val loss: 0.7016 bal_loss: 0.7016 bal_acc: 0.45 acc: 0.45
fold=3 label=1_vs_3 | epoch 010 | train loss: 0.7168 bal_acc: 0.46 acc: 0.46 | val loss: 0.6990 bal_loss: 0.6990 bal_acc: 0.45 acc: 0.45
fold=3 label=1_vs_3 | epoch 020 | train loss: 0.6992 bal_acc: 0.58 acc: 0.58 | val loss: 0.6863 bal_loss: 0.6863 bal_acc: 0.52 acc: 0.53
fold=3 label=1_vs_3 | epoch 030 | train loss: 0.6364 bal_acc: 0.67 acc: 0.66 | val loss: 0.6554 bal_loss: 0.6554 bal_acc: 0.67 acc: 0.68
fold=3 label=1_vs_3 | epoch 040 | train loss: 0.5858 bal_acc: 0.67 acc: 0.67 | val loss: 0.6080 bal_loss: 0.6080 bal_acc: 0.83 acc: 0.82
fold=3 label=1_vs_3 | epoch 050 | train loss: 0.5237 bal_acc: 0.76 acc: 0.76 | val loss: 0.5527 bal_loss: 0.5527 bal_acc: 0.83 acc: 0.82
fold=3 label=1_vs_3 | epoch 060 | train loss: 0.4809 bal_acc: 0.84 acc: 0.84 | val loss: 0.5109 bal_loss: 0.5109 bal_acc: 0.83 acc: 0.82
fold=3 label=1_vs_3 | epoch 070 | train loss: 0.4538 bal_acc: 0.79 acc: 0.79 | val loss: 0.4763 bal_loss: 0.4763 bal_acc: 0.80 acc: 0.80
fold=3 label=1_vs_3 | epoch 080 | train loss: 0.4334 bal_acc: 0.82 acc: 0.82 | val loss: 0.4479 bal_loss: 0.4479 bal_acc: 0.85 acc: 0.85
fold=3 label=1_vs_3 | epoch 090 | train loss: 0.4078 bal_acc: 0.86 acc: 0.86 | val loss: 0.4241 bal_loss: 0.4241 bal_acc: 0.85 acc: 0.85
fold=3 label=1_vs_3 | epoch 100 | train loss: 0.4105 bal_acc: 0.83 acc: 0.83 | val loss: 0.4064 bal_loss: 0.4064 bal_acc: 0.85 acc: 0.85
fold=3 label=1_vs_3 | epoch 110 | train loss: 0.3419 bal_acc: 0.90 acc: 0.90 | val loss: 0.3882 bal_loss: 0.3882 bal_acc: 0.82 acc: 0.82
fold=3 label=1_vs_3 | epoch 120 | train loss: 0.3292 bal_acc: 0.89 acc: 0.89 | val loss: 0.3814 bal_loss: 0.3814 bal_acc: 0.88 acc: 0.88
fold=3 label=1_vs_3 | epoch 130 | train loss: 0.2695 bal_acc: 0.93 acc: 0.93 | val loss: 0.3753 bal_loss: 0.3753 bal_acc: 0.88 acc: 0.88
fold=3 label=1_vs_3 | epoch 140 | train loss: 0.2875 bal_acc: 0.93 acc: 0.93 | val loss: 0.3705 bal_loss: 0.3705 bal_acc: 0.90 acc: 0.90
fold=3 label=1_vs_3 | epoch 150 | train loss: 0.2853 bal_acc: 0.92 acc: 0.92 | val loss: 0.3595 bal_loss: 0.3595 bal_acc: 0.85 acc: 0.85
fold=3 label=1_vs_3 | epoch 160 | train loss: 0.2480 bal_acc: 0.92 acc: 0.93 | val loss: 0.3595 bal_loss: 0.3595 bal_acc: 0.90 acc: 0.90
fold=3 label=1_vs_3 | epoch 170 | train loss: 0.2252 bal_acc: 0.94 acc: 0.94 | val loss: 0.3578 bal_loss: 0.3578 bal_acc: 0.88 acc: 0.88
fold=3 label=1_vs_3 | epoch 180 | train loss: 0.2399 bal_acc: 0.93 acc: 0.93 | val loss: 0.3600 bal_loss: 0.3600 bal_acc: 0.88 acc: 0.88
fold=3 label=1_vs_3 | epoch 190 | train loss: 0.2440 bal_acc: 0.94 acc: 0.94 | val loss: 0.3551 bal_loss: 0.3551 bal_acc: 0.88 acc: 0.88
fold=3 label=1_vs_3 | epoch 200 | train loss: 0.2283 bal_acc: 0.94 acc: 0.94 | val loss: 0.3521 bal_loss: 0.3521 bal_acc: 0.90 acc: 0.90

--- fold 4/5: train=300 val=100 test=100 ---

fold=4 label=0
Binary label distribution:
  train: class0=60 class1=240 total=300
  val:   class0=20 class1=80 total=100
  test:  class0=20 class1=80 total=100
Original labels in this split:
  train: label0=60 label1=60 label2=60 label3=60 label4=60 total=300
  val:   label0=20 label1=20 label2=20 label3=20 label4=20 total=100
  test:  label0=20 label1=20 label2=20 label3=20 label4=20 total=100
fold=4 label=0 | epoch 001 | train loss: 0.6768 bal_acc: 0.57 acc: 0.57 | val loss: 0.7017 bal_loss: 0.6861 bal_acc: 0.51 acc: 0.40
fold=4 label=0 | epoch 010 | train loss: 0.5524 bal_acc: 0.74 acc: 0.75 | val loss: 0.6370 bal_loss: 0.6347 bal_acc: 0.67 acc: 0.68
fold=4 label=0 | epoch 020 | train loss: 0.4487 bal_acc: 0.85 acc: 0.85 | val loss: 0.5458 bal_loss: 0.5369 bal_acc: 0.78 acc: 0.77
fold=4 label=0 | epoch 030 | train loss: 0.4114 bal_acc: 0.86 acc: 0.86 | val loss: 0.4692 bal_loss: 0.4582 bal_acc: 0.79 acc: 0.79
fold=4 label=0 | epoch 040 | train loss: 0.3679 bal_acc: 0.88 acc: 0.88 | val loss: 0.4195 bal_loss: 0.4046 bal_acc: 0.83 acc: 0.82
fold=4 label=0 | epoch 050 | train loss: 0.3124 bal_acc: 0.87 acc: 0.88 | val loss: 0.3801 bal_loss: 0.3632 bal_acc: 0.84 acc: 0.83
fold=4 label=0 | epoch 060 | train loss: 0.2826 bal_acc: 0.91 acc: 0.91 | val loss: 0.3375 bal_loss: 0.3268 bal_acc: 0.88 acc: 0.87
fold=4 label=0 | epoch 070 | train loss: 0.2252 bal_acc: 0.94 acc: 0.94 | val loss: 0.3118 bal_loss: 0.2992 bal_acc: 0.88 acc: 0.87
fold=4 label=0 | epoch 080 | train loss: 0.1976 bal_acc: 0.95 acc: 0.95 | val loss: 0.2813 bal_loss: 0.2744 bal_acc: 0.91 acc: 0.92
fold=4 label=0 | epoch 090 | train loss: 0.1608 bal_acc: 0.97 acc: 0.97 | val loss: 0.2639 bal_loss: 0.2557 bal_acc: 0.94 acc: 0.94
fold=4 label=0 | epoch 100 | train loss: 0.1262 bal_acc: 0.98 acc: 0.98 | val loss: 0.2400 bal_loss: 0.2366 bal_acc: 0.92 acc: 0.93
fold=4 label=0 | epoch 110 | train loss: 0.1255 bal_acc: 0.97 acc: 0.97 | val loss: 0.2337 bal_loss: 0.2277 bal_acc: 0.92 acc: 0.93
fold=4 label=0 | epoch 120 | train loss: 0.1304 bal_acc: 0.98 acc: 0.97 | val loss: 0.2092 bal_loss: 0.2161 bal_acc: 0.91 acc: 0.92
fold=4 label=0 | epoch 130 | train loss: 0.1125 bal_acc: 0.97 acc: 0.97 | val loss: 0.2027 bal_loss: 0.2056 bal_acc: 0.92 acc: 0.93
fold=4 label=0 | epoch 140 | train loss: 0.0954 bal_acc: 0.98 acc: 0.98 | val loss: 0.1855 bal_loss: 0.1994 bal_acc: 0.92 acc: 0.93
fold=4 label=0 | epoch 150 | train loss: 0.0923 bal_acc: 0.99 acc: 0.99 | val loss: 0.1824 bal_loss: 0.1916 bal_acc: 0.92 acc: 0.93
fold=4 label=0 | epoch 160 | train loss: 0.0984 bal_acc: 0.99 acc: 0.99 | val loss: 0.1757 bal_loss: 0.1899 bal_acc: 0.89 acc: 0.92
fold=4 label=0 | epoch 170 | train loss: 0.0613 bal_acc: 0.99 acc: 0.99 | val loss: 0.1709 bal_loss: 0.1917 bal_acc: 0.90 acc: 0.93
fold=4 label=0 | epoch 180 | train loss: 0.0679 bal_acc: 0.99 acc: 0.99 | val loss: 0.1629 bal_loss: 0.1860 bal_acc: 0.90 acc: 0.93
fold=4 label=0 | epoch 190 | train loss: 0.0551 bal_acc: 0.99 acc: 0.99 | val loss: 0.1592 bal_loss: 0.1790 bal_acc: 0.92 acc: 0.94
fold=4 label=0 | epoch 200 | train loss: 0.0461 bal_acc: 1.00 acc: 1.00 | val loss: 0.1479 bal_loss: 0.1795 bal_acc: 0.90 acc: 0.93

fold=4 label=2
Binary label distribution:
  train: class0=60 class1=240 total=300
  val:   class0=20 class1=80 total=100
  test:  class0=20 class1=80 total=100
Original labels in this split:
  train: label0=60 label1=60 label2=60 label3=60 label4=60 total=300
  val:   label0=20 label1=20 label2=20 label3=20 label4=20 total=100
  test:  label0=20 label1=20 label2=20 label3=20 label4=20 total=100
fold=4 label=2 | epoch 001 | train loss: 0.7664 bal_acc: 0.46 acc: 0.46 | val loss: 0.7018 bal_loss: 0.6857 bal_acc: 0.57 acc: 0.43
fold=4 label=2 | epoch 010 | train loss: 0.5596 bal_acc: 0.75 acc: 0.76 | val loss: 0.6593 bal_loss: 0.6353 bal_acc: 0.77 acc: 0.66
fold=4 label=2 | epoch 020 | train loss: 0.4439 bal_acc: 0.83 acc: 0.82 | val loss: 0.4938 bal_loss: 0.4766 bal_acc: 0.84 acc: 0.80
fold=4 label=2 | epoch 030 | train loss: 0.3437 bal_acc: 0.89 acc: 0.89 | val loss: 0.3807 bal_loss: 0.3798 bal_acc: 0.88 acc: 0.86
fold=4 label=2 | epoch 040 | train loss: 0.2716 bal_acc: 0.92 acc: 0.92 | val loss: 0.3332 bal_loss: 0.3348 bal_acc: 0.89 acc: 0.88
fold=4 label=2 | epoch 050 | train loss: 0.2317 bal_acc: 0.94 acc: 0.94 | val loss: 0.2831 bal_loss: 0.2992 bal_acc: 0.89 acc: 0.89
fold=4 label=2 | epoch 060 | train loss: 0.2205 bal_acc: 0.93 acc: 0.93 | val loss: 0.2474 bal_loss: 0.2811 bal_acc: 0.88 acc: 0.89
fold=4 label=2 | epoch 070 | train loss: 0.1710 bal_acc: 0.96 acc: 0.96 | val loss: 0.2249 bal_loss: 0.2654 bal_acc: 0.89 acc: 0.91
fold=4 label=2 | epoch 080 | train loss: 0.1634 bal_acc: 0.96 acc: 0.96 | val loss: 0.2037 bal_loss: 0.2525 bal_acc: 0.90 acc: 0.93
fold=4 label=2 | epoch 090 | train loss: 0.1721 bal_acc: 0.95 acc: 0.95 | val loss: 0.1893 bal_loss: 0.2354 bal_acc: 0.89 acc: 0.92
fold=4 label=2 | epoch 100 | train loss: 0.1434 bal_acc: 0.97 acc: 0.97 | val loss: 0.1708 bal_loss: 0.2239 bal_acc: 0.90 acc: 0.93
fold=4 label=2 | epoch 110 | train loss: 0.1365 bal_acc: 0.98 acc: 0.98 | val loss: 0.1603 bal_loss: 0.2155 bal_acc: 0.91 acc: 0.94
fold=4 label=2 | epoch 120 | train loss: 0.0943 bal_acc: 0.98 acc: 0.98 | val loss: 0.1513 bal_loss: 0.2093 bal_acc: 0.91 acc: 0.94
fold=4 label=2 | epoch 130 | train loss: 0.0918 bal_acc: 0.97 acc: 0.97 | val loss: 0.1431 bal_loss: 0.1918 bal_acc: 0.91 acc: 0.94
fold=4 label=2 | epoch 140 | train loss: 0.1302 bal_acc: 0.96 acc: 0.96 | val loss: 0.1379 bal_loss: 0.1907 bal_acc: 0.91 acc: 0.95
fold=4 label=2 | epoch 150 | train loss: 0.0937 bal_acc: 0.97 acc: 0.97 | val loss: 0.1352 bal_loss: 0.1900 bal_acc: 0.92 acc: 0.96
fold=4 label=2 | epoch 160 | train loss: 0.0781 bal_acc: 0.98 acc: 0.98 | val loss: 0.1264 bal_loss: 0.1846 bal_acc: 0.94 acc: 0.97
fold=4 label=2 | epoch 170 | train loss: 0.0825 bal_acc: 0.98 acc: 0.98 | val loss: 0.1258 bal_loss: 0.1975 bal_acc: 0.92 acc: 0.96
fold=4 label=2 | epoch 180 | train loss: 0.0775 bal_acc: 0.98 acc: 0.98 | val loss: 0.1242 bal_loss: 0.2005 bal_acc: 0.87 acc: 0.94
fold=4 label=2 | epoch 190 | train loss: 0.0592 bal_acc: 0.99 acc: 0.99 | val loss: 0.1150 bal_loss: 0.1869 bal_acc: 0.90 acc: 0.96
fold=4 label=2 | epoch 200 | train loss: 0.0541 bal_acc: 0.99 acc: 0.99 | val loss: 0.1162 bal_loss: 0.1876 bal_acc: 0.87 acc: 0.94

fold=4 label=1_vs_3
Binary labels: class0=label1 class1=label3
Binary label distribution:
  train: class0=60 class1=60 total=120
  val:   class0=20 class1=20 total=40
  test:  class0=20 class1=20 total=40
Original labels in this split:
  train: label0=0 label1=60 label2=0 label3=60 label4=0 total=120
  val:   label0=0 label1=20 label2=0 label3=20 label4=0 total=40
  test:  label0=0 label1=20 label2=0 label3=20 label4=0 total=40
fold=4 label=1_vs_3 | epoch 001 | train loss: 0.7956 bal_acc: 0.42 acc: 0.43 | val loss: 0.6861 bal_loss: 0.6861 bal_acc: 0.55 acc: 0.55
fold=4 label=1_vs_3 | epoch 010 | train loss: 0.6791 bal_acc: 0.53 acc: 0.53 | val loss: 0.6806 bal_loss: 0.6806 bal_acc: 0.60 acc: 0.60
fold=4 label=1_vs_3 | epoch 020 | train loss: 0.6538 bal_acc: 0.64 acc: 0.63 | val loss: 0.6637 bal_loss: 0.6637 bal_acc: 0.77 acc: 0.78
fold=4 label=1_vs_3 | epoch 030 | train loss: 0.5760 bal_acc: 0.76 acc: 0.77 | val loss: 0.6336 bal_loss: 0.6336 bal_acc: 0.73 acc: 0.72
fold=4 label=1_vs_3 | epoch 040 | train loss: 0.5716 bal_acc: 0.73 acc: 0.73 | val loss: 0.5986 bal_loss: 0.5986 bal_acc: 0.83 acc: 0.82
fold=4 label=1_vs_3 | epoch 050 | train loss: 0.5193 bal_acc: 0.78 acc: 0.77 | val loss: 0.5478 bal_loss: 0.5478 bal_acc: 0.80 acc: 0.80
fold=4 label=1_vs_3 | epoch 060 | train loss: 0.4708 bal_acc: 0.83 acc: 0.83 | val loss: 0.5043 bal_loss: 0.5043 bal_acc: 0.83 acc: 0.82
fold=4 label=1_vs_3 | epoch 070 | train loss: 0.4358 bal_acc: 0.82 acc: 0.82 | val loss: 0.4707 bal_loss: 0.4707 bal_acc: 0.83 acc: 0.82
fold=4 label=1_vs_3 | epoch 080 | train loss: 0.3942 bal_acc: 0.87 acc: 0.88 | val loss: 0.4398 bal_loss: 0.4398 bal_acc: 0.85 acc: 0.85
fold=4 label=1_vs_3 | epoch 090 | train loss: 0.3792 bal_acc: 0.87 acc: 0.87 | val loss: 0.4124 bal_loss: 0.4124 bal_acc: 0.83 acc: 0.82
fold=4 label=1_vs_3 | epoch 100 | train loss: 0.2886 bal_acc: 0.93 acc: 0.93 | val loss: 0.3873 bal_loss: 0.3873 bal_acc: 0.85 acc: 0.85
fold=4 label=1_vs_3 | epoch 110 | train loss: 0.3128 bal_acc: 0.87 acc: 0.87 | val loss: 0.3692 bal_loss: 0.3692 bal_acc: 0.85 acc: 0.85
fold=4 label=1_vs_3 | epoch 120 | train loss: 0.3001 bal_acc: 0.92 acc: 0.92 | val loss: 0.3499 bal_loss: 0.3499 bal_acc: 0.85 acc: 0.85
fold=4 label=1_vs_3 | epoch 130 | train loss: 0.2681 bal_acc: 0.93 acc: 0.93 | val loss: 0.3402 bal_loss: 0.3402 bal_acc: 0.85 acc: 0.85
fold=4 label=1_vs_3 | epoch 140 | train loss: 0.2580 bal_acc: 0.93 acc: 0.93 | val loss: 0.3300 bal_loss: 0.3300 bal_acc: 0.85 acc: 0.85
fold=4 label=1_vs_3 | epoch 150 | train loss: 0.2485 bal_acc: 0.89 acc: 0.89 | val loss: 0.3079 bal_loss: 0.3079 bal_acc: 0.85 acc: 0.85
fold=4 label=1_vs_3 | epoch 160 | train loss: 0.1837 bal_acc: 0.96 acc: 0.96 | val loss: 0.3004 bal_loss: 0.3004 bal_acc: 0.88 acc: 0.88
fold=4 label=1_vs_3 | epoch 170 | train loss: 0.2122 bal_acc: 0.93 acc: 0.93 | val loss: 0.2797 bal_loss: 0.2797 bal_acc: 0.88 acc: 0.88
fold=4 label=1_vs_3 | epoch 180 | train loss: 0.2476 bal_acc: 0.90 acc: 0.90 | val loss: 0.2764 bal_loss: 0.2764 bal_acc: 0.90 acc: 0.90
fold=4 label=1_vs_3 | epoch 190 | train loss: 0.2180 bal_acc: 0.93 acc: 0.93 | val loss: 0.2760 bal_loss: 0.2760 bal_acc: 0.90 acc: 0.90
fold=4 label=1_vs_3 | epoch 200 | train loss: 0.2170 bal_acc: 0.93 acc: 0.93 | val loss: 0.2664 bal_loss: 0.2664 bal_acc: 0.90 acc: 0.90

--- fold 5/5: train=300 val=100 test=100 ---

fold=5 label=0
Binary label distribution:
  train: class0=60 class1=240 total=300
  val:   class0=20 class1=80 total=100
  test:  class0=20 class1=80 total=100
Original labels in this split:
  train: label0=60 label1=60 label2=60 label3=60 label4=60 total=300
  val:   label0=20 label1=20 label2=20 label3=20 label4=20 total=100
  test:  label0=20 label1=20 label2=20 label3=20 label4=20 total=100
fold=5 label=0 | epoch 001 | train loss: 0.6855 bal_acc: 0.55 acc: 0.55 | val loss: 0.7026 bal_loss: 0.6895 bal_acc: 0.56 acc: 0.44
fold=5 label=0 | epoch 010 | train loss: 0.5836 bal_acc: 0.71 acc: 0.71 | val loss: 0.6480 bal_loss: 0.6526 bal_acc: 0.66 acc: 0.67
fold=5 label=0 | epoch 020 | train loss: 0.4901 bal_acc: 0.80 acc: 0.80 | val loss: 0.5523 bal_loss: 0.5438 bal_acc: 0.77 acc: 0.75
fold=5 label=0 | epoch 030 | train loss: 0.4044 bal_acc: 0.84 acc: 0.84 | val loss: 0.4894 bal_loss: 0.4657 bal_acc: 0.82 acc: 0.80
fold=5 label=0 | epoch 040 | train loss: 0.3624 bal_acc: 0.85 acc: 0.85 | val loss: 0.4350 bal_loss: 0.4232 bal_acc: 0.84 acc: 0.84
fold=5 label=0 | epoch 050 | train loss: 0.3442 bal_acc: 0.86 acc: 0.86 | val loss: 0.4015 bal_loss: 0.3830 bal_acc: 0.86 acc: 0.86
fold=5 label=0 | epoch 060 | train loss: 0.2588 bal_acc: 0.91 acc: 0.91 | val loss: 0.3699 bal_loss: 0.3475 bal_acc: 0.88 acc: 0.86
fold=5 label=0 | epoch 070 | train loss: 0.2500 bal_acc: 0.92 acc: 0.92 | val loss: 0.3390 bal_loss: 0.3141 bal_acc: 0.88 acc: 0.87
fold=5 label=0 | epoch 080 | train loss: 0.1963 bal_acc: 0.95 acc: 0.95 | val loss: 0.3211 bal_loss: 0.2937 bal_acc: 0.87 acc: 0.85
fold=5 label=0 | epoch 090 | train loss: 0.1680 bal_acc: 0.95 acc: 0.95 | val loss: 0.3152 bal_loss: 0.2809 bal_acc: 0.87 acc: 0.85
fold=5 label=0 | epoch 100 | train loss: 0.1594 bal_acc: 0.97 acc: 0.97 | val loss: 0.2993 bal_loss: 0.2727 bal_acc: 0.88 acc: 0.87
fold=5 label=0 | epoch 110 | train loss: 0.1524 bal_acc: 0.97 acc: 0.97 | val loss: 0.2839 bal_loss: 0.2537 bal_acc: 0.89 acc: 0.88
fold=5 label=0 | epoch 120 | train loss: 0.1362 bal_acc: 0.96 acc: 0.96 | val loss: 0.2759 bal_loss: 0.2464 bal_acc: 0.89 acc: 0.88
fold=5 label=0 | epoch 130 | train loss: 0.1106 bal_acc: 0.97 acc: 0.97 | val loss: 0.2762 bal_loss: 0.2442 bal_acc: 0.89 acc: 0.88
fold=5 label=0 | epoch 140 | train loss: 0.1055 bal_acc: 0.97 acc: 0.97 | val loss: 0.2683 bal_loss: 0.2366 bal_acc: 0.89 acc: 0.89
fold=5 label=0 | epoch 150 | train loss: 0.0869 bal_acc: 0.99 acc: 0.99 | val loss: 0.2646 bal_loss: 0.2287 bal_acc: 0.91 acc: 0.92
fold=5 label=0 | epoch 160 | train loss: 0.0916 bal_acc: 0.97 acc: 0.97 | val loss: 0.2677 bal_loss: 0.2265 bal_acc: 0.91 acc: 0.92
fold=5 label=0 | epoch 170 | train loss: 0.0880 bal_acc: 0.99 acc: 0.99 | val loss: 0.2484 bal_loss: 0.2159 bal_acc: 0.92 acc: 0.93
fold=5 label=0 | epoch 180 | train loss: 0.0654 bal_acc: 0.99 acc: 0.99 | val loss: 0.2483 bal_loss: 0.2097 bal_acc: 0.94 acc: 0.94
fold=5 label=0 | epoch 190 | train loss: 0.0651 bal_acc: 0.99 acc: 0.99 | val loss: 0.2522 bal_loss: 0.2062 bal_acc: 0.94 acc: 0.94
fold=5 label=0 | epoch 200 | train loss: 0.0567 bal_acc: 0.99 acc: 0.99 | val loss: 0.2491 bal_loss: 0.2103 bal_acc: 0.94 acc: 0.93

fold=5 label=2
Binary label distribution:
  train: class0=60 class1=240 total=300
  val:   class0=20 class1=80 total=100
  test:  class0=20 class1=80 total=100
Original labels in this split:
  train: label0=60 label1=60 label2=60 label3=60 label4=60 total=300
  val:   label0=20 label1=20 label2=20 label3=20 label4=20 total=100
  test:  label0=20 label1=20 label2=20 label3=20 label4=20 total=100
fold=5 label=2 | epoch 001 | train loss: 0.7441 bal_acc: 0.51 acc: 0.51 | val loss: 0.7048 bal_loss: 0.6895 bal_acc: 0.57 acc: 0.43
fold=5 label=2 | epoch 010 | train loss: 0.5749 bal_acc: 0.72 acc: 0.72 | val loss: 0.6513 bal_loss: 0.6296 bal_acc: 0.74 acc: 0.68
fold=5 label=2 | epoch 020 | train loss: 0.4180 bal_acc: 0.86 acc: 0.85 | val loss: 0.4840 bal_loss: 0.4749 bal_acc: 0.80 acc: 0.77
fold=5 label=2 | epoch 030 | train loss: 0.3081 bal_acc: 0.92 acc: 0.92 | val loss: 0.3780 bal_loss: 0.3798 bal_acc: 0.86 acc: 0.83
fold=5 label=2 | epoch 040 | train loss: 0.2599 bal_acc: 0.93 acc: 0.93 | val loss: 0.3289 bal_loss: 0.3286 bal_acc: 0.89 acc: 0.86
fold=5 label=2 | epoch 050 | train loss: 0.2388 bal_acc: 0.93 acc: 0.93 | val loss: 0.2817 bal_loss: 0.2949 bal_acc: 0.88 acc: 0.86
fold=5 label=2 | epoch 060 | train loss: 0.1695 bal_acc: 0.97 acc: 0.97 | val loss: 0.2531 bal_loss: 0.2713 bal_acc: 0.90 acc: 0.90
fold=5 label=2 | epoch 070 | train loss: 0.1982 bal_acc: 0.94 acc: 0.94 | val loss: 0.2258 bal_loss: 0.2495 bal_acc: 0.91 acc: 0.91
fold=5 label=2 | epoch 080 | train loss: 0.1730 bal_acc: 0.95 acc: 0.95 | val loss: 0.2052 bal_loss: 0.2373 bal_acc: 0.93 acc: 0.92
fold=5 label=2 | epoch 090 | train loss: 0.1255 bal_acc: 0.97 acc: 0.97 | val loss: 0.1924 bal_loss: 0.2241 bal_acc: 0.93 acc: 0.92
fold=5 label=2 | epoch 100 | train loss: 0.1305 bal_acc: 0.97 acc: 0.97 | val loss: 0.1784 bal_loss: 0.2192 bal_acc: 0.89 acc: 0.91
fold=5 label=2 | epoch 110 | train loss: 0.1063 bal_acc: 0.97 acc: 0.97 | val loss: 0.1658 bal_loss: 0.2153 bal_acc: 0.89 acc: 0.92
fold=5 label=2 | epoch 120 | train loss: 0.0881 bal_acc: 0.98 acc: 0.98 | val loss: 0.1596 bal_loss: 0.2127 bal_acc: 0.89 acc: 0.92
fold=5 label=2 | epoch 130 | train loss: 0.0702 bal_acc: 1.00 acc: 1.00 | val loss: 0.1543 bal_loss: 0.2093 bal_acc: 0.90 acc: 0.93
fold=5 label=2 | epoch 140 | train loss: 0.0784 bal_acc: 0.98 acc: 0.98 | val loss: 0.1436 bal_loss: 0.2043 bal_acc: 0.91 acc: 0.95
fold=5 label=2 | epoch 150 | train loss: 0.0929 bal_acc: 0.98 acc: 0.98 | val loss: 0.1400 bal_loss: 0.2010 bal_acc: 0.91 acc: 0.94
fold=5 label=2 | epoch 160 | train loss: 0.0648 bal_acc: 0.98 acc: 0.98 | val loss: 0.1331 bal_loss: 0.2045 bal_acc: 0.91 acc: 0.95
fold=5 label=2 | epoch 170 | train loss: 0.0679 bal_acc: 0.98 acc: 0.98 | val loss: 0.1304 bal_loss: 0.2054 bal_acc: 0.91 acc: 0.94
fold=5 label=2 | epoch 180 | train loss: 0.0728 bal_acc: 0.98 acc: 0.98 | val loss: 0.1257 bal_loss: 0.2058 bal_acc: 0.92 acc: 0.96
fold=5 label=2 | epoch 190 | train loss: 0.0525 bal_acc: 0.99 acc: 0.99 | val loss: 0.1262 bal_loss: 0.2164 bal_acc: 0.92 acc: 0.96
fold=5 label=2 | epoch 200 | train loss: 0.0396 bal_acc: 1.00 acc: 1.00 | val loss: 0.1219 bal_loss: 0.2079 bal_acc: 0.91 acc: 0.94

fold=5 label=1_vs_3
Binary labels: class0=label1 class1=label3
Binary label distribution:
  train: class0=60 class1=60 total=120
  val:   class0=20 class1=20 total=40
  test:  class0=20 class1=20 total=40
Original labels in this split:
  train: label0=0 label1=60 label2=0 label3=60 label4=0 total=120
  val:   label0=0 label1=20 label2=0 label3=20 label4=0 total=40
  test:  label0=0 label1=20 label2=0 label3=20 label4=0 total=40
fold=5 label=1_vs_3 | epoch 001 | train loss: 0.7810 bal_acc: 0.46 acc: 0.46 | val loss: 0.7063 bal_loss: 0.7063 bal_acc: 0.43 acc: 0.42
fold=5 label=1_vs_3 | epoch 010 | train loss: 0.7482 bal_acc: 0.53 acc: 0.52 | val loss: 0.7058 bal_loss: 0.7058 bal_acc: 0.43 acc: 0.42
fold=5 label=1_vs_3 | epoch 020 | train loss: 0.6430 bal_acc: 0.62 acc: 0.62 | val loss: 0.6971 bal_loss: 0.6971 bal_acc: 0.60 acc: 0.60
fold=5 label=1_vs_3 | epoch 030 | train loss: 0.5877 bal_acc: 0.69 acc: 0.68 | val loss: 0.6684 bal_loss: 0.6684 bal_acc: 0.57 acc: 0.57
fold=5 label=1_vs_3 | epoch 040 | train loss: 0.5449 bal_acc: 0.76 acc: 0.76 | val loss: 0.6225 bal_loss: 0.6225 bal_acc: 0.65 acc: 0.65
fold=5 label=1_vs_3 | epoch 050 | train loss: 0.5034 bal_acc: 0.80 acc: 0.80 | val loss: 0.5671 bal_loss: 0.5671 bal_acc: 0.75 acc: 0.75
fold=5 label=1_vs_3 | epoch 060 | train loss: 0.4759 bal_acc: 0.80 acc: 0.80 | val loss: 0.5133 bal_loss: 0.5133 bal_acc: 0.82 acc: 0.82
fold=5 label=1_vs_3 | epoch 070 | train loss: 0.3878 bal_acc: 0.88 acc: 0.88 | val loss: 0.4662 bal_loss: 0.4662 bal_acc: 0.85 acc: 0.85
fold=5 label=1_vs_3 | epoch 080 | train loss: 0.3724 bal_acc: 0.88 acc: 0.88 | val loss: 0.4283 bal_loss: 0.4283 bal_acc: 0.88 acc: 0.88
fold=5 label=1_vs_3 | epoch 090 | train loss: 0.3370 bal_acc: 0.87 acc: 0.87 | val loss: 0.3939 bal_loss: 0.3939 bal_acc: 0.88 acc: 0.88
fold=5 label=1_vs_3 | epoch 100 | train loss: 0.3036 bal_acc: 0.88 acc: 0.88 | val loss: 0.3744 bal_loss: 0.3744 bal_acc: 0.88 acc: 0.88
fold=5 label=1_vs_3 | epoch 110 | train loss: 0.3104 bal_acc: 0.89 acc: 0.89 | val loss: 0.3549 bal_loss: 0.3549 bal_acc: 0.88 acc: 0.88
fold=5 label=1_vs_3 | epoch 120 | train loss: 0.2617 bal_acc: 0.93 acc: 0.93 | val loss: 0.3379 bal_loss: 0.3379 bal_acc: 0.90 acc: 0.90
fold=5 label=1_vs_3 | epoch 130 | train loss: 0.2451 bal_acc: 0.93 acc: 0.93 | val loss: 0.3204 bal_loss: 0.3204 bal_acc: 0.90 acc: 0.90
fold=5 label=1_vs_3 | epoch 140 | train loss: 0.2370 bal_acc: 0.95 acc: 0.95 | val loss: 0.3124 bal_loss: 0.3124 bal_acc: 0.90 acc: 0.90
fold=5 label=1_vs_3 | epoch 150 | train loss: 0.3158 bal_acc: 0.89 acc: 0.90 | val loss: 0.3040 bal_loss: 0.3040 bal_acc: 0.93 acc: 0.93
fold=5 label=1_vs_3 | epoch 160 | train loss: 0.2317 bal_acc: 0.94 acc: 0.94 | val loss: 0.2940 bal_loss: 0.2940 bal_acc: 0.93 acc: 0.93
fold=5 label=1_vs_3 | epoch 170 | train loss: 0.2247 bal_acc: 0.96 acc: 0.96 | val loss: 0.2908 bal_loss: 0.2908 bal_acc: 0.90 acc: 0.90
fold=5 label=1_vs_3 | epoch 180 | train loss: 0.1774 bal_acc: 0.98 acc: 0.98 | val loss: 0.2856 bal_loss: 0.2856 bal_acc: 0.90 acc: 0.90
fold=5 label=1_vs_3 | epoch 190 | train loss: 0.2231 bal_acc: 0.95 acc: 0.95 | val loss: 0.2814 bal_loss: 0.2814 bal_acc: 0.90 acc: 0.90
fold=5 label=1_vs_3 | epoch 200 | train loss: 0.1713 bal_acc: 0.97 acc: 0.97 | val loss: 0.2754 bal_loss: 0.2754 bal_acc: 0.90 acc: 0.90

5-fold cross-validation summary
y_0: test bal_loss=0.230 +/- 0.043 | bal_acc=0.909 +/- 0.012 | test acc=0.926 +/- 0.024
y_2: test bal_loss=0.192 +/- 0.033 | bal_acc=0.911 +/- 0.027 | test acc=0.930 +/- 0.032
y_1_vs_3: test bal_loss=0.378 +/- 0.082 | bal_acc=0.850 +/- 0.057 | test acc=0.850 +/- 0.057
Cross-validation CSV: ./checkpoints/sub2_yjkim_nogit/v3_sub2_eegnet_all_days/20260628_160850/cross_validation.csv

Saved to: ./checkpoints/sub2_yjkim_nogit/v3_sub2_eegnet_all_days/20260628_160850
