Training configuration
  config=./configs/train_config_v3.json
  model=eegnet
  patient=sub1_hjlee
  day=260617
  data_dir=./data/processed/sub1_hjlee/260617
  input_file=X_eeg.npy
  checkpoint_root=./checkpoints/sub1_hjlee_nogit/v3_sub1_eegnet_all_days
  epochs=200
  batch_size=16
  lr=3e-05
  weight_decay=0.0001
  patience=50
  seed=42
  val_test_ratio=0.2
  weighted_sampler=True
  run_window_diagnostic=False
  window_size=256
  window_stride=128
  balance_rest_to_target=False
  run_5fold_cross_validation=True
  selection_metric=balanced_loss

Loading X_eeg.npy...
Device: cuda | X: (500, 64, 1000) | run: ./checkpoints/sub1_hjlee_nogit/v3_sub1_eegnet_all_days/20260628_183557
Data split: train=300 val=100 test=100
Original label distribution:
  train: label0=60 label1=60 label2=60 label3=60 label4=60 total=300
  val:   label0=20 label1=20 label2=20 label3=20 label4=20 total=100
  test:  label0=20 label1=20 label2=20 label3=20 label4=20 total=100

=== 5-fold cross-validation ===

--- fold 1/5: train=300 val=100 test=100 ---

fold=1 label=0
Binary label distribution:
  train: class0=60 class1=240 total=300
  val:   class0=20 class1=80 total=100
  test:  class0=20 class1=80 total=100
Original labels in this split:
  train: label0=60 label1=60 label2=60 label3=60 label4=60 total=300
  val:   label0=20 label1=20 label2=20 label3=20 label4=20 total=100
  test:  label0=20 label1=20 label2=20 label3=20 label4=20 total=100
fold=1 label=0 | epoch 001 | train loss: 0.7038 bal_acc: 0.56 acc: 0.55 | val loss: 0.7030 bal_loss: 0.6899 bal_acc: 0.55 acc: 0.46
fold=1 label=0 | epoch 010 | train loss: 0.6882 bal_acc: 0.52 acc: 0.52 | val loss: 0.7019 bal_loss: 0.6951 bal_acc: 0.56 acc: 0.53
fold=1 label=0 | epoch 020 | train loss: 0.6593 bal_acc: 0.61 acc: 0.61 | val loss: 0.7122 bal_loss: 0.7074 bal_acc: 0.52 acc: 0.51
fold=1 label=0 | epoch 030 | train loss: 0.6410 bal_acc: 0.60 acc: 0.61 | val loss: 0.7143 bal_loss: 0.7180 bal_acc: 0.54 acc: 0.54
fold=1 label=0 | epoch 040 | train loss: 0.6092 bal_acc: 0.68 acc: 0.68 | val loss: 0.7033 bal_loss: 0.7171 bal_acc: 0.49 acc: 0.52
fold=1 label=0 | epoch 050 | train loss: 0.5815 bal_acc: 0.70 acc: 0.70 | val loss: 0.6890 bal_loss: 0.7080 bal_acc: 0.54 acc: 0.57

fold=1 label=2
Binary label distribution:
  train: class0=60 class1=240 total=300
  val:   class0=20 class1=80 total=100
  test:  class0=20 class1=80 total=100
Original labels in this split:
  train: label0=60 label1=60 label2=60 label3=60 label4=60 total=300
  val:   label0=20 label1=20 label2=20 label3=20 label4=20 total=100
  test:  label0=20 label1=20 label2=20 label3=20 label4=20 total=100
fold=1 label=2 | epoch 001 | train loss: 0.7404 bal_acc: 0.52 acc: 0.52 | val loss: 0.7026 bal_loss: 0.6920 bal_acc: 0.54 acc: 0.45
fold=1 label=2 | epoch 010 | train loss: 0.6540 bal_acc: 0.64 acc: 0.64 | val loss: 0.6868 bal_loss: 0.6877 bal_acc: 0.61 acc: 0.61
fold=1 label=2 | epoch 020 | train loss: 0.6215 bal_acc: 0.65 acc: 0.65 | val loss: 0.7114 bal_loss: 0.6985 bal_acc: 0.51 acc: 0.57
fold=1 label=2 | epoch 030 | train loss: 0.5798 bal_acc: 0.72 acc: 0.73 | val loss: 0.7440 bal_loss: 0.7212 bal_acc: 0.56 acc: 0.60
fold=1 label=2 | epoch 040 | train loss: 0.5818 bal_acc: 0.73 acc: 0.73 | val loss: 0.7768 bal_loss: 0.7415 bal_acc: 0.55 acc: 0.58
fold=1 label=2 | epoch 050 | train loss: 0.5527 bal_acc: 0.75 acc: 0.75 | val loss: 0.8179 bal_loss: 0.7728 bal_acc: 0.53 acc: 0.55
fold=1 label=2 | epoch 060 | train loss: 0.5328 bal_acc: 0.74 acc: 0.74 | val loss: 0.8144 bal_loss: 0.7762 bal_acc: 0.55 acc: 0.58

fold=1 label=1_vs_3
Binary labels: class0=label1 class1=label3
Binary label distribution:
  train: class0=60 class1=60 total=120
  val:   class0=20 class1=20 total=40
  test:  class0=20 class1=20 total=40
Original labels in this split:
  train: label0=0 label1=60 label2=0 label3=60 label4=0 total=120
  val:   label0=0 label1=20 label2=0 label3=20 label4=0 total=40
  test:  label0=0 label1=20 label2=0 label3=20 label4=0 total=40
fold=1 label=1_vs_3 | epoch 001 | train loss: 0.7187 bal_acc: 0.52 acc: 0.51 | val loss: 0.7159 bal_loss: 0.7159 bal_acc: 0.45 acc: 0.45
fold=1 label=1_vs_3 | epoch 010 | train loss: 0.7431 bal_acc: 0.51 acc: 0.48 | val loss: 0.7231 bal_loss: 0.7231 bal_acc: 0.40 acc: 0.40
fold=1 label=1_vs_3 | epoch 020 | train loss: 0.6466 bal_acc: 0.67 acc: 0.68 | val loss: 0.7344 bal_loss: 0.7344 bal_acc: 0.45 acc: 0.45
fold=1 label=1_vs_3 | epoch 030 | train loss: 0.6121 bal_acc: 0.73 acc: 0.73 | val loss: 0.7486 bal_loss: 0.7486 bal_acc: 0.45 acc: 0.45
fold=1 label=1_vs_3 | epoch 040 | train loss: 0.6476 bal_acc: 0.67 acc: 0.67 | val loss: 0.7594 bal_loss: 0.7594 bal_acc: 0.52 acc: 0.53
fold=1 label=1_vs_3 | epoch 050 | train loss: 0.6265 bal_acc: 0.62 acc: 0.62 | val loss: 0.7411 bal_loss: 0.7411 bal_acc: 0.52 acc: 0.53

--- fold 2/5: train=300 val=100 test=100 ---

fold=2 label=0
Binary label distribution:
  train: class0=60 class1=240 total=300
  val:   class0=20 class1=80 total=100
  test:  class0=20 class1=80 total=100
Original labels in this split:
  train: label0=60 label1=60 label2=60 label3=60 label4=60 total=300
  val:   label0=20 label1=20 label2=20 label3=20 label4=20 total=100
  test:  label0=20 label1=20 label2=20 label3=20 label4=20 total=100
fold=2 label=0 | epoch 001 | train loss: 0.7400 bal_acc: 0.49 acc: 0.49 | val loss: 0.7017 bal_loss: 0.6893 bal_acc: 0.56 acc: 0.48
fold=2 label=0 | epoch 010 | train loss: 0.6876 bal_acc: 0.53 acc: 0.53 | val loss: 0.6862 bal_loss: 0.6864 bal_acc: 0.54 acc: 0.60
fold=2 label=0 | epoch 020 | train loss: 0.6701 bal_acc: 0.58 acc: 0.58 | val loss: 0.6827 bal_loss: 0.6875 bal_acc: 0.54 acc: 0.56
fold=2 label=0 | epoch 030 | train loss: 0.6041 bal_acc: 0.69 acc: 0.69 | val loss: 0.6856 bal_loss: 0.6945 bal_acc: 0.51 acc: 0.54
fold=2 label=0 | epoch 040 | train loss: 0.6095 bal_acc: 0.67 acc: 0.67 | val loss: 0.6748 bal_loss: 0.6957 bal_acc: 0.51 acc: 0.55
fold=2 label=0 | epoch 050 | train loss: 0.5386 bal_acc: 0.74 acc: 0.74 | val loss: 0.6768 bal_loss: 0.7085 bal_acc: 0.52 acc: 0.56
fold=2 label=0 | epoch 060 | train loss: 0.5036 bal_acc: 0.79 acc: 0.78 | val loss: 0.6641 bal_loss: 0.7003 bal_acc: 0.50 acc: 0.56

fold=2 label=2
Binary label distribution:
  train: class0=60 class1=240 total=300
  val:   class0=20 class1=80 total=100
  test:  class0=20 class1=80 total=100
Original labels in this split:
  train: label0=60 label1=60 label2=60 label3=60 label4=60 total=300
  val:   label0=20 label1=20 label2=20 label3=20 label4=20 total=100
  test:  label0=20 label1=20 label2=20 label3=20 label4=20 total=100
fold=2 label=2 | epoch 001 | train loss: 0.7526 bal_acc: 0.49 acc: 0.49 | val loss: 0.6978 bal_loss: 0.6842 bal_acc: 0.55 acc: 0.46
fold=2 label=2 | epoch 010 | train loss: 0.6828 bal_acc: 0.56 acc: 0.55 | val loss: 0.6865 bal_loss: 0.6894 bal_acc: 0.57 acc: 0.61
fold=2 label=2 | epoch 020 | train loss: 0.6278 bal_acc: 0.67 acc: 0.67 | val loss: 0.6924 bal_loss: 0.7078 bal_acc: 0.54 acc: 0.63
fold=2 label=2 | epoch 030 | train loss: 0.6059 bal_acc: 0.65 acc: 0.65 | val loss: 0.6716 bal_loss: 0.7064 bal_acc: 0.54 acc: 0.65
fold=2 label=2 | epoch 040 | train loss: 0.6157 bal_acc: 0.66 acc: 0.66 | val loss: 0.6786 bal_loss: 0.7251 bal_acc: 0.49 acc: 0.61
fold=2 label=2 | epoch 050 | train loss: 0.5565 bal_acc: 0.73 acc: 0.73 | val loss: 0.6660 bal_loss: 0.7257 bal_acc: 0.51 acc: 0.63

fold=2 label=1_vs_3
Binary labels: class0=label1 class1=label3
Binary label distribution:
  train: class0=60 class1=60 total=120
  val:   class0=20 class1=20 total=40
  test:  class0=20 class1=20 total=40
Original labels in this split:
  train: label0=0 label1=60 label2=0 label3=60 label4=0 total=120
  val:   label0=0 label1=20 label2=0 label3=20 label4=0 total=40
  test:  label0=0 label1=20 label2=0 label3=20 label4=0 total=40
fold=2 label=1_vs_3 | epoch 001 | train loss: 0.7081 bal_acc: 0.54 acc: 0.54 | val loss: 0.7097 bal_loss: 0.7097 bal_acc: 0.45 acc: 0.45
fold=2 label=1_vs_3 | epoch 010 | train loss: 0.6788 bal_acc: 0.62 acc: 0.62 | val loss: 0.7112 bal_loss: 0.7112 bal_acc: 0.45 acc: 0.45
fold=2 label=1_vs_3 | epoch 020 | train loss: 0.6883 bal_acc: 0.57 acc: 0.56 | val loss: 0.7103 bal_loss: 0.7103 bal_acc: 0.48 acc: 0.47
fold=2 label=1_vs_3 | epoch 030 | train loss: 0.6246 bal_acc: 0.62 acc: 0.62 | val loss: 0.7092 bal_loss: 0.7092 bal_acc: 0.62 acc: 0.62
fold=2 label=1_vs_3 | epoch 040 | train loss: 0.6291 bal_acc: 0.67 acc: 0.67 | val loss: 0.7045 bal_loss: 0.7045 bal_acc: 0.60 acc: 0.60
fold=2 label=1_vs_3 | epoch 050 | train loss: 0.5942 bal_acc: 0.66 acc: 0.66 | val loss: 0.7013 bal_loss: 0.7013 bal_acc: 0.62 acc: 0.62
fold=2 label=1_vs_3 | epoch 060 | train loss: 0.6217 bal_acc: 0.60 acc: 0.60 | val loss: 0.6956 bal_loss: 0.6956 bal_acc: 0.65 acc: 0.65
fold=2 label=1_vs_3 | epoch 070 | train loss: 0.6010 bal_acc: 0.68 acc: 0.68 | val loss: 0.6927 bal_loss: 0.6927 bal_acc: 0.65 acc: 0.65
fold=2 label=1_vs_3 | epoch 080 | train loss: 0.5887 bal_acc: 0.73 acc: 0.73 | val loss: 0.6970 bal_loss: 0.6970 bal_acc: 0.65 acc: 0.65
fold=2 label=1_vs_3 | epoch 090 | train loss: 0.5597 bal_acc: 0.71 acc: 0.71 | val loss: 0.6888 bal_loss: 0.6888 bal_acc: 0.68 acc: 0.68
fold=2 label=1_vs_3 | epoch 100 | train loss: 0.5592 bal_acc: 0.68 acc: 0.68 | val loss: 0.6813 bal_loss: 0.6813 bal_acc: 0.73 acc: 0.72
fold=2 label=1_vs_3 | epoch 110 | train loss: 0.5461 bal_acc: 0.71 acc: 0.72 | val loss: 0.6778 bal_loss: 0.6778 bal_acc: 0.73 acc: 0.72
fold=2 label=1_vs_3 | epoch 120 | train loss: 0.5190 bal_acc: 0.79 acc: 0.79 | val loss: 0.6769 bal_loss: 0.6769 bal_acc: 0.73 acc: 0.72
fold=2 label=1_vs_3 | epoch 130 | train loss: 0.5351 bal_acc: 0.75 acc: 0.75 | val loss: 0.6827 bal_loss: 0.6827 bal_acc: 0.73 acc: 0.72
fold=2 label=1_vs_3 | epoch 140 | train loss: 0.4979 bal_acc: 0.77 acc: 0.77 | val loss: 0.6870 bal_loss: 0.6870 bal_acc: 0.73 acc: 0.72
fold=2 label=1_vs_3 | epoch 150 | train loss: 0.4529 bal_acc: 0.85 acc: 0.85 | val loss: 0.6945 bal_loss: 0.6945 bal_acc: 0.73 acc: 0.72
fold=2 label=1_vs_3 | epoch 160 | train loss: 0.4858 bal_acc: 0.81 acc: 0.81 | val loss: 0.7066 bal_loss: 0.7066 bal_acc: 0.70 acc: 0.70
fold=2 label=1_vs_3 | epoch 170 | train loss: 0.4367 bal_acc: 0.86 acc: 0.86 | val loss: 0.7000 bal_loss: 0.7000 bal_acc: 0.70 acc: 0.70

--- fold 3/5: train=300 val=100 test=100 ---

fold=3 label=0
Binary label distribution:
  train: class0=60 class1=240 total=300
  val:   class0=20 class1=80 total=100
  test:  class0=20 class1=80 total=100
Original labels in this split:
  train: label0=60 label1=60 label2=60 label3=60 label4=60 total=300
  val:   label0=20 label1=20 label2=20 label3=20 label4=20 total=100
  test:  label0=20 label1=20 label2=20 label3=20 label4=20 total=100
fold=3 label=0 | epoch 001 | train loss: 0.7803 bal_acc: 0.40 acc: 0.41 | val loss: 0.7099 bal_loss: 0.6982 bal_acc: 0.51 acc: 0.42
fold=3 label=0 | epoch 010 | train loss: 0.6786 bal_acc: 0.55 acc: 0.55 | val loss: 0.7089 bal_loss: 0.7099 bal_acc: 0.42 acc: 0.46
fold=3 label=0 | epoch 020 | train loss: 0.6648 bal_acc: 0.55 acc: 0.55 | val loss: 0.7175 bal_loss: 0.7142 bal_acc: 0.44 acc: 0.47
fold=3 label=0 | epoch 030 | train loss: 0.6475 bal_acc: 0.62 acc: 0.62 | val loss: 0.7106 bal_loss: 0.7017 bal_acc: 0.52 acc: 0.51
fold=3 label=0 | epoch 040 | train loss: 0.6089 bal_acc: 0.67 acc: 0.66 | val loss: 0.6976 bal_loss: 0.6914 bal_acc: 0.52 acc: 0.53
fold=3 label=0 | epoch 050 | train loss: 0.5794 bal_acc: 0.68 acc: 0.69 | val loss: 0.6999 bal_loss: 0.6793 bal_acc: 0.56 acc: 0.54
fold=3 label=0 | epoch 060 | train loss: 0.5633 bal_acc: 0.71 acc: 0.71 | val loss: 0.6816 bal_loss: 0.6761 bal_acc: 0.56 acc: 0.57
fold=3 label=0 | epoch 070 | train loss: 0.5194 bal_acc: 0.76 acc: 0.75 | val loss: 0.6706 bal_loss: 0.6657 bal_acc: 0.59 acc: 0.59
fold=3 label=0 | epoch 080 | train loss: 0.5007 bal_acc: 0.81 acc: 0.82 | val loss: 0.6570 bal_loss: 0.6555 bal_acc: 0.67 acc: 0.65
fold=3 label=0 | epoch 090 | train loss: 0.5052 bal_acc: 0.77 acc: 0.77 | val loss: 0.6398 bal_loss: 0.6549 bal_acc: 0.63 acc: 0.62
fold=3 label=0 | epoch 100 | train loss: 0.4761 bal_acc: 0.81 acc: 0.81 | val loss: 0.6297 bal_loss: 0.6524 bal_acc: 0.59 acc: 0.61
fold=3 label=0 | epoch 110 | train loss: 0.4433 bal_acc: 0.82 acc: 0.82 | val loss: 0.6201 bal_loss: 0.6486 bal_acc: 0.64 acc: 0.63
fold=3 label=0 | epoch 120 | train loss: 0.4379 bal_acc: 0.86 acc: 0.86 | val loss: 0.6122 bal_loss: 0.6376 bal_acc: 0.65 acc: 0.65
fold=3 label=0 | epoch 130 | train loss: 0.4077 bal_acc: 0.86 acc: 0.86 | val loss: 0.6083 bal_loss: 0.6569 bal_acc: 0.66 acc: 0.66
fold=3 label=0 | epoch 140 | train loss: 0.3705 bal_acc: 0.87 acc: 0.87 | val loss: 0.6096 bal_loss: 0.6541 bal_acc: 0.62 acc: 0.64
fold=3 label=0 | epoch 150 | train loss: 0.3990 bal_acc: 0.85 acc: 0.85 | val loss: 0.6040 bal_loss: 0.6655 bal_acc: 0.66 acc: 0.66
fold=3 label=0 | epoch 160 | train loss: 0.3726 bal_acc: 0.86 acc: 0.86 | val loss: 0.6123 bal_loss: 0.6490 bal_acc: 0.63 acc: 0.65

fold=3 label=2
Binary label distribution:
  train: class0=60 class1=240 total=300
  val:   class0=20 class1=80 total=100
  test:  class0=20 class1=80 total=100
Original labels in this split:
  train: label0=60 label1=60 label2=60 label3=60 label4=60 total=300
  val:   label0=20 label1=20 label2=20 label3=20 label4=20 total=100
  test:  label0=20 label1=20 label2=20 label3=20 label4=20 total=100
fold=3 label=2 | epoch 001 | train loss: 0.7080 bal_acc: 0.55 acc: 0.55 | val loss: 0.7126 bal_loss: 0.7028 bal_acc: 0.44 acc: 0.38
fold=3 label=2 | epoch 010 | train loss: 0.6869 bal_acc: 0.54 acc: 0.54 | val loss: 0.6980 bal_loss: 0.7076 bal_acc: 0.49 acc: 0.55
fold=3 label=2 | epoch 020 | train loss: 0.6479 bal_acc: 0.63 acc: 0.63 | val loss: 0.6800 bal_loss: 0.7112 bal_acc: 0.49 acc: 0.58
fold=3 label=2 | epoch 030 | train loss: 0.6112 bal_acc: 0.65 acc: 0.65 | val loss: 0.6629 bal_loss: 0.7139 bal_acc: 0.46 acc: 0.58
fold=3 label=2 | epoch 040 | train loss: 0.6099 bal_acc: 0.67 acc: 0.68 | val loss: 0.6506 bal_loss: 0.7165 bal_acc: 0.47 acc: 0.60
fold=3 label=2 | epoch 050 | train loss: 0.5810 bal_acc: 0.72 acc: 0.72 | val loss: 0.6422 bal_loss: 0.7207 bal_acc: 0.49 acc: 0.63

fold=3 label=1_vs_3
Binary labels: class0=label1 class1=label3
Binary label distribution:
  train: class0=60 class1=60 total=120
  val:   class0=20 class1=20 total=40
  test:  class0=20 class1=20 total=40
Original labels in this split:
  train: label0=0 label1=60 label2=0 label3=60 label4=0 total=120
  val:   label0=0 label1=20 label2=0 label3=20 label4=0 total=40
  test:  label0=0 label1=20 label2=0 label3=20 label4=0 total=40
fold=3 label=1_vs_3 | epoch 001 | train loss: 0.8161 bal_acc: 0.39 acc: 0.39 | val loss: 0.6959 bal_loss: 0.6959 bal_acc: 0.52 acc: 0.53
fold=3 label=1_vs_3 | epoch 010 | train loss: 0.7145 bal_acc: 0.53 acc: 0.52 | val loss: 0.6916 bal_loss: 0.6916 bal_acc: 0.50 acc: 0.50
fold=3 label=1_vs_3 | epoch 020 | train loss: 0.6212 bal_acc: 0.67 acc: 0.67 | val loss: 0.6844 bal_loss: 0.6844 bal_acc: 0.58 acc: 0.57
fold=3 label=1_vs_3 | epoch 030 | train loss: 0.6250 bal_acc: 0.60 acc: 0.60 | val loss: 0.6744 bal_loss: 0.6744 bal_acc: 0.58 acc: 0.57
fold=3 label=1_vs_3 | epoch 040 | train loss: 0.6339 bal_acc: 0.66 acc: 0.66 | val loss: 0.6631 bal_loss: 0.6631 bal_acc: 0.60 acc: 0.60
fold=3 label=1_vs_3 | epoch 050 | train loss: 0.6074 bal_acc: 0.62 acc: 0.62 | val loss: 0.6599 bal_loss: 0.6599 bal_acc: 0.62 acc: 0.62
fold=3 label=1_vs_3 | epoch 060 | train loss: 0.5825 bal_acc: 0.68 acc: 0.68 | val loss: 0.6589 bal_loss: 0.6589 bal_acc: 0.62 acc: 0.62
fold=3 label=1_vs_3 | epoch 070 | train loss: 0.5726 bal_acc: 0.73 acc: 0.73 | val loss: 0.6587 bal_loss: 0.6587 bal_acc: 0.62 acc: 0.62
fold=3 label=1_vs_3 | epoch 080 | train loss: 0.5877 bal_acc: 0.70 acc: 0.70 | val loss: 0.6609 bal_loss: 0.6609 bal_acc: 0.60 acc: 0.60
fold=3 label=1_vs_3 | epoch 090 | train loss: 0.5150 bal_acc: 0.76 acc: 0.76 | val loss: 0.6547 bal_loss: 0.6547 bal_acc: 0.62 acc: 0.62
fold=3 label=1_vs_3 | epoch 100 | train loss: 0.4947 bal_acc: 0.79 acc: 0.79 | val loss: 0.6582 bal_loss: 0.6582 bal_acc: 0.62 acc: 0.62
fold=3 label=1_vs_3 | epoch 110 | train loss: 0.4939 bal_acc: 0.77 acc: 0.77 | val loss: 0.6565 bal_loss: 0.6565 bal_acc: 0.65 acc: 0.65
fold=3 label=1_vs_3 | epoch 120 | train loss: 0.4711 bal_acc: 0.73 acc: 0.73 | val loss: 0.6532 bal_loss: 0.6532 bal_acc: 0.65 acc: 0.65
fold=3 label=1_vs_3 | epoch 130 | train loss: 0.4790 bal_acc: 0.81 acc: 0.81 | val loss: 0.6526 bal_loss: 0.6526 bal_acc: 0.60 acc: 0.60
fold=3 label=1_vs_3 | epoch 140 | train loss: 0.4129 bal_acc: 0.86 acc: 0.86 | val loss: 0.6555 bal_loss: 0.6555 bal_acc: 0.60 acc: 0.60
fold=3 label=1_vs_3 | epoch 150 | train loss: 0.4813 bal_acc: 0.75 acc: 0.75 | val loss: 0.6541 bal_loss: 0.6541 bal_acc: 0.62 acc: 0.62
fold=3 label=1_vs_3 | epoch 160 | train loss: 0.3903 bal_acc: 0.85 acc: 0.85 | val loss: 0.6470 bal_loss: 0.6470 bal_acc: 0.65 acc: 0.65
fold=3 label=1_vs_3 | epoch 170 | train loss: 0.4168 bal_acc: 0.85 acc: 0.84 | val loss: 0.6520 bal_loss: 0.6520 bal_acc: 0.60 acc: 0.60
fold=3 label=1_vs_3 | epoch 180 | train loss: 0.4116 bal_acc: 0.82 acc: 0.82 | val loss: 0.6515 bal_loss: 0.6515 bal_acc: 0.60 acc: 0.60
fold=3 label=1_vs_3 | epoch 190 | train loss: 0.3478 bal_acc: 0.89 acc: 0.89 | val loss: 0.6594 bal_loss: 0.6594 bal_acc: 0.60 acc: 0.60
fold=3 label=1_vs_3 | epoch 200 | train loss: 0.4314 bal_acc: 0.84 acc: 0.84 | val loss: 0.6643 bal_loss: 0.6643 bal_acc: 0.60 acc: 0.60

--- fold 4/5: train=300 val=100 test=100 ---

fold=4 label=0
Binary label distribution:
  train: class0=60 class1=240 total=300
  val:   class0=20 class1=80 total=100
  test:  class0=20 class1=80 total=100
Original labels in this split:
  train: label0=60 label1=60 label2=60 label3=60 label4=60 total=300
  val:   label0=20 label1=20 label2=20 label3=20 label4=20 total=100
  test:  label0=20 label1=20 label2=20 label3=20 label4=20 total=100
fold=4 label=0 | epoch 001 | train loss: 0.7258 bal_acc: 0.52 acc: 0.52 | val loss: 0.7077 bal_loss: 0.7004 bal_acc: 0.46 acc: 0.41
fold=4 label=0 | epoch 010 | train loss: 0.6727 bal_acc: 0.58 acc: 0.57 | val loss: 0.6937 bal_loss: 0.7104 bal_acc: 0.48 acc: 0.55
fold=4 label=0 | epoch 020 | train loss: 0.6224 bal_acc: 0.66 acc: 0.66 | val loss: 0.7030 bal_loss: 0.7293 bal_acc: 0.41 acc: 0.48
fold=4 label=0 | epoch 030 | train loss: 0.6002 bal_acc: 0.68 acc: 0.68 | val loss: 0.7119 bal_loss: 0.7467 bal_acc: 0.41 acc: 0.45
fold=4 label=0 | epoch 040 | train loss: 0.5926 bal_acc: 0.68 acc: 0.68 | val loss: 0.7052 bal_loss: 0.7538 bal_acc: 0.42 acc: 0.49
fold=4 label=0 | epoch 050 | train loss: 0.5595 bal_acc: 0.72 acc: 0.73 | val loss: 0.6995 bal_loss: 0.7659 bal_acc: 0.41 acc: 0.50

fold=4 label=2
Binary label distribution:
  train: class0=60 class1=240 total=300
  val:   class0=20 class1=80 total=100
  test:  class0=20 class1=80 total=100
Original labels in this split:
  train: label0=60 label1=60 label2=60 label3=60 label4=60 total=300
  val:   label0=20 label1=20 label2=20 label3=20 label4=20 total=100
  test:  label0=20 label1=20 label2=20 label3=20 label4=20 total=100
fold=4 label=2 | epoch 001 | train loss: 0.7612 bal_acc: 0.49 acc: 0.49 | val loss: 0.7019 bal_loss: 0.6930 bal_acc: 0.52 acc: 0.45
fold=4 label=2 | epoch 010 | train loss: 0.7043 bal_acc: 0.53 acc: 0.52 | val loss: 0.6807 bal_loss: 0.6790 bal_acc: 0.56 acc: 0.57
fold=4 label=2 | epoch 020 | train loss: 0.6317 bal_acc: 0.68 acc: 0.68 | val loss: 0.6638 bal_loss: 0.6679 bal_acc: 0.52 acc: 0.57
fold=4 label=2 | epoch 030 | train loss: 0.6298 bal_acc: 0.65 acc: 0.65 | val loss: 0.6698 bal_loss: 0.6760 bal_acc: 0.58 acc: 0.63
fold=4 label=2 | epoch 040 | train loss: 0.6014 bal_acc: 0.68 acc: 0.68 | val loss: 0.6882 bal_loss: 0.6942 bal_acc: 0.62 acc: 0.64
fold=4 label=2 | epoch 050 | train loss: 0.5434 bal_acc: 0.72 acc: 0.72 | val loss: 0.7029 bal_loss: 0.7078 bal_acc: 0.58 acc: 0.63
fold=4 label=2 | epoch 060 | train loss: 0.5429 bal_acc: 0.77 acc: 0.77 | val loss: 0.7269 bal_loss: 0.7307 bal_acc: 0.56 acc: 0.60

fold=4 label=1_vs_3
Binary labels: class0=label1 class1=label3
Binary label distribution:
  train: class0=60 class1=60 total=120
  val:   class0=20 class1=20 total=40
  test:  class0=20 class1=20 total=40
Original labels in this split:
  train: label0=0 label1=60 label2=0 label3=60 label4=0 total=120
  val:   label0=0 label1=20 label2=0 label3=20 label4=0 total=40
  test:  label0=0 label1=20 label2=0 label3=20 label4=0 total=40
fold=4 label=1_vs_3 | epoch 001 | train loss: 0.7732 bal_acc: 0.49 acc: 0.49 | val loss: 0.6812 bal_loss: 0.6812 bal_acc: 0.70 acc: 0.70
fold=4 label=1_vs_3 | epoch 010 | train loss: 0.7346 bal_acc: 0.47 acc: 0.48 | val loss: 0.6921 bal_loss: 0.6921 bal_acc: 0.55 acc: 0.55
fold=4 label=1_vs_3 | epoch 020 | train loss: 0.6896 bal_acc: 0.56 acc: 0.56 | val loss: 0.7109 bal_loss: 0.7109 bal_acc: 0.45 acc: 0.45
fold=4 label=1_vs_3 | epoch 030 | train loss: 0.6393 bal_acc: 0.64 acc: 0.64 | val loss: 0.7422 bal_loss: 0.7422 bal_acc: 0.40 acc: 0.40
fold=4 label=1_vs_3 | epoch 040 | train loss: 0.6079 bal_acc: 0.68 acc: 0.68 | val loss: 0.7732 bal_loss: 0.7732 bal_acc: 0.35 acc: 0.35
fold=4 label=1_vs_3 | epoch 050 | train loss: 0.6110 bal_acc: 0.66 acc: 0.67 | val loss: 0.7959 bal_loss: 0.7959 bal_acc: 0.40 acc: 0.40

--- fold 5/5: train=300 val=100 test=100 ---

fold=5 label=0
Binary label distribution:
  train: class0=60 class1=240 total=300
  val:   class0=20 class1=80 total=100
  test:  class0=20 class1=80 total=100
Original labels in this split:
  train: label0=60 label1=60 label2=60 label3=60 label4=60 total=300
  val:   label0=20 label1=20 label2=20 label3=20 label4=20 total=100
  test:  label0=20 label1=20 label2=20 label3=20 label4=20 total=100
fold=5 label=0 | epoch 001 | train loss: 0.7197 bal_acc: 0.48 acc: 0.47 | val loss: 0.7059 bal_loss: 0.6996 bal_acc: 0.48 acc: 0.47
fold=5 label=0 | epoch 010 | train loss: 0.6699 bal_acc: 0.58 acc: 0.58 | val loss: 0.6928 bal_loss: 0.7037 bal_acc: 0.45 acc: 0.54
fold=5 label=0 | epoch 020 | train loss: 0.6291 bal_acc: 0.63 acc: 0.63 | val loss: 0.7008 bal_loss: 0.7148 bal_acc: 0.45 acc: 0.51
fold=5 label=0 | epoch 030 | train loss: 0.6293 bal_acc: 0.64 acc: 0.64 | val loss: 0.7136 bal_loss: 0.7243 bal_acc: 0.52 acc: 0.53
fold=5 label=0 | epoch 040 | train loss: 0.5574 bal_acc: 0.73 acc: 0.73 | val loss: 0.6959 bal_loss: 0.7278 bal_acc: 0.51 acc: 0.54
fold=5 label=0 | epoch 050 | train loss: 0.5343 bal_acc: 0.77 acc: 0.77 | val loss: 0.6963 bal_loss: 0.7411 bal_acc: 0.50 acc: 0.53

fold=5 label=2
Binary label distribution:
  train: class0=60 class1=240 total=300
  val:   class0=20 class1=80 total=100
  test:  class0=20 class1=80 total=100
Original labels in this split:
  train: label0=60 label1=60 label2=60 label3=60 label4=60 total=300
  val:   label0=20 label1=20 label2=20 label3=20 label4=20 total=100
  test:  label0=20 label1=20 label2=20 label3=20 label4=20 total=100
fold=5 label=2 | epoch 001 | train loss: 0.7489 bal_acc: 0.51 acc: 0.50 | val loss: 0.7036 bal_loss: 0.6978 bal_acc: 0.44 acc: 0.43
fold=5 label=2 | epoch 010 | train loss: 0.6896 bal_acc: 0.59 acc: 0.59 | val loss: 0.6818 bal_loss: 0.7013 bal_acc: 0.47 acc: 0.61
fold=5 label=2 | epoch 020 | train loss: 0.6368 bal_acc: 0.63 acc: 0.63 | val loss: 0.6766 bal_loss: 0.7215 bal_acc: 0.44 acc: 0.59
fold=5 label=2 | epoch 030 | train loss: 0.5944 bal_acc: 0.69 acc: 0.69 | val loss: 0.6849 bal_loss: 0.7486 bal_acc: 0.44 acc: 0.58
fold=5 label=2 | epoch 040 | train loss: 0.5909 bal_acc: 0.71 acc: 0.71 | val loss: 0.6688 bal_loss: 0.7448 bal_acc: 0.47 acc: 0.61
fold=5 label=2 | epoch 050 | train loss: 0.5822 bal_acc: 0.73 acc: 0.73 | val loss: 0.6569 bal_loss: 0.7513 bal_acc: 0.47 acc: 0.61

fold=5 label=1_vs_3
Binary labels: class0=label1 class1=label3
Binary label distribution:
  train: class0=60 class1=60 total=120
  val:   class0=20 class1=20 total=40
  test:  class0=20 class1=20 total=40
Original labels in this split:
  train: label0=0 label1=60 label2=0 label3=60 label4=0 total=120
  val:   label0=0 label1=20 label2=0 label3=20 label4=0 total=40
  test:  label0=0 label1=20 label2=0 label3=20 label4=0 total=40
fold=5 label=1_vs_3 | epoch 001 | train loss: 0.7357 bal_acc: 0.49 acc: 0.48 | val loss: 0.7145 bal_loss: 0.7145 bal_acc: 0.47 acc: 0.47
fold=5 label=1_vs_3 | epoch 010 | train loss: 0.7312 bal_acc: 0.53 acc: 0.52 | val loss: 0.7170 bal_loss: 0.7170 bal_acc: 0.38 acc: 0.38
fold=5 label=1_vs_3 | epoch 020 | train loss: 0.7059 bal_acc: 0.55 acc: 0.56 | val loss: 0.7220 bal_loss: 0.7220 bal_acc: 0.38 acc: 0.38
fold=5 label=1_vs_3 | epoch 030 | train loss: 0.6696 bal_acc: 0.62 acc: 0.62 | val loss: 0.7282 bal_loss: 0.7282 bal_acc: 0.43 acc: 0.42
fold=5 label=1_vs_3 | epoch 040 | train loss: 0.6331 bal_acc: 0.62 acc: 0.62 | val loss: 0.7246 bal_loss: 0.7246 bal_acc: 0.48 acc: 0.47
fold=5 label=1_vs_3 | epoch 050 | train loss: 0.6319 bal_acc: 0.66 acc: 0.66 | val loss: 0.7171 bal_loss: 0.7171 bal_acc: 0.50 acc: 0.50

5-fold cross-validation summary
y_0: test bal_loss=0.702 +/- 0.008 | bal_acc=0.506 +/- 0.044 | test acc=0.504 +/- 0.085
y_2: test bal_loss=0.695 +/- 0.014 | bal_acc=0.495 +/- 0.067 | test acc=0.528 +/- 0.047
y_1_vs_3: test bal_loss=0.719 +/- 0.073 | bal_acc=0.490 +/- 0.101 | test acc=0.490 +/- 0.101
Cross-validation CSV: ./checkpoints/sub1_hjlee_nogit/v3_sub1_eegnet_all_days/20260628_183557/cross_validation.csv

Saved to: ./checkpoints/sub1_hjlee_nogit/v3_sub1_eegnet_all_days/20260628_183557
