Training configuration
  config=./configs/train_config_v3.json
  model=shallownet
  patient=sub1_hjlee
  day=260506
  data_dir=./data/processed/sub1_hjlee/260506
  input_file=X_eeg.npy
  checkpoint_root=./checkpoints/sub1_hjlee_nogit/v3_sub1_shallownet_all_days
  epochs=200
  batch_size=16
  lr=3e-05
  weight_decay=0.0001
  patience=50
  seed=42
  val_test_ratio=0.2
  weighted_sampler=True
  run_window_diagnostic=False
  window_size=256
  window_stride=128
  balance_rest_to_target=False
  run_5fold_cross_validation=True
  selection_metric=balanced_loss

Loading X_eeg.npy...
Device: cuda | X: (500, 64, 1000) | run: ./checkpoints/sub1_hjlee_nogit/v3_sub1_shallownet_all_days/20260628_175817
Data split: train=300 val=100 test=100
Original label distribution:
  train: label0=60 label1=60 label2=60 label3=60 label4=60 total=300
  val:   label0=20 label1=20 label2=20 label3=20 label4=20 total=100
  test:  label0=20 label1=20 label2=20 label3=20 label4=20 total=100

=== 5-fold cross-validation ===

--- fold 1/5: train=300 val=100 test=100 ---

fold=1 label=0
Binary label distribution:
  train: class0=60 class1=240 total=300
  val:   class0=20 class1=80 total=100
  test:  class0=20 class1=80 total=100
Original labels in this split:
  train: label0=60 label1=60 label2=60 label3=60 label4=60 total=300
  val:   label0=20 label1=20 label2=20 label3=20 label4=20 total=100
  test:  label0=20 label1=20 label2=20 label3=20 label4=20 total=100
fold=1 label=0 | epoch 001 | train loss: 1.4078 bal_acc: 0.53 acc: 0.53 | val loss: 1.0496 bal_loss: 0.9904 bal_acc: 0.49 acc: 0.46
fold=1 label=0 | epoch 010 | train loss: 0.9909 bal_acc: 0.61 acc: 0.61 | val loss: 0.8133 bal_loss: 0.9884 bal_acc: 0.54 acc: 0.60
fold=1 label=0 | epoch 020 | train loss: 0.7722 bal_acc: 0.67 acc: 0.66 | val loss: 0.7679 bal_loss: 1.1106 bal_acc: 0.57 acc: 0.67
fold=1 label=0 | epoch 030 | train loss: 0.5032 bal_acc: 0.77 acc: 0.78 | val loss: 0.7590 bal_loss: 1.1099 bal_acc: 0.55 acc: 0.64
fold=1 label=0 | epoch 040 | train loss: 0.4392 bal_acc: 0.84 acc: 0.84 | val loss: 0.7651 bal_loss: 1.0496 bal_acc: 0.54 acc: 0.63
fold=1 label=0 | epoch 050 | train loss: 0.3604 bal_acc: 0.84 acc: 0.84 | val loss: 0.6782 bal_loss: 1.0665 bal_acc: 0.51 acc: 0.69
fold=1 label=0 | epoch 060 | train loss: 0.3621 bal_acc: 0.86 acc: 0.86 | val loss: 0.6860 bal_loss: 1.0730 bal_acc: 0.50 acc: 0.68

fold=1 label=2
Binary label distribution:
  train: class0=60 class1=240 total=300
  val:   class0=20 class1=80 total=100
  test:  class0=20 class1=80 total=100
Original labels in this split:
  train: label0=60 label1=60 label2=60 label3=60 label4=60 total=300
  val:   label0=20 label1=20 label2=20 label3=20 label4=20 total=100
  test:  label0=20 label1=20 label2=20 label3=20 label4=20 total=100
fold=1 label=2 | epoch 001 | train loss: 1.4149 bal_acc: 0.51 acc: 0.51 | val loss: 0.8483 bal_loss: 1.0234 bal_acc: 0.39 acc: 0.51
fold=1 label=2 | epoch 010 | train loss: 0.8043 bal_acc: 0.66 acc: 0.66 | val loss: 0.7296 bal_loss: 0.9654 bal_acc: 0.53 acc: 0.64
fold=1 label=2 | epoch 020 | train loss: 0.5899 bal_acc: 0.75 acc: 0.75 | val loss: 0.8364 bal_loss: 1.1093 bal_acc: 0.45 acc: 0.57
fold=1 label=2 | epoch 030 | train loss: 0.4312 bal_acc: 0.81 acc: 0.80 | val loss: 0.9119 bal_loss: 1.1971 bal_acc: 0.48 acc: 0.56
fold=1 label=2 | epoch 040 | train loss: 0.3197 bal_acc: 0.85 acc: 0.86 | val loss: 0.8392 bal_loss: 1.2531 bal_acc: 0.52 acc: 0.63
fold=1 label=2 | epoch 050 | train loss: 0.2757 bal_acc: 0.89 acc: 0.89 | val loss: 0.7800 bal_loss: 1.2675 bal_acc: 0.52 acc: 0.68

fold=1 label=1_vs_3
Binary labels: class0=label1 class1=label3
Binary label distribution:
  train: class0=60 class1=60 total=120
  val:   class0=20 class1=20 total=40
  test:  class0=20 class1=20 total=40
Original labels in this split:
  train: label0=0 label1=60 label2=0 label3=60 label4=0 total=120
  val:   label0=0 label1=20 label2=0 label3=20 label4=0 total=40
  test:  label0=0 label1=20 label2=0 label3=20 label4=0 total=40
fold=1 label=1_vs_3 | epoch 001 | train loss: 1.3204 bal_acc: 0.53 acc: 0.53 | val loss: 1.0639 bal_loss: 1.0639 bal_acc: 0.55 acc: 0.55
fold=1 label=1_vs_3 | epoch 010 | train loss: 0.7287 bal_acc: 0.69 acc: 0.69 | val loss: 0.8520 bal_loss: 0.8520 bal_acc: 0.60 acc: 0.60
fold=1 label=1_vs_3 | epoch 020 | train loss: 0.4865 bal_acc: 0.76 acc: 0.77 | val loss: 0.7192 bal_loss: 0.7192 bal_acc: 0.60 acc: 0.60
fold=1 label=1_vs_3 | epoch 030 | train loss: 0.5026 bal_acc: 0.77 acc: 0.77 | val loss: 0.7604 bal_loss: 0.7604 bal_acc: 0.68 acc: 0.68
fold=1 label=1_vs_3 | epoch 040 | train loss: 0.3722 bal_acc: 0.85 acc: 0.84 | val loss: 0.6960 bal_loss: 0.6960 bal_acc: 0.68 acc: 0.68
fold=1 label=1_vs_3 | epoch 050 | train loss: 0.3478 bal_acc: 0.86 acc: 0.86 | val loss: 0.7559 bal_loss: 0.7559 bal_acc: 0.65 acc: 0.65
fold=1 label=1_vs_3 | epoch 060 | train loss: 0.3191 bal_acc: 0.86 acc: 0.86 | val loss: 0.8480 bal_loss: 0.8480 bal_acc: 0.57 acc: 0.57
fold=1 label=1_vs_3 | epoch 070 | train loss: 0.2716 bal_acc: 0.89 acc: 0.89 | val loss: 0.8347 bal_loss: 0.8347 bal_acc: 0.62 acc: 0.62
fold=1 label=1_vs_3 | epoch 080 | train loss: 0.2097 bal_acc: 0.92 acc: 0.92 | val loss: 0.8177 bal_loss: 0.8177 bal_acc: 0.60 acc: 0.60

--- fold 2/5: train=300 val=100 test=100 ---

fold=2 label=0
Binary label distribution:
  train: class0=60 class1=240 total=300
  val:   class0=20 class1=80 total=100
  test:  class0=20 class1=80 total=100
Original labels in this split:
  train: label0=60 label1=60 label2=60 label3=60 label4=60 total=300
  val:   label0=20 label1=20 label2=20 label3=20 label4=20 total=100
  test:  label0=20 label1=20 label2=20 label3=20 label4=20 total=100
fold=2 label=0 | epoch 001 | train loss: 1.4692 bal_acc: 0.50 acc: 0.50 | val loss: 1.1479 bal_loss: 1.0069 bal_acc: 0.51 acc: 0.42
fold=2 label=0 | epoch 010 | train loss: 0.9233 bal_acc: 0.64 acc: 0.64 | val loss: 0.7538 bal_loss: 0.8921 bal_acc: 0.57 acc: 0.64
fold=2 label=0 | epoch 020 | train loss: 0.6803 bal_acc: 0.71 acc: 0.71 | val loss: 0.6502 bal_loss: 0.9394 bal_acc: 0.51 acc: 0.67
fold=2 label=0 | epoch 030 | train loss: 0.4632 bal_acc: 0.81 acc: 0.81 | val loss: 0.6612 bal_loss: 0.9661 bal_acc: 0.54 acc: 0.69
fold=2 label=0 | epoch 040 | train loss: 0.3430 bal_acc: 0.85 acc: 0.84 | val loss: 0.6887 bal_loss: 0.8691 bal_acc: 0.54 acc: 0.65
fold=2 label=0 | epoch 050 | train loss: 0.3406 bal_acc: 0.86 acc: 0.86 | val loss: 0.6989 bal_loss: 0.8588 bal_acc: 0.49 acc: 0.61
fold=2 label=0 | epoch 060 | train loss: 0.2538 bal_acc: 0.90 acc: 0.90 | val loss: 0.7337 bal_loss: 0.9683 bal_acc: 0.53 acc: 0.64
fold=2 label=0 | epoch 070 | train loss: 0.2029 bal_acc: 0.92 acc: 0.92 | val loss: 0.7369 bal_loss: 1.0326 bal_acc: 0.54 acc: 0.69
fold=2 label=0 | epoch 080 | train loss: 0.1711 bal_acc: 0.93 acc: 0.93 | val loss: 0.7462 bal_loss: 0.9997 bal_acc: 0.49 acc: 0.64

fold=2 label=2
Binary label distribution:
  train: class0=60 class1=240 total=300
  val:   class0=20 class1=80 total=100
  test:  class0=20 class1=80 total=100
Original labels in this split:
  train: label0=60 label1=60 label2=60 label3=60 label4=60 total=300
  val:   label0=20 label1=20 label2=20 label3=20 label4=20 total=100
  test:  label0=20 label1=20 label2=20 label3=20 label4=20 total=100
fold=2 label=2 | epoch 001 | train loss: 1.4794 bal_acc: 0.51 acc: 0.50 | val loss: 1.0265 bal_loss: 1.0281 bal_acc: 0.46 acc: 0.46
fold=2 label=2 | epoch 010 | train loss: 0.6630 bal_acc: 0.72 acc: 0.73 | val loss: 0.8425 bal_loss: 1.2005 bal_acc: 0.42 acc: 0.56
fold=2 label=2 | epoch 020 | train loss: 0.7051 bal_acc: 0.69 acc: 0.69 | val loss: 0.8717 bal_loss: 1.2219 bal_acc: 0.39 acc: 0.57
fold=2 label=2 | epoch 030 | train loss: 0.4206 bal_acc: 0.81 acc: 0.81 | val loss: 0.8626 bal_loss: 1.2562 bal_acc: 0.43 acc: 0.59
fold=2 label=2 | epoch 040 | train loss: 0.4332 bal_acc: 0.84 acc: 0.84 | val loss: 0.7741 bal_loss: 1.1871 bal_acc: 0.43 acc: 0.59
fold=2 label=2 | epoch 050 | train loss: 0.3464 bal_acc: 0.85 acc: 0.85 | val loss: 0.7846 bal_loss: 1.2389 bal_acc: 0.39 acc: 0.57

fold=2 label=1_vs_3
Binary labels: class0=label1 class1=label3
Binary label distribution:
  train: class0=60 class1=60 total=120
  val:   class0=20 class1=20 total=40
  test:  class0=20 class1=20 total=40
Original labels in this split:
  train: label0=0 label1=60 label2=0 label3=60 label4=0 total=120
  val:   label0=0 label1=20 label2=0 label3=20 label4=0 total=40
  test:  label0=0 label1=20 label2=0 label3=20 label4=0 total=40
fold=2 label=1_vs_3 | epoch 001 | train loss: 1.7533 bal_acc: 0.44 acc: 0.45 | val loss: 0.6575 bal_loss: 0.6575 bal_acc: 0.73 acc: 0.72
fold=2 label=1_vs_3 | epoch 010 | train loss: 0.7146 bal_acc: 0.67 acc: 0.67 | val loss: 0.7067 bal_loss: 0.7067 bal_acc: 0.73 acc: 0.72
fold=2 label=1_vs_3 | epoch 020 | train loss: 0.7704 bal_acc: 0.69 acc: 0.69 | val loss: 0.7592 bal_loss: 0.7592 bal_acc: 0.62 acc: 0.62
fold=2 label=1_vs_3 | epoch 030 | train loss: 0.3897 bal_acc: 0.80 acc: 0.80 | val loss: 0.7126 bal_loss: 0.7126 bal_acc: 0.62 acc: 0.62
fold=2 label=1_vs_3 | epoch 040 | train loss: 0.4753 bal_acc: 0.80 acc: 0.80 | val loss: 0.6891 bal_loss: 0.6891 bal_acc: 0.58 acc: 0.57
fold=2 label=1_vs_3 | epoch 050 | train loss: 0.3759 bal_acc: 0.83 acc: 0.82 | val loss: 0.7805 bal_loss: 0.7805 bal_acc: 0.55 acc: 0.55

--- fold 3/5: train=300 val=100 test=100 ---

fold=3 label=0
Binary label distribution:
  train: class0=60 class1=240 total=300
  val:   class0=20 class1=80 total=100
  test:  class0=20 class1=80 total=100
Original labels in this split:
  train: label0=60 label1=60 label2=60 label3=60 label4=60 total=300
  val:   label0=20 label1=20 label2=20 label3=20 label4=20 total=100
  test:  label0=20 label1=20 label2=20 label3=20 label4=20 total=100
fold=3 label=0 | epoch 001 | train loss: 1.4965 bal_acc: 0.51 acc: 0.51 | val loss: 0.9674 bal_loss: 1.2264 bal_acc: 0.44 acc: 0.56
fold=3 label=0 | epoch 010 | train loss: 0.8546 bal_acc: 0.65 acc: 0.65 | val loss: 0.9187 bal_loss: 1.2904 bal_acc: 0.46 acc: 0.58
fold=3 label=0 | epoch 020 | train loss: 0.5835 bal_acc: 0.75 acc: 0.75 | val loss: 0.8928 bal_loss: 1.3587 bal_acc: 0.46 acc: 0.65
fold=3 label=0 | epoch 030 | train loss: 0.4948 bal_acc: 0.78 acc: 0.77 | val loss: 0.9076 bal_loss: 1.3589 bal_acc: 0.45 acc: 0.60
fold=3 label=0 | epoch 040 | train loss: 0.4149 bal_acc: 0.81 acc: 0.81 | val loss: 0.8813 bal_loss: 1.4075 bal_acc: 0.52 acc: 0.66
fold=3 label=0 | epoch 050 | train loss: 0.3412 bal_acc: 0.88 acc: 0.88 | val loss: 0.8458 bal_loss: 1.3394 bal_acc: 0.44 acc: 0.58

fold=3 label=2
Binary label distribution:
  train: class0=60 class1=240 total=300
  val:   class0=20 class1=80 total=100
  test:  class0=20 class1=80 total=100
Original labels in this split:
  train: label0=60 label1=60 label2=60 label3=60 label4=60 total=300
  val:   label0=20 label1=20 label2=20 label3=20 label4=20 total=100
  test:  label0=20 label1=20 label2=20 label3=20 label4=20 total=100
fold=3 label=2 | epoch 001 | train loss: 1.4282 bal_acc: 0.49 acc: 0.49 | val loss: 1.0335 bal_loss: 1.1001 bal_acc: 0.38 acc: 0.43
fold=3 label=2 | epoch 010 | train loss: 0.8188 bal_acc: 0.68 acc: 0.68 | val loss: 0.9369 bal_loss: 1.0959 bal_acc: 0.51 acc: 0.52
fold=3 label=2 | epoch 020 | train loss: 0.5469 bal_acc: 0.75 acc: 0.75 | val loss: 0.9331 bal_loss: 1.2946 bal_acc: 0.51 acc: 0.60
fold=3 label=2 | epoch 030 | train loss: 0.4991 bal_acc: 0.75 acc: 0.75 | val loss: 0.9445 bal_loss: 1.2902 bal_acc: 0.51 acc: 0.58
fold=3 label=2 | epoch 040 | train loss: 0.3627 bal_acc: 0.85 acc: 0.84 | val loss: 0.9749 bal_loss: 1.3971 bal_acc: 0.48 acc: 0.59
fold=3 label=2 | epoch 050 | train loss: 0.2900 bal_acc: 0.87 acc: 0.87 | val loss: 0.9032 bal_loss: 1.4916 bal_acc: 0.49 acc: 0.63

fold=3 label=1_vs_3
Binary labels: class0=label1 class1=label3
Binary label distribution:
  train: class0=60 class1=60 total=120
  val:   class0=20 class1=20 total=40
  test:  class0=20 class1=20 total=40
Original labels in this split:
  train: label0=0 label1=60 label2=0 label3=60 label4=0 total=120
  val:   label0=0 label1=20 label2=0 label3=20 label4=0 total=40
  test:  label0=0 label1=20 label2=0 label3=20 label4=0 total=40
fold=3 label=1_vs_3 | epoch 001 | train loss: 1.2175 bal_acc: 0.57 acc: 0.57 | val loss: 1.0643 bal_loss: 1.0643 bal_acc: 0.55 acc: 0.55
fold=3 label=1_vs_3 | epoch 010 | train loss: 0.8491 bal_acc: 0.67 acc: 0.67 | val loss: 1.0074 bal_loss: 1.0074 bal_acc: 0.52 acc: 0.53
fold=3 label=1_vs_3 | epoch 020 | train loss: 0.5139 bal_acc: 0.72 acc: 0.73 | val loss: 1.0809 bal_loss: 1.0809 bal_acc: 0.43 acc: 0.42
fold=3 label=1_vs_3 | epoch 030 | train loss: 0.7308 bal_acc: 0.73 acc: 0.72 | val loss: 1.2247 bal_loss: 1.2247 bal_acc: 0.55 acc: 0.55
fold=3 label=1_vs_3 | epoch 040 | train loss: 0.4306 bal_acc: 0.78 acc: 0.78 | val loss: 1.1155 bal_loss: 1.1155 bal_acc: 0.55 acc: 0.55
fold=3 label=1_vs_3 | epoch 050 | train loss: 0.3852 bal_acc: 0.81 acc: 0.81 | val loss: 1.2148 bal_loss: 1.2148 bal_acc: 0.57 acc: 0.57

--- fold 4/5: train=300 val=100 test=100 ---

fold=4 label=0
Binary label distribution:
  train: class0=60 class1=240 total=300
  val:   class0=20 class1=80 total=100
  test:  class0=20 class1=80 total=100
Original labels in this split:
  train: label0=60 label1=60 label2=60 label3=60 label4=60 total=300
  val:   label0=20 label1=20 label2=20 label3=20 label4=20 total=100
  test:  label0=20 label1=20 label2=20 label3=20 label4=20 total=100
fold=4 label=0 | epoch 001 | train loss: 1.4882 bal_acc: 0.46 acc: 0.46 | val loss: 0.8606 bal_loss: 0.9050 bal_acc: 0.48 acc: 0.56
fold=4 label=0 | epoch 010 | train loss: 0.8131 bal_acc: 0.68 acc: 0.68 | val loss: 0.7664 bal_loss: 1.0414 bal_acc: 0.50 acc: 0.59
fold=4 label=0 | epoch 020 | train loss: 0.7356 bal_acc: 0.69 acc: 0.69 | val loss: 0.7672 bal_loss: 1.0383 bal_acc: 0.52 acc: 0.62
fold=4 label=0 | epoch 030 | train loss: 0.5217 bal_acc: 0.78 acc: 0.78 | val loss: 0.7421 bal_loss: 1.2213 bal_acc: 0.51 acc: 0.66
fold=4 label=0 | epoch 040 | train loss: 0.4899 bal_acc: 0.78 acc: 0.77 | val loss: 0.7473 bal_loss: 1.2095 bal_acc: 0.46 acc: 0.65
fold=4 label=0 | epoch 050 | train loss: 0.3498 bal_acc: 0.83 acc: 0.83 | val loss: 0.7083 bal_loss: 1.2999 bal_acc: 0.48 acc: 0.70

fold=4 label=2
Binary label distribution:
  train: class0=60 class1=240 total=300
  val:   class0=20 class1=80 total=100
  test:  class0=20 class1=80 total=100
Original labels in this split:
  train: label0=60 label1=60 label2=60 label3=60 label4=60 total=300
  val:   label0=20 label1=20 label2=20 label3=20 label4=20 total=100
  test:  label0=20 label1=20 label2=20 label3=20 label4=20 total=100
fold=4 label=2 | epoch 001 | train loss: 1.2709 bal_acc: 0.54 acc: 0.54 | val loss: 0.9485 bal_loss: 1.2543 bal_acc: 0.44 acc: 0.58
fold=4 label=2 | epoch 010 | train loss: 0.7301 bal_acc: 0.66 acc: 0.66 | val loss: 1.0547 bal_loss: 1.2652 bal_acc: 0.49 acc: 0.54
fold=4 label=2 | epoch 020 | train loss: 0.6870 bal_acc: 0.73 acc: 0.73 | val loss: 0.8705 bal_loss: 1.2316 bal_acc: 0.47 acc: 0.60
fold=4 label=2 | epoch 030 | train loss: 0.3380 bal_acc: 0.84 acc: 0.84 | val loss: 0.9179 bal_loss: 1.3060 bal_acc: 0.42 acc: 0.56
fold=4 label=2 | epoch 040 | train loss: 0.3574 bal_acc: 0.85 acc: 0.85 | val loss: 0.7800 bal_loss: 1.2040 bal_acc: 0.49 acc: 0.67
fold=4 label=2 | epoch 050 | train loss: 0.2934 bal_acc: 0.88 acc: 0.88 | val loss: 0.8012 bal_loss: 1.3344 bal_acc: 0.51 acc: 0.69
fold=4 label=2 | epoch 060 | train loss: 0.2409 bal_acc: 0.92 acc: 0.92 | val loss: 0.7879 bal_loss: 1.3393 bal_acc: 0.54 acc: 0.71
fold=4 label=2 | epoch 070 | train loss: 0.1189 bal_acc: 0.97 acc: 0.97 | val loss: 0.7905 bal_loss: 1.2908 bal_acc: 0.47 acc: 0.66

fold=4 label=1_vs_3
Binary labels: class0=label1 class1=label3
Binary label distribution:
  train: class0=60 class1=60 total=120
  val:   class0=20 class1=20 total=40
  test:  class0=20 class1=20 total=40
Original labels in this split:
  train: label0=0 label1=60 label2=0 label3=60 label4=0 total=120
  val:   label0=0 label1=20 label2=0 label3=20 label4=0 total=40
  test:  label0=0 label1=20 label2=0 label3=20 label4=0 total=40
fold=4 label=1_vs_3 | epoch 001 | train loss: 1.5364 bal_acc: 0.51 acc: 0.52 | val loss: 1.4063 bal_loss: 1.4063 bal_acc: 0.45 acc: 0.45
fold=4 label=1_vs_3 | epoch 010 | train loss: 1.1935 bal_acc: 0.60 acc: 0.60 | val loss: 1.3623 bal_loss: 1.3623 bal_acc: 0.32 acc: 0.33
fold=4 label=1_vs_3 | epoch 020 | train loss: 0.6992 bal_acc: 0.73 acc: 0.72 | val loss: 1.4899 bal_loss: 1.4899 bal_acc: 0.40 acc: 0.40
fold=4 label=1_vs_3 | epoch 030 | train loss: 0.5486 bal_acc: 0.78 acc: 0.78 | val loss: 1.2436 bal_loss: 1.2436 bal_acc: 0.43 acc: 0.42
fold=4 label=1_vs_3 | epoch 040 | train loss: 0.5014 bal_acc: 0.80 acc: 0.81 | val loss: 1.1326 bal_loss: 1.1326 bal_acc: 0.40 acc: 0.40
fold=4 label=1_vs_3 | epoch 050 | train loss: 0.2610 bal_acc: 0.89 acc: 0.89 | val loss: 1.1402 bal_loss: 1.1402 bal_acc: 0.45 acc: 0.45
fold=4 label=1_vs_3 | epoch 060 | train loss: 0.3645 bal_acc: 0.83 acc: 0.82 | val loss: 1.3873 bal_loss: 1.3873 bal_acc: 0.52 acc: 0.53
fold=4 label=1_vs_3 | epoch 070 | train loss: 0.3093 bal_acc: 0.88 acc: 0.88 | val loss: 1.0916 bal_loss: 1.0916 bal_acc: 0.50 acc: 0.50
fold=4 label=1_vs_3 | epoch 080 | train loss: 0.2276 bal_acc: 0.96 acc: 0.96 | val loss: 1.0691 bal_loss: 1.0691 bal_acc: 0.48 acc: 0.47
fold=4 label=1_vs_3 | epoch 090 | train loss: 0.2055 bal_acc: 0.91 acc: 0.91 | val loss: 1.0054 bal_loss: 1.0054 bal_acc: 0.50 acc: 0.50
fold=4 label=1_vs_3 | epoch 100 | train loss: 0.2110 bal_acc: 0.92 acc: 0.92 | val loss: 1.0565 bal_loss: 1.0565 bal_acc: 0.52 acc: 0.53
fold=4 label=1_vs_3 | epoch 110 | train loss: 0.1425 bal_acc: 0.93 acc: 0.93 | val loss: 1.0974 bal_loss: 1.0974 bal_acc: 0.50 acc: 0.50
fold=4 label=1_vs_3 | epoch 120 | train loss: 0.1421 bal_acc: 0.97 acc: 0.97 | val loss: 1.0631 bal_loss: 1.0631 bal_acc: 0.50 acc: 0.50
fold=4 label=1_vs_3 | epoch 130 | train loss: 0.1109 bal_acc: 0.97 acc: 0.97 | val loss: 0.9667 bal_loss: 0.9667 bal_acc: 0.60 acc: 0.60
fold=4 label=1_vs_3 | epoch 140 | train loss: 0.1258 bal_acc: 0.97 acc: 0.97 | val loss: 1.1082 bal_loss: 1.1082 bal_acc: 0.52 acc: 0.53
fold=4 label=1_vs_3 | epoch 150 | train loss: 0.0798 bal_acc: 0.97 acc: 0.97 | val loss: 1.1184 bal_loss: 1.1184 bal_acc: 0.48 acc: 0.47

--- fold 5/5: train=300 val=100 test=100 ---

fold=5 label=0
Binary label distribution:
  train: class0=60 class1=240 total=300
  val:   class0=20 class1=80 total=100
  test:  class0=20 class1=80 total=100
Original labels in this split:
  train: label0=60 label1=60 label2=60 label3=60 label4=60 total=300
  val:   label0=20 label1=20 label2=20 label3=20 label4=20 total=100
  test:  label0=20 label1=20 label2=20 label3=20 label4=20 total=100
fold=5 label=0 | epoch 001 | train loss: 1.5862 bal_acc: 0.46 acc: 0.46 | val loss: 0.8657 bal_loss: 0.8987 bal_acc: 0.57 acc: 0.61
fold=5 label=0 | epoch 010 | train loss: 0.7740 bal_acc: 0.68 acc: 0.68 | val loss: 0.7055 bal_loss: 1.0097 bal_acc: 0.55 acc: 0.67
fold=5 label=0 | epoch 020 | train loss: 0.5331 bal_acc: 0.75 acc: 0.76 | val loss: 0.8938 bal_loss: 1.0635 bal_acc: 0.47 acc: 0.58
fold=5 label=0 | epoch 030 | train loss: 0.4842 bal_acc: 0.77 acc: 0.78 | val loss: 0.8059 bal_loss: 0.9644 bal_acc: 0.51 acc: 0.61
fold=5 label=0 | epoch 040 | train loss: 0.3203 bal_acc: 0.86 acc: 0.86 | val loss: 0.7895 bal_loss: 1.1938 bal_acc: 0.49 acc: 0.69
fold=5 label=0 | epoch 050 | train loss: 0.2796 bal_acc: 0.88 acc: 0.88 | val loss: 0.7888 bal_loss: 1.1181 bal_acc: 0.47 acc: 0.63

fold=5 label=2
Binary label distribution:
  train: class0=60 class1=240 total=300
  val:   class0=20 class1=80 total=100
  test:  class0=20 class1=80 total=100
Original labels in this split:
  train: label0=60 label1=60 label2=60 label3=60 label4=60 total=300
  val:   label0=20 label1=20 label2=20 label3=20 label4=20 total=100
  test:  label0=20 label1=20 label2=20 label3=20 label4=20 total=100
fold=5 label=2 | epoch 001 | train loss: 1.3621 bal_acc: 0.48 acc: 0.47 | val loss: 1.1925 bal_loss: 0.9664 bal_acc: 0.55 acc: 0.43
fold=5 label=2 | epoch 010 | train loss: 0.6970 bal_acc: 0.70 acc: 0.70 | val loss: 0.8875 bal_loss: 0.8844 bal_acc: 0.55 acc: 0.55
fold=5 label=2 | epoch 020 | train loss: 0.6543 bal_acc: 0.75 acc: 0.75 | val loss: 0.7336 bal_loss: 0.8928 bal_acc: 0.60 acc: 0.63
fold=5 label=2 | epoch 030 | train loss: 0.4984 bal_acc: 0.77 acc: 0.78 | val loss: 0.6511 bal_loss: 0.9115 bal_acc: 0.59 acc: 0.67
fold=5 label=2 | epoch 040 | train loss: 0.3455 bal_acc: 0.86 acc: 0.86 | val loss: 0.7353 bal_loss: 0.9131 bal_acc: 0.56 acc: 0.63
fold=5 label=2 | epoch 050 | train loss: 0.3129 bal_acc: 0.88 acc: 0.88 | val loss: 0.7494 bal_loss: 1.0285 bal_acc: 0.49 acc: 0.63

fold=5 label=1_vs_3
Binary labels: class0=label1 class1=label3
Binary label distribution:
  train: class0=60 class1=60 total=120
  val:   class0=20 class1=20 total=40
  test:  class0=20 class1=20 total=40
Original labels in this split:
  train: label0=0 label1=60 label2=0 label3=60 label4=0 total=120
  val:   label0=0 label1=20 label2=0 label3=20 label4=0 total=40
  test:  label0=0 label1=20 label2=0 label3=20 label4=0 total=40
fold=5 label=1_vs_3 | epoch 001 | train loss: 1.6331 bal_acc: 0.50 acc: 0.50 | val loss: 0.9040 bal_loss: 0.9040 bal_acc: 0.55 acc: 0.55
fold=5 label=1_vs_3 | epoch 010 | train loss: 0.7987 bal_acc: 0.72 acc: 0.72 | val loss: 0.8902 bal_loss: 0.8902 bal_acc: 0.55 acc: 0.55
fold=5 label=1_vs_3 | epoch 020 | train loss: 0.6603 bal_acc: 0.73 acc: 0.73 | val loss: 0.9043 bal_loss: 0.9043 bal_acc: 0.55 acc: 0.55
fold=5 label=1_vs_3 | epoch 030 | train loss: 0.7265 bal_acc: 0.74 acc: 0.73 | val loss: 0.9820 bal_loss: 0.9820 bal_acc: 0.47 acc: 0.47
fold=5 label=1_vs_3 | epoch 040 | train loss: 0.5342 bal_acc: 0.79 acc: 0.78 | val loss: 0.8502 bal_loss: 0.8502 bal_acc: 0.55 acc: 0.55
fold=5 label=1_vs_3 | epoch 050 | train loss: 0.4298 bal_acc: 0.82 acc: 0.82 | val loss: 0.8120 bal_loss: 0.8120 bal_acc: 0.58 acc: 0.57
fold=5 label=1_vs_3 | epoch 060 | train loss: 0.2580 bal_acc: 0.86 acc: 0.86 | val loss: 0.8128 bal_loss: 0.8128 bal_acc: 0.70 acc: 0.70
fold=5 label=1_vs_3 | epoch 070 | train loss: 0.3454 bal_acc: 0.84 acc: 0.84 | val loss: 0.7641 bal_loss: 0.7641 bal_acc: 0.60 acc: 0.60
fold=5 label=1_vs_3 | epoch 080 | train loss: 0.2400 bal_acc: 0.93 acc: 0.93 | val loss: 0.7490 bal_loss: 0.7490 bal_acc: 0.65 acc: 0.65
fold=5 label=1_vs_3 | epoch 090 | train loss: 0.2513 bal_acc: 0.89 acc: 0.89 | val loss: 0.7374 bal_loss: 0.7374 bal_acc: 0.70 acc: 0.70
fold=5 label=1_vs_3 | epoch 100 | train loss: 0.1502 bal_acc: 0.95 acc: 0.95 | val loss: 0.8365 bal_loss: 0.8365 bal_acc: 0.60 acc: 0.60
fold=5 label=1_vs_3 | epoch 110 | train loss: 0.0974 bal_acc: 0.98 acc: 0.98 | val loss: 0.8307 bal_loss: 0.8307 bal_acc: 0.62 acc: 0.62
fold=5 label=1_vs_3 | epoch 120 | train loss: 0.0673 bal_acc: 1.00 acc: 1.00 | val loss: 0.7943 bal_loss: 0.7943 bal_acc: 0.62 acc: 0.62
fold=5 label=1_vs_3 | epoch 130 | train loss: 0.1458 bal_acc: 0.95 acc: 0.95 | val loss: 0.8467 bal_loss: 0.8467 bal_acc: 0.60 acc: 0.60

5-fold cross-validation summary
y_0: test bal_loss=1.031 +/- 0.103 | bal_acc=0.464 +/- 0.051 | test acc=0.556 +/- 0.042
y_2: test bal_loss=0.996 +/- 0.071 | bal_acc=0.512 +/- 0.034 | test acc=0.556 +/- 0.065
y_1_vs_3: test bal_loss=1.038 +/- 0.162 | bal_acc=0.535 +/- 0.068 | test acc=0.535 +/- 0.068
Cross-validation CSV: ./checkpoints/sub1_hjlee_nogit/v3_sub1_shallownet_all_days/20260628_175817/cross_validation.csv

Saved to: ./checkpoints/sub1_hjlee_nogit/v3_sub1_shallownet_all_days/20260628_175817
