Training configuration
  config=./train_config_v2.json
  data_dir=./data/processed/260602_sub1_hjlee_raw
  input_file=X_eeg_raw.npy
  checkpoint_root=./checkpoints_eegnet_randomsplit
  epochs=100
  batch_size=16
  lr=0.0001
  weight_decay=0.0001
  patience=100
  seed=42
  val_test_ratio=0.2
  weighted_sampler=False
  run_window_diagnostic=False
  window_size=256
  window_stride=128
  balance_rest_to_target=True
  run_5fold_cross_validation=True
  selection_metric=balanced_loss

Loading X_eeg_raw.npy...
Device: cuda | X: (500, 64, 4000) | run: ./checkpoints_eegnet_randomsplit/20260625_172319
Data split: train=300 val=100 test=100
Original label distribution:
  train: label0=60 label1=60 label2=60 label3=60 label4=60 total=300
  val:   label0=20 label1=20 label2=20 label3=20 label4=20 total=100
  test:  label0=20 label1=20 label2=20 label3=20 label4=20 total=100

=== 5-fold cross-validation ===

--- fold 1/5: train=300 val=100 test=100 ---

fold=1 label=0
Binary label distribution:
  train: class0=60 class1=60 total=120
  val:   class0=20 class1=20 total=40
  test:  class0=20 class1=20 total=40
Original labels in this split:
  train: label0=60 label1=15 label2=15 label3=15 label4=15 total=120
  val:   label0=20 label1=5 label2=5 label3=5 label4=5 total=40
  test:  label0=20 label1=5 label2=5 label3=5 label4=5 total=40
fold=1 label=0 | epoch 001 | train loss: 0.6941 bal_acc: 0.50 acc: 0.50 | val loss: 0.7015 bal_loss: 0.7015 bal_acc: 0.50 acc: 0.50
fold=1 label=0 | epoch 010 | train loss: 0.6886 bal_acc: 0.52 acc: 0.52 | val loss: 0.6980 bal_loss: 0.6980 bal_acc: 0.52 acc: 0.53
fold=1 label=0 | epoch 020 | train loss: 0.6750 bal_acc: 0.58 acc: 0.58 | val loss: 0.6957 bal_loss: 0.6957 bal_acc: 0.55 acc: 0.55
fold=1 label=0 | epoch 030 | train loss: 0.6648 bal_acc: 0.62 acc: 0.62 | val loss: 0.6962 bal_loss: 0.6962 bal_acc: 0.57 acc: 0.57
fold=1 label=0 | epoch 040 | train loss: 0.6481 bal_acc: 0.65 acc: 0.65 | val loss: 0.6962 bal_loss: 0.6962 bal_acc: 0.52 acc: 0.53
fold=1 label=0 | epoch 050 | train loss: 0.6204 bal_acc: 0.70 acc: 0.70 | val loss: 0.6952 bal_loss: 0.6952 bal_acc: 0.52 acc: 0.53
fold=1 label=0 | epoch 060 | train loss: 0.6140 bal_acc: 0.67 acc: 0.68 | val loss: 0.6976 bal_loss: 0.6976 bal_acc: 0.50 acc: 0.50
fold=1 label=0 | epoch 070 | train loss: 0.5645 bal_acc: 0.76 acc: 0.76 | val loss: 0.6998 bal_loss: 0.6998 bal_acc: 0.57 acc: 0.57
fold=1 label=0 | epoch 080 | train loss: 0.5611 bal_acc: 0.69 acc: 0.69 | val loss: 0.7077 bal_loss: 0.7077 bal_acc: 0.52 acc: 0.53
fold=1 label=0 | epoch 090 | train loss: 0.5532 bal_acc: 0.70 acc: 0.70 | val loss: 0.7118 bal_loss: 0.7118 bal_acc: 0.57 acc: 0.57
fold=1 label=0 | epoch 100 | train loss: 0.5090 bal_acc: 0.76 acc: 0.76 | val loss: 0.7126 bal_loss: 0.7126 bal_acc: 0.60 acc: 0.60

fold=1 label=2
Binary label distribution:
  train: class0=60 class1=60 total=120
  val:   class0=20 class1=20 total=40
  test:  class0=20 class1=20 total=40
Original labels in this split:
  train: label0=15 label1=15 label2=60 label3=15 label4=15 total=120
  val:   label0=5 label1=5 label2=20 label3=5 label4=5 total=40
  test:  label0=5 label1=5 label2=20 label3=5 label4=5 total=40
fold=1 label=2 | epoch 001 | train loss: 0.7044 bal_acc: 0.48 acc: 0.48 | val loss: 0.6982 bal_loss: 0.6982 bal_acc: 0.50 acc: 0.50
fold=1 label=2 | epoch 010 | train loss: 0.6917 bal_acc: 0.51 acc: 0.51 | val loss: 0.7132 bal_loss: 0.7132 bal_acc: 0.43 acc: 0.42
fold=1 label=2 | epoch 020 | train loss: 0.6806 bal_acc: 0.61 acc: 0.61 | val loss: 0.7273 bal_loss: 0.7273 bal_acc: 0.43 acc: 0.42
fold=1 label=2 | epoch 030 | train loss: 0.6698 bal_acc: 0.62 acc: 0.62 | val loss: 0.7368 bal_loss: 0.7368 bal_acc: 0.40 acc: 0.40
fold=1 label=2 | epoch 040 | train loss: 0.6695 bal_acc: 0.60 acc: 0.60 | val loss: 0.7464 bal_loss: 0.7464 bal_acc: 0.43 acc: 0.42
fold=1 label=2 | epoch 050 | train loss: 0.6551 bal_acc: 0.61 acc: 0.61 | val loss: 0.7540 bal_loss: 0.7540 bal_acc: 0.48 acc: 0.47
fold=1 label=2 | epoch 060 | train loss: 0.6469 bal_acc: 0.66 acc: 0.66 | val loss: 0.7641 bal_loss: 0.7641 bal_acc: 0.47 acc: 0.47
fold=1 label=2 | epoch 070 | train loss: 0.6280 bal_acc: 0.65 acc: 0.65 | val loss: 0.7578 bal_loss: 0.7578 bal_acc: 0.47 acc: 0.47
fold=1 label=2 | epoch 080 | train loss: 0.6351 bal_acc: 0.62 acc: 0.62 | val loss: 0.7591 bal_loss: 0.7591 bal_acc: 0.52 acc: 0.53
fold=1 label=2 | epoch 090 | train loss: 0.6290 bal_acc: 0.64 acc: 0.64 | val loss: 0.7599 bal_loss: 0.7599 bal_acc: 0.55 acc: 0.55
fold=1 label=2 | epoch 100 | train loss: 0.6135 bal_acc: 0.65 acc: 0.65 | val loss: 0.7523 bal_loss: 0.7523 bal_acc: 0.55 acc: 0.55

fold=1 label=1_vs_3
Binary labels: class0=label1 class1=label3
Binary label distribution:
  train: class0=60 class1=60 total=120
  val:   class0=20 class1=20 total=40
  test:  class0=20 class1=20 total=40
Original labels in this split:
  train: label0=0 label1=60 label2=0 label3=60 label4=0 total=120
  val:   label0=0 label1=20 label2=0 label3=20 label4=0 total=40
  test:  label0=0 label1=20 label2=0 label3=20 label4=0 total=40
fold=1 label=1_vs_3 | epoch 001 | train loss: 0.6895 bal_acc: 0.48 acc: 0.48 | val loss: 0.6944 bal_loss: 0.6944 bal_acc: 0.50 acc: 0.50
fold=1 label=1_vs_3 | epoch 010 | train loss: 0.6792 bal_acc: 0.57 acc: 0.57 | val loss: 0.6822 bal_loss: 0.6822 bal_acc: 0.53 acc: 0.53
fold=1 label=1_vs_3 | epoch 020 | train loss: 0.6652 bal_acc: 0.63 acc: 0.63 | val loss: 0.6764 bal_loss: 0.6764 bal_acc: 0.55 acc: 0.55
fold=1 label=1_vs_3 | epoch 030 | train loss: 0.6587 bal_acc: 0.62 acc: 0.62 | val loss: 0.6730 bal_loss: 0.6730 bal_acc: 0.60 acc: 0.60
fold=1 label=1_vs_3 | epoch 040 | train loss: 0.6482 bal_acc: 0.67 acc: 0.67 | val loss: 0.6707 bal_loss: 0.6707 bal_acc: 0.57 acc: 0.57
fold=1 label=1_vs_3 | epoch 050 | train loss: 0.6325 bal_acc: 0.69 acc: 0.69 | val loss: 0.6734 bal_loss: 0.6734 bal_acc: 0.57 acc: 0.57
fold=1 label=1_vs_3 | epoch 060 | train loss: 0.6316 bal_acc: 0.67 acc: 0.67 | val loss: 0.6724 bal_loss: 0.6724 bal_acc: 0.62 acc: 0.62
fold=1 label=1_vs_3 | epoch 070 | train loss: 0.6071 bal_acc: 0.71 acc: 0.71 | val loss: 0.6714 bal_loss: 0.6714 bal_acc: 0.57 acc: 0.57
fold=1 label=1_vs_3 | epoch 080 | train loss: 0.5927 bal_acc: 0.71 acc: 0.71 | val loss: 0.6759 bal_loss: 0.6759 bal_acc: 0.62 acc: 0.62
fold=1 label=1_vs_3 | epoch 090 | train loss: 0.5784 bal_acc: 0.73 acc: 0.73 | val loss: 0.6854 bal_loss: 0.6854 bal_acc: 0.62 acc: 0.62
fold=1 label=1_vs_3 | epoch 100 | train loss: 0.5504 bal_acc: 0.77 acc: 0.77 | val loss: 0.6919 bal_loss: 0.6919 bal_acc: 0.58 acc: 0.57

--- fold 2/5: train=300 val=100 test=100 ---

fold=2 label=0
Binary label distribution:
  train: class0=60 class1=60 total=120
  val:   class0=20 class1=20 total=40
  test:  class0=20 class1=20 total=40
Original labels in this split:
  train: label0=60 label1=15 label2=15 label3=15 label4=15 total=120
  val:   label0=20 label1=5 label2=5 label3=5 label4=5 total=40
  test:  label0=20 label1=5 label2=5 label3=5 label4=5 total=40
fold=2 label=0 | epoch 001 | train loss: 0.7016 bal_acc: 0.48 acc: 0.48 | val loss: 0.7028 bal_loss: 0.7028 bal_acc: 0.50 acc: 0.50
fold=2 label=0 | epoch 010 | train loss: 0.6943 bal_acc: 0.51 acc: 0.51 | val loss: 0.7033 bal_loss: 0.7033 bal_acc: 0.47 acc: 0.47
fold=2 label=0 | epoch 020 | train loss: 0.6933 bal_acc: 0.50 acc: 0.50 | val loss: 0.7034 bal_loss: 0.7034 bal_acc: 0.50 acc: 0.50
fold=2 label=0 | epoch 030 | train loss: 0.6851 bal_acc: 0.56 acc: 0.56 | val loss: 0.6992 bal_loss: 0.6992 bal_acc: 0.50 acc: 0.50
fold=2 label=0 | epoch 040 | train loss: 0.6733 bal_acc: 0.63 acc: 0.63 | val loss: 0.6938 bal_loss: 0.6938 bal_acc: 0.50 acc: 0.50
fold=2 label=0 | epoch 050 | train loss: 0.6647 bal_acc: 0.61 acc: 0.61 | val loss: 0.6820 bal_loss: 0.6820 bal_acc: 0.58 acc: 0.57
fold=2 label=0 | epoch 060 | train loss: 0.6424 bal_acc: 0.68 acc: 0.68 | val loss: 0.6687 bal_loss: 0.6687 bal_acc: 0.58 acc: 0.57
fold=2 label=0 | epoch 070 | train loss: 0.6184 bal_acc: 0.72 acc: 0.72 | val loss: 0.6673 bal_loss: 0.6673 bal_acc: 0.58 acc: 0.57
fold=2 label=0 | epoch 080 | train loss: 0.6128 bal_acc: 0.66 acc: 0.66 | val loss: 0.6582 bal_loss: 0.6582 bal_acc: 0.58 acc: 0.57
fold=2 label=0 | epoch 090 | train loss: 0.5920 bal_acc: 0.70 acc: 0.70 | val loss: 0.6510 bal_loss: 0.6510 bal_acc: 0.58 acc: 0.57
fold=2 label=0 | epoch 100 | train loss: 0.5902 bal_acc: 0.72 acc: 0.72 | val loss: 0.6626 bal_loss: 0.6626 bal_acc: 0.58 acc: 0.57

fold=2 label=2
Binary label distribution:
  train: class0=60 class1=60 total=120
  val:   class0=20 class1=20 total=40
  test:  class0=20 class1=20 total=40
Original labels in this split:
  train: label0=15 label1=15 label2=60 label3=15 label4=15 total=120
  val:   label0=5 label1=5 label2=20 label3=5 label4=5 total=40
  test:  label0=5 label1=5 label2=20 label3=5 label4=5 total=40
fold=2 label=2 | epoch 001 | train loss: 0.6992 bal_acc: 0.49 acc: 0.49 | val loss: 0.6937 bal_loss: 0.6937 bal_acc: 0.50 acc: 0.50
fold=2 label=2 | epoch 010 | train loss: 0.6888 bal_acc: 0.49 acc: 0.49 | val loss: 0.6989 bal_loss: 0.6989 bal_acc: 0.47 acc: 0.47
fold=2 label=2 | epoch 020 | train loss: 0.6753 bal_acc: 0.59 acc: 0.59 | val loss: 0.7041 bal_loss: 0.7041 bal_acc: 0.43 acc: 0.42
fold=2 label=2 | epoch 030 | train loss: 0.6661 bal_acc: 0.64 acc: 0.64 | val loss: 0.7090 bal_loss: 0.7090 bal_acc: 0.42 acc: 0.42
fold=2 label=2 | epoch 040 | train loss: 0.6735 bal_acc: 0.60 acc: 0.60 | val loss: 0.7146 bal_loss: 0.7146 bal_acc: 0.45 acc: 0.45
fold=2 label=2 | epoch 050 | train loss: 0.6561 bal_acc: 0.64 acc: 0.64 | val loss: 0.7160 bal_loss: 0.7160 bal_acc: 0.52 acc: 0.53
fold=2 label=2 | epoch 060 | train loss: 0.6378 bal_acc: 0.72 acc: 0.72 | val loss: 0.7172 bal_loss: 0.7172 bal_acc: 0.52 acc: 0.53
fold=2 label=2 | epoch 070 | train loss: 0.6309 bal_acc: 0.68 acc: 0.68 | val loss: 0.7245 bal_loss: 0.7245 bal_acc: 0.50 acc: 0.50
fold=2 label=2 | epoch 080 | train loss: 0.6155 bal_acc: 0.67 acc: 0.67 | val loss: 0.7343 bal_loss: 0.7343 bal_acc: 0.52 acc: 0.53
fold=2 label=2 | epoch 090 | train loss: 0.5983 bal_acc: 0.66 acc: 0.66 | val loss: 0.7400 bal_loss: 0.7400 bal_acc: 0.48 acc: 0.47
fold=2 label=2 | epoch 100 | train loss: 0.5756 bal_acc: 0.72 acc: 0.72 | val loss: 0.7391 bal_loss: 0.7391 bal_acc: 0.48 acc: 0.47

fold=2 label=1_vs_3
Binary labels: class0=label1 class1=label3
Binary label distribution:
  train: class0=60 class1=60 total=120
  val:   class0=20 class1=20 total=40
  test:  class0=20 class1=20 total=40
Original labels in this split:
  train: label0=0 label1=60 label2=0 label3=60 label4=0 total=120
  val:   label0=0 label1=20 label2=0 label3=20 label4=0 total=40
  test:  label0=0 label1=20 label2=0 label3=20 label4=0 total=40
fold=2 label=1_vs_3 | epoch 001 | train loss: 0.6997 bal_acc: 0.49 acc: 0.49 | val loss: 0.6981 bal_loss: 0.6981 bal_acc: 0.50 acc: 0.50
fold=2 label=1_vs_3 | epoch 010 | train loss: 0.6890 bal_acc: 0.50 acc: 0.50 | val loss: 0.6776 bal_loss: 0.6776 bal_acc: 0.52 acc: 0.53
fold=2 label=1_vs_3 | epoch 020 | train loss: 0.6829 bal_acc: 0.57 acc: 0.57 | val loss: 0.6687 bal_loss: 0.6687 bal_acc: 0.60 acc: 0.60
fold=2 label=1_vs_3 | epoch 030 | train loss: 0.6739 bal_acc: 0.60 acc: 0.60 | val loss: 0.6622 bal_loss: 0.6622 bal_acc: 0.68 acc: 0.68
fold=2 label=1_vs_3 | epoch 040 | train loss: 0.6726 bal_acc: 0.64 acc: 0.64 | val loss: 0.6566 bal_loss: 0.6566 bal_acc: 0.68 acc: 0.68
fold=2 label=1_vs_3 | epoch 050 | train loss: 0.6524 bal_acc: 0.70 acc: 0.70 | val loss: 0.6496 bal_loss: 0.6496 bal_acc: 0.62 acc: 0.62
fold=2 label=1_vs_3 | epoch 060 | train loss: 0.6464 bal_acc: 0.66 acc: 0.66 | val loss: 0.6446 bal_loss: 0.6446 bal_acc: 0.58 acc: 0.57
fold=2 label=1_vs_3 | epoch 070 | train loss: 0.6271 bal_acc: 0.66 acc: 0.66 | val loss: 0.6323 bal_loss: 0.6323 bal_acc: 0.58 acc: 0.57
fold=2 label=1_vs_3 | epoch 080 | train loss: 0.6095 bal_acc: 0.66 acc: 0.66 | val loss: 0.6226 bal_loss: 0.6226 bal_acc: 0.55 acc: 0.55
fold=2 label=1_vs_3 | epoch 090 | train loss: 0.5896 bal_acc: 0.72 acc: 0.72 | val loss: 0.6269 bal_loss: 0.6269 bal_acc: 0.47 acc: 0.47
fold=2 label=1_vs_3 | epoch 100 | train loss: 0.5761 bal_acc: 0.73 acc: 0.73 | val loss: 0.6034 bal_loss: 0.6034 bal_acc: 0.60 acc: 0.60

--- fold 3/5: train=300 val=100 test=100 ---

fold=3 label=0
Binary label distribution:
  train: class0=60 class1=60 total=120
  val:   class0=20 class1=20 total=40
  test:  class0=20 class1=20 total=40
Original labels in this split:
  train: label0=60 label1=15 label2=15 label3=15 label4=15 total=120
  val:   label0=20 label1=5 label2=5 label3=5 label4=5 total=40
  test:  label0=20 label1=5 label2=5 label3=5 label4=5 total=40
fold=3 label=0 | epoch 001 | train loss: 0.6977 bal_acc: 0.51 acc: 0.51 | val loss: 0.6968 bal_loss: 0.6968 bal_acc: 0.50 acc: 0.50
fold=3 label=0 | epoch 010 | train loss: 0.6883 bal_acc: 0.53 acc: 0.53 | val loss: 0.6972 bal_loss: 0.6972 bal_acc: 0.57 acc: 0.57
fold=3 label=0 | epoch 020 | train loss: 0.6767 bal_acc: 0.60 acc: 0.60 | val loss: 0.6913 bal_loss: 0.6913 bal_acc: 0.60 acc: 0.60
fold=3 label=0 | epoch 030 | train loss: 0.6674 bal_acc: 0.66 acc: 0.66 | val loss: 0.6879 bal_loss: 0.6879 bal_acc: 0.52 acc: 0.53
fold=3 label=0 | epoch 040 | train loss: 0.6571 bal_acc: 0.67 acc: 0.67 | val loss: 0.6868 bal_loss: 0.6868 bal_acc: 0.52 acc: 0.53
fold=3 label=0 | epoch 050 | train loss: 0.6420 bal_acc: 0.63 acc: 0.63 | val loss: 0.6881 bal_loss: 0.6881 bal_acc: 0.52 acc: 0.53
fold=3 label=0 | epoch 060 | train loss: 0.6234 bal_acc: 0.68 acc: 0.68 | val loss: 0.6900 bal_loss: 0.6900 bal_acc: 0.55 acc: 0.55
fold=3 label=0 | epoch 070 | train loss: 0.6267 bal_acc: 0.68 acc: 0.68 | val loss: 0.6939 bal_loss: 0.6939 bal_acc: 0.57 acc: 0.57
fold=3 label=0 | epoch 080 | train loss: 0.6046 bal_acc: 0.71 acc: 0.71 | val loss: 0.6986 bal_loss: 0.6986 bal_acc: 0.57 acc: 0.57
fold=3 label=0 | epoch 090 | train loss: 0.5837 bal_acc: 0.68 acc: 0.68 | val loss: 0.7057 bal_loss: 0.7057 bal_acc: 0.60 acc: 0.60
fold=3 label=0 | epoch 100 | train loss: 0.5777 bal_acc: 0.69 acc: 0.69 | val loss: 0.7155 bal_loss: 0.7155 bal_acc: 0.57 acc: 0.57

fold=3 label=2
Binary label distribution:
  train: class0=60 class1=60 total=120
  val:   class0=20 class1=20 total=40
  test:  class0=20 class1=20 total=40
Original labels in this split:
  train: label0=15 label1=15 label2=60 label3=15 label4=15 total=120
  val:   label0=5 label1=5 label2=20 label3=5 label4=5 total=40
  test:  label0=5 label1=5 label2=20 label3=5 label4=5 total=40
fold=3 label=2 | epoch 001 | train loss: 0.7064 bal_acc: 0.49 acc: 0.49 | val loss: 0.6953 bal_loss: 0.6953 bal_acc: 0.50 acc: 0.50
fold=3 label=2 | epoch 010 | train loss: 0.6945 bal_acc: 0.50 acc: 0.50 | val loss: 0.6956 bal_loss: 0.6956 bal_acc: 0.50 acc: 0.50
fold=3 label=2 | epoch 020 | train loss: 0.6854 bal_acc: 0.53 acc: 0.53 | val loss: 0.6982 bal_loss: 0.6982 bal_acc: 0.48 acc: 0.47
fold=3 label=2 | epoch 030 | train loss: 0.6857 bal_acc: 0.57 acc: 0.57 | val loss: 0.6967 bal_loss: 0.6967 bal_acc: 0.50 acc: 0.50
fold=3 label=2 | epoch 040 | train loss: 0.6705 bal_acc: 0.58 acc: 0.58 | val loss: 0.6960 bal_loss: 0.6960 bal_acc: 0.55 acc: 0.55
fold=3 label=2 | epoch 050 | train loss: 0.6593 bal_acc: 0.65 acc: 0.65 | val loss: 0.6974 bal_loss: 0.6974 bal_acc: 0.62 acc: 0.62
fold=3 label=2 | epoch 060 | train loss: 0.6590 bal_acc: 0.63 acc: 0.63 | val loss: 0.6970 bal_loss: 0.6970 bal_acc: 0.60 acc: 0.60
fold=3 label=2 | epoch 070 | train loss: 0.6344 bal_acc: 0.68 acc: 0.68 | val loss: 0.6960 bal_loss: 0.6960 bal_acc: 0.65 acc: 0.65
fold=3 label=2 | epoch 080 | train loss: 0.6143 bal_acc: 0.68 acc: 0.68 | val loss: 0.6898 bal_loss: 0.6898 bal_acc: 0.65 acc: 0.65
fold=3 label=2 | epoch 090 | train loss: 0.5902 bal_acc: 0.70 acc: 0.70 | val loss: 0.6874 bal_loss: 0.6874 bal_acc: 0.65 acc: 0.65
fold=3 label=2 | epoch 100 | train loss: 0.5547 bal_acc: 0.77 acc: 0.77 | val loss: 0.6756 bal_loss: 0.6756 bal_acc: 0.65 acc: 0.65

fold=3 label=1_vs_3
Binary labels: class0=label1 class1=label3
Binary label distribution:
  train: class0=60 class1=60 total=120
  val:   class0=20 class1=20 total=40
  test:  class0=20 class1=20 total=40
Original labels in this split:
  train: label0=0 label1=60 label2=0 label3=60 label4=0 total=120
  val:   label0=0 label1=20 label2=0 label3=20 label4=0 total=40
  test:  label0=0 label1=20 label2=0 label3=20 label4=0 total=40
fold=3 label=1_vs_3 | epoch 001 | train loss: 0.6931 bal_acc: 0.48 acc: 0.48 | val loss: 0.7002 bal_loss: 0.7002 bal_acc: 0.50 acc: 0.50
fold=3 label=1_vs_3 | epoch 010 | train loss: 0.6808 bal_acc: 0.54 acc: 0.54 | val loss: 0.6880 bal_loss: 0.6880 bal_acc: 0.55 acc: 0.55
fold=3 label=1_vs_3 | epoch 020 | train loss: 0.6805 bal_acc: 0.58 acc: 0.58 | val loss: 0.6861 bal_loss: 0.6861 bal_acc: 0.45 acc: 0.45
fold=3 label=1_vs_3 | epoch 030 | train loss: 0.6727 bal_acc: 0.53 acc: 0.53 | val loss: 0.6842 bal_loss: 0.6842 bal_acc: 0.40 acc: 0.40
fold=3 label=1_vs_3 | epoch 040 | train loss: 0.6698 bal_acc: 0.60 acc: 0.60 | val loss: 0.6842 bal_loss: 0.6842 bal_acc: 0.40 acc: 0.40
fold=3 label=1_vs_3 | epoch 050 | train loss: 0.6642 bal_acc: 0.62 acc: 0.62 | val loss: 0.6907 bal_loss: 0.6907 bal_acc: 0.45 acc: 0.45
fold=3 label=1_vs_3 | epoch 060 | train loss: 0.6682 bal_acc: 0.59 acc: 0.59 | val loss: 0.6905 bal_loss: 0.6905 bal_acc: 0.45 acc: 0.45
fold=3 label=1_vs_3 | epoch 070 | train loss: 0.6472 bal_acc: 0.61 acc: 0.61 | val loss: 0.6881 bal_loss: 0.6881 bal_acc: 0.47 acc: 0.47
fold=3 label=1_vs_3 | epoch 080 | train loss: 0.6351 bal_acc: 0.63 acc: 0.63 | val loss: 0.6860 bal_loss: 0.6860 bal_acc: 0.52 acc: 0.53
fold=3 label=1_vs_3 | epoch 090 | train loss: 0.6121 bal_acc: 0.71 acc: 0.71 | val loss: 0.6854 bal_loss: 0.6854 bal_acc: 0.52 acc: 0.53
fold=3 label=1_vs_3 | epoch 100 | train loss: 0.6053 bal_acc: 0.73 acc: 0.73 | val loss: 0.6755 bal_loss: 0.6755 bal_acc: 0.55 acc: 0.55

--- fold 4/5: train=300 val=100 test=100 ---

fold=4 label=0
Binary label distribution:
  train: class0=60 class1=60 total=120
  val:   class0=20 class1=20 total=40
  test:  class0=20 class1=20 total=40
Original labels in this split:
  train: label0=60 label1=15 label2=15 label3=15 label4=15 total=120
  val:   label0=20 label1=5 label2=5 label3=5 label4=5 total=40
  test:  label0=20 label1=5 label2=5 label3=5 label4=5 total=40
fold=4 label=0 | epoch 001 | train loss: 0.7004 bal_acc: 0.49 acc: 0.49 | val loss: 0.7009 bal_loss: 0.7009 bal_acc: 0.50 acc: 0.50
fold=4 label=0 | epoch 010 | train loss: 0.6852 bal_acc: 0.51 acc: 0.51 | val loss: 0.7154 bal_loss: 0.7154 bal_acc: 0.45 acc: 0.45
fold=4 label=0 | epoch 020 | train loss: 0.6692 bal_acc: 0.62 acc: 0.62 | val loss: 0.7272 bal_loss: 0.7272 bal_acc: 0.47 acc: 0.47
fold=4 label=0 | epoch 030 | train loss: 0.6509 bal_acc: 0.66 acc: 0.66 | val loss: 0.7393 bal_loss: 0.7393 bal_acc: 0.47 acc: 0.47
fold=4 label=0 | epoch 040 | train loss: 0.6316 bal_acc: 0.67 acc: 0.67 | val loss: 0.7539 bal_loss: 0.7539 bal_acc: 0.50 acc: 0.50
fold=4 label=0 | epoch 050 | train loss: 0.6130 bal_acc: 0.66 acc: 0.66 | val loss: 0.7676 bal_loss: 0.7676 bal_acc: 0.50 acc: 0.50
fold=4 label=0 | epoch 060 | train loss: 0.6117 bal_acc: 0.65 acc: 0.65 | val loss: 0.7790 bal_loss: 0.7790 bal_acc: 0.50 acc: 0.50
fold=4 label=0 | epoch 070 | train loss: 0.5845 bal_acc: 0.67 acc: 0.67 | val loss: 0.7655 bal_loss: 0.7655 bal_acc: 0.50 acc: 0.50
fold=4 label=0 | epoch 080 | train loss: 0.5680 bal_acc: 0.73 acc: 0.73 | val loss: 0.7791 bal_loss: 0.7791 bal_acc: 0.50 acc: 0.50
fold=4 label=0 | epoch 090 | train loss: 0.5551 bal_acc: 0.70 acc: 0.70 | val loss: 0.7809 bal_loss: 0.7809 bal_acc: 0.52 acc: 0.53
fold=4 label=0 | epoch 100 | train loss: 0.5400 bal_acc: 0.75 acc: 0.75 | val loss: 0.7783 bal_loss: 0.7783 bal_acc: 0.47 acc: 0.47

fold=4 label=2
Binary label distribution:
  train: class0=60 class1=60 total=120
  val:   class0=20 class1=20 total=40
  test:  class0=20 class1=20 total=40
Original labels in this split:
  train: label0=15 label1=15 label2=60 label3=15 label4=15 total=120
  val:   label0=5 label1=5 label2=20 label3=5 label4=5 total=40
  test:  label0=5 label1=5 label2=20 label3=5 label4=5 total=40
fold=4 label=2 | epoch 001 | train loss: 0.7013 bal_acc: 0.51 acc: 0.51 | val loss: 0.6970 bal_loss: 0.6970 bal_acc: 0.50 acc: 0.50
fold=4 label=2 | epoch 010 | train loss: 0.6919 bal_acc: 0.53 acc: 0.53 | val loss: 0.6964 bal_loss: 0.6964 bal_acc: 0.47 acc: 0.47
fold=4 label=2 | epoch 020 | train loss: 0.6821 bal_acc: 0.52 acc: 0.52 | val loss: 0.6921 bal_loss: 0.6921 bal_acc: 0.50 acc: 0.50
fold=4 label=2 | epoch 030 | train loss: 0.6744 bal_acc: 0.57 acc: 0.57 | val loss: 0.6878 bal_loss: 0.6878 bal_acc: 0.50 acc: 0.50
fold=4 label=2 | epoch 040 | train loss: 0.6798 bal_acc: 0.57 acc: 0.57 | val loss: 0.6842 bal_loss: 0.6842 bal_acc: 0.48 acc: 0.47
fold=4 label=2 | epoch 050 | train loss: 0.6713 bal_acc: 0.67 acc: 0.67 | val loss: 0.6796 bal_loss: 0.6796 bal_acc: 0.52 acc: 0.53
fold=4 label=2 | epoch 060 | train loss: 0.6637 bal_acc: 0.67 acc: 0.67 | val loss: 0.6776 bal_loss: 0.6776 bal_acc: 0.58 acc: 0.57
fold=4 label=2 | epoch 070 | train loss: 0.6569 bal_acc: 0.68 acc: 0.68 | val loss: 0.6747 bal_loss: 0.6747 bal_acc: 0.60 acc: 0.60
fold=4 label=2 | epoch 080 | train loss: 0.6353 bal_acc: 0.68 acc: 0.68 | val loss: 0.6648 bal_loss: 0.6648 bal_acc: 0.60 acc: 0.60
fold=4 label=2 | epoch 090 | train loss: 0.6224 bal_acc: 0.76 acc: 0.76 | val loss: 0.6610 bal_loss: 0.6610 bal_acc: 0.60 acc: 0.60
fold=4 label=2 | epoch 100 | train loss: 0.6078 bal_acc: 0.71 acc: 0.71 | val loss: 0.6554 bal_loss: 0.6554 bal_acc: 0.60 acc: 0.60

fold=4 label=1_vs_3
Binary labels: class0=label1 class1=label3
Binary label distribution:
  train: class0=60 class1=60 total=120
  val:   class0=20 class1=20 total=40
  test:  class0=20 class1=20 total=40
Original labels in this split:
  train: label0=0 label1=60 label2=0 label3=60 label4=0 total=120
  val:   label0=0 label1=20 label2=0 label3=20 label4=0 total=40
  test:  label0=0 label1=20 label2=0 label3=20 label4=0 total=40
fold=4 label=1_vs_3 | epoch 001 | train loss: 0.6864 bal_acc: 0.52 acc: 0.52 | val loss: 0.7010 bal_loss: 0.7010 bal_acc: 0.50 acc: 0.50
fold=4 label=1_vs_3 | epoch 010 | train loss: 0.6690 bal_acc: 0.63 acc: 0.63 | val loss: 0.7060 bal_loss: 0.7060 bal_acc: 0.48 acc: 0.47
fold=4 label=1_vs_3 | epoch 020 | train loss: 0.6546 bal_acc: 0.65 acc: 0.65 | val loss: 0.7081 bal_loss: 0.7081 bal_acc: 0.47 acc: 0.47
fold=4 label=1_vs_3 | epoch 030 | train loss: 0.6383 bal_acc: 0.67 acc: 0.67 | val loss: 0.7116 bal_loss: 0.7116 bal_acc: 0.45 acc: 0.45
fold=4 label=1_vs_3 | epoch 040 | train loss: 0.6220 bal_acc: 0.73 acc: 0.73 | val loss: 0.7225 bal_loss: 0.7225 bal_acc: 0.45 acc: 0.45
fold=4 label=1_vs_3 | epoch 050 | train loss: 0.6012 bal_acc: 0.69 acc: 0.69 | val loss: 0.7458 bal_loss: 0.7458 bal_acc: 0.43 acc: 0.42
fold=4 label=1_vs_3 | epoch 060 | train loss: 0.5876 bal_acc: 0.71 acc: 0.71 | val loss: 0.7684 bal_loss: 0.7684 bal_acc: 0.43 acc: 0.42
fold=4 label=1_vs_3 | epoch 070 | train loss: 0.5776 bal_acc: 0.70 acc: 0.70 | val loss: 0.7937 bal_loss: 0.7937 bal_acc: 0.38 acc: 0.38
fold=4 label=1_vs_3 | epoch 080 | train loss: 0.5265 bal_acc: 0.80 acc: 0.80 | val loss: 0.8220 bal_loss: 0.8220 bal_acc: 0.40 acc: 0.40
fold=4 label=1_vs_3 | epoch 090 | train loss: 0.5216 bal_acc: 0.77 acc: 0.77 | val loss: 0.8458 bal_loss: 0.8458 bal_acc: 0.38 acc: 0.38
fold=4 label=1_vs_3 | epoch 100 | train loss: 0.5014 bal_acc: 0.79 acc: 0.79 | val loss: 0.8776 bal_loss: 0.8776 bal_acc: 0.38 acc: 0.38

--- fold 5/5: train=300 val=100 test=100 ---

fold=5 label=0
Binary label distribution:
  train: class0=60 class1=60 total=120
  val:   class0=20 class1=20 total=40
  test:  class0=20 class1=20 total=40
Original labels in this split:
  train: label0=60 label1=15 label2=15 label3=15 label4=15 total=120
  val:   label0=20 label1=5 label2=5 label3=5 label4=5 total=40
  test:  label0=20 label1=5 label2=5 label3=5 label4=5 total=40
fold=5 label=0 | epoch 001 | train loss: 0.6933 bal_acc: 0.50 acc: 0.50 | val loss: 0.6981 bal_loss: 0.6981 bal_acc: 0.50 acc: 0.50
fold=5 label=0 | epoch 010 | train loss: 0.6893 bal_acc: 0.52 acc: 0.52 | val loss: 0.7071 bal_loss: 0.7071 bal_acc: 0.45 acc: 0.45
fold=5 label=0 | epoch 020 | train loss: 0.6814 bal_acc: 0.57 acc: 0.57 | val loss: 0.7103 bal_loss: 0.7103 bal_acc: 0.45 acc: 0.45
fold=5 label=0 | epoch 030 | train loss: 0.6768 bal_acc: 0.60 acc: 0.60 | val loss: 0.7128 bal_loss: 0.7128 bal_acc: 0.40 acc: 0.40
fold=5 label=0 | epoch 040 | train loss: 0.6720 bal_acc: 0.58 acc: 0.58 | val loss: 0.7105 bal_loss: 0.7105 bal_acc: 0.40 acc: 0.40
fold=5 label=0 | epoch 050 | train loss: 0.6555 bal_acc: 0.60 acc: 0.60 | val loss: 0.7129 bal_loss: 0.7129 bal_acc: 0.38 acc: 0.38
fold=5 label=0 | epoch 060 | train loss: 0.6327 bal_acc: 0.69 acc: 0.69 | val loss: 0.7139 bal_loss: 0.7139 bal_acc: 0.45 acc: 0.45
fold=5 label=0 | epoch 070 | train loss: 0.6353 bal_acc: 0.65 acc: 0.65 | val loss: 0.7141 bal_loss: 0.7141 bal_acc: 0.43 acc: 0.42
fold=5 label=0 | epoch 080 | train loss: 0.5938 bal_acc: 0.68 acc: 0.68 | val loss: 0.7086 bal_loss: 0.7086 bal_acc: 0.50 acc: 0.50
fold=5 label=0 | epoch 090 | train loss: 0.5664 bal_acc: 0.78 acc: 0.78 | val loss: 0.7066 bal_loss: 0.7066 bal_acc: 0.47 acc: 0.47
fold=5 label=0 | epoch 100 | train loss: 0.5513 bal_acc: 0.79 acc: 0.79 | val loss: 0.7240 bal_loss: 0.7240 bal_acc: 0.47 acc: 0.47

fold=5 label=2
Binary label distribution:
  train: class0=60 class1=60 total=120
  val:   class0=20 class1=20 total=40
  test:  class0=20 class1=20 total=40
Original labels in this split:
  train: label0=15 label1=15 label2=60 label3=15 label4=15 total=120
  val:   label0=5 label1=5 label2=20 label3=5 label4=5 total=40
  test:  label0=5 label1=5 label2=20 label3=5 label4=5 total=40
fold=5 label=2 | epoch 001 | train loss: 0.7001 bal_acc: 0.49 acc: 0.49 | val loss: 0.7023 bal_loss: 0.7023 bal_acc: 0.50 acc: 0.50
fold=5 label=2 | epoch 010 | train loss: 0.6882 bal_acc: 0.52 acc: 0.52 | val loss: 0.7117 bal_loss: 0.7117 bal_acc: 0.47 acc: 0.47
fold=5 label=2 | epoch 020 | train loss: 0.6760 bal_acc: 0.63 acc: 0.63 | val loss: 0.7171 bal_loss: 0.7171 bal_acc: 0.55 acc: 0.55
fold=5 label=2 | epoch 030 | train loss: 0.6607 bal_acc: 0.63 acc: 0.63 | val loss: 0.7306 bal_loss: 0.7306 bal_acc: 0.62 acc: 0.62
fold=5 label=2 | epoch 040 | train loss: 0.6576 bal_acc: 0.60 acc: 0.60 | val loss: 0.7464 bal_loss: 0.7464 bal_acc: 0.60 acc: 0.60
fold=5 label=2 | epoch 050 | train loss: 0.6235 bal_acc: 0.71 acc: 0.71 | val loss: 0.7618 bal_loss: 0.7618 bal_acc: 0.60 acc: 0.60
fold=5 label=2 | epoch 060 | train loss: 0.6128 bal_acc: 0.73 acc: 0.73 | val loss: 0.7873 bal_loss: 0.7873 bal_acc: 0.60 acc: 0.60
fold=5 label=2 | epoch 070 | train loss: 0.5728 bal_acc: 0.75 acc: 0.75 | val loss: 0.7927 bal_loss: 0.7927 bal_acc: 0.60 acc: 0.60
fold=5 label=2 | epoch 080 | train loss: 0.5537 bal_acc: 0.77 acc: 0.77 | val loss: 0.8203 bal_loss: 0.8203 bal_acc: 0.62 acc: 0.62
fold=5 label=2 | epoch 090 | train loss: 0.5673 bal_acc: 0.74 acc: 0.74 | val loss: 0.8401 bal_loss: 0.8401 bal_acc: 0.60 acc: 0.60
fold=5 label=2 | epoch 100 | train loss: 0.5133 bal_acc: 0.77 acc: 0.77 | val loss: 0.8605 bal_loss: 0.8605 bal_acc: 0.57 acc: 0.57

fold=5 label=1_vs_3
Binary labels: class0=label1 class1=label3
Binary label distribution:
  train: class0=60 class1=60 total=120
  val:   class0=20 class1=20 total=40
  test:  class0=20 class1=20 total=40
Original labels in this split:
  train: label0=0 label1=60 label2=0 label3=60 label4=0 total=120
  val:   label0=0 label1=20 label2=0 label3=20 label4=0 total=40
  test:  label0=0 label1=20 label2=0 label3=20 label4=0 total=40
fold=5 label=1_vs_3 | epoch 001 | train loss: 0.6978 bal_acc: 0.49 acc: 0.49 | val loss: 0.6921 bal_loss: 0.6921 bal_acc: 0.50 acc: 0.50
fold=5 label=1_vs_3 | epoch 010 | train loss: 0.6742 bal_acc: 0.59 acc: 0.59 | val loss: 0.6589 bal_loss: 0.6589 bal_acc: 0.55 acc: 0.55
fold=5 label=1_vs_3 | epoch 020 | train loss: 0.6631 bal_acc: 0.62 acc: 0.62 | val loss: 0.6438 bal_loss: 0.6438 bal_acc: 0.60 acc: 0.60
fold=5 label=1_vs_3 | epoch 030 | train loss: 0.6540 bal_acc: 0.66 acc: 0.66 | val loss: 0.6342 bal_loss: 0.6342 bal_acc: 0.65 acc: 0.65
fold=5 label=1_vs_3 | epoch 040 | train loss: 0.6371 bal_acc: 0.66 acc: 0.66 | val loss: 0.6281 bal_loss: 0.6281 bal_acc: 0.70 acc: 0.70
fold=5 label=1_vs_3 | epoch 050 | train loss: 0.6107 bal_acc: 0.66 acc: 0.66 | val loss: 0.6263 bal_loss: 0.6263 bal_acc: 0.73 acc: 0.72
fold=5 label=1_vs_3 | epoch 060 | train loss: 0.5976 bal_acc: 0.71 acc: 0.71 | val loss: 0.6278 bal_loss: 0.6278 bal_acc: 0.73 acc: 0.72
fold=5 label=1_vs_3 | epoch 070 | train loss: 0.5927 bal_acc: 0.70 acc: 0.70 | val loss: 0.6282 bal_loss: 0.6282 bal_acc: 0.68 acc: 0.68
fold=5 label=1_vs_3 | epoch 080 | train loss: 0.5533 bal_acc: 0.72 acc: 0.72 | val loss: 0.6367 bal_loss: 0.6367 bal_acc: 0.65 acc: 0.65
fold=5 label=1_vs_3 | epoch 090 | train loss: 0.5246 bal_acc: 0.83 acc: 0.82 | val loss: 0.6521 bal_loss: 0.6521 bal_acc: 0.60 acc: 0.60
fold=5 label=1_vs_3 | epoch 100 | train loss: 0.5174 bal_acc: 0.78 acc: 0.78 | val loss: 0.6683 bal_loss: 0.6683 bal_acc: 0.60 acc: 0.60

5-fold cross-validation summary
y_0: test bal_loss=0.696 +/- 0.028 | bal_acc=0.530 +/- 0.053 | test acc=0.530 +/- 0.053
y_2: test bal_loss=0.712 +/- 0.029 | bal_acc=0.515 +/- 0.020 | test acc=0.515 +/- 0.020
y_1_vs_3: test bal_loss=0.692 +/- 0.051 | bal_acc=0.575 +/- 0.067 | test acc=0.575 +/- 0.067
Cross-validation CSV: ./checkpoints_eegnet_randomsplit/20260625_172319/cross_validation.csv

Saved to: ./checkpoints_eegnet_randomsplit/20260625_172319
