Training configuration
  config=./configs/train_config_v3.json
  model=shallownet
  patient=sub1_hjlee
  day=260602
  max_folds=5
  print_layer_shapes=True
  data_dir=./data/processed/sub1_hjlee/260602
  input_file=X_eeg.npy
  emg_file=X_emg.npy
  checkpoint_root=./checkpoints/sub1_hjlee_nogit/v4_sub1_shallownet_all_days
  epochs=500
  batch_size=16
  lr=1e-05
  weight_decay=0.0001
  patience=100
  seed=42
  val_test_ratio=0.2
  weighted_sampler=True
  emg_feature_dim=64
  run_window_diagnostic=False
  window_size=256
  window_stride=128
  balance_rest_to_target=False
  run_5fold_cross_validation=True
  selection_metric=balanced_loss

Loading X_eeg.npy...
Loading X_emg.npy...
Device: cuda | X: (500, 64, 1000) | X_emg: (500, 2, 1000) | run: ./checkpoints/sub1_hjlee_nogit/v4_sub1_shallownet_all_days/20260629_182530
Data split: train=300 val=100 test=100
Original label distribution:
  train: label0=60 label1=60 label2=60 label3=60 label4=60 total=300
  val:   label0=20 label1=20 label2=20 label3=20 label4=20 total=100
  test:  label0=20 label1=20 label2=20 label3=20 label4=20 total=100

=== 5-fold cross-validation (running 5 fold(s)) ===

--- fold 1/5: train=300 val=100 test=100 ---

fold=1 label=0
Binary label distribution:
  train: class0=60 class1=240 total=300
  val:   class0=20 class1=80 total=100
  test:  class0=20 class1=80 total=100
Original labels in this split:
  train: label0=60 label1=60 label2=60 label3=60 label4=60 total=300
  val:   label0=20 label1=20 label2=20 label3=20 label4=20 total=100
  test:  label0=20 label1=20 label2=20 label3=20 label4=20 total=100

Model shape diagnostic
  EEG input: (16, 64, 1000)
  EMG input: (16, 2, 1000)
  EEG layer ensuredims: (16, 64, 1000, 1)
  EEG layer dimshuffle: (16, 1, 1000, 64)
  EEG layer bnorm: (16, 40, 976, 1)
  EEG layer conv_nonlin_exp: (16, 40, 976, 1)
  EEG layer pool: (16, 40, 61, 1)
  EEG layer pool_nonlin_exp: (16, 40, 61, 1)
  EEG layer drop: (16, 40, 61, 1)
  EEG layer final_layer.conv_classifier: (16, 2, 1, 1)
  EEG layer final_layer.squeeze.squeeze: (16, 2, 1)
  EEG feature vector: (16, 2440)
  EMG feature vector: (16, 64)
fold=1 label=0 | epoch 001 | train loss: 0.8940 bal_acc: 0.53 acc: 0.53 | val loss: 1.3853 bal_loss: 0.9709 bal_acc: 0.50 acc: 0.23
fold=1 label=0 | epoch 010 | train loss: 0.7111 bal_acc: 0.58 acc: 0.58 | val loss: 0.7069 bal_loss: 0.7224 bal_acc: 0.50 acc: 0.53
fold=1 label=0 | epoch 020 | train loss: 0.6431 bal_acc: 0.64 acc: 0.64 | val loss: 0.6777 bal_loss: 0.7297 bal_acc: 0.56 acc: 0.60
fold=1 label=0 | epoch 030 | train loss: 0.4931 bal_acc: 0.76 acc: 0.76 | val loss: 0.6518 bal_loss: 0.7117 bal_acc: 0.58 acc: 0.63
fold=1 label=0 | epoch 040 | train loss: 0.5193 bal_acc: 0.74 acc: 0.74 | val loss: 0.6275 bal_loss: 0.7231 bal_acc: 0.52 acc: 0.62
fold=1 label=0 | epoch 050 | train loss: 0.4388 bal_acc: 0.79 acc: 0.79 | val loss: 0.6187 bal_loss: 0.7340 bal_acc: 0.52 acc: 0.63
fold=1 label=0 | epoch 060 | train loss: 0.4214 bal_acc: 0.81 acc: 0.81 | val loss: 0.6189 bal_loss: 0.7260 bal_acc: 0.54 acc: 0.65
fold=1 label=0 | epoch 070 | train loss: 0.3188 bal_acc: 0.91 acc: 0.91 | val loss: 0.5959 bal_loss: 0.7632 bal_acc: 0.53 acc: 0.67
fold=1 label=0 | epoch 080 | train loss: 0.2967 bal_acc: 0.91 acc: 0.91 | val loss: 0.6192 bal_loss: 0.7653 bal_acc: 0.54 acc: 0.65
fold=1 label=0 | epoch 090 | train loss: 0.2374 bal_acc: 0.95 acc: 0.95 | val loss: 0.5778 bal_loss: 0.7670 bal_acc: 0.55 acc: 0.67
fold=1 label=0 | epoch 100 | train loss: 0.2498 bal_acc: 0.93 acc: 0.93 | val loss: 0.6136 bal_loss: 0.7888 bal_acc: 0.52 acc: 0.65
fold=1 label=0 | epoch 110 | train loss: 0.1977 bal_acc: 0.96 acc: 0.96 | val loss: 0.5841 bal_loss: 0.8127 bal_acc: 0.53 acc: 0.67
fold=1 label=0 | epoch 120 | train loss: 0.1527 bal_acc: 0.99 acc: 0.99 | val loss: 0.5698 bal_loss: 0.8626 bal_acc: 0.54 acc: 0.71

fold=1 label=2
Binary label distribution:
  train: class0=60 class1=240 total=300
  val:   class0=20 class1=80 total=100
  test:  class0=20 class1=80 total=100
Original labels in this split:
  train: label0=60 label1=60 label2=60 label3=60 label4=60 total=300
  val:   label0=20 label1=20 label2=20 label3=20 label4=20 total=100
  test:  label0=20 label1=20 label2=20 label3=20 label4=20 total=100
fold=1 label=2 | epoch 001 | train loss: 0.8244 bal_acc: 0.59 acc: 0.59 | val loss: 1.2093 bal_loss: 0.9119 bal_acc: 0.50 acc: 0.26
fold=1 label=2 | epoch 010 | train loss: 0.7123 bal_acc: 0.59 acc: 0.59 | val loss: 0.7061 bal_loss: 0.7982 bal_acc: 0.44 acc: 0.56
fold=1 label=2 | epoch 020 | train loss: 0.6071 bal_acc: 0.67 acc: 0.67 | val loss: 0.6945 bal_loss: 0.7839 bal_acc: 0.45 acc: 0.57
fold=1 label=2 | epoch 030 | train loss: 0.5467 bal_acc: 0.72 acc: 0.72 | val loss: 0.6443 bal_loss: 0.7632 bal_acc: 0.52 acc: 0.65
fold=1 label=2 | epoch 040 | train loss: 0.5244 bal_acc: 0.75 acc: 0.75 | val loss: 0.6899 bal_loss: 0.7497 bal_acc: 0.53 acc: 0.58
fold=1 label=2 | epoch 050 | train loss: 0.4225 bal_acc: 0.83 acc: 0.82 | val loss: 0.6454 bal_loss: 0.7521 bal_acc: 0.47 acc: 0.61
fold=1 label=2 | epoch 060 | train loss: 0.3809 bal_acc: 0.87 acc: 0.87 | val loss: 0.6356 bal_loss: 0.7838 bal_acc: 0.48 acc: 0.62
fold=1 label=2 | epoch 070 | train loss: 0.3417 bal_acc: 0.89 acc: 0.89 | val loss: 0.6672 bal_loss: 0.7797 bal_acc: 0.43 acc: 0.57
fold=1 label=2 | epoch 080 | train loss: 0.2790 bal_acc: 0.92 acc: 0.92 | val loss: 0.6259 bal_loss: 0.7975 bal_acc: 0.47 acc: 0.63
fold=1 label=2 | epoch 090 | train loss: 0.2917 bal_acc: 0.90 acc: 0.90 | val loss: 0.6439 bal_loss: 0.8052 bal_acc: 0.46 acc: 0.61
fold=1 label=2 | epoch 100 | train loss: 0.2310 bal_acc: 0.94 acc: 0.94 | val loss: 0.6529 bal_loss: 0.8353 bal_acc: 0.49 acc: 0.64
fold=1 label=2 | epoch 110 | train loss: 0.2294 bal_acc: 0.94 acc: 0.94 | val loss: 0.6374 bal_loss: 0.8705 bal_acc: 0.47 acc: 0.64
fold=1 label=2 | epoch 120 | train loss: 0.1851 bal_acc: 0.95 acc: 0.95 | val loss: 0.6414 bal_loss: 0.9081 bal_acc: 0.49 acc: 0.67
fold=1 label=2 | epoch 130 | train loss: 0.1455 bal_acc: 0.98 acc: 0.98 | val loss: 0.6551 bal_loss: 0.9934 bal_acc: 0.48 acc: 0.67

fold=1 label=1_vs_3
Binary labels: class0=label1 class1=label3
Binary label distribution:
  train: class0=60 class1=60 total=120
  val:   class0=20 class1=20 total=40
  test:  class0=20 class1=20 total=40
Original labels in this split:
  train: label0=0 label1=60 label2=0 label3=60 label4=0 total=120
  val:   label0=0 label1=20 label2=0 label3=20 label4=0 total=40
  test:  label0=0 label1=20 label2=0 label3=20 label4=0 total=40
fold=1 label=1_vs_3 | epoch 001 | train loss: 0.7645 bal_acc: 0.52 acc: 0.52 | val loss: 1.3223 bal_loss: 1.3223 bal_acc: 0.47 acc: 0.47
fold=1 label=1_vs_3 | epoch 010 | train loss: 0.7945 bal_acc: 0.57 acc: 0.57 | val loss: 0.8567 bal_loss: 0.8567 bal_acc: 0.45 acc: 0.45
fold=1 label=1_vs_3 | epoch 020 | train loss: 0.6713 bal_acc: 0.64 acc: 0.64 | val loss: 0.8378 bal_loss: 0.8378 bal_acc: 0.48 acc: 0.47
fold=1 label=1_vs_3 | epoch 030 | train loss: 0.6104 bal_acc: 0.67 acc: 0.68 | val loss: 0.7700 bal_loss: 0.7700 bal_acc: 0.57 acc: 0.57
fold=1 label=1_vs_3 | epoch 040 | train loss: 0.5699 bal_acc: 0.77 acc: 0.77 | val loss: 0.7523 bal_loss: 0.7523 bal_acc: 0.52 acc: 0.53
fold=1 label=1_vs_3 | epoch 050 | train loss: 0.5297 bal_acc: 0.77 acc: 0.77 | val loss: 0.7564 bal_loss: 0.7564 bal_acc: 0.58 acc: 0.57
fold=1 label=1_vs_3 | epoch 060 | train loss: 0.5427 bal_acc: 0.73 acc: 0.73 | val loss: 0.7539 bal_loss: 0.7539 bal_acc: 0.52 acc: 0.53
fold=1 label=1_vs_3 | epoch 070 | train loss: 0.4596 bal_acc: 0.78 acc: 0.78 | val loss: 0.7276 bal_loss: 0.7276 bal_acc: 0.55 acc: 0.55
fold=1 label=1_vs_3 | epoch 080 | train loss: 0.4733 bal_acc: 0.78 acc: 0.78 | val loss: 0.7497 bal_loss: 0.7497 bal_acc: 0.52 acc: 0.53
fold=1 label=1_vs_3 | epoch 090 | train loss: 0.4351 bal_acc: 0.83 acc: 0.82 | val loss: 0.7476 bal_loss: 0.7476 bal_acc: 0.52 acc: 0.53
fold=1 label=1_vs_3 | epoch 100 | train loss: 0.3691 bal_acc: 0.83 acc: 0.83 | val loss: 0.7684 bal_loss: 0.7684 bal_acc: 0.55 acc: 0.55
fold=1 label=1_vs_3 | epoch 110 | train loss: 0.3552 bal_acc: 0.86 acc: 0.86 | val loss: 0.7678 bal_loss: 0.7678 bal_acc: 0.50 acc: 0.50
fold=1 label=1_vs_3 | epoch 120 | train loss: 0.3051 bal_acc: 0.93 acc: 0.93 | val loss: 0.7702 bal_loss: 0.7702 bal_acc: 0.47 acc: 0.47
fold=1 label=1_vs_3 | epoch 130 | train loss: 0.3596 bal_acc: 0.87 acc: 0.88 | val loss: 0.7528 bal_loss: 0.7528 bal_acc: 0.55 acc: 0.55
fold=1 label=1_vs_3 | epoch 140 | train loss: 0.3024 bal_acc: 0.91 acc: 0.91 | val loss: 0.7434 bal_loss: 0.7434 bal_acc: 0.52 acc: 0.53
fold=1 label=1_vs_3 | epoch 150 | train loss: 0.2664 bal_acc: 0.92 acc: 0.92 | val loss: 0.7524 bal_loss: 0.7524 bal_acc: 0.55 acc: 0.55
fold=1 label=1_vs_3 | epoch 160 | train loss: 0.2742 bal_acc: 0.90 acc: 0.90 | val loss: 0.7673 bal_loss: 0.7673 bal_acc: 0.52 acc: 0.53

--- fold 2/5: train=300 val=100 test=100 ---

fold=2 label=0
Binary label distribution:
  train: class0=60 class1=240 total=300
  val:   class0=20 class1=80 total=100
  test:  class0=20 class1=80 total=100
Original labels in this split:
  train: label0=60 label1=60 label2=60 label3=60 label4=60 total=300
  val:   label0=20 label1=20 label2=20 label3=20 label4=20 total=100
  test:  label0=20 label1=20 label2=20 label3=20 label4=20 total=100
fold=2 label=0 | epoch 001 | train loss: 0.8582 bal_acc: 0.52 acc: 0.52 | val loss: 1.3703 bal_loss: 0.9774 bal_acc: 0.50 acc: 0.23
fold=2 label=0 | epoch 010 | train loss: 0.7310 bal_acc: 0.59 acc: 0.59 | val loss: 0.7316 bal_loss: 0.7970 bal_acc: 0.41 acc: 0.51
fold=2 label=0 | epoch 020 | train loss: 0.5831 bal_acc: 0.69 acc: 0.69 | val loss: 0.7311 bal_loss: 0.8332 bal_acc: 0.43 acc: 0.53
fold=2 label=0 | epoch 030 | train loss: 0.5102 bal_acc: 0.76 acc: 0.76 | val loss: 0.7054 bal_loss: 0.8480 bal_acc: 0.44 acc: 0.59
fold=2 label=0 | epoch 040 | train loss: 0.4654 bal_acc: 0.77 acc: 0.77 | val loss: 0.6977 bal_loss: 0.8689 bal_acc: 0.39 acc: 0.59
fold=2 label=0 | epoch 050 | train loss: 0.3987 bal_acc: 0.86 acc: 0.86 | val loss: 0.7095 bal_loss: 0.8922 bal_acc: 0.39 acc: 0.57
fold=2 label=0 | epoch 060 | train loss: 0.3905 bal_acc: 0.86 acc: 0.86 | val loss: 0.6918 bal_loss: 0.9128 bal_acc: 0.40 acc: 0.61
fold=2 label=0 | epoch 070 | train loss: 0.2981 bal_acc: 0.91 acc: 0.91 | val loss: 0.7296 bal_loss: 0.9732 bal_acc: 0.40 acc: 0.61
fold=2 label=0 | epoch 080 | train loss: 0.2707 bal_acc: 0.93 acc: 0.93 | val loss: 0.7539 bal_loss: 1.0092 bal_acc: 0.40 acc: 0.61
fold=2 label=0 | epoch 090 | train loss: 0.2616 bal_acc: 0.92 acc: 0.92 | val loss: 0.8043 bal_loss: 1.0441 bal_acc: 0.41 acc: 0.63
fold=2 label=0 | epoch 100 | train loss: 0.2257 bal_acc: 0.95 acc: 0.95 | val loss: 0.8475 bal_loss: 1.0815 bal_acc: 0.43 acc: 0.66

fold=2 label=2
Binary label distribution:
  train: class0=60 class1=240 total=300
  val:   class0=20 class1=80 total=100
  test:  class0=20 class1=80 total=100
Original labels in this split:
  train: label0=60 label1=60 label2=60 label3=60 label4=60 total=300
  val:   label0=20 label1=20 label2=20 label3=20 label4=20 total=100
  test:  label0=20 label1=20 label2=20 label3=20 label4=20 total=100
fold=2 label=2 | epoch 001 | train loss: 0.8497 bal_acc: 0.53 acc: 0.53 | val loss: 1.1387 bal_loss: 0.8298 bal_acc: 0.51 acc: 0.25
fold=2 label=2 | epoch 010 | train loss: 0.6928 bal_acc: 0.60 acc: 0.60 | val loss: 0.7036 bal_loss: 0.7110 bal_acc: 0.53 acc: 0.55
fold=2 label=2 | epoch 020 | train loss: 0.5429 bal_acc: 0.75 acc: 0.75 | val loss: 0.7221 bal_loss: 0.7323 bal_acc: 0.51 acc: 0.55
fold=2 label=2 | epoch 030 | train loss: 0.4942 bal_acc: 0.79 acc: 0.79 | val loss: 0.7005 bal_loss: 0.7728 bal_acc: 0.54 acc: 0.62
fold=2 label=2 | epoch 040 | train loss: 0.4422 bal_acc: 0.80 acc: 0.80 | val loss: 0.6904 bal_loss: 0.7635 bal_acc: 0.56 acc: 0.63
fold=2 label=2 | epoch 050 | train loss: 0.4222 bal_acc: 0.83 acc: 0.83 | val loss: 0.6795 bal_loss: 0.7651 bal_acc: 0.54 acc: 0.66
fold=2 label=2 | epoch 060 | train loss: 0.3718 bal_acc: 0.87 acc: 0.87 | val loss: 0.6895 bal_loss: 0.7946 bal_acc: 0.56 acc: 0.66
fold=2 label=2 | epoch 070 | train loss: 0.3302 bal_acc: 0.89 acc: 0.89 | val loss: 0.6797 bal_loss: 0.7772 bal_acc: 0.56 acc: 0.65
fold=2 label=2 | epoch 080 | train loss: 0.2928 bal_acc: 0.91 acc: 0.91 | val loss: 0.6943 bal_loss: 0.8321 bal_acc: 0.54 acc: 0.63
fold=2 label=2 | epoch 090 | train loss: 0.2786 bal_acc: 0.92 acc: 0.92 | val loss: 0.6866 bal_loss: 0.8556 bal_acc: 0.56 acc: 0.66
fold=2 label=2 | epoch 100 | train loss: 0.2356 bal_acc: 0.93 acc: 0.93 | val loss: 0.7022 bal_loss: 0.8643 bal_acc: 0.54 acc: 0.63

fold=2 label=1_vs_3
Binary labels: class0=label1 class1=label3
Binary label distribution:
  train: class0=60 class1=60 total=120
  val:   class0=20 class1=20 total=40
  test:  class0=20 class1=20 total=40
Original labels in this split:
  train: label0=0 label1=60 label2=0 label3=60 label4=0 total=120
  val:   label0=0 label1=20 label2=0 label3=20 label4=0 total=40
  test:  label0=0 label1=20 label2=0 label3=20 label4=0 total=40
fold=2 label=1_vs_3 | epoch 001 | train loss: 0.9024 bal_acc: 0.50 acc: 0.50 | val loss: 1.0972 bal_loss: 1.0972 bal_acc: 0.47 acc: 0.47
fold=2 label=1_vs_3 | epoch 010 | train loss: 0.8287 bal_acc: 0.54 acc: 0.54 | val loss: 0.6747 bal_loss: 0.6747 bal_acc: 0.55 acc: 0.55
fold=2 label=1_vs_3 | epoch 020 | train loss: 0.7506 bal_acc: 0.56 acc: 0.56 | val loss: 0.6725 bal_loss: 0.6725 bal_acc: 0.65 acc: 0.65
fold=2 label=1_vs_3 | epoch 030 | train loss: 0.6181 bal_acc: 0.68 acc: 0.68 | val loss: 0.6631 bal_loss: 0.6631 bal_acc: 0.60 acc: 0.60
fold=2 label=1_vs_3 | epoch 040 | train loss: 0.6186 bal_acc: 0.67 acc: 0.67 | val loss: 0.6781 bal_loss: 0.6781 bal_acc: 0.62 acc: 0.62
fold=2 label=1_vs_3 | epoch 050 | train loss: 0.5585 bal_acc: 0.71 acc: 0.71 | val loss: 0.6733 bal_loss: 0.6733 bal_acc: 0.60 acc: 0.60
fold=2 label=1_vs_3 | epoch 060 | train loss: 0.4937 bal_acc: 0.81 acc: 0.81 | val loss: 0.6996 bal_loss: 0.6996 bal_acc: 0.60 acc: 0.60
fold=2 label=1_vs_3 | epoch 070 | train loss: 0.5189 bal_acc: 0.75 acc: 0.75 | val loss: 0.7054 bal_loss: 0.7054 bal_acc: 0.57 acc: 0.57
fold=2 label=1_vs_3 | epoch 080 | train loss: 0.4476 bal_acc: 0.77 acc: 0.77 | val loss: 0.7173 bal_loss: 0.7173 bal_acc: 0.60 acc: 0.60
fold=2 label=1_vs_3 | epoch 090 | train loss: 0.4035 bal_acc: 0.83 acc: 0.82 | val loss: 0.6905 bal_loss: 0.6905 bal_acc: 0.58 acc: 0.57
fold=2 label=1_vs_3 | epoch 100 | train loss: 0.3641 bal_acc: 0.85 acc: 0.85 | val loss: 0.7116 bal_loss: 0.7116 bal_acc: 0.60 acc: 0.60
fold=2 label=1_vs_3 | epoch 110 | train loss: 0.3657 bal_acc: 0.87 acc: 0.88 | val loss: 0.7236 bal_loss: 0.7236 bal_acc: 0.60 acc: 0.60
fold=2 label=1_vs_3 | epoch 120 | train loss: 0.3196 bal_acc: 0.89 acc: 0.89 | val loss: 0.7402 bal_loss: 0.7402 bal_acc: 0.58 acc: 0.57

--- fold 3/5: train=300 val=100 test=100 ---

fold=3 label=0
Binary label distribution:
  train: class0=60 class1=240 total=300
  val:   class0=20 class1=80 total=100
  test:  class0=20 class1=80 total=100
Original labels in this split:
  train: label0=60 label1=60 label2=60 label3=60 label4=60 total=300
  val:   label0=20 label1=20 label2=20 label3=20 label4=20 total=100
  test:  label0=20 label1=20 label2=20 label3=20 label4=20 total=100
fold=3 label=0 | epoch 001 | train loss: 0.8616 bal_acc: 0.53 acc: 0.53 | val loss: 1.3204 bal_loss: 0.9580 bal_acc: 0.49 acc: 0.22
fold=3 label=0 | epoch 010 | train loss: 0.7643 bal_acc: 0.55 acc: 0.55 | val loss: 0.6771 bal_loss: 0.7464 bal_acc: 0.47 acc: 0.58
fold=3 label=0 | epoch 020 | train loss: 0.6573 bal_acc: 0.68 acc: 0.68 | val loss: 0.6732 bal_loss: 0.7297 bal_acc: 0.46 acc: 0.56
fold=3 label=0 | epoch 030 | train loss: 0.5966 bal_acc: 0.67 acc: 0.67 | val loss: 0.6228 bal_loss: 0.7220 bal_acc: 0.43 acc: 0.60
fold=3 label=0 | epoch 040 | train loss: 0.5317 bal_acc: 0.73 acc: 0.73 | val loss: 0.6106 bal_loss: 0.7346 bal_acc: 0.49 acc: 0.64
fold=3 label=0 | epoch 050 | train loss: 0.4938 bal_acc: 0.76 acc: 0.76 | val loss: 0.6252 bal_loss: 0.7281 bal_acc: 0.51 acc: 0.63
fold=3 label=0 | epoch 060 | train loss: 0.3828 bal_acc: 0.83 acc: 0.84 | val loss: 0.5951 bal_loss: 0.7656 bal_acc: 0.50 acc: 0.65
fold=3 label=0 | epoch 070 | train loss: 0.3619 bal_acc: 0.88 acc: 0.88 | val loss: 0.5716 bal_loss: 0.7883 bal_acc: 0.53 acc: 0.73
fold=3 label=0 | epoch 080 | train loss: 0.3214 bal_acc: 0.89 acc: 0.89 | val loss: 0.5885 bal_loss: 0.8062 bal_acc: 0.50 acc: 0.68
fold=3 label=0 | epoch 090 | train loss: 0.2583 bal_acc: 0.93 acc: 0.93 | val loss: 0.5731 bal_loss: 0.8437 bal_acc: 0.52 acc: 0.71
fold=3 label=0 | epoch 100 | train loss: 0.2374 bal_acc: 0.95 acc: 0.95 | val loss: 0.5695 bal_loss: 0.8398 bal_acc: 0.51 acc: 0.70
fold=3 label=0 | epoch 110 | train loss: 0.1854 bal_acc: 0.97 acc: 0.97 | val loss: 0.5692 bal_loss: 0.9136 bal_acc: 0.49 acc: 0.70
fold=3 label=0 | epoch 120 | train loss: 0.1771 bal_acc: 0.97 acc: 0.97 | val loss: 0.5781 bal_loss: 0.9576 bal_acc: 0.50 acc: 0.71
fold=3 label=0 | epoch 130 | train loss: 0.1384 bal_acc: 0.97 acc: 0.97 | val loss: 0.5923 bal_loss: 0.9620 bal_acc: 0.47 acc: 0.69
fold=3 label=0 | epoch 140 | train loss: 0.1222 bal_acc: 0.98 acc: 0.98 | val loss: 0.5940 bal_loss: 1.0045 bal_acc: 0.51 acc: 0.72

fold=3 label=2
Binary label distribution:
  train: class0=60 class1=240 total=300
  val:   class0=20 class1=80 total=100
  test:  class0=20 class1=80 total=100
Original labels in this split:
  train: label0=60 label1=60 label2=60 label3=60 label4=60 total=300
  val:   label0=20 label1=20 label2=20 label3=20 label4=20 total=100
  test:  label0=20 label1=20 label2=20 label3=20 label4=20 total=100
fold=3 label=2 | epoch 001 | train loss: 0.8156 bal_acc: 0.53 acc: 0.53 | val loss: 0.9009 bal_loss: 0.6985 bal_acc: 0.64 acc: 0.42
fold=3 label=2 | epoch 010 | train loss: 0.6692 bal_acc: 0.60 acc: 0.60 | val loss: 0.6100 bal_loss: 0.6909 bal_acc: 0.53 acc: 0.64
fold=3 label=2 | epoch 020 | train loss: 0.5979 bal_acc: 0.71 acc: 0.71 | val loss: 0.6515 bal_loss: 0.7300 bal_acc: 0.49 acc: 0.61
fold=3 label=2 | epoch 030 | train loss: 0.5292 bal_acc: 0.74 acc: 0.73 | val loss: 0.6250 bal_loss: 0.7393 bal_acc: 0.55 acc: 0.70
fold=3 label=2 | epoch 040 | train loss: 0.4894 bal_acc: 0.75 acc: 0.75 | val loss: 0.6559 bal_loss: 0.7825 bal_acc: 0.53 acc: 0.67
fold=3 label=2 | epoch 050 | train loss: 0.4444 bal_acc: 0.80 acc: 0.80 | val loss: 0.6889 bal_loss: 0.8602 bal_acc: 0.55 acc: 0.67
fold=3 label=2 | epoch 060 | train loss: 0.3936 bal_acc: 0.84 acc: 0.84 | val loss: 0.6595 bal_loss: 0.9893 bal_acc: 0.54 acc: 0.71
fold=3 label=2 | epoch 070 | train loss: 0.3139 bal_acc: 0.92 acc: 0.92 | val loss: 0.7039 bal_loss: 1.0289 bal_acc: 0.53 acc: 0.70
fold=3 label=2 | epoch 080 | train loss: 0.3271 bal_acc: 0.88 acc: 0.88 | val loss: 0.7317 bal_loss: 1.1442 bal_acc: 0.54 acc: 0.71
fold=3 label=2 | epoch 090 | train loss: 0.2329 bal_acc: 0.92 acc: 0.92 | val loss: 0.7744 bal_loss: 1.2362 bal_acc: 0.52 acc: 0.69
fold=3 label=2 | epoch 100 | train loss: 0.2283 bal_acc: 0.92 acc: 0.93 | val loss: 0.8470 bal_loss: 1.3892 bal_acc: 0.49 acc: 0.67

fold=3 label=1_vs_3
Binary labels: class0=label1 class1=label3
Binary label distribution:
  train: class0=60 class1=60 total=120
  val:   class0=20 class1=20 total=40
  test:  class0=20 class1=20 total=40
Original labels in this split:
  train: label0=0 label1=60 label2=0 label3=60 label4=0 total=120
  val:   label0=0 label1=20 label2=0 label3=20 label4=0 total=40
  test:  label0=0 label1=20 label2=0 label3=20 label4=0 total=40
fold=3 label=1_vs_3 | epoch 001 | train loss: 0.8961 bal_acc: 0.43 acc: 0.43 | val loss: 1.1939 bal_loss: 1.1939 bal_acc: 0.52 acc: 0.53
fold=3 label=1_vs_3 | epoch 010 | train loss: 0.7687 bal_acc: 0.56 acc: 0.57 | val loss: 0.7667 bal_loss: 0.7667 bal_acc: 0.55 acc: 0.55
fold=3 label=1_vs_3 | epoch 020 | train loss: 0.6363 bal_acc: 0.66 acc: 0.66 | val loss: 0.7511 bal_loss: 0.7511 bal_acc: 0.50 acc: 0.50
fold=3 label=1_vs_3 | epoch 030 | train loss: 0.5891 bal_acc: 0.71 acc: 0.71 | val loss: 0.7327 bal_loss: 0.7327 bal_acc: 0.50 acc: 0.50
fold=3 label=1_vs_3 | epoch 040 | train loss: 0.5345 bal_acc: 0.76 acc: 0.77 | val loss: 0.7239 bal_loss: 0.7239 bal_acc: 0.50 acc: 0.50
fold=3 label=1_vs_3 | epoch 050 | train loss: 0.4660 bal_acc: 0.77 acc: 0.77 | val loss: 0.7346 bal_loss: 0.7346 bal_acc: 0.55 acc: 0.55
fold=3 label=1_vs_3 | epoch 060 | train loss: 0.4751 bal_acc: 0.75 acc: 0.75 | val loss: 0.7179 bal_loss: 0.7179 bal_acc: 0.55 acc: 0.55
fold=3 label=1_vs_3 | epoch 070 | train loss: 0.3657 bal_acc: 0.84 acc: 0.84 | val loss: 0.7219 bal_loss: 0.7219 bal_acc: 0.57 acc: 0.57
fold=3 label=1_vs_3 | epoch 080 | train loss: 0.3996 bal_acc: 0.84 acc: 0.84 | val loss: 0.7276 bal_loss: 0.7276 bal_acc: 0.55 acc: 0.55
fold=3 label=1_vs_3 | epoch 090 | train loss: 0.3301 bal_acc: 0.90 acc: 0.90 | val loss: 0.7221 bal_loss: 0.7221 bal_acc: 0.58 acc: 0.57
fold=3 label=1_vs_3 | epoch 100 | train loss: 0.3355 bal_acc: 0.88 acc: 0.88 | val loss: 0.7317 bal_loss: 0.7317 bal_acc: 0.52 acc: 0.53
fold=3 label=1_vs_3 | epoch 110 | train loss: 0.3209 bal_acc: 0.88 acc: 0.88 | val loss: 0.7176 bal_loss: 0.7176 bal_acc: 0.55 acc: 0.55
fold=3 label=1_vs_3 | epoch 120 | train loss: 0.3193 bal_acc: 0.91 acc: 0.91 | val loss: 0.7377 bal_loss: 0.7377 bal_acc: 0.55 acc: 0.55
fold=3 label=1_vs_3 | epoch 130 | train loss: 0.2778 bal_acc: 0.94 acc: 0.93 | val loss: 0.7513 bal_loss: 0.7513 bal_acc: 0.52 acc: 0.53
fold=3 label=1_vs_3 | epoch 140 | train loss: 0.2104 bal_acc: 0.98 acc: 0.98 | val loss: 0.7608 bal_loss: 0.7608 bal_acc: 0.52 acc: 0.53
fold=3 label=1_vs_3 | epoch 150 | train loss: 0.2524 bal_acc: 0.92 acc: 0.92 | val loss: 0.7592 bal_loss: 0.7592 bal_acc: 0.52 acc: 0.53
fold=3 label=1_vs_3 | epoch 160 | train loss: 0.2269 bal_acc: 0.94 acc: 0.94 | val loss: 0.7932 bal_loss: 0.7932 bal_acc: 0.52 acc: 0.53
fold=3 label=1_vs_3 | epoch 170 | train loss: 0.1591 bal_acc: 1.00 acc: 1.00 | val loss: 0.7848 bal_loss: 0.7848 bal_acc: 0.52 acc: 0.53
fold=3 label=1_vs_3 | epoch 180 | train loss: 0.1501 bal_acc: 0.99 acc: 0.99 | val loss: 0.8106 bal_loss: 0.8106 bal_acc: 0.50 acc: 0.50
fold=3 label=1_vs_3 | epoch 190 | train loss: 0.1660 bal_acc: 0.97 acc: 0.97 | val loss: 0.7979 bal_loss: 0.7979 bal_acc: 0.48 acc: 0.47
fold=3 label=1_vs_3 | epoch 200 | train loss: 0.1636 bal_acc: 0.97 acc: 0.97 | val loss: 0.8155 bal_loss: 0.8155 bal_acc: 0.48 acc: 0.47

--- fold 4/5: train=300 val=100 test=100 ---

fold=4 label=0
Binary label distribution:
  train: class0=60 class1=240 total=300
  val:   class0=20 class1=80 total=100
  test:  class0=20 class1=80 total=100
Original labels in this split:
  train: label0=60 label1=60 label2=60 label3=60 label4=60 total=300
  val:   label0=20 label1=20 label2=20 label3=20 label4=20 total=100
  test:  label0=20 label1=20 label2=20 label3=20 label4=20 total=100
fold=4 label=0 | epoch 001 | train loss: 0.8460 bal_acc: 0.52 acc: 0.52 | val loss: 1.1720 bal_loss: 0.8559 bal_acc: 0.54 acc: 0.27
fold=4 label=0 | epoch 010 | train loss: 0.6991 bal_acc: 0.61 acc: 0.61 | val loss: 0.6956 bal_loss: 0.7465 bal_acc: 0.46 acc: 0.55
fold=4 label=0 | epoch 020 | train loss: 0.6011 bal_acc: 0.67 acc: 0.67 | val loss: 0.6981 bal_loss: 0.7709 bal_acc: 0.41 acc: 0.53
fold=4 label=0 | epoch 030 | train loss: 0.5174 bal_acc: 0.76 acc: 0.76 | val loss: 0.6933 bal_loss: 0.8030 bal_acc: 0.44 acc: 0.56
fold=4 label=0 | epoch 040 | train loss: 0.4855 bal_acc: 0.76 acc: 0.76 | val loss: 0.6709 bal_loss: 0.7834 bal_acc: 0.50 acc: 0.62
fold=4 label=0 | epoch 050 | train loss: 0.4813 bal_acc: 0.78 acc: 0.78 | val loss: 0.6948 bal_loss: 0.8036 bal_acc: 0.42 acc: 0.56
fold=4 label=0 | epoch 060 | train loss: 0.4015 bal_acc: 0.82 acc: 0.82 | val loss: 0.6765 bal_loss: 0.8202 bal_acc: 0.45 acc: 0.60
fold=4 label=0 | epoch 070 | train loss: 0.3351 bal_acc: 0.88 acc: 0.88 | val loss: 0.7271 bal_loss: 0.8219 bal_acc: 0.40 acc: 0.52
fold=4 label=0 | epoch 080 | train loss: 0.3127 bal_acc: 0.89 acc: 0.90 | val loss: 0.6942 bal_loss: 0.8605 bal_acc: 0.45 acc: 0.60
fold=4 label=0 | epoch 090 | train loss: 0.2731 bal_acc: 0.91 acc: 0.91 | val loss: 0.6775 bal_loss: 0.9069 bal_acc: 0.46 acc: 0.61
fold=4 label=0 | epoch 100 | train loss: 0.2688 bal_acc: 0.93 acc: 0.93 | val loss: 0.7108 bal_loss: 0.8992 bal_acc: 0.43 acc: 0.57

fold=4 label=2
Binary label distribution:
  train: class0=60 class1=240 total=300
  val:   class0=20 class1=80 total=100
  test:  class0=20 class1=80 total=100
Original labels in this split:
  train: label0=60 label1=60 label2=60 label3=60 label4=60 total=300
  val:   label0=20 label1=20 label2=20 label3=20 label4=20 total=100
  test:  label0=20 label1=20 label2=20 label3=20 label4=20 total=100
fold=4 label=2 | epoch 001 | train loss: 0.8363 bal_acc: 0.50 acc: 0.50 | val loss: 1.1846 bal_loss: 0.8559 bal_acc: 0.51 acc: 0.24
fold=4 label=2 | epoch 010 | train loss: 0.6599 bal_acc: 0.63 acc: 0.63 | val loss: 0.6413 bal_loss: 0.7633 bal_acc: 0.47 acc: 0.64
fold=4 label=2 | epoch 020 | train loss: 0.5712 bal_acc: 0.73 acc: 0.73 | val loss: 0.6667 bal_loss: 0.8072 bal_acc: 0.47 acc: 0.64
fold=4 label=2 | epoch 030 | train loss: 0.4886 bal_acc: 0.76 acc: 0.76 | val loss: 0.6895 bal_loss: 0.8483 bal_acc: 0.47 acc: 0.63
fold=4 label=2 | epoch 040 | train loss: 0.5028 bal_acc: 0.76 acc: 0.76 | val loss: 0.7337 bal_loss: 0.8481 bal_acc: 0.47 acc: 0.58
fold=4 label=2 | epoch 050 | train loss: 0.4222 bal_acc: 0.80 acc: 0.80 | val loss: 0.6900 bal_loss: 0.8959 bal_acc: 0.49 acc: 0.64
fold=4 label=2 | epoch 060 | train loss: 0.3592 bal_acc: 0.84 acc: 0.84 | val loss: 0.7203 bal_loss: 0.8410 bal_acc: 0.47 acc: 0.57
fold=4 label=2 | epoch 070 | train loss: 0.3189 bal_acc: 0.87 acc: 0.87 | val loss: 0.7400 bal_loss: 0.8789 bal_acc: 0.48 acc: 0.59
fold=4 label=2 | epoch 080 | train loss: 0.3246 bal_acc: 0.88 acc: 0.88 | val loss: 0.7294 bal_loss: 0.8752 bal_acc: 0.49 acc: 0.60
fold=4 label=2 | epoch 090 | train loss: 0.2951 bal_acc: 0.89 acc: 0.89 | val loss: 0.7233 bal_loss: 0.9138 bal_acc: 0.49 acc: 0.60
fold=4 label=2 | epoch 100 | train loss: 0.2387 bal_acc: 0.93 acc: 0.93 | val loss: 0.7291 bal_loss: 0.9596 bal_acc: 0.52 acc: 0.63

fold=4 label=1_vs_3
Binary labels: class0=label1 class1=label3
Binary label distribution:
  train: class0=60 class1=60 total=120
  val:   class0=20 class1=20 total=40
  test:  class0=20 class1=20 total=40
Original labels in this split:
  train: label0=0 label1=60 label2=0 label3=60 label4=0 total=120
  val:   label0=0 label1=20 label2=0 label3=20 label4=0 total=40
  test:  label0=0 label1=20 label2=0 label3=20 label4=0 total=40
fold=4 label=1_vs_3 | epoch 001 | train loss: 0.9484 bal_acc: 0.50 acc: 0.50 | val loss: 1.1993 bal_loss: 1.1993 bal_acc: 0.50 acc: 0.50
fold=4 label=1_vs_3 | epoch 010 | train loss: 0.7711 bal_acc: 0.57 acc: 0.57 | val loss: 0.8147 bal_loss: 0.8147 bal_acc: 0.47 acc: 0.47
fold=4 label=1_vs_3 | epoch 020 | train loss: 0.6543 bal_acc: 0.65 acc: 0.65 | val loss: 0.7928 bal_loss: 0.7928 bal_acc: 0.45 acc: 0.45
fold=4 label=1_vs_3 | epoch 030 | train loss: 0.5573 bal_acc: 0.73 acc: 0.73 | val loss: 0.7919 bal_loss: 0.7919 bal_acc: 0.45 acc: 0.45
fold=4 label=1_vs_3 | epoch 040 | train loss: 0.5507 bal_acc: 0.66 acc: 0.66 | val loss: 0.7965 bal_loss: 0.7965 bal_acc: 0.45 acc: 0.45
fold=4 label=1_vs_3 | epoch 050 | train loss: 0.4378 bal_acc: 0.83 acc: 0.83 | val loss: 0.7998 bal_loss: 0.7998 bal_acc: 0.48 acc: 0.47
fold=4 label=1_vs_3 | epoch 060 | train loss: 0.4775 bal_acc: 0.76 acc: 0.77 | val loss: 0.8210 bal_loss: 0.8210 bal_acc: 0.45 acc: 0.45
fold=4 label=1_vs_3 | epoch 070 | train loss: 0.3873 bal_acc: 0.89 acc: 0.88 | val loss: 0.8089 bal_loss: 0.8089 bal_acc: 0.50 acc: 0.50
fold=4 label=1_vs_3 | epoch 080 | train loss: 0.3576 bal_acc: 0.85 acc: 0.85 | val loss: 0.8109 bal_loss: 0.8109 bal_acc: 0.47 acc: 0.47
fold=4 label=1_vs_3 | epoch 090 | train loss: 0.3793 bal_acc: 0.85 acc: 0.85 | val loss: 0.8156 bal_loss: 0.8156 bal_acc: 0.52 acc: 0.53
fold=4 label=1_vs_3 | epoch 100 | train loss: 0.3441 bal_acc: 0.87 acc: 0.87 | val loss: 0.8195 bal_loss: 0.8195 bal_acc: 0.52 acc: 0.53
fold=4 label=1_vs_3 | epoch 110 | train loss: 0.3140 bal_acc: 0.92 acc: 0.93 | val loss: 0.8236 bal_loss: 0.8236 bal_acc: 0.50 acc: 0.50
fold=4 label=1_vs_3 | epoch 120 | train loss: 0.3094 bal_acc: 0.89 acc: 0.89 | val loss: 0.8364 bal_loss: 0.8364 bal_acc: 0.55 acc: 0.55

--- fold 5/5: train=300 val=100 test=100 ---

fold=5 label=0
Binary label distribution:
  train: class0=60 class1=240 total=300
  val:   class0=20 class1=80 total=100
  test:  class0=20 class1=80 total=100
Original labels in this split:
  train: label0=60 label1=60 label2=60 label3=60 label4=60 total=300
  val:   label0=20 label1=20 label2=20 label3=20 label4=20 total=100
  test:  label0=20 label1=20 label2=20 label3=20 label4=20 total=100
fold=5 label=0 | epoch 001 | train loss: 0.8995 bal_acc: 0.48 acc: 0.48 | val loss: 1.3473 bal_loss: 0.9315 bal_acc: 0.54 acc: 0.26
fold=5 label=0 | epoch 010 | train loss: 0.7220 bal_acc: 0.60 acc: 0.60 | val loss: 0.7296 bal_loss: 0.7087 bal_acc: 0.57 acc: 0.55
fold=5 label=0 | epoch 020 | train loss: 0.5805 bal_acc: 0.71 acc: 0.71 | val loss: 0.6834 bal_loss: 0.7004 bal_acc: 0.54 acc: 0.57
fold=5 label=0 | epoch 030 | train loss: 0.4792 bal_acc: 0.78 acc: 0.78 | val loss: 0.6740 bal_loss: 0.7129 bal_acc: 0.50 acc: 0.56
fold=5 label=0 | epoch 040 | train loss: 0.4802 bal_acc: 0.79 acc: 0.79 | val loss: 0.6404 bal_loss: 0.7079 bal_acc: 0.47 acc: 0.58
fold=5 label=0 | epoch 050 | train loss: 0.4051 bal_acc: 0.81 acc: 0.81 | val loss: 0.6510 bal_loss: 0.6808 bal_acc: 0.52 acc: 0.57
fold=5 label=0 | epoch 060 | train loss: 0.3859 bal_acc: 0.83 acc: 0.83 | val loss: 0.6296 bal_loss: 0.7111 bal_acc: 0.51 acc: 0.61
fold=5 label=0 | epoch 070 | train loss: 0.3018 bal_acc: 0.92 acc: 0.91 | val loss: 0.6610 bal_loss: 0.7208 bal_acc: 0.56 acc: 0.62
fold=5 label=0 | epoch 080 | train loss: 0.2754 bal_acc: 0.92 acc: 0.92 | val loss: 0.7008 bal_loss: 0.7973 bal_acc: 0.51 acc: 0.64
fold=5 label=0 | epoch 090 | train loss: 0.2676 bal_acc: 0.92 acc: 0.92 | val loss: 0.7713 bal_loss: 0.8382 bal_acc: 0.55 acc: 0.67
fold=5 label=0 | epoch 100 | train loss: 0.2213 bal_acc: 0.94 acc: 0.94 | val loss: 0.8739 bal_loss: 0.9015 bal_acc: 0.56 acc: 0.68
fold=5 label=0 | epoch 110 | train loss: 0.1727 bal_acc: 0.97 acc: 0.97 | val loss: 1.0193 bal_loss: 1.1018 bal_acc: 0.50 acc: 0.68
fold=5 label=0 | epoch 120 | train loss: 0.1398 bal_acc: 0.98 acc: 0.98 | val loss: 1.1570 bal_loss: 1.1588 bal_acc: 0.52 acc: 0.69

fold=5 label=2
Binary label distribution:
  train: class0=60 class1=240 total=300
  val:   class0=20 class1=80 total=100
  test:  class0=20 class1=80 total=100
Original labels in this split:
  train: label0=60 label1=60 label2=60 label3=60 label4=60 total=300
  val:   label0=20 label1=20 label2=20 label3=20 label4=20 total=100
  test:  label0=20 label1=20 label2=20 label3=20 label4=20 total=100
fold=5 label=2 | epoch 001 | train loss: 0.8192 bal_acc: 0.51 acc: 0.51 | val loss: 1.2793 bal_loss: 0.9168 bal_acc: 0.51 acc: 0.24
fold=5 label=2 | epoch 010 | train loss: 0.6831 bal_acc: 0.63 acc: 0.63 | val loss: 0.6157 bal_loss: 0.6970 bal_acc: 0.56 acc: 0.66
fold=5 label=2 | epoch 020 | train loss: 0.5512 bal_acc: 0.71 acc: 0.70 | val loss: 0.6249 bal_loss: 0.6922 bal_acc: 0.57 acc: 0.65
fold=5 label=2 | epoch 030 | train loss: 0.4641 bal_acc: 0.79 acc: 0.79 | val loss: 0.6427 bal_loss: 0.7155 bal_acc: 0.49 acc: 0.61
fold=5 label=2 | epoch 040 | train loss: 0.4139 bal_acc: 0.83 acc: 0.83 | val loss: 0.6530 bal_loss: 0.7201 bal_acc: 0.49 acc: 0.60
fold=5 label=2 | epoch 050 | train loss: 0.3751 bal_acc: 0.86 acc: 0.86 | val loss: 0.6288 bal_loss: 0.7416 bal_acc: 0.52 acc: 0.63
fold=5 label=2 | epoch 060 | train loss: 0.3219 bal_acc: 0.90 acc: 0.90 | val loss: 0.6473 bal_loss: 0.7477 bal_acc: 0.52 acc: 0.63
fold=5 label=2 | epoch 070 | train loss: 0.2937 bal_acc: 0.90 acc: 0.90 | val loss: 0.6340 bal_loss: 0.7883 bal_acc: 0.54 acc: 0.66
fold=5 label=2 | epoch 080 | train loss: 0.2477 bal_acc: 0.94 acc: 0.94 | val loss: 0.6223 bal_loss: 0.8063 bal_acc: 0.52 acc: 0.69
fold=5 label=2 | epoch 090 | train loss: 0.2224 bal_acc: 0.94 acc: 0.94 | val loss: 0.6283 bal_loss: 0.8045 bal_acc: 0.50 acc: 0.65
fold=5 label=2 | epoch 100 | train loss: 0.2254 bal_acc: 0.95 acc: 0.95 | val loss: 0.6173 bal_loss: 0.8226 bal_acc: 0.52 acc: 0.69
fold=5 label=2 | epoch 110 | train loss: 0.1869 bal_acc: 0.96 acc: 0.96 | val loss: 0.6297 bal_loss: 0.9170 bal_acc: 0.52 acc: 0.71

fold=5 label=1_vs_3
Binary labels: class0=label1 class1=label3
Binary label distribution:
  train: class0=60 class1=60 total=120
  val:   class0=20 class1=20 total=40
  test:  class0=20 class1=20 total=40
Original labels in this split:
  train: label0=0 label1=60 label2=0 label3=60 label4=0 total=120
  val:   label0=0 label1=20 label2=0 label3=20 label4=0 total=40
  test:  label0=0 label1=20 label2=0 label3=20 label4=0 total=40
fold=5 label=1_vs_3 | epoch 001 | train loss: 0.9577 bal_acc: 0.47 acc: 0.46 | val loss: 0.9929 bal_loss: 0.9929 bal_acc: 0.52 acc: 0.53
fold=5 label=1_vs_3 | epoch 010 | train loss: 0.8523 bal_acc: 0.42 acc: 0.43 | val loss: 0.6528 bal_loss: 0.6528 bal_acc: 0.62 acc: 0.62
fold=5 label=1_vs_3 | epoch 020 | train loss: 0.6458 bal_acc: 0.62 acc: 0.62 | val loss: 0.6620 bal_loss: 0.6620 bal_acc: 0.65 acc: 0.65
fold=5 label=1_vs_3 | epoch 030 | train loss: 0.5753 bal_acc: 0.76 acc: 0.75 | val loss: 0.7187 bal_loss: 0.7187 bal_acc: 0.55 acc: 0.55
fold=5 label=1_vs_3 | epoch 040 | train loss: 0.5777 bal_acc: 0.70 acc: 0.70 | val loss: 0.7155 bal_loss: 0.7155 bal_acc: 0.52 acc: 0.53
fold=5 label=1_vs_3 | epoch 050 | train loss: 0.5172 bal_acc: 0.74 acc: 0.74 | val loss: 0.7565 bal_loss: 0.7565 bal_acc: 0.50 acc: 0.50
fold=5 label=1_vs_3 | epoch 060 | train loss: 0.4367 bal_acc: 0.81 acc: 0.81 | val loss: 0.7008 bal_loss: 0.7008 bal_acc: 0.52 acc: 0.53
fold=5 label=1_vs_3 | epoch 070 | train loss: 0.4197 bal_acc: 0.80 acc: 0.80 | val loss: 0.7007 bal_loss: 0.7007 bal_acc: 0.50 acc: 0.50
fold=5 label=1_vs_3 | epoch 080 | train loss: 0.3997 bal_acc: 0.87 acc: 0.88 | val loss: 0.6684 bal_loss: 0.6684 bal_acc: 0.62 acc: 0.62
fold=5 label=1_vs_3 | epoch 090 | train loss: 0.3637 bal_acc: 0.87 acc: 0.87 | val loss: 0.7287 bal_loss: 0.7287 bal_acc: 0.52 acc: 0.53
fold=5 label=1_vs_3 | epoch 100 | train loss: 0.4211 bal_acc: 0.84 acc: 0.83 | val loss: 0.6809 bal_loss: 0.6809 bal_acc: 0.55 acc: 0.55
fold=5 label=1_vs_3 | epoch 110 | train loss: 0.3296 bal_acc: 0.89 acc: 0.89 | val loss: 0.7028 bal_loss: 0.7028 bal_acc: 0.57 acc: 0.57

Cross-validation summary (5 fold(s) run)
y_0: test bal_loss=0.749 +/- 0.042 | bal_acc=0.516 +/- 0.031 | test acc=0.556 +/- 0.089
y_2: test bal_loss=0.728 +/- 0.058 | bal_acc=0.560 +/- 0.050 | test acc=0.584 +/- 0.078
y_1_vs_3: test bal_loss=0.744 +/- 0.053 | bal_acc=0.525 +/- 0.057 | test acc=0.525 +/- 0.057
Cross-validation CSV: ./checkpoints/sub1_hjlee_nogit/v4_sub1_shallownet_all_days/20260629_182530/cross_validation.csv

Saved to: ./checkpoints/sub1_hjlee_nogit/v4_sub1_shallownet_all_days/20260629_182530
