Training configuration
  config=./configs/train_config_v3.json
  model=shallownet
  patient=sub1_hjlee
  day=260520
  max_folds=5
  print_layer_shapes=True
  data_dir=./data/processed/sub1_hjlee/260520
  input_file=X_eeg.npy
  emg_file=X_emg.npy
  checkpoint_root=./checkpoints/sub1_hjlee_nogit/v4_sub1_shallownet_all_days
  epochs=500
  batch_size=16
  lr=1e-05
  weight_decay=0.0001
  patience=100
  seed=42
  val_test_ratio=0.2
  weighted_sampler=True
  emg_feature_dim=64
  run_window_diagnostic=False
  window_size=256
  window_stride=128
  balance_rest_to_target=False
  run_5fold_cross_validation=True
  selection_metric=balanced_loss

Loading X_eeg.npy...
Loading X_emg.npy...
Device: cuda | X: (500, 64, 1000) | X_emg: (500, 2, 1000) | run: ./checkpoints/sub1_hjlee_nogit/v4_sub1_shallownet_all_days/20260629_181116
Data split: train=300 val=100 test=100
Original label distribution:
  train: label0=60 label1=60 label2=60 label3=60 label4=60 total=300
  val:   label0=20 label1=20 label2=20 label3=20 label4=20 total=100
  test:  label0=20 label1=20 label2=20 label3=20 label4=20 total=100

=== 5-fold cross-validation (running 5 fold(s)) ===

--- fold 1/5: train=300 val=100 test=100 ---

fold=1 label=0
Binary label distribution:
  train: class0=60 class1=240 total=300
  val:   class0=20 class1=80 total=100
  test:  class0=20 class1=80 total=100
Original labels in this split:
  train: label0=60 label1=60 label2=60 label3=60 label4=60 total=300
  val:   label0=20 label1=20 label2=20 label3=20 label4=20 total=100
  test:  label0=20 label1=20 label2=20 label3=20 label4=20 total=100

Model shape diagnostic
  EEG input: (16, 64, 1000)
  EMG input: (16, 2, 1000)
  EEG layer ensuredims: (16, 64, 1000, 1)
  EEG layer dimshuffle: (16, 1, 1000, 64)
  EEG layer bnorm: (16, 40, 976, 1)
  EEG layer conv_nonlin_exp: (16, 40, 976, 1)
  EEG layer pool: (16, 40, 61, 1)
  EEG layer pool_nonlin_exp: (16, 40, 61, 1)
  EEG layer drop: (16, 40, 61, 1)
  EEG layer final_layer.conv_classifier: (16, 2, 1, 1)
  EEG layer final_layer.squeeze.squeeze: (16, 2, 1)
  EEG feature vector: (16, 2440)
  EMG feature vector: (16, 64)
fold=1 label=0 | epoch 001 | train loss: 0.8472 bal_acc: 0.53 acc: 0.52 | val loss: 1.1385 bal_loss: 0.8172 bal_acc: 0.55 acc: 0.28
fold=1 label=0 | epoch 010 | train loss: 0.7047 bal_acc: 0.59 acc: 0.59 | val loss: 0.5998 bal_loss: 0.6766 bal_acc: 0.53 acc: 0.61
fold=1 label=0 | epoch 020 | train loss: 0.6172 bal_acc: 0.68 acc: 0.68 | val loss: 0.6098 bal_loss: 0.6886 bal_acc: 0.53 acc: 0.64
fold=1 label=0 | epoch 030 | train loss: 0.4913 bal_acc: 0.75 acc: 0.75 | val loss: 0.6081 bal_loss: 0.6940 bal_acc: 0.56 acc: 0.63
fold=1 label=0 | epoch 040 | train loss: 0.4327 bal_acc: 0.84 acc: 0.84 | val loss: 0.5801 bal_loss: 0.7151 bal_acc: 0.56 acc: 0.69
fold=1 label=0 | epoch 050 | train loss: 0.3641 bal_acc: 0.84 acc: 0.84 | val loss: 0.5915 bal_loss: 0.7367 bal_acc: 0.57 acc: 0.67
fold=1 label=0 | epoch 060 | train loss: 0.3341 bal_acc: 0.90 acc: 0.90 | val loss: 0.5892 bal_loss: 0.7472 bal_acc: 0.51 acc: 0.66
fold=1 label=0 | epoch 070 | train loss: 0.3052 bal_acc: 0.89 acc: 0.89 | val loss: 0.5721 bal_loss: 0.7857 bal_acc: 0.58 acc: 0.72
fold=1 label=0 | epoch 080 | train loss: 0.2703 bal_acc: 0.90 acc: 0.90 | val loss: 0.5828 bal_loss: 0.8355 bal_acc: 0.56 acc: 0.72
fold=1 label=0 | epoch 090 | train loss: 0.2444 bal_acc: 0.92 acc: 0.92 | val loss: 0.5765 bal_loss: 0.8251 bal_acc: 0.54 acc: 0.72
fold=1 label=0 | epoch 100 | train loss: 0.2307 bal_acc: 0.93 acc: 0.93 | val loss: 0.5737 bal_loss: 0.8621 bal_acc: 0.56 acc: 0.72

fold=1 label=2
Binary label distribution:
  train: class0=60 class1=240 total=300
  val:   class0=20 class1=80 total=100
  test:  class0=20 class1=80 total=100
Original labels in this split:
  train: label0=60 label1=60 label2=60 label3=60 label4=60 total=300
  val:   label0=20 label1=20 label2=20 label3=20 label4=20 total=100
  test:  label0=20 label1=20 label2=20 label3=20 label4=20 total=100
fold=1 label=2 | epoch 001 | train loss: 0.9198 bal_acc: 0.52 acc: 0.52 | val loss: 1.2977 bal_loss: 0.9624 bal_acc: 0.45 acc: 0.21
fold=1 label=2 | epoch 010 | train loss: 0.7459 bal_acc: 0.58 acc: 0.58 | val loss: 0.7173 bal_loss: 0.8120 bal_acc: 0.49 acc: 0.58
fold=1 label=2 | epoch 020 | train loss: 0.5709 bal_acc: 0.67 acc: 0.67 | val loss: 0.7195 bal_loss: 0.8170 bal_acc: 0.51 acc: 0.60
fold=1 label=2 | epoch 030 | train loss: 0.5208 bal_acc: 0.74 acc: 0.74 | val loss: 0.7314 bal_loss: 0.8301 bal_acc: 0.52 acc: 0.60
fold=1 label=2 | epoch 040 | train loss: 0.4654 bal_acc: 0.79 acc: 0.79 | val loss: 0.7180 bal_loss: 0.8264 bal_acc: 0.49 acc: 0.58
fold=1 label=2 | epoch 050 | train loss: 0.4289 bal_acc: 0.82 acc: 0.82 | val loss: 0.7059 bal_loss: 0.8581 bal_acc: 0.48 acc: 0.59
fold=1 label=2 | epoch 060 | train loss: 0.3888 bal_acc: 0.82 acc: 0.82 | val loss: 0.7043 bal_loss: 0.8495 bal_acc: 0.49 acc: 0.60
fold=1 label=2 | epoch 070 | train loss: 0.3351 bal_acc: 0.88 acc: 0.88 | val loss: 0.6832 bal_loss: 0.8762 bal_acc: 0.48 acc: 0.62
fold=1 label=2 | epoch 080 | train loss: 0.2921 bal_acc: 0.89 acc: 0.89 | val loss: 0.6949 bal_loss: 0.9299 bal_acc: 0.47 acc: 0.64
fold=1 label=2 | epoch 090 | train loss: 0.2622 bal_acc: 0.92 acc: 0.92 | val loss: 0.6974 bal_loss: 0.9381 bal_acc: 0.49 acc: 0.63
fold=1 label=2 | epoch 100 | train loss: 0.2370 bal_acc: 0.92 acc: 0.92 | val loss: 0.6901 bal_loss: 0.9434 bal_acc: 0.47 acc: 0.64
fold=1 label=2 | epoch 110 | train loss: 0.2077 bal_acc: 0.95 acc: 0.95 | val loss: 0.7283 bal_loss: 1.0025 bal_acc: 0.46 acc: 0.61

fold=1 label=1_vs_3
Binary labels: class0=label1 class1=label3
Binary label distribution:
  train: class0=60 class1=60 total=120
  val:   class0=20 class1=20 total=40
  test:  class0=20 class1=20 total=40
Original labels in this split:
  train: label0=0 label1=60 label2=0 label3=60 label4=0 total=120
  val:   label0=0 label1=20 label2=0 label3=20 label4=0 total=40
  test:  label0=0 label1=20 label2=0 label3=20 label4=0 total=40
fold=1 label=1_vs_3 | epoch 001 | train loss: 0.9180 bal_acc: 0.43 acc: 0.43 | val loss: 1.1593 bal_loss: 1.1593 bal_acc: 0.52 acc: 0.53
fold=1 label=1_vs_3 | epoch 010 | train loss: 0.7600 bal_acc: 0.57 acc: 0.57 | val loss: 0.6749 bal_loss: 0.6749 bal_acc: 0.50 acc: 0.50
fold=1 label=1_vs_3 | epoch 020 | train loss: 0.6515 bal_acc: 0.67 acc: 0.67 | val loss: 0.6362 bal_loss: 0.6362 bal_acc: 0.55 acc: 0.55
fold=1 label=1_vs_3 | epoch 030 | train loss: 0.6581 bal_acc: 0.65 acc: 0.64 | val loss: 0.6053 bal_loss: 0.6053 bal_acc: 0.73 acc: 0.72
fold=1 label=1_vs_3 | epoch 040 | train loss: 0.5590 bal_acc: 0.70 acc: 0.70 | val loss: 0.6109 bal_loss: 0.6109 bal_acc: 0.70 acc: 0.70
fold=1 label=1_vs_3 | epoch 050 | train loss: 0.4729 bal_acc: 0.78 acc: 0.78 | val loss: 0.6383 bal_loss: 0.6383 bal_acc: 0.55 acc: 0.55
fold=1 label=1_vs_3 | epoch 060 | train loss: 0.3915 bal_acc: 0.87 acc: 0.87 | val loss: 0.6271 bal_loss: 0.6271 bal_acc: 0.57 acc: 0.57
fold=1 label=1_vs_3 | epoch 070 | train loss: 0.4428 bal_acc: 0.82 acc: 0.82 | val loss: 0.6426 bal_loss: 0.6426 bal_acc: 0.58 acc: 0.57
fold=1 label=1_vs_3 | epoch 080 | train loss: 0.3935 bal_acc: 0.80 acc: 0.80 | val loss: 0.6428 bal_loss: 0.6428 bal_acc: 0.55 acc: 0.55
fold=1 label=1_vs_3 | epoch 090 | train loss: 0.3209 bal_acc: 0.89 acc: 0.88 | val loss: 0.6760 bal_loss: 0.6760 bal_acc: 0.55 acc: 0.55
fold=1 label=1_vs_3 | epoch 100 | train loss: 0.3290 bal_acc: 0.90 acc: 0.90 | val loss: 0.6375 bal_loss: 0.6375 bal_acc: 0.55 acc: 0.55
fold=1 label=1_vs_3 | epoch 110 | train loss: 0.3168 bal_acc: 0.89 acc: 0.89 | val loss: 0.6492 bal_loss: 0.6492 bal_acc: 0.58 acc: 0.57
fold=1 label=1_vs_3 | epoch 120 | train loss: 0.2566 bal_acc: 0.91 acc: 0.91 | val loss: 0.6288 bal_loss: 0.6288 bal_acc: 0.60 acc: 0.60

--- fold 2/5: train=300 val=100 test=100 ---

fold=2 label=0
Binary label distribution:
  train: class0=60 class1=240 total=300
  val:   class0=20 class1=80 total=100
  test:  class0=20 class1=80 total=100
Original labels in this split:
  train: label0=60 label1=60 label2=60 label3=60 label4=60 total=300
  val:   label0=20 label1=20 label2=20 label3=20 label4=20 total=100
  test:  label0=20 label1=20 label2=20 label3=20 label4=20 total=100
fold=2 label=0 | epoch 001 | train loss: 0.8436 bal_acc: 0.54 acc: 0.54 | val loss: 1.4537 bal_loss: 1.0195 bal_acc: 0.49 acc: 0.21
fold=2 label=0 | epoch 010 | train loss: 0.7681 bal_acc: 0.57 acc: 0.57 | val loss: 0.6898 bal_loss: 0.7700 bal_acc: 0.49 acc: 0.55
fold=2 label=0 | epoch 020 | train loss: 0.6060 bal_acc: 0.67 acc: 0.67 | val loss: 0.7176 bal_loss: 0.7644 bal_acc: 0.55 acc: 0.55
fold=2 label=0 | epoch 030 | train loss: 0.4948 bal_acc: 0.77 acc: 0.77 | val loss: 0.6546 bal_loss: 0.7653 bal_acc: 0.57 acc: 0.65
fold=2 label=0 | epoch 040 | train loss: 0.4804 bal_acc: 0.79 acc: 0.79 | val loss: 0.6476 bal_loss: 0.7628 bal_acc: 0.53 acc: 0.61
fold=2 label=0 | epoch 050 | train loss: 0.4302 bal_acc: 0.80 acc: 0.80 | val loss: 0.6207 bal_loss: 0.7691 bal_acc: 0.56 acc: 0.65
fold=2 label=0 | epoch 060 | train loss: 0.3750 bal_acc: 0.85 acc: 0.85 | val loss: 0.5908 bal_loss: 0.8252 bal_acc: 0.56 acc: 0.72
fold=2 label=0 | epoch 070 | train loss: 0.3174 bal_acc: 0.89 acc: 0.89 | val loss: 0.6024 bal_loss: 0.8238 bal_acc: 0.55 acc: 0.70
fold=2 label=0 | epoch 080 | train loss: 0.2963 bal_acc: 0.90 acc: 0.90 | val loss: 0.5898 bal_loss: 0.8435 bal_acc: 0.55 acc: 0.73
fold=2 label=0 | epoch 090 | train loss: 0.2820 bal_acc: 0.88 acc: 0.89 | val loss: 0.6025 bal_loss: 0.8167 bal_acc: 0.52 acc: 0.68
fold=2 label=0 | epoch 100 | train loss: 0.1964 bal_acc: 0.96 acc: 0.96 | val loss: 0.5903 bal_loss: 0.8575 bal_acc: 0.53 acc: 0.72
fold=2 label=0 | epoch 110 | train loss: 0.2078 bal_acc: 0.94 acc: 0.94 | val loss: 0.5942 bal_loss: 0.8869 bal_acc: 0.49 acc: 0.70
fold=2 label=0 | epoch 120 | train loss: 0.1735 bal_acc: 0.96 acc: 0.96 | val loss: 0.6334 bal_loss: 0.9642 bal_acc: 0.48 acc: 0.67
fold=2 label=0 | epoch 130 | train loss: 0.1462 bal_acc: 0.98 acc: 0.98 | val loss: 0.6188 bal_loss: 0.9400 bal_acc: 0.48 acc: 0.67

fold=2 label=2
Binary label distribution:
  train: class0=60 class1=240 total=300
  val:   class0=20 class1=80 total=100
  test:  class0=20 class1=80 total=100
Original labels in this split:
  train: label0=60 label1=60 label2=60 label3=60 label4=60 total=300
  val:   label0=20 label1=20 label2=20 label3=20 label4=20 total=100
  test:  label0=20 label1=20 label2=20 label3=20 label4=20 total=100
fold=2 label=2 | epoch 001 | train loss: 0.9720 bal_acc: 0.46 acc: 0.46 | val loss: 1.2663 bal_loss: 0.9455 bal_acc: 0.43 acc: 0.21
fold=2 label=2 | epoch 010 | train loss: 0.7423 bal_acc: 0.61 acc: 0.61 | val loss: 0.7606 bal_loss: 0.8213 bal_acc: 0.43 acc: 0.50
fold=2 label=2 | epoch 020 | train loss: 0.6092 bal_acc: 0.67 acc: 0.67 | val loss: 0.7303 bal_loss: 0.8115 bal_acc: 0.48 acc: 0.56
fold=2 label=2 | epoch 030 | train loss: 0.5208 bal_acc: 0.76 acc: 0.75 | val loss: 0.6750 bal_loss: 0.8315 bal_acc: 0.50 acc: 0.62
fold=2 label=2 | epoch 040 | train loss: 0.4551 bal_acc: 0.77 acc: 0.77 | val loss: 0.6606 bal_loss: 0.8743 bal_acc: 0.48 acc: 0.65
fold=2 label=2 | epoch 050 | train loss: 0.3911 bal_acc: 0.85 acc: 0.85 | val loss: 0.6625 bal_loss: 0.9012 bal_acc: 0.51 acc: 0.66
fold=2 label=2 | epoch 060 | train loss: 0.3652 bal_acc: 0.86 acc: 0.86 | val loss: 0.6624 bal_loss: 0.8547 bal_acc: 0.53 acc: 0.67
fold=2 label=2 | epoch 070 | train loss: 0.3379 bal_acc: 0.87 acc: 0.87 | val loss: 0.6429 bal_loss: 0.9023 bal_acc: 0.48 acc: 0.65
fold=2 label=2 | epoch 080 | train loss: 0.2991 bal_acc: 0.89 acc: 0.89 | val loss: 0.6288 bal_loss: 0.9125 bal_acc: 0.49 acc: 0.67
fold=2 label=2 | epoch 090 | train loss: 0.2987 bal_acc: 0.88 acc: 0.88 | val loss: 0.6217 bal_loss: 0.9583 bal_acc: 0.51 acc: 0.69
fold=2 label=2 | epoch 100 | train loss: 0.1811 bal_acc: 0.96 acc: 0.96 | val loss: 0.6376 bal_loss: 1.0344 bal_acc: 0.51 acc: 0.70
fold=2 label=2 | epoch 110 | train loss: 0.2098 bal_acc: 0.96 acc: 0.96 | val loss: 0.6400 bal_loss: 1.0297 bal_acc: 0.51 acc: 0.70

fold=2 label=1_vs_3
Binary labels: class0=label1 class1=label3
Binary label distribution:
  train: class0=60 class1=60 total=120
  val:   class0=20 class1=20 total=40
  test:  class0=20 class1=20 total=40
Original labels in this split:
  train: label0=0 label1=60 label2=0 label3=60 label4=0 total=120
  val:   label0=0 label1=20 label2=0 label3=20 label4=0 total=40
  test:  label0=0 label1=20 label2=0 label3=20 label4=0 total=40
fold=2 label=1_vs_3 | epoch 001 | train loss: 0.7622 bal_acc: 0.58 acc: 0.58 | val loss: 1.3508 bal_loss: 1.3508 bal_acc: 0.50 acc: 0.50
fold=2 label=1_vs_3 | epoch 010 | train loss: 0.6495 bal_acc: 0.66 acc: 0.66 | val loss: 0.7275 bal_loss: 0.7275 bal_acc: 0.45 acc: 0.45
fold=2 label=1_vs_3 | epoch 020 | train loss: 0.6836 bal_acc: 0.60 acc: 0.60 | val loss: 0.6821 bal_loss: 0.6821 bal_acc: 0.60 acc: 0.60
fold=2 label=1_vs_3 | epoch 030 | train loss: 0.5235 bal_acc: 0.73 acc: 0.73 | val loss: 0.6763 bal_loss: 0.6763 bal_acc: 0.62 acc: 0.62
fold=2 label=1_vs_3 | epoch 040 | train loss: 0.5106 bal_acc: 0.73 acc: 0.73 | val loss: 0.6734 bal_loss: 0.6734 bal_acc: 0.60 acc: 0.60
fold=2 label=1_vs_3 | epoch 050 | train loss: 0.4626 bal_acc: 0.78 acc: 0.78 | val loss: 0.6900 bal_loss: 0.6900 bal_acc: 0.52 acc: 0.53
fold=2 label=1_vs_3 | epoch 060 | train loss: 0.4032 bal_acc: 0.83 acc: 0.83 | val loss: 0.7045 bal_loss: 0.7045 bal_acc: 0.50 acc: 0.50
fold=2 label=1_vs_3 | epoch 070 | train loss: 0.4974 bal_acc: 0.76 acc: 0.76 | val loss: 0.6794 bal_loss: 0.6794 bal_acc: 0.60 acc: 0.60
fold=2 label=1_vs_3 | epoch 080 | train loss: 0.4085 bal_acc: 0.84 acc: 0.84 | val loss: 0.6945 bal_loss: 0.6945 bal_acc: 0.60 acc: 0.60
fold=2 label=1_vs_3 | epoch 090 | train loss: 0.3620 bal_acc: 0.89 acc: 0.89 | val loss: 0.6970 bal_loss: 0.6970 bal_acc: 0.52 acc: 0.53
fold=2 label=1_vs_3 | epoch 100 | train loss: 0.3018 bal_acc: 0.88 acc: 0.88 | val loss: 0.6941 bal_loss: 0.6941 bal_acc: 0.58 acc: 0.57
fold=2 label=1_vs_3 | epoch 110 | train loss: 0.3351 bal_acc: 0.89 acc: 0.89 | val loss: 0.7222 bal_loss: 0.7222 bal_acc: 0.62 acc: 0.62
fold=2 label=1_vs_3 | epoch 120 | train loss: 0.2870 bal_acc: 0.94 acc: 0.94 | val loss: 0.7116 bal_loss: 0.7116 bal_acc: 0.58 acc: 0.57

--- fold 3/5: train=300 val=100 test=100 ---

fold=3 label=0
Binary label distribution:
  train: class0=60 class1=240 total=300
  val:   class0=20 class1=80 total=100
  test:  class0=20 class1=80 total=100
Original labels in this split:
  train: label0=60 label1=60 label2=60 label3=60 label4=60 total=300
  val:   label0=20 label1=20 label2=20 label3=20 label4=20 total=100
  test:  label0=20 label1=20 label2=20 label3=20 label4=20 total=100
fold=3 label=0 | epoch 001 | train loss: 0.9509 bal_acc: 0.46 acc: 0.46 | val loss: 1.3224 bal_loss: 0.9596 bal_acc: 0.47 acc: 0.21
fold=3 label=0 | epoch 010 | train loss: 0.7461 bal_acc: 0.58 acc: 0.58 | val loss: 0.7080 bal_loss: 0.7792 bal_acc: 0.54 acc: 0.59
fold=3 label=0 | epoch 020 | train loss: 0.5963 bal_acc: 0.69 acc: 0.69 | val loss: 0.6520 bal_loss: 0.7741 bal_acc: 0.52 acc: 0.65
fold=3 label=0 | epoch 030 | train loss: 0.5801 bal_acc: 0.70 acc: 0.70 | val loss: 0.6634 bal_loss: 0.7833 bal_acc: 0.52 acc: 0.65
fold=3 label=0 | epoch 040 | train loss: 0.4108 bal_acc: 0.80 acc: 0.80 | val loss: 0.6544 bal_loss: 0.8089 bal_acc: 0.51 acc: 0.63
fold=3 label=0 | epoch 050 | train loss: 0.4810 bal_acc: 0.77 acc: 0.76 | val loss: 0.6718 bal_loss: 0.8185 bal_acc: 0.50 acc: 0.62
fold=3 label=0 | epoch 060 | train loss: 0.3213 bal_acc: 0.89 acc: 0.89 | val loss: 0.6615 bal_loss: 0.8851 bal_acc: 0.50 acc: 0.65
fold=3 label=0 | epoch 070 | train loss: 0.3401 bal_acc: 0.86 acc: 0.86 | val loss: 0.6394 bal_loss: 0.9248 bal_acc: 0.51 acc: 0.69
fold=3 label=0 | epoch 080 | train loss: 0.2813 bal_acc: 0.92 acc: 0.92 | val loss: 0.6441 bal_loss: 0.9119 bal_acc: 0.49 acc: 0.67
fold=3 label=0 | epoch 090 | train loss: 0.2434 bal_acc: 0.93 acc: 0.93 | val loss: 0.6578 bal_loss: 0.9906 bal_acc: 0.51 acc: 0.70
fold=3 label=0 | epoch 100 | train loss: 0.2040 bal_acc: 0.95 acc: 0.95 | val loss: 0.6441 bal_loss: 0.9977 bal_acc: 0.53 acc: 0.72
fold=3 label=0 | epoch 110 | train loss: 0.2077 bal_acc: 0.94 acc: 0.94 | val loss: 0.6419 bal_loss: 1.0379 bal_acc: 0.53 acc: 0.72

fold=3 label=2
Binary label distribution:
  train: class0=60 class1=240 total=300
  val:   class0=20 class1=80 total=100
  test:  class0=20 class1=80 total=100
Original labels in this split:
  train: label0=60 label1=60 label2=60 label3=60 label4=60 total=300
  val:   label0=20 label1=20 label2=20 label3=20 label4=20 total=100
  test:  label0=20 label1=20 label2=20 label3=20 label4=20 total=100
fold=3 label=2 | epoch 001 | train loss: 0.8680 bal_acc: 0.48 acc: 0.47 | val loss: 1.1424 bal_loss: 0.8845 bal_acc: 0.49 acc: 0.31
fold=3 label=2 | epoch 010 | train loss: 0.6853 bal_acc: 0.59 acc: 0.60 | val loss: 0.7301 bal_loss: 0.7720 bal_acc: 0.48 acc: 0.56
fold=3 label=2 | epoch 020 | train loss: 0.5655 bal_acc: 0.73 acc: 0.73 | val loss: 0.6928 bal_loss: 0.7493 bal_acc: 0.53 acc: 0.58
fold=3 label=2 | epoch 030 | train loss: 0.5735 bal_acc: 0.71 acc: 0.71 | val loss: 0.6253 bal_loss: 0.7304 bal_acc: 0.54 acc: 0.63
fold=3 label=2 | epoch 040 | train loss: 0.4810 bal_acc: 0.75 acc: 0.75 | val loss: 0.6246 bal_loss: 0.7096 bal_acc: 0.61 acc: 0.67
fold=3 label=2 | epoch 050 | train loss: 0.4222 bal_acc: 0.82 acc: 0.82 | val loss: 0.5992 bal_loss: 0.7307 bal_acc: 0.61 acc: 0.67
fold=3 label=2 | epoch 060 | train loss: 0.3641 bal_acc: 0.86 acc: 0.86 | val loss: 0.5929 bal_loss: 0.7590 bal_acc: 0.61 acc: 0.70
fold=3 label=2 | epoch 070 | train loss: 0.3143 bal_acc: 0.90 acc: 0.90 | val loss: 0.5620 bal_loss: 0.7696 bal_acc: 0.52 acc: 0.69
fold=3 label=2 | epoch 080 | train loss: 0.2925 bal_acc: 0.91 acc: 0.91 | val loss: 0.5548 bal_loss: 0.7689 bal_acc: 0.59 acc: 0.74
fold=3 label=2 | epoch 090 | train loss: 0.2470 bal_acc: 0.94 acc: 0.94 | val loss: 0.5380 bal_loss: 0.8201 bal_acc: 0.59 acc: 0.77
fold=3 label=2 | epoch 100 | train loss: 0.2273 bal_acc: 0.93 acc: 0.93 | val loss: 0.5356 bal_loss: 0.8429 bal_acc: 0.57 acc: 0.77
fold=3 label=2 | epoch 110 | train loss: 0.1892 bal_acc: 0.95 acc: 0.95 | val loss: 0.5274 bal_loss: 0.7953 bal_acc: 0.55 acc: 0.73
fold=3 label=2 | epoch 120 | train loss: 0.2006 bal_acc: 0.96 acc: 0.96 | val loss: 0.5266 bal_loss: 0.9056 bal_acc: 0.53 acc: 0.76
fold=3 label=2 | epoch 130 | train loss: 0.1595 bal_acc: 0.97 acc: 0.97 | val loss: 0.5184 bal_loss: 0.9755 bal_acc: 0.54 acc: 0.77
fold=3 label=2 | epoch 140 | train loss: 0.1535 bal_acc: 0.97 acc: 0.97 | val loss: 0.5100 bal_loss: 0.9040 bal_acc: 0.56 acc: 0.77

fold=3 label=1_vs_3
Binary labels: class0=label1 class1=label3
Binary label distribution:
  train: class0=60 class1=60 total=120
  val:   class0=20 class1=20 total=40
  test:  class0=20 class1=20 total=40
Original labels in this split:
  train: label0=0 label1=60 label2=0 label3=60 label4=0 total=120
  val:   label0=0 label1=20 label2=0 label3=20 label4=0 total=40
  test:  label0=0 label1=20 label2=0 label3=20 label4=0 total=40
fold=3 label=1_vs_3 | epoch 001 | train loss: 0.9885 bal_acc: 0.47 acc: 0.47 | val loss: 1.1306 bal_loss: 1.1306 bal_acc: 0.52 acc: 0.53
fold=3 label=1_vs_3 | epoch 010 | train loss: 0.7495 bal_acc: 0.59 acc: 0.59 | val loss: 0.7902 bal_loss: 0.7902 bal_acc: 0.50 acc: 0.50
fold=3 label=1_vs_3 | epoch 020 | train loss: 0.7006 bal_acc: 0.61 acc: 0.61 | val loss: 0.7389 bal_loss: 0.7389 bal_acc: 0.55 acc: 0.55
fold=3 label=1_vs_3 | epoch 030 | train loss: 0.5553 bal_acc: 0.67 acc: 0.67 | val loss: 0.7209 bal_loss: 0.7209 bal_acc: 0.52 acc: 0.53
fold=3 label=1_vs_3 | epoch 040 | train loss: 0.5327 bal_acc: 0.71 acc: 0.72 | val loss: 0.7351 bal_loss: 0.7351 bal_acc: 0.52 acc: 0.53
fold=3 label=1_vs_3 | epoch 050 | train loss: 0.4200 bal_acc: 0.81 acc: 0.81 | val loss: 0.7316 bal_loss: 0.7316 bal_acc: 0.52 acc: 0.53
fold=3 label=1_vs_3 | epoch 060 | train loss: 0.4291 bal_acc: 0.84 acc: 0.84 | val loss: 0.7462 bal_loss: 0.7462 bal_acc: 0.58 acc: 0.57
fold=3 label=1_vs_3 | epoch 070 | train loss: 0.3752 bal_acc: 0.88 acc: 0.88 | val loss: 0.7317 bal_loss: 0.7317 bal_acc: 0.60 acc: 0.60
fold=3 label=1_vs_3 | epoch 080 | train loss: 0.4084 bal_acc: 0.84 acc: 0.84 | val loss: 0.7273 bal_loss: 0.7273 bal_acc: 0.57 acc: 0.57
fold=3 label=1_vs_3 | epoch 090 | train loss: 0.3385 bal_acc: 0.89 acc: 0.89 | val loss: 0.7035 bal_loss: 0.7035 bal_acc: 0.60 acc: 0.60
fold=3 label=1_vs_3 | epoch 100 | train loss: 0.3478 bal_acc: 0.87 acc: 0.87 | val loss: 0.7050 bal_loss: 0.7050 bal_acc: 0.57 acc: 0.57
fold=3 label=1_vs_3 | epoch 110 | train loss: 0.2551 bal_acc: 0.96 acc: 0.96 | val loss: 0.6983 bal_loss: 0.6983 bal_acc: 0.62 acc: 0.62
fold=3 label=1_vs_3 | epoch 120 | train loss: 0.2627 bal_acc: 0.93 acc: 0.93 | val loss: 0.7088 bal_loss: 0.7088 bal_acc: 0.62 acc: 0.62
fold=3 label=1_vs_3 | epoch 130 | train loss: 0.2325 bal_acc: 0.96 acc: 0.96 | val loss: 0.7096 bal_loss: 0.7096 bal_acc: 0.60 acc: 0.60
fold=3 label=1_vs_3 | epoch 140 | train loss: 0.2383 bal_acc: 0.94 acc: 0.94 | val loss: 0.7064 bal_loss: 0.7064 bal_acc: 0.57 acc: 0.57
fold=3 label=1_vs_3 | epoch 150 | train loss: 0.2018 bal_acc: 0.97 acc: 0.97 | val loss: 0.7333 bal_loss: 0.7333 bal_acc: 0.55 acc: 0.55
fold=3 label=1_vs_3 | epoch 160 | train loss: 0.1945 bal_acc: 0.96 acc: 0.96 | val loss: 0.7353 bal_loss: 0.7353 bal_acc: 0.52 acc: 0.53
fold=3 label=1_vs_3 | epoch 170 | train loss: 0.1490 bal_acc: 0.97 acc: 0.97 | val loss: 0.7242 bal_loss: 0.7242 bal_acc: 0.57 acc: 0.57
fold=3 label=1_vs_3 | epoch 180 | train loss: 0.1330 bal_acc: 0.98 acc: 0.98 | val loss: 0.7315 bal_loss: 0.7315 bal_acc: 0.55 acc: 0.55
fold=3 label=1_vs_3 | epoch 190 | train loss: 0.1693 bal_acc: 0.95 acc: 0.95 | val loss: 0.7044 bal_loss: 0.7044 bal_acc: 0.57 acc: 0.57
fold=3 label=1_vs_3 | epoch 200 | train loss: 0.1300 bal_acc: 0.98 acc: 0.98 | val loss: 0.7272 bal_loss: 0.7272 bal_acc: 0.57 acc: 0.57
fold=3 label=1_vs_3 | epoch 210 | train loss: 0.1213 bal_acc: 0.99 acc: 0.99 | val loss: 0.7438 bal_loss: 0.7438 bal_acc: 0.55 acc: 0.55

--- fold 4/5: train=300 val=100 test=100 ---

fold=4 label=0
Binary label distribution:
  train: class0=60 class1=240 total=300
  val:   class0=20 class1=80 total=100
  test:  class0=20 class1=80 total=100
Original labels in this split:
  train: label0=60 label1=60 label2=60 label3=60 label4=60 total=300
  val:   label0=20 label1=20 label2=20 label3=20 label4=20 total=100
  test:  label0=20 label1=20 label2=20 label3=20 label4=20 total=100
fold=4 label=0 | epoch 001 | train loss: 0.8908 bal_acc: 0.48 acc: 0.48 | val loss: 1.2399 bal_loss: 0.8923 bal_acc: 0.51 acc: 0.27
fold=4 label=0 | epoch 010 | train loss: 0.7488 bal_acc: 0.55 acc: 0.55 | val loss: 0.6612 bal_loss: 0.7160 bal_acc: 0.44 acc: 0.53
fold=4 label=0 | epoch 020 | train loss: 0.6132 bal_acc: 0.67 acc: 0.67 | val loss: 0.6223 bal_loss: 0.7021 bal_acc: 0.55 acc: 0.64
fold=4 label=0 | epoch 030 | train loss: 0.5719 bal_acc: 0.70 acc: 0.70 | val loss: 0.6038 bal_loss: 0.7406 bal_acc: 0.52 acc: 0.68
fold=4 label=0 | epoch 040 | train loss: 0.4616 bal_acc: 0.78 acc: 0.78 | val loss: 0.5986 bal_loss: 0.7215 bal_acc: 0.51 acc: 0.63
fold=4 label=0 | epoch 050 | train loss: 0.3990 bal_acc: 0.85 acc: 0.85 | val loss: 0.6303 bal_loss: 0.7359 bal_acc: 0.49 acc: 0.61
fold=4 label=0 | epoch 060 | train loss: 0.3914 bal_acc: 0.82 acc: 0.82 | val loss: 0.5860 bal_loss: 0.7583 bal_acc: 0.53 acc: 0.67
fold=4 label=0 | epoch 070 | train loss: 0.3160 bal_acc: 0.88 acc: 0.88 | val loss: 0.6011 bal_loss: 0.7466 bal_acc: 0.51 acc: 0.63
fold=4 label=0 | epoch 080 | train loss: 0.3031 bal_acc: 0.89 acc: 0.90 | val loss: 0.5726 bal_loss: 0.7997 bal_acc: 0.54 acc: 0.71
fold=4 label=0 | epoch 090 | train loss: 0.2364 bal_acc: 0.95 acc: 0.95 | val loss: 0.5780 bal_loss: 0.8591 bal_acc: 0.54 acc: 0.71
fold=4 label=0 | epoch 100 | train loss: 0.2229 bal_acc: 0.93 acc: 0.93 | val loss: 0.5761 bal_loss: 0.8568 bal_acc: 0.54 acc: 0.72
fold=4 label=0 | epoch 110 | train loss: 0.1862 bal_acc: 0.96 acc: 0.96 | val loss: 0.5734 bal_loss: 0.8531 bal_acc: 0.56 acc: 0.75
fold=4 label=0 | epoch 120 | train loss: 0.1971 bal_acc: 0.94 acc: 0.94 | val loss: 0.5919 bal_loss: 0.8821 bal_acc: 0.56 acc: 0.71

fold=4 label=2
Binary label distribution:
  train: class0=60 class1=240 total=300
  val:   class0=20 class1=80 total=100
  test:  class0=20 class1=80 total=100
Original labels in this split:
  train: label0=60 label1=60 label2=60 label3=60 label4=60 total=300
  val:   label0=20 label1=20 label2=20 label3=20 label4=20 total=100
  test:  label0=20 label1=20 label2=20 label3=20 label4=20 total=100
fold=4 label=2 | epoch 001 | train loss: 0.8757 bal_acc: 0.52 acc: 0.52 | val loss: 1.2804 bal_loss: 0.9745 bal_acc: 0.44 acc: 0.22
fold=4 label=2 | epoch 010 | train loss: 0.8155 bal_acc: 0.55 acc: 0.55 | val loss: 0.7349 bal_loss: 0.8784 bal_acc: 0.37 acc: 0.50
fold=4 label=2 | epoch 020 | train loss: 0.6386 bal_acc: 0.65 acc: 0.65 | val loss: 0.7079 bal_loss: 0.8683 bal_acc: 0.42 acc: 0.58
fold=4 label=2 | epoch 030 | train loss: 0.5164 bal_acc: 0.73 acc: 0.73 | val loss: 0.6756 bal_loss: 0.8746 bal_acc: 0.44 acc: 0.61
fold=4 label=2 | epoch 040 | train loss: 0.4547 bal_acc: 0.81 acc: 0.81 | val loss: 0.6773 bal_loss: 0.8846 bal_acc: 0.44 acc: 0.61
fold=4 label=2 | epoch 050 | train loss: 0.4108 bal_acc: 0.82 acc: 0.82 | val loss: 0.6683 bal_loss: 0.8774 bal_acc: 0.49 acc: 0.67
fold=4 label=2 | epoch 060 | train loss: 0.3696 bal_acc: 0.85 acc: 0.85 | val loss: 0.6617 bal_loss: 0.8805 bal_acc: 0.48 acc: 0.65
fold=4 label=2 | epoch 070 | train loss: 0.3019 bal_acc: 0.90 acc: 0.90 | val loss: 0.6632 bal_loss: 0.9175 bal_acc: 0.50 acc: 0.68
fold=4 label=2 | epoch 080 | train loss: 0.2757 bal_acc: 0.93 acc: 0.93 | val loss: 0.6806 bal_loss: 0.9034 bal_acc: 0.48 acc: 0.65
fold=4 label=2 | epoch 090 | train loss: 0.2396 bal_acc: 0.94 acc: 0.94 | val loss: 0.6601 bal_loss: 0.9502 bal_acc: 0.48 acc: 0.67
fold=4 label=2 | epoch 100 | train loss: 0.2295 bal_acc: 0.94 acc: 0.94 | val loss: 0.6672 bal_loss: 1.0146 bal_acc: 0.47 acc: 0.69
fold=4 label=2 | epoch 110 | train loss: 0.1829 bal_acc: 0.96 acc: 0.96 | val loss: 0.6564 bal_loss: 1.0304 bal_acc: 0.48 acc: 0.70
fold=4 label=2 | epoch 120 | train loss: 0.1532 bal_acc: 0.97 acc: 0.97 | val loss: 0.6317 bal_loss: 1.0632 bal_acc: 0.48 acc: 0.71
fold=4 label=2 | epoch 130 | train loss: 0.1570 bal_acc: 0.98 acc: 0.98 | val loss: 0.6514 bal_loss: 1.0432 bal_acc: 0.46 acc: 0.68

fold=4 label=1_vs_3
Binary labels: class0=label1 class1=label3
Binary label distribution:
  train: class0=60 class1=60 total=120
  val:   class0=20 class1=20 total=40
  test:  class0=20 class1=20 total=40
Original labels in this split:
  train: label0=0 label1=60 label2=0 label3=60 label4=0 total=120
  val:   label0=0 label1=20 label2=0 label3=20 label4=0 total=40
  test:  label0=0 label1=20 label2=0 label3=20 label4=0 total=40
fold=4 label=1_vs_3 | epoch 001 | train loss: 0.9068 bal_acc: 0.50 acc: 0.50 | val loss: 1.1545 bal_loss: 1.1545 bal_acc: 0.52 acc: 0.53
fold=4 label=1_vs_3 | epoch 010 | train loss: 0.6741 bal_acc: 0.60 acc: 0.60 | val loss: 0.7709 bal_loss: 0.7709 bal_acc: 0.48 acc: 0.47
fold=4 label=1_vs_3 | epoch 020 | train loss: 0.6281 bal_acc: 0.60 acc: 0.60 | val loss: 0.7572 bal_loss: 0.7572 bal_acc: 0.40 acc: 0.40
fold=4 label=1_vs_3 | epoch 030 | train loss: 0.5755 bal_acc: 0.67 acc: 0.67 | val loss: 0.7814 bal_loss: 0.7814 bal_acc: 0.47 acc: 0.47
fold=4 label=1_vs_3 | epoch 040 | train loss: 0.4595 bal_acc: 0.80 acc: 0.80 | val loss: 0.7760 bal_loss: 0.7760 bal_acc: 0.47 acc: 0.47
fold=4 label=1_vs_3 | epoch 050 | train loss: 0.4744 bal_acc: 0.76 acc: 0.76 | val loss: 0.7913 bal_loss: 0.7913 bal_acc: 0.50 acc: 0.50
fold=4 label=1_vs_3 | epoch 060 | train loss: 0.4014 bal_acc: 0.83 acc: 0.83 | val loss: 0.8316 bal_loss: 0.8316 bal_acc: 0.50 acc: 0.50
fold=4 label=1_vs_3 | epoch 070 | train loss: 0.4468 bal_acc: 0.83 acc: 0.82 | val loss: 0.8294 bal_loss: 0.8294 bal_acc: 0.50 acc: 0.50
fold=4 label=1_vs_3 | epoch 080 | train loss: 0.3473 bal_acc: 0.85 acc: 0.85 | val loss: 0.8438 bal_loss: 0.8438 bal_acc: 0.48 acc: 0.47
fold=4 label=1_vs_3 | epoch 090 | train loss: 0.3327 bal_acc: 0.87 acc: 0.87 | val loss: 0.8528 bal_loss: 0.8528 bal_acc: 0.43 acc: 0.42
fold=4 label=1_vs_3 | epoch 100 | train loss: 0.2911 bal_acc: 0.91 acc: 0.91 | val loss: 0.8599 bal_loss: 0.8599 bal_acc: 0.50 acc: 0.50
fold=4 label=1_vs_3 | epoch 110 | train loss: 0.2151 bal_acc: 0.96 acc: 0.96 | val loss: 0.8735 bal_loss: 0.8735 bal_acc: 0.48 acc: 0.47
fold=4 label=1_vs_3 | epoch 120 | train loss: 0.2708 bal_acc: 0.94 acc: 0.94 | val loss: 0.8752 bal_loss: 0.8752 bal_acc: 0.50 acc: 0.50

--- fold 5/5: train=300 val=100 test=100 ---

fold=5 label=0
Binary label distribution:
  train: class0=60 class1=240 total=300
  val:   class0=20 class1=80 total=100
  test:  class0=20 class1=80 total=100
Original labels in this split:
  train: label0=60 label1=60 label2=60 label3=60 label4=60 total=300
  val:   label0=20 label1=20 label2=20 label3=20 label4=20 total=100
  test:  label0=20 label1=20 label2=20 label3=20 label4=20 total=100
fold=5 label=0 | epoch 001 | train loss: 0.9231 bal_acc: 0.48 acc: 0.48 | val loss: 1.4522 bal_loss: 0.9655 bal_acc: 0.51 acc: 0.22
fold=5 label=0 | epoch 010 | train loss: 0.6808 bal_acc: 0.62 acc: 0.62 | val loss: 0.6552 bal_loss: 0.6189 bal_acc: 0.62 acc: 0.61
fold=5 label=0 | epoch 020 | train loss: 0.6087 bal_acc: 0.69 acc: 0.68 | val loss: 0.6879 bal_loss: 0.6227 bal_acc: 0.63 acc: 0.56
fold=5 label=0 | epoch 030 | train loss: 0.5106 bal_acc: 0.76 acc: 0.76 | val loss: 0.6765 bal_loss: 0.6308 bal_acc: 0.64 acc: 0.60
fold=5 label=0 | epoch 040 | train loss: 0.4474 bal_acc: 0.80 acc: 0.80 | val loss: 0.6434 bal_loss: 0.6249 bal_acc: 0.67 acc: 0.62
fold=5 label=0 | epoch 050 | train loss: 0.4098 bal_acc: 0.81 acc: 0.81 | val loss: 0.6347 bal_loss: 0.6474 bal_acc: 0.66 acc: 0.66
fold=5 label=0 | epoch 060 | train loss: 0.3706 bal_acc: 0.86 acc: 0.86 | val loss: 0.5955 bal_loss: 0.6517 bal_acc: 0.62 acc: 0.70
fold=5 label=0 | epoch 070 | train loss: 0.3395 bal_acc: 0.88 acc: 0.88 | val loss: 0.5877 bal_loss: 0.6746 bal_acc: 0.59 acc: 0.67
fold=5 label=0 | epoch 080 | train loss: 0.2952 bal_acc: 0.88 acc: 0.88 | val loss: 0.5884 bal_loss: 0.6912 bal_acc: 0.57 acc: 0.68
fold=5 label=0 | epoch 090 | train loss: 0.2694 bal_acc: 0.90 acc: 0.90 | val loss: 0.6111 bal_loss: 0.6927 bal_acc: 0.56 acc: 0.66
fold=5 label=0 | epoch 100 | train loss: 0.2332 bal_acc: 0.94 acc: 0.94 | val loss: 0.5952 bal_loss: 0.7071 bal_acc: 0.60 acc: 0.69
fold=5 label=0 | epoch 110 | train loss: 0.2211 bal_acc: 0.93 acc: 0.93 | val loss: 0.5705 bal_loss: 0.7593 bal_acc: 0.58 acc: 0.69
fold=5 label=0 | epoch 120 | train loss: 0.1878 bal_acc: 0.95 acc: 0.95 | val loss: 0.5895 bal_loss: 0.7619 bal_acc: 0.53 acc: 0.67

fold=5 label=2
Binary label distribution:
  train: class0=60 class1=240 total=300
  val:   class0=20 class1=80 total=100
  test:  class0=20 class1=80 total=100
Original labels in this split:
  train: label0=60 label1=60 label2=60 label3=60 label4=60 total=300
  val:   label0=20 label1=20 label2=20 label3=20 label4=20 total=100
  test:  label0=20 label1=20 label2=20 label3=20 label4=20 total=100
fold=5 label=2 | epoch 001 | train loss: 0.9343 bal_acc: 0.48 acc: 0.48 | val loss: 1.5051 bal_loss: 1.0235 bal_acc: 0.51 acc: 0.21
fold=5 label=2 | epoch 010 | train loss: 0.7332 bal_acc: 0.55 acc: 0.55 | val loss: 0.6879 bal_loss: 0.7676 bal_acc: 0.53 acc: 0.64
fold=5 label=2 | epoch 020 | train loss: 0.6049 bal_acc: 0.68 acc: 0.69 | val loss: 0.7048 bal_loss: 0.7619 bal_acc: 0.50 acc: 0.56
fold=5 label=2 | epoch 030 | train loss: 0.4813 bal_acc: 0.80 acc: 0.80 | val loss: 0.6525 bal_loss: 0.8061 bal_acc: 0.56 acc: 0.69
fold=5 label=2 | epoch 040 | train loss: 0.4149 bal_acc: 0.83 acc: 0.83 | val loss: 0.6841 bal_loss: 0.8241 bal_acc: 0.54 acc: 0.65
fold=5 label=2 | epoch 050 | train loss: 0.4216 bal_acc: 0.82 acc: 0.82 | val loss: 0.6679 bal_loss: 0.8861 bal_acc: 0.57 acc: 0.71
fold=5 label=2 | epoch 060 | train loss: 0.3345 bal_acc: 0.88 acc: 0.88 | val loss: 0.6935 bal_loss: 0.9281 bal_acc: 0.52 acc: 0.69
fold=5 label=2 | epoch 070 | train loss: 0.3165 bal_acc: 0.88 acc: 0.88 | val loss: 0.6885 bal_loss: 1.0078 bal_acc: 0.51 acc: 0.70
fold=5 label=2 | epoch 080 | train loss: 0.2961 bal_acc: 0.89 acc: 0.89 | val loss: 0.6831 bal_loss: 0.9797 bal_acc: 0.47 acc: 0.66
fold=5 label=2 | epoch 090 | train loss: 0.2024 bal_acc: 0.96 acc: 0.96 | val loss: 0.7103 bal_loss: 1.0114 bal_acc: 0.49 acc: 0.66
fold=5 label=2 | epoch 100 | train loss: 0.2033 bal_acc: 0.97 acc: 0.97 | val loss: 0.7246 bal_loss: 1.0505 bal_acc: 0.50 acc: 0.68
fold=5 label=2 | epoch 110 | train loss: 0.1721 bal_acc: 0.95 acc: 0.95 | val loss: 0.7090 bal_loss: 1.1350 bal_acc: 0.48 acc: 0.70

fold=5 label=1_vs_3
Binary labels: class0=label1 class1=label3
Binary label distribution:
  train: class0=60 class1=60 total=120
  val:   class0=20 class1=20 total=40
  test:  class0=20 class1=20 total=40
Original labels in this split:
  train: label0=0 label1=60 label2=0 label3=60 label4=0 total=120
  val:   label0=0 label1=20 label2=0 label3=20 label4=0 total=40
  test:  label0=0 label1=20 label2=0 label3=20 label4=0 total=40
fold=5 label=1_vs_3 | epoch 001 | train loss: 0.9206 bal_acc: 0.49 acc: 0.49 | val loss: 1.2086 bal_loss: 1.2086 bal_acc: 0.50 acc: 0.50
fold=5 label=1_vs_3 | epoch 010 | train loss: 0.7782 bal_acc: 0.55 acc: 0.55 | val loss: 0.7446 bal_loss: 0.7446 bal_acc: 0.55 acc: 0.55
fold=5 label=1_vs_3 | epoch 020 | train loss: 0.6366 bal_acc: 0.62 acc: 0.62 | val loss: 0.7661 bal_loss: 0.7661 bal_acc: 0.55 acc: 0.55
fold=5 label=1_vs_3 | epoch 030 | train loss: 0.5031 bal_acc: 0.78 acc: 0.77 | val loss: 0.7741 bal_loss: 0.7741 bal_acc: 0.52 acc: 0.53
fold=5 label=1_vs_3 | epoch 040 | train loss: 0.4953 bal_acc: 0.76 acc: 0.77 | val loss: 0.7911 bal_loss: 0.7911 bal_acc: 0.55 acc: 0.55
fold=5 label=1_vs_3 | epoch 050 | train loss: 0.5122 bal_acc: 0.72 acc: 0.72 | val loss: 0.7934 bal_loss: 0.7934 bal_acc: 0.52 acc: 0.53
fold=5 label=1_vs_3 | epoch 060 | train loss: 0.3507 bal_acc: 0.91 acc: 0.91 | val loss: 0.8066 bal_loss: 0.8066 bal_acc: 0.52 acc: 0.53
fold=5 label=1_vs_3 | epoch 070 | train loss: 0.4308 bal_acc: 0.80 acc: 0.80 | val loss: 0.7915 bal_loss: 0.7915 bal_acc: 0.52 acc: 0.53
fold=5 label=1_vs_3 | epoch 080 | train loss: 0.3761 bal_acc: 0.87 acc: 0.87 | val loss: 0.8526 bal_loss: 0.8526 bal_acc: 0.50 acc: 0.50
fold=5 label=1_vs_3 | epoch 090 | train loss: 0.2997 bal_acc: 0.92 acc: 0.92 | val loss: 0.8443 bal_loss: 0.8443 bal_acc: 0.50 acc: 0.50
fold=5 label=1_vs_3 | epoch 100 | train loss: 0.2994 bal_acc: 0.87 acc: 0.87 | val loss: 0.8533 bal_loss: 0.8533 bal_acc: 0.50 acc: 0.50
fold=5 label=1_vs_3 | epoch 110 | train loss: 0.3058 bal_acc: 0.89 acc: 0.88 | val loss: 0.8641 bal_loss: 0.8641 bal_acc: 0.48 acc: 0.47

Cross-validation summary (5 fold(s) run)
y_0: test bal_loss=0.742 +/- 0.089 | bal_acc=0.530 +/- 0.057 | test acc=0.596 +/- 0.048
y_2: test bal_loss=0.758 +/- 0.031 | bal_acc=0.510 +/- 0.057 | test acc=0.570 +/- 0.058
y_1_vs_3: test bal_loss=0.788 +/- 0.037 | bal_acc=0.525 +/- 0.047 | test acc=0.525 +/- 0.047
Cross-validation CSV: ./checkpoints/sub1_hjlee_nogit/v4_sub1_shallownet_all_days/20260629_181116/cross_validation.csv

Saved to: ./checkpoints/sub1_hjlee_nogit/v4_sub1_shallownet_all_days/20260629_181116
