Training configuration
  config=./configs/train_config_v3.json
  model=shallownet
  patient=sub1_hjlee
  day=260520
  data_dir=./data/processed/sub1_hjlee/260520
  input_file=X_eeg.npy
  checkpoint_root=./checkpoints/sub1_hjlee_nogit/v3_sub1_shallownet_all_days
  epochs=200
  batch_size=16
  lr=3e-05
  weight_decay=0.0001
  patience=50
  seed=42
  val_test_ratio=0.2
  weighted_sampler=True
  run_window_diagnostic=False
  window_size=256
  window_stride=128
  balance_rest_to_target=False
  run_5fold_cross_validation=True
  selection_metric=balanced_loss

Loading X_eeg.npy...
Device: cuda | X: (500, 64, 1000) | run: ./checkpoints/sub1_hjlee_nogit/v3_sub1_shallownet_all_days/20260628_180529
Data split: train=300 val=100 test=100
Original label distribution:
  train: label0=60 label1=60 label2=60 label3=60 label4=60 total=300
  val:   label0=20 label1=20 label2=20 label3=20 label4=20 total=100
  test:  label0=20 label1=20 label2=20 label3=20 label4=20 total=100

=== 5-fold cross-validation ===

--- fold 1/5: train=300 val=100 test=100 ---

fold=1 label=0
Binary label distribution:
  train: class0=60 class1=240 total=300
  val:   class0=20 class1=80 total=100
  test:  class0=20 class1=80 total=100
Original labels in this split:
  train: label0=60 label1=60 label2=60 label3=60 label4=60 total=300
  val:   label0=20 label1=20 label2=20 label3=20 label4=20 total=100
  test:  label0=20 label1=20 label2=20 label3=20 label4=20 total=100
fold=1 label=0 | epoch 001 | train loss: 1.5086 bal_acc: 0.48 acc: 0.48 | val loss: 0.9054 bal_loss: 1.0653 bal_acc: 0.53 acc: 0.58
fold=1 label=0 | epoch 010 | train loss: 0.7771 bal_acc: 0.68 acc: 0.68 | val loss: 0.8329 bal_loss: 1.0173 bal_acc: 0.54 acc: 0.63
fold=1 label=0 | epoch 020 | train loss: 0.5347 bal_acc: 0.76 acc: 0.76 | val loss: 0.8414 bal_loss: 0.9984 bal_acc: 0.54 acc: 0.63
fold=1 label=0 | epoch 030 | train loss: 0.4109 bal_acc: 0.79 acc: 0.79 | val loss: 0.7890 bal_loss: 1.1409 bal_acc: 0.54 acc: 0.68
fold=1 label=0 | epoch 040 | train loss: 0.2572 bal_acc: 0.91 acc: 0.91 | val loss: 0.7035 bal_loss: 1.1770 bal_acc: 0.53 acc: 0.72
fold=1 label=0 | epoch 050 | train loss: 0.2487 bal_acc: 0.89 acc: 0.89 | val loss: 0.7317 bal_loss: 1.2285 bal_acc: 0.54 acc: 0.72

fold=1 label=2
Binary label distribution:
  train: class0=60 class1=240 total=300
  val:   class0=20 class1=80 total=100
  test:  class0=20 class1=80 total=100
Original labels in this split:
  train: label0=60 label1=60 label2=60 label3=60 label4=60 total=300
  val:   label0=20 label1=20 label2=20 label3=20 label4=20 total=100
  test:  label0=20 label1=20 label2=20 label3=20 label4=20 total=100
fold=1 label=2 | epoch 001 | train loss: 1.5778 bal_acc: 0.47 acc: 0.47 | val loss: 0.6940 bal_loss: 0.8710 bal_acc: 0.56 acc: 0.68
fold=1 label=2 | epoch 010 | train loss: 0.8125 bal_acc: 0.66 acc: 0.66 | val loss: 0.8623 bal_loss: 1.0064 bal_acc: 0.56 acc: 0.60
fold=1 label=2 | epoch 020 | train loss: 0.5950 bal_acc: 0.74 acc: 0.74 | val loss: 0.8466 bal_loss: 1.1122 bal_acc: 0.47 acc: 0.61
fold=1 label=2 | epoch 030 | train loss: 0.4316 bal_acc: 0.82 acc: 0.82 | val loss: 0.7715 bal_loss: 1.1665 bal_acc: 0.48 acc: 0.65
fold=1 label=2 | epoch 040 | train loss: 0.2650 bal_acc: 0.87 acc: 0.87 | val loss: 0.7800 bal_loss: 1.1883 bal_acc: 0.46 acc: 0.64
fold=1 label=2 | epoch 050 | train loss: 0.2089 bal_acc: 0.91 acc: 0.91 | val loss: 0.8229 bal_loss: 1.3266 bal_acc: 0.48 acc: 0.68

fold=1 label=1_vs_3
Binary labels: class0=label1 class1=label3
Binary label distribution:
  train: class0=60 class1=60 total=120
  val:   class0=20 class1=20 total=40
  test:  class0=20 class1=20 total=40
Original labels in this split:
  train: label0=0 label1=60 label2=0 label3=60 label4=0 total=120
  val:   label0=0 label1=20 label2=0 label3=20 label4=0 total=40
  test:  label0=0 label1=20 label2=0 label3=20 label4=0 total=40
fold=1 label=1_vs_3 | epoch 001 | train loss: 1.3108 bal_acc: 0.54 acc: 0.54 | val loss: 1.0110 bal_loss: 1.0110 bal_acc: 0.60 acc: 0.60
fold=1 label=1_vs_3 | epoch 010 | train loss: 0.8928 bal_acc: 0.68 acc: 0.66 | val loss: 0.9893 bal_loss: 0.9893 bal_acc: 0.52 acc: 0.53
fold=1 label=1_vs_3 | epoch 020 | train loss: 0.5360 bal_acc: 0.78 acc: 0.78 | val loss: 1.0521 bal_loss: 1.0521 bal_acc: 0.47 acc: 0.47
fold=1 label=1_vs_3 | epoch 030 | train loss: 0.3949 bal_acc: 0.80 acc: 0.80 | val loss: 1.0153 bal_loss: 1.0153 bal_acc: 0.52 acc: 0.53
fold=1 label=1_vs_3 | epoch 040 | train loss: 0.2772 bal_acc: 0.90 acc: 0.89 | val loss: 0.9846 bal_loss: 0.9846 bal_acc: 0.52 acc: 0.53
fold=1 label=1_vs_3 | epoch 050 | train loss: 0.2572 bal_acc: 0.90 acc: 0.90 | val loss: 1.0331 bal_loss: 1.0331 bal_acc: 0.50 acc: 0.50
fold=1 label=1_vs_3 | epoch 060 | train loss: 0.2672 bal_acc: 0.86 acc: 0.86 | val loss: 0.9557 bal_loss: 0.9557 bal_acc: 0.55 acc: 0.55
fold=1 label=1_vs_3 | epoch 070 | train loss: 0.2226 bal_acc: 0.90 acc: 0.90 | val loss: 0.9764 bal_loss: 0.9764 bal_acc: 0.55 acc: 0.55
fold=1 label=1_vs_3 | epoch 080 | train loss: 0.1508 bal_acc: 0.95 acc: 0.94 | val loss: 0.9389 bal_loss: 0.9389 bal_acc: 0.57 acc: 0.57
fold=1 label=1_vs_3 | epoch 090 | train loss: 0.1180 bal_acc: 0.97 acc: 0.98 | val loss: 0.9980 bal_loss: 0.9980 bal_acc: 0.58 acc: 0.57
fold=1 label=1_vs_3 | epoch 100 | train loss: 0.0873 bal_acc: 0.99 acc: 0.98 | val loss: 0.9283 bal_loss: 0.9283 bal_acc: 0.58 acc: 0.57
fold=1 label=1_vs_3 | epoch 110 | train loss: 0.1481 bal_acc: 0.92 acc: 0.93 | val loss: 0.9798 bal_loss: 0.9798 bal_acc: 0.60 acc: 0.60

--- fold 2/5: train=300 val=100 test=100 ---

fold=2 label=0
Binary label distribution:
  train: class0=60 class1=240 total=300
  val:   class0=20 class1=80 total=100
  test:  class0=20 class1=80 total=100
Original labels in this split:
  train: label0=60 label1=60 label2=60 label3=60 label4=60 total=300
  val:   label0=20 label1=20 label2=20 label3=20 label4=20 total=100
  test:  label0=20 label1=20 label2=20 label3=20 label4=20 total=100
fold=2 label=0 | epoch 001 | train loss: 1.5574 bal_acc: 0.49 acc: 0.49 | val loss: 0.9849 bal_loss: 1.1570 bal_acc: 0.51 acc: 0.58
fold=2 label=0 | epoch 010 | train loss: 0.7702 bal_acc: 0.66 acc: 0.66 | val loss: 0.8191 bal_loss: 0.9455 bal_acc: 0.49 acc: 0.55
fold=2 label=0 | epoch 020 | train loss: 0.5005 bal_acc: 0.78 acc: 0.78 | val loss: 0.7886 bal_loss: 1.1189 bal_acc: 0.44 acc: 0.61
fold=2 label=0 | epoch 030 | train loss: 0.3527 bal_acc: 0.85 acc: 0.85 | val loss: 0.7915 bal_loss: 1.1439 bal_acc: 0.50 acc: 0.68
fold=2 label=0 | epoch 040 | train loss: 0.2629 bal_acc: 0.87 acc: 0.87 | val loss: 0.8032 bal_loss: 1.0816 bal_acc: 0.51 acc: 0.63
fold=2 label=0 | epoch 050 | train loss: 0.2084 bal_acc: 0.94 acc: 0.94 | val loss: 0.6804 bal_loss: 1.1354 bal_acc: 0.57 acc: 0.77
fold=2 label=0 | epoch 060 | train loss: 0.1276 bal_acc: 0.97 acc: 0.97 | val loss: 0.7272 bal_loss: 1.1586 bal_acc: 0.52 acc: 0.71

fold=2 label=2
Binary label distribution:
  train: class0=60 class1=240 total=300
  val:   class0=20 class1=80 total=100
  test:  class0=20 class1=80 total=100
Original labels in this split:
  train: label0=60 label1=60 label2=60 label3=60 label4=60 total=300
  val:   label0=20 label1=20 label2=20 label3=20 label4=20 total=100
  test:  label0=20 label1=20 label2=20 label3=20 label4=20 total=100
fold=2 label=2 | epoch 001 | train loss: 1.4428 bal_acc: 0.49 acc: 0.49 | val loss: 0.7893 bal_loss: 0.8521 bal_acc: 0.56 acc: 0.59
fold=2 label=2 | epoch 010 | train loss: 0.7510 bal_acc: 0.65 acc: 0.65 | val loss: 0.8497 bal_loss: 1.0968 bal_acc: 0.47 acc: 0.57
fold=2 label=2 | epoch 020 | train loss: 0.5768 bal_acc: 0.77 acc: 0.77 | val loss: 0.8628 bal_loss: 1.1372 bal_acc: 0.52 acc: 0.62
fold=2 label=2 | epoch 030 | train loss: 0.4175 bal_acc: 0.82 acc: 0.82 | val loss: 0.7946 bal_loss: 1.1519 bal_acc: 0.48 acc: 0.62
fold=2 label=2 | epoch 040 | train loss: 0.3034 bal_acc: 0.87 acc: 0.87 | val loss: 0.7387 bal_loss: 1.1256 bal_acc: 0.52 acc: 0.66
fold=2 label=2 | epoch 050 | train loss: 0.2503 bal_acc: 0.89 acc: 0.89 | val loss: 0.7916 bal_loss: 1.4808 bal_acc: 0.48 acc: 0.71

fold=2 label=1_vs_3
Binary labels: class0=label1 class1=label3
Binary label distribution:
  train: class0=60 class1=60 total=120
  val:   class0=20 class1=20 total=40
  test:  class0=20 class1=20 total=40
Original labels in this split:
  train: label0=0 label1=60 label2=0 label3=60 label4=0 total=120
  val:   label0=0 label1=20 label2=0 label3=20 label4=0 total=40
  test:  label0=0 label1=20 label2=0 label3=20 label4=0 total=40
fold=2 label=1_vs_3 | epoch 001 | train loss: 1.2736 bal_acc: 0.53 acc: 0.52 | val loss: 1.0442 bal_loss: 1.0442 bal_acc: 0.55 acc: 0.55
fold=2 label=1_vs_3 | epoch 010 | train loss: 0.8842 bal_acc: 0.66 acc: 0.66 | val loss: 0.8090 bal_loss: 0.8090 bal_acc: 0.55 acc: 0.55
fold=2 label=1_vs_3 | epoch 020 | train loss: 0.7276 bal_acc: 0.69 acc: 0.68 | val loss: 0.8478 bal_loss: 0.8478 bal_acc: 0.52 acc: 0.53
fold=2 label=1_vs_3 | epoch 030 | train loss: 0.5739 bal_acc: 0.77 acc: 0.77 | val loss: 0.8355 bal_loss: 0.8355 bal_acc: 0.55 acc: 0.55
fold=2 label=1_vs_3 | epoch 040 | train loss: 0.4468 bal_acc: 0.85 acc: 0.85 | val loss: 0.9206 bal_loss: 0.9206 bal_acc: 0.52 acc: 0.53
fold=2 label=1_vs_3 | epoch 050 | train loss: 0.4300 bal_acc: 0.82 acc: 0.82 | val loss: 0.9937 bal_loss: 0.9937 bal_acc: 0.47 acc: 0.47
fold=2 label=1_vs_3 | epoch 060 | train loss: 0.3109 bal_acc: 0.88 acc: 0.88 | val loss: 1.0631 bal_loss: 1.0631 bal_acc: 0.45 acc: 0.45
fold=2 label=1_vs_3 | epoch 070 | train loss: 0.2351 bal_acc: 0.91 acc: 0.91 | val loss: 1.0778 bal_loss: 1.0778 bal_acc: 0.43 acc: 0.42

--- fold 3/5: train=300 val=100 test=100 ---

fold=3 label=0
Binary label distribution:
  train: class0=60 class1=240 total=300
  val:   class0=20 class1=80 total=100
  test:  class0=20 class1=80 total=100
Original labels in this split:
  train: label0=60 label1=60 label2=60 label3=60 label4=60 total=300
  val:   label0=20 label1=20 label2=20 label3=20 label4=20 total=100
  test:  label0=20 label1=20 label2=20 label3=20 label4=20 total=100
fold=3 label=0 | epoch 001 | train loss: 1.4151 bal_acc: 0.50 acc: 0.50 | val loss: 0.8928 bal_loss: 0.9250 bal_acc: 0.54 acc: 0.57
fold=3 label=0 | epoch 010 | train loss: 0.7617 bal_acc: 0.69 acc: 0.69 | val loss: 0.8718 bal_loss: 1.0092 bal_acc: 0.51 acc: 0.57
fold=3 label=0 | epoch 020 | train loss: 0.3916 bal_acc: 0.82 acc: 0.82 | val loss: 0.7690 bal_loss: 1.1311 bal_acc: 0.42 acc: 0.61
fold=3 label=0 | epoch 030 | train loss: 0.3186 bal_acc: 0.83 acc: 0.83 | val loss: 0.7573 bal_loss: 1.2862 bal_acc: 0.51 acc: 0.72
fold=3 label=0 | epoch 040 | train loss: 0.2827 bal_acc: 0.90 acc: 0.90 | val loss: 0.7538 bal_loss: 1.3126 bal_acc: 0.49 acc: 0.70
fold=3 label=0 | epoch 050 | train loss: 0.2319 bal_acc: 0.91 acc: 0.91 | val loss: 0.7678 bal_loss: 1.3182 bal_acc: 0.49 acc: 0.69

fold=3 label=2
Binary label distribution:
  train: class0=60 class1=240 total=300
  val:   class0=20 class1=80 total=100
  test:  class0=20 class1=80 total=100
Original labels in this split:
  train: label0=60 label1=60 label2=60 label3=60 label4=60 total=300
  val:   label0=20 label1=20 label2=20 label3=20 label4=20 total=100
  test:  label0=20 label1=20 label2=20 label3=20 label4=20 total=100
fold=3 label=2 | epoch 001 | train loss: 1.2642 bal_acc: 0.53 acc: 0.53 | val loss: 0.9939 bal_loss: 0.8821 bal_acc: 0.64 acc: 0.60
fold=3 label=2 | epoch 010 | train loss: 0.7822 bal_acc: 0.69 acc: 0.69 | val loss: 0.7581 bal_loss: 0.8768 bal_acc: 0.59 acc: 0.65
fold=3 label=2 | epoch 020 | train loss: 0.5455 bal_acc: 0.78 acc: 0.78 | val loss: 0.6680 bal_loss: 0.7037 bal_acc: 0.64 acc: 0.64
fold=3 label=2 | epoch 030 | train loss: 0.4902 bal_acc: 0.81 acc: 0.81 | val loss: 0.5687 bal_loss: 0.7953 bal_acc: 0.62 acc: 0.75
fold=3 label=2 | epoch 040 | train loss: 0.3580 bal_acc: 0.85 acc: 0.85 | val loss: 0.5303 bal_loss: 0.7370 bal_acc: 0.64 acc: 0.72
fold=3 label=2 | epoch 050 | train loss: 0.2076 bal_acc: 0.91 acc: 0.91 | val loss: 0.5761 bal_loss: 0.8332 bal_acc: 0.63 acc: 0.74
fold=3 label=2 | epoch 060 | train loss: 0.2536 bal_acc: 0.89 acc: 0.89 | val loss: 0.5503 bal_loss: 0.8131 bal_acc: 0.69 acc: 0.77
fold=3 label=2 | epoch 070 | train loss: 0.1413 bal_acc: 0.96 acc: 0.96 | val loss: 0.5490 bal_loss: 0.8698 bal_acc: 0.64 acc: 0.76
fold=3 label=2 | epoch 080 | train loss: 0.1261 bal_acc: 0.96 acc: 0.96 | val loss: 0.5617 bal_loss: 0.9421 bal_acc: 0.61 acc: 0.73
fold=3 label=2 | epoch 090 | train loss: 0.1364 bal_acc: 0.96 acc: 0.95 | val loss: 0.5837 bal_loss: 0.9888 bal_acc: 0.62 acc: 0.75

fold=3 label=1_vs_3
Binary labels: class0=label1 class1=label3
Binary label distribution:
  train: class0=60 class1=60 total=120
  val:   class0=20 class1=20 total=40
  test:  class0=20 class1=20 total=40
Original labels in this split:
  train: label0=0 label1=60 label2=0 label3=60 label4=0 total=120
  val:   label0=0 label1=20 label2=0 label3=20 label4=0 total=40
  test:  label0=0 label1=20 label2=0 label3=20 label4=0 total=40
fold=3 label=1_vs_3 | epoch 001 | train loss: 1.2337 bal_acc: 0.51 acc: 0.51 | val loss: 1.2940 bal_loss: 1.2940 bal_acc: 0.55 acc: 0.55
fold=3 label=1_vs_3 | epoch 010 | train loss: 0.8176 bal_acc: 0.68 acc: 0.68 | val loss: 1.1398 bal_loss: 1.1398 bal_acc: 0.52 acc: 0.53
fold=3 label=1_vs_3 | epoch 020 | train loss: 0.5472 bal_acc: 0.68 acc: 0.68 | val loss: 1.0532 bal_loss: 1.0532 bal_acc: 0.57 acc: 0.57
fold=3 label=1_vs_3 | epoch 030 | train loss: 0.4747 bal_acc: 0.79 acc: 0.78 | val loss: 1.0962 bal_loss: 1.0962 bal_acc: 0.57 acc: 0.57
fold=3 label=1_vs_3 | epoch 040 | train loss: 0.4251 bal_acc: 0.77 acc: 0.77 | val loss: 1.1104 bal_loss: 1.1104 bal_acc: 0.55 acc: 0.55
fold=3 label=1_vs_3 | epoch 050 | train loss: 0.2985 bal_acc: 0.89 acc: 0.89 | val loss: 1.0685 bal_loss: 1.0685 bal_acc: 0.52 acc: 0.53
fold=3 label=1_vs_3 | epoch 060 | train loss: 0.2371 bal_acc: 0.91 acc: 0.91 | val loss: 1.1109 bal_loss: 1.1109 bal_acc: 0.50 acc: 0.50
fold=3 label=1_vs_3 | epoch 070 | train loss: 0.2712 bal_acc: 0.89 acc: 0.89 | val loss: 1.0628 bal_loss: 1.0628 bal_acc: 0.60 acc: 0.60
fold=3 label=1_vs_3 | epoch 080 | train loss: 0.1693 bal_acc: 0.93 acc: 0.93 | val loss: 1.0745 bal_loss: 1.0745 bal_acc: 0.50 acc: 0.50
fold=3 label=1_vs_3 | epoch 090 | train loss: 0.1929 bal_acc: 0.92 acc: 0.93 | val loss: 1.0384 bal_loss: 1.0384 bal_acc: 0.57 acc: 0.57
fold=3 label=1_vs_3 | epoch 100 | train loss: 0.1947 bal_acc: 0.90 acc: 0.90 | val loss: 1.1209 bal_loss: 1.1209 bal_acc: 0.50 acc: 0.50
fold=3 label=1_vs_3 | epoch 110 | train loss: 0.1078 bal_acc: 0.95 acc: 0.95 | val loss: 1.0213 bal_loss: 1.0213 bal_acc: 0.57 acc: 0.57
fold=3 label=1_vs_3 | epoch 120 | train loss: 0.1088 bal_acc: 0.97 acc: 0.97 | val loss: 1.0649 bal_loss: 1.0649 bal_acc: 0.47 acc: 0.47
fold=3 label=1_vs_3 | epoch 130 | train loss: 0.1378 bal_acc: 0.94 acc: 0.94 | val loss: 1.0382 bal_loss: 1.0382 bal_acc: 0.47 acc: 0.47
fold=3 label=1_vs_3 | epoch 140 | train loss: 0.0571 bal_acc: 0.98 acc: 0.98 | val loss: 1.0920 bal_loss: 1.0920 bal_acc: 0.45 acc: 0.45
fold=3 label=1_vs_3 | epoch 150 | train loss: 0.1401 bal_acc: 0.94 acc: 0.93 | val loss: 1.0234 bal_loss: 1.0234 bal_acc: 0.47 acc: 0.47
fold=3 label=1_vs_3 | epoch 160 | train loss: 0.0651 bal_acc: 0.97 acc: 0.97 | val loss: 1.2010 bal_loss: 1.2010 bal_acc: 0.48 acc: 0.47

--- fold 4/5: train=300 val=100 test=100 ---

fold=4 label=0
Binary label distribution:
  train: class0=60 class1=240 total=300
  val:   class0=20 class1=80 total=100
  test:  class0=20 class1=80 total=100
Original labels in this split:
  train: label0=60 label1=60 label2=60 label3=60 label4=60 total=300
  val:   label0=20 label1=20 label2=20 label3=20 label4=20 total=100
  test:  label0=20 label1=20 label2=20 label3=20 label4=20 total=100
fold=4 label=0 | epoch 001 | train loss: 1.4367 bal_acc: 0.50 acc: 0.50 | val loss: 0.8493 bal_loss: 1.0053 bal_acc: 0.58 acc: 0.63
fold=4 label=0 | epoch 010 | train loss: 0.6708 bal_acc: 0.73 acc: 0.73 | val loss: 0.8340 bal_loss: 0.9852 bal_acc: 0.52 acc: 0.57
fold=4 label=0 | epoch 020 | train loss: 0.4584 bal_acc: 0.79 acc: 0.79 | val loss: 0.7066 bal_loss: 0.9592 bal_acc: 0.55 acc: 0.67
fold=4 label=0 | epoch 030 | train loss: 0.3185 bal_acc: 0.89 acc: 0.89 | val loss: 0.6561 bal_loss: 0.9889 bal_acc: 0.54 acc: 0.69
fold=4 label=0 | epoch 040 | train loss: 0.2614 bal_acc: 0.89 acc: 0.89 | val loss: 0.6735 bal_loss: 1.1530 bal_acc: 0.50 acc: 0.71
fold=4 label=0 | epoch 050 | train loss: 0.1646 bal_acc: 0.96 acc: 0.96 | val loss: 0.6350 bal_loss: 1.0708 bal_acc: 0.51 acc: 0.70

fold=4 label=2
Binary label distribution:
  train: class0=60 class1=240 total=300
  val:   class0=20 class1=80 total=100
  test:  class0=20 class1=80 total=100
Original labels in this split:
  train: label0=60 label1=60 label2=60 label3=60 label4=60 total=300
  val:   label0=20 label1=20 label2=20 label3=20 label4=20 total=100
  test:  label0=20 label1=20 label2=20 label3=20 label4=20 total=100
fold=4 label=2 | epoch 001 | train loss: 1.4470 bal_acc: 0.53 acc: 0.53 | val loss: 0.9656 bal_loss: 1.2248 bal_acc: 0.46 acc: 0.55
fold=4 label=2 | epoch 010 | train loss: 0.6945 bal_acc: 0.66 acc: 0.66 | val loss: 0.9373 bal_loss: 1.1084 bal_acc: 0.48 acc: 0.55
fold=4 label=2 | epoch 020 | train loss: 0.4617 bal_acc: 0.82 acc: 0.82 | val loss: 0.8802 bal_loss: 1.2892 bal_acc: 0.46 acc: 0.61
fold=4 label=2 | epoch 030 | train loss: 0.2653 bal_acc: 0.89 acc: 0.89 | val loss: 0.8644 bal_loss: 1.3187 bal_acc: 0.47 acc: 0.63
fold=4 label=2 | epoch 040 | train loss: 0.2625 bal_acc: 0.88 acc: 0.88 | val loss: 0.8227 bal_loss: 1.2721 bal_acc: 0.51 acc: 0.66
fold=4 label=2 | epoch 050 | train loss: 0.2882 bal_acc: 0.87 acc: 0.87 | val loss: 0.8898 bal_loss: 1.4993 bal_acc: 0.47 acc: 0.63
fold=4 label=2 | epoch 060 | train loss: 0.1598 bal_acc: 0.95 acc: 0.95 | val loss: 0.8459 bal_loss: 1.4971 bal_acc: 0.54 acc: 0.71

fold=4 label=1_vs_3
Binary labels: class0=label1 class1=label3
Binary label distribution:
  train: class0=60 class1=60 total=120
  val:   class0=20 class1=20 total=40
  test:  class0=20 class1=20 total=40
Original labels in this split:
  train: label0=0 label1=60 label2=0 label3=60 label4=0 total=120
  val:   label0=0 label1=20 label2=0 label3=20 label4=0 total=40
  test:  label0=0 label1=20 label2=0 label3=20 label4=0 total=40
fold=4 label=1_vs_3 | epoch 001 | train loss: 1.5084 bal_acc: 0.48 acc: 0.47 | val loss: 0.8750 bal_loss: 0.8750 bal_acc: 0.60 acc: 0.60
fold=4 label=1_vs_3 | epoch 010 | train loss: 0.8754 bal_acc: 0.64 acc: 0.63 | val loss: 0.8573 bal_loss: 0.8573 bal_acc: 0.43 acc: 0.42
fold=4 label=1_vs_3 | epoch 020 | train loss: 0.5150 bal_acc: 0.76 acc: 0.75 | val loss: 0.8279 bal_loss: 0.8279 bal_acc: 0.50 acc: 0.50
fold=4 label=1_vs_3 | epoch 030 | train loss: 0.5262 bal_acc: 0.78 acc: 0.78 | val loss: 0.8329 bal_loss: 0.8329 bal_acc: 0.58 acc: 0.57
fold=4 label=1_vs_3 | epoch 040 | train loss: 0.4233 bal_acc: 0.81 acc: 0.81 | val loss: 0.7486 bal_loss: 0.7486 bal_acc: 0.70 acc: 0.70
fold=4 label=1_vs_3 | epoch 050 | train loss: 0.2854 bal_acc: 0.88 acc: 0.88 | val loss: 0.7038 bal_loss: 0.7038 bal_acc: 0.70 acc: 0.70
fold=4 label=1_vs_3 | epoch 060 | train loss: 0.2392 bal_acc: 0.87 acc: 0.87 | val loss: 0.8271 bal_loss: 0.8271 bal_acc: 0.65 acc: 0.65
fold=4 label=1_vs_3 | epoch 070 | train loss: 0.2037 bal_acc: 0.92 acc: 0.93 | val loss: 0.7842 bal_loss: 0.7842 bal_acc: 0.65 acc: 0.65
fold=4 label=1_vs_3 | epoch 080 | train loss: 0.1959 bal_acc: 0.92 acc: 0.92 | val loss: 0.7684 bal_loss: 0.7684 bal_acc: 0.68 acc: 0.68
fold=4 label=1_vs_3 | epoch 090 | train loss: 0.1183 bal_acc: 0.96 acc: 0.96 | val loss: 0.7884 bal_loss: 0.7884 bal_acc: 0.67 acc: 0.68
fold=4 label=1_vs_3 | epoch 100 | train loss: 0.1689 bal_acc: 0.93 acc: 0.93 | val loss: 0.7957 bal_loss: 0.7957 bal_acc: 0.73 acc: 0.72

--- fold 5/5: train=300 val=100 test=100 ---

fold=5 label=0
Binary label distribution:
  train: class0=60 class1=240 total=300
  val:   class0=20 class1=80 total=100
  test:  class0=20 class1=80 total=100
Original labels in this split:
  train: label0=60 label1=60 label2=60 label3=60 label4=60 total=300
  val:   label0=20 label1=20 label2=20 label3=20 label4=20 total=100
  test:  label0=20 label1=20 label2=20 label3=20 label4=20 total=100
fold=5 label=0 | epoch 001 | train loss: 1.4695 bal_acc: 0.49 acc: 0.49 | val loss: 0.8479 bal_loss: 1.1364 bal_acc: 0.51 acc: 0.60
fold=5 label=0 | epoch 010 | train loss: 0.6259 bal_acc: 0.72 acc: 0.72 | val loss: 0.8110 bal_loss: 1.0438 bal_acc: 0.53 acc: 0.64
fold=5 label=0 | epoch 020 | train loss: 0.4359 bal_acc: 0.81 acc: 0.82 | val loss: 0.6894 bal_loss: 0.9862 bal_acc: 0.60 acc: 0.72
fold=5 label=0 | epoch 030 | train loss: 0.3009 bal_acc: 0.87 acc: 0.87 | val loss: 0.6979 bal_loss: 1.0439 bal_acc: 0.52 acc: 0.69
fold=5 label=0 | epoch 040 | train loss: 0.2925 bal_acc: 0.87 acc: 0.87 | val loss: 0.6577 bal_loss: 1.0387 bal_acc: 0.57 acc: 0.73
fold=5 label=0 | epoch 050 | train loss: 0.1707 bal_acc: 0.94 acc: 0.94 | val loss: 0.5670 bal_loss: 0.8936 bal_acc: 0.56 acc: 0.72
fold=5 label=0 | epoch 060 | train loss: 0.2297 bal_acc: 0.91 acc: 0.91 | val loss: 0.5948 bal_loss: 0.9700 bal_acc: 0.55 acc: 0.73
fold=5 label=0 | epoch 070 | train loss: 0.1344 bal_acc: 0.95 acc: 0.95 | val loss: 0.6390 bal_loss: 1.0033 bal_acc: 0.58 acc: 0.75
fold=5 label=0 | epoch 080 | train loss: 0.1226 bal_acc: 0.96 acc: 0.96 | val loss: 0.5763 bal_loss: 1.0362 bal_acc: 0.58 acc: 0.78
fold=5 label=0 | epoch 090 | train loss: 0.0841 bal_acc: 0.97 acc: 0.97 | val loss: 0.5983 bal_loss: 1.2028 bal_acc: 0.52 acc: 0.74
fold=5 label=0 | epoch 100 | train loss: 0.0848 bal_acc: 0.98 acc: 0.98 | val loss: 0.6011 bal_loss: 1.1843 bal_acc: 0.54 acc: 0.77

fold=5 label=2
Binary label distribution:
  train: class0=60 class1=240 total=300
  val:   class0=20 class1=80 total=100
  test:  class0=20 class1=80 total=100
Original labels in this split:
  train: label0=60 label1=60 label2=60 label3=60 label4=60 total=300
  val:   label0=20 label1=20 label2=20 label3=20 label4=20 total=100
  test:  label0=20 label1=20 label2=20 label3=20 label4=20 total=100
fold=5 label=2 | epoch 001 | train loss: 1.3744 bal_acc: 0.54 acc: 0.54 | val loss: 0.8652 bal_loss: 1.2268 bal_acc: 0.42 acc: 0.56
fold=5 label=2 | epoch 010 | train loss: 0.8116 bal_acc: 0.66 acc: 0.66 | val loss: 0.8216 bal_loss: 1.2765 bal_acc: 0.43 acc: 0.62
fold=5 label=2 | epoch 020 | train loss: 0.6265 bal_acc: 0.75 acc: 0.75 | val loss: 0.8878 bal_loss: 1.4164 bal_acc: 0.37 acc: 0.59
fold=5 label=2 | epoch 030 | train loss: 0.4378 bal_acc: 0.82 acc: 0.82 | val loss: 0.9008 bal_loss: 1.5774 bal_acc: 0.43 acc: 0.66
fold=5 label=2 | epoch 040 | train loss: 0.3053 bal_acc: 0.87 acc: 0.87 | val loss: 0.9237 bal_loss: 1.5115 bal_acc: 0.43 acc: 0.62
fold=5 label=2 | epoch 050 | train loss: 0.2367 bal_acc: 0.89 acc: 0.89 | val loss: 0.9567 bal_loss: 1.6963 bal_acc: 0.43 acc: 0.65

fold=5 label=1_vs_3
Binary labels: class0=label1 class1=label3
Binary label distribution:
  train: class0=60 class1=60 total=120
  val:   class0=20 class1=20 total=40
  test:  class0=20 class1=20 total=40
Original labels in this split:
  train: label0=0 label1=60 label2=0 label3=60 label4=0 total=120
  val:   label0=0 label1=20 label2=0 label3=20 label4=0 total=40
  test:  label0=0 label1=20 label2=0 label3=20 label4=0 total=40
fold=5 label=1_vs_3 | epoch 001 | train loss: 1.3658 bal_acc: 0.49 acc: 0.49 | val loss: 0.8079 bal_loss: 0.8079 bal_acc: 0.58 acc: 0.57
fold=5 label=1_vs_3 | epoch 010 | train loss: 0.8851 bal_acc: 0.60 acc: 0.61 | val loss: 0.8382 bal_loss: 0.8382 bal_acc: 0.45 acc: 0.45
fold=5 label=1_vs_3 | epoch 020 | train loss: 0.6346 bal_acc: 0.69 acc: 0.69 | val loss: 0.8733 bal_loss: 0.8733 bal_acc: 0.52 acc: 0.53
fold=5 label=1_vs_3 | epoch 030 | train loss: 0.4443 bal_acc: 0.83 acc: 0.82 | val loss: 0.8978 bal_loss: 0.8978 bal_acc: 0.52 acc: 0.53
fold=5 label=1_vs_3 | epoch 040 | train loss: 0.5088 bal_acc: 0.77 acc: 0.77 | val loss: 0.9497 bal_loss: 0.9497 bal_acc: 0.55 acc: 0.55
fold=5 label=1_vs_3 | epoch 050 | train loss: 0.3030 bal_acc: 0.87 acc: 0.87 | val loss: 0.9771 bal_loss: 0.9771 bal_acc: 0.52 acc: 0.53
fold=5 label=1_vs_3 | epoch 060 | train loss: 0.2382 bal_acc: 0.85 acc: 0.85 | val loss: 0.9433 bal_loss: 0.9433 bal_acc: 0.60 acc: 0.60

5-fold cross-validation summary
y_0: test bal_loss=0.950 +/- 0.187 | bal_acc=0.536 +/- 0.061 | test acc=0.600 +/- 0.054
y_2: test bal_loss=1.046 +/- 0.088 | bal_acc=0.510 +/- 0.037 | test acc=0.558 +/- 0.069
y_1_vs_3: test bal_loss=1.003 +/- 0.166 | bal_acc=0.480 +/- 0.062 | test acc=0.480 +/- 0.062
Cross-validation CSV: ./checkpoints/sub1_hjlee_nogit/v3_sub1_shallownet_all_days/20260628_180529/cross_validation.csv

Saved to: ./checkpoints/sub1_hjlee_nogit/v3_sub1_shallownet_all_days/20260628_180529
