Training configuration
  config=./train_config.json
  data_dir=./data/processed/260602_sub1_hjlee_raw
  input_file=X_eeg_raw.npy
  checkpoint_root=./checkpoints_eegnet_randomsplit
  epochs=2000
  batch_size=16
  dropout=0.5
  lr=0.0003
  weight_decay=0.001
  patience=100
  seed=42
  val_test_ratio=0.2
  weighted_sampler=True
  debug_gradient_optimizer=True

Loading X_eeg_raw.npy...
Device: cuda | X: (500, 64, 4000) | run: ./checkpoints_eegnet_randomsplit/20260623_140512
Data split: train=300 val=100 test=100
Original label distribution:
  train: label0=60 label1=60 label2=60 label3=60 label4=60 total=300
  val:   label0=20 label1=20 label2=20 label3=20 label4=20 total=100
  test:  label0=20 label1=20 label2=20 label3=20 label4=20 total=100
Normalizing X using training-set mean and std...

=== y_01 ===
Binary label distribution:
  train: class0=120 class1=180 total=300
  val:   class0=40 class1=60 total=100
  test:  class0=40 class1=60 total=100
Original labels in this split:
  train: label0=60 label1=60 label2=60 label3=60 label4=60 total=300
  val:   label0=20 label1=20 label2=20 label3=20 label4=20 total=100
  test:  label0=20 label1=20 label2=20 label3=20 label4=20 total=100
Gradient check epoch 001:
  features.0.weight: 0.00431478
  features.1.weight: 0.00000006
  features.1.bias: 0.00000000
  features.2.weight: 0.00253195
  features.3.weight: 0.00224107
  features.3.bias: 0.00083096
  features.7.weight: 0.00726237
  features.8.weight: 0.00452412
  features.9.weight: 0.00733506
  features.9.bias: 0.01997394
  classifier.weight: 0.02742785
  classifier.bias: 0.15354796
Optimizer check epoch 001 classifier.weight delta: 0.00030000
epoch 001 | train loss: 0.6856 bal_acc: 0.49 acc: 0.56 | val loss: 0.6793 bal_acc: 0.50 acc: 0.60
Gradient check epoch 010:
  features.0.weight: 0.00390198
  features.1.weight: 0.00000025
  features.1.bias: 0.00000000
  features.2.weight: 0.00604805
  features.3.weight: 0.00443881
  features.3.bias: 0.00242287
  features.7.weight: 0.00893042
  features.8.weight: 0.00702108
  features.9.weight: 0.00719935
  features.9.bias: 0.00592237
  classifier.weight: 0.03362932
  classifier.bias: 0.04875618
Optimizer check epoch 010 classifier.weight delta: 0.00008654
epoch 010 | train loss: 0.6778 bal_acc: 0.58 acc: 0.57 | val loss: 0.6715 bal_acc: 0.61 acc: 0.61
Gradient check epoch 020:
  features.0.weight: 0.00088439
  features.1.weight: 0.00000099
  features.1.bias: 0.00000000
  features.2.weight: 0.01578578
  features.3.weight: 0.00717264
  features.3.bias: 0.00299972
  features.7.weight: 0.01079846
  features.8.weight: 0.00831096
  features.9.weight: 0.01116306
  features.9.bias: 0.03020051
  classifier.weight: 0.06216512
  classifier.bias: 0.18814144
Optimizer check epoch 020 classifier.weight delta: 0.00007151
epoch 020 | train loss: 0.6473 bal_acc: 0.62 acc: 0.62 | val loss: 0.6708 bal_acc: 0.58 acc: 0.58
Gradient check epoch 030:
  features.0.weight: 0.00090737
  features.1.weight: 0.00000069
  features.1.bias: 0.00000000
  features.2.weight: 0.03033251
  features.3.weight: 0.00882751
  features.3.bias: 0.00499663
  features.7.weight: 0.01772265
  features.8.weight: 0.01463968
  features.9.weight: 0.00899667
  features.9.bias: 0.03279040
  classifier.weight: 0.04444117
  classifier.bias: 0.20277667
Optimizer check epoch 030 classifier.weight delta: 0.00004885
epoch 030 | train loss: 0.6079 bal_acc: 0.65 acc: 0.65 | val loss: 0.6923 bal_acc: 0.55 acc: 0.55
Gradient check epoch 040:
  features.0.weight: 0.00093619
  features.1.weight: 0.00000115
  features.1.bias: 0.00000000
  features.2.weight: 0.04773488
  features.3.weight: 0.01097001
  features.3.bias: 0.00733308
  features.7.weight: 0.01981931
  features.8.weight: 0.01704477
  features.9.weight: 0.01029306
  features.9.bias: 0.03300722
  classifier.weight: 0.04351174
  classifier.bias: 0.18824512
Optimizer check epoch 040 classifier.weight delta: 0.00009941
epoch 040 | train loss: 0.5691 bal_acc: 0.72 acc: 0.72 | val loss: 0.7190 bal_acc: 0.56 acc: 0.56
Gradient check epoch 050:
  features.0.weight: 0.00080321
  features.1.weight: 0.00000167
  features.1.bias: 0.00000001
  features.2.weight: 0.03301680
  features.3.weight: 0.01197179
  features.3.bias: 0.00657751
  features.7.weight: 0.01498421
  features.8.weight: 0.01172313
  features.9.weight: 0.00921684
  features.9.bias: 0.02914077
  classifier.weight: 0.03297630
  classifier.bias: 0.14004177
Optimizer check epoch 050 classifier.weight delta: 0.00006818
epoch 050 | train loss: 0.5522 bal_acc: 0.74 acc: 0.73 | val loss: 0.7479 bal_acc: 0.54 acc: 0.54
Gradient check epoch 060:
  features.0.weight: 0.00142102
  features.1.weight: 0.00000198
  features.1.bias: 0.00000001
  features.2.weight: 0.04056090
  features.3.weight: 0.01242264
  features.3.bias: 0.00587263
  features.7.weight: 0.01513609
  features.8.weight: 0.01218499
  features.9.weight: 0.00472359
  features.9.bias: 0.01521939
  classifier.weight: 0.01958010
  classifier.bias: 0.06386429
Optimizer check epoch 060 classifier.weight delta: 0.00008220
epoch 060 | train loss: 0.5500 bal_acc: 0.72 acc: 0.72 | val loss: 0.7669 bal_acc: 0.55 acc: 0.56
Gradient check epoch 070:
  features.0.weight: 0.00132361
  features.1.weight: 0.00000212
  features.1.bias: 0.00000001
  features.2.weight: 0.07319134
  features.3.weight: 0.01916046
  features.3.bias: 0.01277421
  features.7.weight: 0.02686761
  features.8.weight: 0.02240849
  features.9.weight: 0.00815672
  features.9.bias: 0.02502993
  classifier.weight: 0.02211853
  classifier.bias: 0.11624759
Optimizer check epoch 070 classifier.weight delta: 0.00004865
epoch 070 | train loss: 0.5143 bal_acc: 0.73 acc: 0.73 | val loss: 0.7734 bal_acc: 0.58 acc: 0.60
Gradient check epoch 080:
  features.0.weight: 0.00176998
  features.1.weight: 0.00000199
  features.1.bias: 0.00000001
  features.2.weight: 0.06892591
  features.3.weight: 0.01592594
  features.3.bias: 0.00884292
  features.7.weight: 0.02064675
  features.8.weight: 0.01938823
  features.9.weight: 0.00612922
  features.9.bias: 0.01289683
  classifier.weight: 0.02457055
  classifier.bias: 0.06889825
Optimizer check epoch 080 classifier.weight delta: 0.00005574
epoch 080 | train loss: 0.5324 bal_acc: 0.73 acc: 0.73 | val loss: 0.7958 bal_acc: 0.58 acc: 0.60
Gradient check epoch 090:
  features.0.weight: 0.00132201
  features.1.weight: 0.00000529
  features.1.bias: 0.00000001
  features.2.weight: 0.04267072
  features.3.weight: 0.02594662
  features.3.bias: 0.00890042
  features.7.weight: 0.02754286
  features.8.weight: 0.02107069
  features.9.weight: 0.00958745
  features.9.bias: 0.02207756
  classifier.weight: 0.03235894
  classifier.bias: 0.10144030
Optimizer check epoch 090 classifier.weight delta: 0.00007432
epoch 090 | train loss: 0.5317 bal_acc: 0.74 acc: 0.74 | val loss: 0.8221 bal_acc: 0.56 acc: 0.58
Gradient check epoch 100:
  features.0.weight: 0.00104248
  features.1.weight: 0.00000252
  features.1.bias: 0.00000001
  features.2.weight: 0.05950259
  features.3.weight: 0.01837781
  features.3.bias: 0.00847385
  features.7.weight: 0.02138438
  features.8.weight: 0.02359889
  features.9.weight: 0.01316831
  features.9.bias: 0.02673547
  classifier.weight: 0.03636410
  classifier.bias: 0.09476452
Optimizer check epoch 100 classifier.weight delta: 0.00004165
epoch 100 | train loss: 0.5120 bal_acc: 0.76 acc: 0.76 | val loss: 0.8424 bal_acc: 0.57 acc: 0.58
Gradient check epoch 110:
  features.0.weight: 0.00225527
  features.1.weight: 0.00000558
  features.1.bias: 0.00000001
  features.2.weight: 0.07249726
  features.3.weight: 0.02604699
  features.3.bias: 0.01001472
  features.7.weight: 0.02648540
  features.8.weight: 0.02946400
  features.9.weight: 0.00988506
  features.9.bias: 0.02855363
  classifier.weight: 0.03145865
  classifier.bias: 0.13708016
Optimizer check epoch 110 classifier.weight delta: 0.00008820
epoch 110 | train loss: 0.4975 bal_acc: 0.75 acc: 0.75 | val loss: 0.8342 bal_acc: 0.55 acc: 0.54
Gradient check epoch 120:
  features.0.weight: 0.00088928
  features.1.weight: 0.00000130
  features.1.bias: 0.00000001
  features.2.weight: 0.04598232
  features.3.weight: 0.01318016
  features.3.bias: 0.00615767
  features.7.weight: 0.01555289
  features.8.weight: 0.01863599
  features.9.weight: 0.01069435
  features.9.bias: 0.01292695
  classifier.weight: 0.03681575
  classifier.bias: 0.04923050
Optimizer check epoch 120 classifier.weight delta: 0.00007361
epoch 120 | train loss: 0.4883 bal_acc: 0.77 acc: 0.77 | val loss: 0.8420 bal_acc: 0.57 acc: 0.58
best epoch=23 | val loss: 0.6634 bal_acc: 0.54 acc: 0.55 | test loss: 0.6916 bal_acc: 0.60 acc: 0.60
test confusion matrix rows=true cols=pred
[[24, 16], [24, 36]]

=== y_02 ===
Binary label distribution:
  train: class0=120 class1=180 total=300
  val:   class0=40 class1=60 total=100
  test:  class0=40 class1=60 total=100
Original labels in this split:
  train: label0=60 label1=60 label2=60 label3=60 label4=60 total=300
  val:   label0=20 label1=20 label2=20 label3=20 label4=20 total=100
  test:  label0=20 label1=20 label2=20 label3=20 label4=20 total=100
Gradient check epoch 001:
  features.0.weight: 0.00427461
  features.1.weight: 0.00000010
  features.1.bias: 0.00000000
  features.2.weight: 0.00357948
  features.3.weight: 0.00194461
  features.3.bias: 0.00125660
  features.7.weight: 0.00877905
  features.8.weight: 0.00594467
  features.9.weight: 0.00254319
  features.9.bias: 0.00303336
  classifier.weight: 0.02415323
  classifier.bias: 0.02503428
Optimizer check epoch 001 classifier.weight delta: 0.00030000
epoch 001 | train loss: 0.6998 bal_acc: 0.50 acc: 0.49 | val loss: 0.6795 bal_acc: 0.49 acc: 0.59
Gradient check epoch 010:
  features.0.weight: 0.00160906
  features.1.weight: 0.00000014
  features.1.bias: 0.00000000
  features.2.weight: 0.00562258
  features.3.weight: 0.00262125
  features.3.bias: 0.00077387
  features.7.weight: 0.00756561
  features.8.weight: 0.00449163
  features.9.weight: 0.00288014
  features.9.bias: 0.00931189
  classifier.weight: 0.01652191
  classifier.bias: 0.06230038
Optimizer check epoch 010 classifier.weight delta: 0.00005602
epoch 010 | train loss: 0.6730 bal_acc: 0.60 acc: 0.60 | val loss: 0.6747 bal_acc: 0.57 acc: 0.59
Gradient check epoch 020:
  features.0.weight: 0.00108330
  features.1.weight: 0.00000032
  features.1.bias: 0.00000000
  features.2.weight: 0.02542961
  features.3.weight: 0.00599951
  features.3.bias: 0.00273145
  features.7.weight: 0.01619272
  features.8.weight: 0.00956348
  features.9.weight: 0.00584162
  features.9.bias: 0.00909782
  classifier.weight: 0.03596056
  classifier.bias: 0.06479026
Optimizer check epoch 020 classifier.weight delta: 0.00007959
epoch 020 | train loss: 0.6730 bal_acc: 0.60 acc: 0.60 | val loss: 0.6909 bal_acc: 0.54 acc: 0.55
Gradient check epoch 030:
  features.0.weight: 0.00106034
  features.1.weight: 0.00000065
  features.1.bias: 0.00000000
  features.2.weight: 0.02588594
  features.3.weight: 0.00569872
  features.3.bias: 0.00250958
  features.7.weight: 0.01060544
  features.8.weight: 0.00870777
  features.9.weight: 0.00488266
  features.9.bias: 0.02044925
  classifier.weight: 0.03254407
  classifier.bias: 0.13986728
Optimizer check epoch 030 classifier.weight delta: 0.00008358
epoch 030 | train loss: 0.6425 bal_acc: 0.63 acc: 0.63 | val loss: 0.7316 bal_acc: 0.50 acc: 0.52
Gradient check epoch 040:
  features.0.weight: 0.00263346
  features.1.weight: 0.00000390
  features.1.bias: 0.00000001
  features.2.weight: 0.07399490
  features.3.weight: 0.01504101
  features.3.bias: 0.00571952
  features.7.weight: 0.02887977
  features.8.weight: 0.01744185
  features.9.weight: 0.00793196
  features.9.bias: 0.01158587
  classifier.weight: 0.03892681
  classifier.bias: 0.07923996
Optimizer check epoch 040 classifier.weight delta: 0.00005910
epoch 040 | train loss: 0.5944 bal_acc: 0.69 acc: 0.69 | val loss: 0.7511 bal_acc: 0.51 acc: 0.54
Gradient check epoch 050:
  features.0.weight: 0.00086145
  features.1.weight: 0.00000397
  features.1.bias: 0.00000001
  features.2.weight: 0.06332546
  features.3.weight: 0.01821311
  features.3.bias: 0.00735438
  features.7.weight: 0.03040518
  features.8.weight: 0.01951867
  features.9.weight: 0.00780259
  features.9.bias: 0.01071596
  classifier.weight: 0.04490557
  classifier.bias: 0.06136884
Optimizer check epoch 050 classifier.weight delta: 0.00007458
epoch 050 | train loss: 0.5908 bal_acc: 0.67 acc: 0.67 | val loss: 0.7768 bal_acc: 0.50 acc: 0.49
Gradient check epoch 060:
  features.0.weight: 0.00076052
  features.1.weight: 0.00000407
  features.1.bias: 0.00000000
  features.2.weight: 0.03037104
  features.3.weight: 0.01181468
  features.3.bias: 0.00407055
  features.7.weight: 0.01494838
  features.8.weight: 0.01101143
  features.9.weight: 0.01455850
  features.9.bias: 0.03616188
  classifier.weight: 0.05856115
  classifier.bias: 0.18207961
Optimizer check epoch 060 classifier.weight delta: 0.00005959
epoch 060 | train loss: 0.5638 bal_acc: 0.71 acc: 0.71 | val loss: 0.7775 bal_acc: 0.53 acc: 0.53
Gradient check epoch 070:
  features.0.weight: 0.00091111
  features.1.weight: 0.00000420
  features.1.bias: 0.00000001
  features.2.weight: 0.03927221
  features.3.weight: 0.01112001
  features.3.bias: 0.00598327
  features.7.weight: 0.01567077
  features.8.weight: 0.01328820
  features.9.weight: 0.00745409
  features.9.bias: 0.02192331
  classifier.weight: 0.03387113
  classifier.bias: 0.11494539
Optimizer check epoch 070 classifier.weight delta: 0.00004409
epoch 070 | train loss: 0.5184 bal_acc: 0.75 acc: 0.74 | val loss: 0.8032 bal_acc: 0.46 acc: 0.47
Gradient check epoch 080:
  features.0.weight: 0.00123507
  features.1.weight: 0.00000085
  features.1.bias: 0.00000001
  features.2.weight: 0.06208783
  features.3.weight: 0.00890021
  features.3.bias: 0.00680330
  features.7.weight: 0.01513200
  features.8.weight: 0.01099863
  features.9.weight: 0.01139495
  features.9.bias: 0.02863343
  classifier.weight: 0.03313622
  classifier.bias: 0.14652786
Optimizer check epoch 080 classifier.weight delta: 0.00008502
epoch 080 | train loss: 0.5816 bal_acc: 0.68 acc: 0.68 | val loss: 0.8177 bal_acc: 0.50 acc: 0.51
Gradient check epoch 090:
  features.0.weight: 0.00118311
  features.1.weight: 0.00000688
  features.1.bias: 0.00000001
  features.2.weight: 0.06288119
  features.3.weight: 0.02050942
  features.3.bias: 0.00840488
  features.7.weight: 0.02751551
  features.8.weight: 0.01998455
  features.9.weight: 0.00799296
  features.9.bias: 0.01919796
  classifier.weight: 0.03803153
  classifier.bias: 0.06951925
Optimizer check epoch 090 classifier.weight delta: 0.00006206
epoch 090 | train loss: 0.5644 bal_acc: 0.69 acc: 0.69 | val loss: 0.8206 bal_acc: 0.53 acc: 0.54
Gradient check epoch 100:
  features.0.weight: 0.00098128
  features.1.weight: 0.00000265
  features.1.bias: 0.00000001
  features.2.weight: 0.05441874
  features.3.weight: 0.01459157
  features.3.bias: 0.00759572
  features.7.weight: 0.01721467
  features.8.weight: 0.01572854
  features.9.weight: 0.00731237
  features.9.bias: 0.00476017
  classifier.weight: 0.03068414
  classifier.bias: 0.00935954
Optimizer check epoch 100 classifier.weight delta: 0.00007617
epoch 100 | train loss: 0.4946 bal_acc: 0.74 acc: 0.74 | val loss: 0.8142 bal_acc: 0.57 acc: 0.59
Gradient check epoch 110:
  features.0.weight: 0.00163062
  features.1.weight: 0.00000541
  features.1.bias: 0.00000001
  features.2.weight: 0.09044555
  features.3.weight: 0.02058427
  features.3.bias: 0.01099513
  features.7.weight: 0.02301811
  features.8.weight: 0.01847643
  features.9.weight: 0.00792550
  features.9.bias: 0.02705839
  classifier.weight: 0.03215593
  classifier.bias: 0.11410805
Optimizer check epoch 110 classifier.weight delta: 0.00003977
epoch 110 | train loss: 0.5387 bal_acc: 0.73 acc: 0.73 | val loss: 0.7853 bal_acc: 0.53 acc: 0.55
best epoch=12 | val loss: 0.6713 bal_acc: 0.55 acc: 0.59 | test loss: 0.6951 bal_acc: 0.48 acc: 0.52
test confusion matrix rows=true cols=pred
[[11, 29], [19, 41]]

=== y_03 ===
Binary label distribution:
  train: class0=120 class1=180 total=300
  val:   class0=40 class1=60 total=100
  test:  class0=40 class1=60 total=100
Original labels in this split:
  train: label0=60 label1=60 label2=60 label3=60 label4=60 total=300
  val:   label0=20 label1=20 label2=20 label3=20 label4=20 total=100
  test:  label0=20 label1=20 label2=20 label3=20 label4=20 total=100
Gradient check epoch 001:
  features.0.weight: 0.00580683
  features.1.weight: 0.00000006
  features.1.bias: 0.00000000
  features.2.weight: 0.00320378
  features.3.weight: 0.00203865
  features.3.bias: 0.00131718
  features.7.weight: 0.00741307
  features.8.weight: 0.00489020
  features.9.weight: 0.00636446
  features.9.bias: 0.01101843
  classifier.weight: 0.02653755
  classifier.bias: 0.09662670
Optimizer check epoch 001 classifier.weight delta: 0.00030000
epoch 001 | train loss: 0.6983 bal_acc: 0.50 acc: 0.50 | val loss: 0.6787 bal_acc: 0.50 acc: 0.59
Gradient check epoch 010:
  features.0.weight: 0.00488752
  features.1.weight: 0.00000063
  features.1.bias: 0.00000000
  features.2.weight: 0.00776021
  features.3.weight: 0.00529130
  features.3.bias: 0.00174823
  features.7.weight: 0.01355292
  features.8.weight: 0.00809768
  features.9.weight: 0.00458422
  features.9.bias: 0.00204827
  classifier.weight: 0.03011605
  classifier.bias: 0.01365077
Optimizer check epoch 010 classifier.weight delta: 0.00004832
epoch 010 | train loss: 0.6788 bal_acc: 0.60 acc: 0.60 | val loss: 0.7062 bal_acc: 0.50 acc: 0.54
Gradient check epoch 020:
  features.0.weight: 0.00543969
  features.1.weight: 0.00000061
  features.1.bias: 0.00000000
  features.2.weight: 0.01089721
  features.3.weight: 0.00345529
  features.3.bias: 0.00141606
  features.7.weight: 0.00703774
  features.8.weight: 0.00526553
  features.9.weight: 0.00404736
  features.9.bias: 0.00247629
  classifier.weight: 0.02353753
  classifier.bias: 0.00643557
Optimizer check epoch 020 classifier.weight delta: 0.00007352
epoch 020 | train loss: 0.6338 bal_acc: 0.66 acc: 0.66 | val loss: 0.7089 bal_acc: 0.63 acc: 0.62
Gradient check epoch 030:
  features.0.weight: 0.00308757
  features.1.weight: 0.00000042
  features.1.bias: 0.00000001
  features.2.weight: 0.03149915
  features.3.weight: 0.00535598
  features.3.bias: 0.00315029
  features.7.weight: 0.01359844
  features.8.weight: 0.01150412
  features.9.weight: 0.00710203
  features.9.bias: 0.02851453
  classifier.weight: 0.02921139
  classifier.bias: 0.17945147
Optimizer check epoch 030 classifier.weight delta: 0.00003374
epoch 030 | train loss: 0.6285 bal_acc: 0.62 acc: 0.62 | val loss: 0.7414 bal_acc: 0.66 acc: 0.66
Gradient check epoch 040:
  features.0.weight: 0.00349066
  features.1.weight: 0.00000309
  features.1.bias: 0.00000000
  features.2.weight: 0.01990288
  features.3.weight: 0.00858726
  features.3.bias: 0.00350672
  features.7.weight: 0.01160304
  features.8.weight: 0.00831863
  features.9.weight: 0.01230846
  features.9.bias: 0.04359601
  classifier.weight: 0.04882659
  classifier.bias: 0.24832037
Optimizer check epoch 040 classifier.weight delta: 0.00009495
epoch 040 | train loss: 0.6167 bal_acc: 0.62 acc: 0.62 | val loss: 0.7868 bal_acc: 0.64 acc: 0.64
Gradient check epoch 050:
  features.0.weight: 0.00132493
  features.1.weight: 0.00000029
  features.1.bias: 0.00000000
  features.2.weight: 0.01409419
  features.3.weight: 0.00388891
  features.3.bias: 0.00316379
  features.7.weight: 0.00598767
  features.8.weight: 0.00655982
  features.9.weight: 0.00420093
  features.9.bias: 0.01743291
  classifier.weight: 0.01782226
  classifier.bias: 0.08296604
Optimizer check epoch 050 classifier.weight delta: 0.00003407
epoch 050 | train loss: 0.5849 bal_acc: 0.68 acc: 0.69 | val loss: 0.7581 bal_acc: 0.60 acc: 0.59
Gradient check epoch 060:
  features.0.weight: 0.00928934
  features.1.weight: 0.00000114
  features.1.bias: 0.00000000
  features.2.weight: 0.04591089
  features.3.weight: 0.01660843
  features.3.bias: 0.00635712
  features.7.weight: 0.02151225
  features.8.weight: 0.02249368
  features.9.weight: 0.01134216
  features.9.bias: 0.01697971
  classifier.weight: 0.05229750
  classifier.bias: 0.08795610
Optimizer check epoch 060 classifier.weight delta: 0.00006316
epoch 060 | train loss: 0.5979 bal_acc: 0.65 acc: 0.65 | val loss: 0.7864 bal_acc: 0.61 acc: 0.61
Gradient check epoch 070:
  features.0.weight: 0.00244406
  features.1.weight: 0.00000209
  features.1.bias: 0.00000000
  features.2.weight: 0.02351487
  features.3.weight: 0.01440303
  features.3.bias: 0.00562693
  features.7.weight: 0.01745433
  features.8.weight: 0.01438303
  features.9.weight: 0.00796960
  features.9.bias: 0.00378062
  classifier.weight: 0.03505864
  classifier.bias: 0.00874236
Optimizer check epoch 070 classifier.weight delta: 0.00006207
epoch 070 | train loss: 0.5529 bal_acc: 0.72 acc: 0.72 | val loss: 0.8458 bal_acc: 0.58 acc: 0.59
Gradient check epoch 080:
  features.0.weight: 0.00511821
  features.1.weight: 0.00000057
  features.1.bias: 0.00000001
  features.2.weight: 0.04596607
  features.3.weight: 0.00951375
  features.3.bias: 0.00673942
  features.7.weight: 0.01252210
  features.8.weight: 0.01603769
  features.9.weight: 0.00552804
  features.9.bias: 0.00868430
  classifier.weight: 0.03097495
  classifier.bias: 0.04058684
Optimizer check epoch 080 classifier.weight delta: 0.00006767
epoch 080 | train loss: 0.5481 bal_acc: 0.74 acc: 0.74 | val loss: 0.8317 bal_acc: 0.58 acc: 0.57
Gradient check epoch 090:
  features.0.weight: 0.00181633
  features.1.weight: 0.00000177
  features.1.bias: 0.00000001
  features.2.weight: 0.03179301
  features.3.weight: 0.00787029
  features.3.bias: 0.00491705
  features.7.weight: 0.01056714
  features.8.weight: 0.01062441
  features.9.weight: 0.00686092
  features.9.bias: 0.02022402
  classifier.weight: 0.02382686
  classifier.bias: 0.07375218
Optimizer check epoch 090 classifier.weight delta: 0.00006755
epoch 090 | train loss: 0.5404 bal_acc: 0.70 acc: 0.70 | val loss: 0.8720 bal_acc: 0.52 acc: 0.54
Gradient check epoch 100:
  features.0.weight: 0.00270597
  features.1.weight: 0.00000119
  features.1.bias: 0.00000001
  features.2.weight: 0.03198371
  features.3.weight: 0.01298070
  features.3.bias: 0.00814307
  features.7.weight: 0.01113716
  features.8.weight: 0.01135394
  features.9.weight: 0.00651086
  features.9.bias: 0.03526510
  classifier.weight: 0.01879819
  classifier.bias: 0.12817833
Optimizer check epoch 100 classifier.weight delta: 0.00007091
epoch 100 | train loss: 0.5207 bal_acc: 0.70 acc: 0.70 | val loss: 0.9451 bal_acc: 0.55 acc: 0.55
best epoch=7 | val loss: 0.6737 bal_acc: 0.62 acc: 0.67 | test loss: 0.6999 bal_acc: 0.46 acc: 0.52
test confusion matrix rows=true cols=pred
[[6, 34], [14, 46]]

=== y_04 ===
Binary label distribution:
  train: class0=120 class1=180 total=300
  val:   class0=40 class1=60 total=100
  test:  class0=40 class1=60 total=100
Original labels in this split:
  train: label0=60 label1=60 label2=60 label3=60 label4=60 total=300
  val:   label0=20 label1=20 label2=20 label3=20 label4=20 total=100
  test:  label0=20 label1=20 label2=20 label3=20 label4=20 total=100
Gradient check epoch 001:
  features.0.weight: 0.00600454
  features.1.weight: 0.00000008
  features.1.bias: 0.00000000
  features.2.weight: 0.00327195
  features.3.weight: 0.00220842
  features.3.bias: 0.00112666
  features.7.weight: 0.00877155
  features.8.weight: 0.00506537
  features.9.weight: 0.00253177
  features.9.bias: 0.00432326
  classifier.weight: 0.01559916
  classifier.bias: 0.03719587
Optimizer check epoch 001 classifier.weight delta: 0.00030001
epoch 001 | train loss: 0.7002 bal_acc: 0.49 acc: 0.51 | val loss: 0.6831 bal_acc: 0.50 acc: 0.60
Gradient check epoch 010:
  features.0.weight: 0.00119620
  features.1.weight: 0.00000037
  features.1.bias: 0.00000000
  features.2.weight: 0.01661556
  features.3.weight: 0.00376613
  features.3.bias: 0.00165250
  features.7.weight: 0.01102121
  features.8.weight: 0.00637985
  features.9.weight: 0.00295708
  features.9.bias: 0.00826889
  classifier.weight: 0.02308062
  classifier.bias: 0.05529270
Optimizer check epoch 010 classifier.weight delta: 0.00013020
epoch 010 | train loss: 0.6452 bal_acc: 0.63 acc: 0.63 | val loss: 0.7034 bal_acc: 0.55 acc: 0.56
Gradient check epoch 020:
  features.0.weight: 0.00115075
  features.1.weight: 0.00000042
  features.1.bias: 0.00000000
  features.2.weight: 0.01115417
  features.3.weight: 0.00402866
  features.3.bias: 0.00235629
  features.7.weight: 0.00801708
  features.8.weight: 0.00653471
  features.9.weight: 0.00440631
  features.9.bias: 0.00845594
  classifier.weight: 0.02976213
  classifier.bias: 0.06395267
Optimizer check epoch 020 classifier.weight delta: 0.00010274
epoch 020 | train loss: 0.6321 bal_acc: 0.64 acc: 0.64 | val loss: 0.7029 bal_acc: 0.57 acc: 0.57
Gradient check epoch 030:
  features.0.weight: 0.00116630
  features.1.weight: 0.00000085
  features.1.bias: 0.00000000
  features.2.weight: 0.04467549
  features.3.weight: 0.00742743
  features.3.bias: 0.00355969
  features.7.weight: 0.01599060
  features.8.weight: 0.01150795
  features.9.weight: 0.00396024
  features.9.bias: 0.00809511
  classifier.weight: 0.02486182
  classifier.bias: 0.05487105
Optimizer check epoch 030 classifier.weight delta: 0.00005632
epoch 030 | train loss: 0.5759 bal_acc: 0.68 acc: 0.68 | val loss: 0.7047 bal_acc: 0.56 acc: 0.57
Gradient check epoch 040:
  features.0.weight: 0.00160750
  features.1.weight: 0.00000228
  features.1.bias: 0.00000001
  features.2.weight: 0.04289557
  features.3.weight: 0.01987786
  features.3.bias: 0.00827099
  features.7.weight: 0.02899592
  features.8.weight: 0.02510362
  features.9.weight: 0.00736613
  features.9.bias: 0.01213481
  classifier.weight: 0.04467469
  classifier.bias: 0.06523237
Optimizer check epoch 040 classifier.weight delta: 0.00008441
epoch 040 | train loss: 0.6241 bal_acc: 0.63 acc: 0.62 | val loss: 0.7457 bal_acc: 0.55 acc: 0.56
Gradient check epoch 050:
  features.0.weight: 0.00054164
  features.1.weight: 0.00000210
  features.1.bias: 0.00000000
  features.2.weight: 0.02651219
  features.3.weight: 0.00843356
  features.3.bias: 0.00322291
  features.7.weight: 0.01077469
  features.8.weight: 0.00900411
  features.9.weight: 0.00505712
  features.9.bias: 0.01552422
  classifier.weight: 0.02046024
  classifier.bias: 0.07725769
Optimizer check epoch 050 classifier.weight delta: 0.00006778
epoch 050 | train loss: 0.5838 bal_acc: 0.70 acc: 0.70 | val loss: 0.7579 bal_acc: 0.53 acc: 0.53
Gradient check epoch 060:
  features.0.weight: 0.00053435
  features.1.weight: 0.00000125
  features.1.bias: 0.00000000
  features.2.weight: 0.02356078
  features.3.weight: 0.00692682
  features.3.bias: 0.00276014
  features.7.weight: 0.00861158
  features.8.weight: 0.00944689
  features.9.weight: 0.01171841
  features.9.bias: 0.02712733
  classifier.weight: 0.04557612
  classifier.bias: 0.12259066
Optimizer check epoch 060 classifier.weight delta: 0.00004271
epoch 060 | train loss: 0.5234 bal_acc: 0.75 acc: 0.75 | val loss: 0.7994 bal_acc: 0.52 acc: 0.53
Gradient check epoch 070:
  features.0.weight: 0.00125901
  features.1.weight: 0.00000374
  features.1.bias: 0.00000001
  features.2.weight: 0.03539289
  features.3.weight: 0.01514859
  features.3.bias: 0.00459957
  features.7.weight: 0.01565032
  features.8.weight: 0.01398645
  features.9.weight: 0.00768117
  features.9.bias: 0.00299621
  classifier.weight: 0.03824777
  classifier.bias: 0.00514997
Optimizer check epoch 070 classifier.weight delta: 0.00009002
epoch 070 | train loss: 0.5430 bal_acc: 0.73 acc: 0.73 | val loss: 0.8279 bal_acc: 0.55 acc: 0.54
Gradient check epoch 080:
  features.0.weight: 0.00119899
  features.1.weight: 0.00000495
  features.1.bias: 0.00000001
  features.2.weight: 0.06351874
  features.3.weight: 0.01748158
  features.3.bias: 0.00654582
  features.7.weight: 0.02232890
  features.8.weight: 0.01744345
  features.9.weight: 0.00434955
  features.9.bias: 0.01460684
  classifier.weight: 0.02513428
  classifier.bias: 0.06051737
Optimizer check epoch 080 classifier.weight delta: 0.00005822
epoch 080 | train loss: 0.4994 bal_acc: 0.78 acc: 0.78 | val loss: 0.7993 bal_acc: 0.47 acc: 0.49
Gradient check epoch 090:
  features.0.weight: 0.00110051
  features.1.weight: 0.00000626
  features.1.bias: 0.00000001
  features.2.weight: 0.06083343
  features.3.weight: 0.02137120
  features.3.bias: 0.00664524
  features.7.weight: 0.02202802
  features.8.weight: 0.01920187
  features.9.weight: 0.01111312
  features.9.bias: 0.02935040
  classifier.weight: 0.03882191
  classifier.bias: 0.12969980
Optimizer check epoch 090 classifier.weight delta: 0.00003228
epoch 090 | train loss: 0.4956 bal_acc: 0.78 acc: 0.78 | val loss: 0.8473 bal_acc: 0.52 acc: 0.53
Gradient check epoch 100:
  features.0.weight: 0.00112719
  features.1.weight: 0.00000270
  features.1.bias: 0.00000001
  features.2.weight: 0.06006667
  features.3.weight: 0.01392681
  features.3.bias: 0.00588041
  features.7.weight: 0.01437543
  features.8.weight: 0.01725696
  features.9.weight: 0.02380142
  features.9.bias: 0.05990219
  classifier.weight: 0.06449189
  classifier.bias: 0.24368922
Optimizer check epoch 100 classifier.weight delta: 0.00007986
epoch 100 | train loss: 0.5190 bal_acc: 0.74 acc: 0.74 | val loss: 0.8590 bal_acc: 0.51 acc: 0.51
best epoch=1 | val loss: 0.6831 bal_acc: 0.50 acc: 0.60 | test loss: 0.6811 bal_acc: 0.50 acc: 0.60
test confusion matrix rows=true cols=pred
[[0, 40], [0, 60]]

=== y_12 ===
Binary label distribution:
  train: class0=120 class1=180 total=300
  val:   class0=40 class1=60 total=100
  test:  class0=40 class1=60 total=100
Original labels in this split:
  train: label0=60 label1=60 label2=60 label3=60 label4=60 total=300
  val:   label0=20 label1=20 label2=20 label3=20 label4=20 total=100
  test:  label0=20 label1=20 label2=20 label3=20 label4=20 total=100
Gradient check epoch 001:
  features.0.weight: 0.00164079
  features.1.weight: 0.00000005
  features.1.bias: 0.00000000
  features.2.weight: 0.00269861
  features.3.weight: 0.00102593
  features.3.bias: 0.00083611
  features.7.weight: 0.00484567
  features.8.weight: 0.00336325
  features.9.weight: 0.00410675
  features.9.bias: 0.01082142
  classifier.weight: 0.01493422
  classifier.bias: 0.08792706
Optimizer check epoch 001 classifier.weight delta: 0.00030000
epoch 001 | train loss: 0.6830 bal_acc: 0.51 acc: 0.57 | val loss: 0.6770 bal_acc: 0.50 acc: 0.60
Gradient check epoch 010:
  features.0.weight: 0.00284590
  features.1.weight: 0.00000039
  features.1.bias: 0.00000000
  features.2.weight: 0.01099811
  features.3.weight: 0.00397149
  features.3.bias: 0.00175684
  features.7.weight: 0.01163431
  features.8.weight: 0.00682485
  features.9.weight: 0.00399272
  features.9.bias: 0.01699028
  classifier.weight: 0.02475077
  classifier.bias: 0.11017886
Optimizer check epoch 010 classifier.weight delta: 0.00011994
epoch 010 | train loss: 0.6511 bal_acc: 0.67 acc: 0.66 | val loss: 0.6546 bal_acc: 0.56 acc: 0.58
Gradient check epoch 020:
  features.0.weight: 0.00273654
  features.1.weight: 0.00000122
  features.1.bias: 0.00000000
  features.2.weight: 0.02228375
  features.3.weight: 0.00752652
  features.3.bias: 0.00282919
  features.7.weight: 0.01649620
  features.8.weight: 0.01100920
  features.9.weight: 0.00589456
  features.9.bias: 0.01654306
  classifier.weight: 0.02814204
  classifier.bias: 0.11567907
Optimizer check epoch 020 classifier.weight delta: 0.00008082
epoch 020 | train loss: 0.6274 bal_acc: 0.64 acc: 0.64 | val loss: 0.6456 bal_acc: 0.62 acc: 0.63
Gradient check epoch 030:
  features.0.weight: 0.00342677
  features.1.weight: 0.00000143
  features.1.bias: 0.00000001
  features.2.weight: 0.02394570
  features.3.weight: 0.00847615
  features.3.bias: 0.00371472
  features.7.weight: 0.01352962
  features.8.weight: 0.00897207
  features.9.weight: 0.01140787
  features.9.bias: 0.02195153
  classifier.weight: 0.04256710
  classifier.bias: 0.12905613
Optimizer check epoch 030 classifier.weight delta: 0.00004148
epoch 030 | train loss: 0.5776 bal_acc: 0.69 acc: 0.69 | val loss: 0.6392 bal_acc: 0.63 acc: 0.65
Gradient check epoch 040:
  features.0.weight: 0.00259399
  features.1.weight: 0.00000111
  features.1.bias: 0.00000000
  features.2.weight: 0.02890833
  features.3.weight: 0.01046917
  features.3.bias: 0.00427778
  features.7.weight: 0.01619405
  features.8.weight: 0.01149136
  features.9.weight: 0.01232141
  features.9.bias: 0.03514465
  classifier.weight: 0.03572594
  classifier.bias: 0.19353861
Optimizer check epoch 040 classifier.weight delta: 0.00006854
epoch 040 | train loss: 0.5576 bal_acc: 0.73 acc: 0.73 | val loss: 0.6538 bal_acc: 0.61 acc: 0.63
Gradient check epoch 050:
  features.0.weight: 0.00164768
  features.1.weight: 0.00000235
  features.1.bias: 0.00000000
  features.2.weight: 0.04224165
  features.3.weight: 0.01496224
  features.3.bias: 0.00937552
  features.7.weight: 0.02129514
  features.8.weight: 0.01853811
  features.9.weight: 0.00768146
  features.9.bias: 0.01160991
  classifier.weight: 0.05067679
  classifier.bias: 0.07238501
Optimizer check epoch 050 classifier.weight delta: 0.00009614
epoch 050 | train loss: 0.5733 bal_acc: 0.69 acc: 0.69 | val loss: 0.6804 bal_acc: 0.58 acc: 0.60
Gradient check epoch 060:
  features.0.weight: 0.00287507
  features.1.weight: 0.00000159
  features.1.bias: 0.00000001
  features.2.weight: 0.04158217
  features.3.weight: 0.01682058
  features.3.bias: 0.00884777
  features.7.weight: 0.02544248
  features.8.weight: 0.02043070
  features.9.weight: 0.01314049
  features.9.bias: 0.03891337
  classifier.weight: 0.03377532
  classifier.bias: 0.19163638
Optimizer check epoch 060 classifier.weight delta: 0.00005341
epoch 060 | train loss: 0.5144 bal_acc: 0.75 acc: 0.75 | val loss: 0.7147 bal_acc: 0.52 acc: 0.54
Gradient check epoch 070:
  features.0.weight: 0.00109879
  features.1.weight: 0.00000102
  features.1.bias: 0.00000001
  features.2.weight: 0.03252725
  features.3.weight: 0.01050006
  features.3.bias: 0.00649435
  features.7.weight: 0.01536255
  features.8.weight: 0.01107339
  features.9.weight: 0.00967306
  features.9.bias: 0.02690291
  classifier.weight: 0.03603280
  classifier.bias: 0.12821481
Optimizer check epoch 070 classifier.weight delta: 0.00006559
epoch 070 | train loss: 0.5074 bal_acc: 0.75 acc: 0.75 | val loss: 0.7096 bal_acc: 0.61 acc: 0.63
Gradient check epoch 080:
  features.0.weight: 0.00123407
  features.1.weight: 0.00000217
  features.1.bias: 0.00000001
  features.2.weight: 0.03393908
  features.3.weight: 0.01004125
  features.3.bias: 0.00451107
  features.7.weight: 0.01210350
  features.8.weight: 0.01133995
  features.9.weight: 0.01214285
  features.9.bias: 0.03944315
  classifier.weight: 0.03434322
  classifier.bias: 0.16353345
Optimizer check epoch 080 classifier.weight delta: 0.00010360
epoch 080 | train loss: 0.4612 bal_acc: 0.79 acc: 0.79 | val loss: 0.7565 bal_acc: 0.55 acc: 0.55
Gradient check epoch 090:
  features.0.weight: 0.00122167
  features.1.weight: 0.00000508
  features.1.bias: 0.00000001
  features.2.weight: 0.10518469
  features.3.weight: 0.01986210
  features.3.bias: 0.00911261
  features.7.weight: 0.02269056
  features.8.weight: 0.01956903
  features.9.weight: 0.01124151
  features.9.bias: 0.02966323
  classifier.weight: 0.03565028
  classifier.bias: 0.11423467
Optimizer check epoch 090 classifier.weight delta: 0.00005837
epoch 090 | train loss: 0.4759 bal_acc: 0.77 acc: 0.77 | val loss: 0.7252 bal_acc: 0.57 acc: 0.59
Gradient check epoch 100:
  features.0.weight: 0.00122063
  features.1.weight: 0.00000151
  features.1.bias: 0.00000001
  features.2.weight: 0.05940155
  features.3.weight: 0.01151726
  features.3.bias: 0.00592150
  features.7.weight: 0.01576658
  features.8.weight: 0.01255023
  features.9.weight: 0.00688148
  features.9.bias: 0.01748504
  classifier.weight: 0.02199297
  classifier.bias: 0.06976543
Optimizer check epoch 100 classifier.weight delta: 0.00008279
epoch 100 | train loss: 0.4585 bal_acc: 0.74 acc: 0.74 | val loss: 0.7598 bal_acc: 0.48 acc: 0.50
Gradient check epoch 110:
  features.0.weight: 0.00389533
  features.1.weight: 0.00000301
  features.1.bias: 0.00000002
  features.2.weight: 0.08993286
  features.3.weight: 0.01761451
  features.3.bias: 0.01147857
  features.7.weight: 0.01942113
  features.8.weight: 0.01551185
  features.9.weight: 0.01126925
  features.9.bias: 0.03885749
  classifier.weight: 0.02188570
  classifier.bias: 0.14193049
Optimizer check epoch 110 classifier.weight delta: 0.00007508
epoch 110 | train loss: 0.4682 bal_acc: 0.78 acc: 0.78 | val loss: 0.7965 bal_acc: 0.56 acc: 0.57
best epoch=19 | val loss: 0.6381 bal_acc: 0.65 acc: 0.66 | test loss: 0.7129 bal_acc: 0.55 acc: 0.55
test confusion matrix rows=true cols=pred
[[23, 17], [28, 32]]

=== y_13 ===
Binary label distribution:
  train: class0=120 class1=180 total=300
  val:   class0=40 class1=60 total=100
  test:  class0=40 class1=60 total=100
Original labels in this split:
  train: label0=60 label1=60 label2=60 label3=60 label4=60 total=300
  val:   label0=20 label1=20 label2=20 label3=20 label4=20 total=100
  test:  label0=20 label1=20 label2=20 label3=20 label4=20 total=100
Gradient check epoch 001:
  features.0.weight: 0.00875239
  features.1.weight: 0.00000008
  features.1.bias: 0.00000000
  features.2.weight: 0.00297340
  features.3.weight: 0.00164402
  features.3.bias: 0.00087600
  features.7.weight: 0.00642952
  features.8.weight: 0.00568460
  features.9.weight: 0.00707183
  features.9.bias: 0.02045052
  classifier.weight: 0.02678779
  classifier.bias: 0.15991083
Optimizer check epoch 001 classifier.weight delta: 0.00030000
epoch 001 | train loss: 0.6963 bal_acc: 0.52 acc: 0.51 | val loss: 0.6813 bal_acc: 0.53 acc: 0.62
Gradient check epoch 010:
  features.0.weight: 0.00780771
  features.1.weight: 0.00000040
  features.1.bias: 0.00000000
  features.2.weight: 0.00457965
  features.3.weight: 0.00439324
  features.3.bias: 0.00243800
  features.7.weight: 0.00897675
  features.8.weight: 0.00711708
  features.9.weight: 0.00561255
  features.9.bias: 0.00394468
  classifier.weight: 0.03793506
  classifier.bias: 0.01722417
Optimizer check epoch 010 classifier.weight delta: 0.00007138
epoch 010 | train loss: 0.6577 bal_acc: 0.61 acc: 0.61 | val loss: 0.7262 bal_acc: 0.50 acc: 0.53
Gradient check epoch 020:
  features.0.weight: 0.00123722
  features.1.weight: 0.00000067
  features.1.bias: 0.00000000
  features.2.weight: 0.01854454
  features.3.weight: 0.00532822
  features.3.bias: 0.00245254
  features.7.weight: 0.01331943
  features.8.weight: 0.01109442
  features.9.weight: 0.01083339
  features.9.bias: 0.01962189
  classifier.weight: 0.05744039
  classifier.bias: 0.11866575
Optimizer check epoch 020 classifier.weight delta: 0.00014938
epoch 020 | train loss: 0.6568 bal_acc: 0.56 acc: 0.56 | val loss: 0.7703 bal_acc: 0.44 acc: 0.46
Gradient check epoch 030:
  features.0.weight: 0.00630659
  features.1.weight: 0.00000088
  features.1.bias: 0.00000000
  features.2.weight: 0.04715280
  features.3.weight: 0.00498019
  features.3.bias: 0.00237169
  features.7.weight: 0.01097364
  features.8.weight: 0.01099986
  features.9.weight: 0.00960943
  features.9.bias: 0.02226196
  classifier.weight: 0.04375249
  classifier.bias: 0.14032766
Optimizer check epoch 030 classifier.weight delta: 0.00008066
epoch 030 | train loss: 0.6146 bal_acc: 0.67 acc: 0.67 | val loss: 0.8363 bal_acc: 0.45 acc: 0.47
Gradient check epoch 040:
  features.0.weight: 0.00308550
  features.1.weight: 0.00000079
  features.1.bias: 0.00000000
  features.2.weight: 0.02000608
  features.3.weight: 0.00554137
  features.3.bias: 0.00370850
  features.7.weight: 0.00923902
  features.8.weight: 0.00781390
  features.9.weight: 0.01199723
  features.9.bias: 0.03636627
  classifier.weight: 0.03779912
  classifier.bias: 0.23402351
Optimizer check epoch 040 classifier.weight delta: 0.00005887
epoch 040 | train loss: 0.6315 bal_acc: 0.68 acc: 0.68 | val loss: 0.8189 bal_acc: 0.43 acc: 0.44
Gradient check epoch 050:
  features.0.weight: 0.00265613
  features.1.weight: 0.00000142
  features.1.bias: 0.00000000
  features.2.weight: 0.01937979
  features.3.weight: 0.00593024
  features.3.bias: 0.00382035
  features.7.weight: 0.00926174
  features.8.weight: 0.00984131
  features.9.weight: 0.00672462
  features.9.bias: 0.02426650
  classifier.weight: 0.03669642
  classifier.bias: 0.13335291
Optimizer check epoch 050 classifier.weight delta: 0.00006263
epoch 050 | train loss: 0.5893 bal_acc: 0.65 acc: 0.65 | val loss: 0.8656 bal_acc: 0.44 acc: 0.45
Gradient check epoch 060:
  features.0.weight: 0.00302301
  features.1.weight: 0.00000046
  features.1.bias: 0.00000000
  features.2.weight: 0.01548246
  features.3.weight: 0.00545639
  features.3.bias: 0.00336049
  features.7.weight: 0.00865974
  features.8.weight: 0.00809252
  features.9.weight: 0.00761916
  features.9.bias: 0.02293547
  classifier.weight: 0.03558026
  classifier.bias: 0.12291415
Optimizer check epoch 060 classifier.weight delta: 0.00007379
epoch 060 | train loss: 0.5789 bal_acc: 0.69 acc: 0.69 | val loss: 0.8740 bal_acc: 0.40 acc: 0.40
Gradient check epoch 070:
  features.0.weight: 0.00378997
  features.1.weight: 0.00000192
  features.1.bias: 0.00000001
  features.2.weight: 0.03657933
  features.3.weight: 0.00986750
  features.3.bias: 0.00528421
  features.7.weight: 0.01412644
  features.8.weight: 0.01210197
  features.9.weight: 0.00889839
  features.9.bias: 0.01236003
  classifier.weight: 0.03586301
  classifier.bias: 0.06164372
Optimizer check epoch 070 classifier.weight delta: 0.00007236
epoch 070 | train loss: 0.6057 bal_acc: 0.65 acc: 0.66 | val loss: 0.8828 bal_acc: 0.45 acc: 0.46
Gradient check epoch 080:
  features.0.weight: 0.00274376
  features.1.weight: 0.00000146
  features.1.bias: 0.00000000
  features.2.weight: 0.03978898
  features.3.weight: 0.00866727
  features.3.bias: 0.00427869
  features.7.weight: 0.01043618
  features.8.weight: 0.00993292
  features.9.weight: 0.00925581
  features.9.bias: 0.03628941
  classifier.weight: 0.03038675
  classifier.bias: 0.18658713
Optimizer check epoch 080 classifier.weight delta: 0.00006162
epoch 080 | train loss: 0.5226 bal_acc: 0.76 acc: 0.76 | val loss: 0.8765 bal_acc: 0.46 acc: 0.45
Gradient check epoch 090:
  features.0.weight: 0.00553471
  features.1.weight: 0.00000141
  features.1.bias: 0.00000001
  features.2.weight: 0.09022622
  features.3.weight: 0.01301534
  features.3.bias: 0.00724625
  features.7.weight: 0.01638781
  features.8.weight: 0.01678918
  features.9.weight: 0.01465452
  features.9.bias: 0.04895090
  classifier.weight: 0.04634333
  classifier.bias: 0.20432553
Optimizer check epoch 090 classifier.weight delta: 0.00005227
epoch 090 | train loss: 0.5857 bal_acc: 0.72 acc: 0.72 | val loss: 0.9508 bal_acc: 0.42 acc: 0.42
Gradient check epoch 100:
  features.0.weight: 0.00251013
  features.1.weight: 0.00000155
  features.1.bias: 0.00000000
  features.2.weight: 0.03378675
  features.3.weight: 0.01232939
  features.3.bias: 0.00448632
  features.7.weight: 0.01362032
  features.8.weight: 0.01193798
  features.9.weight: 0.01733943
  features.9.bias: 0.05641394
  classifier.weight: 0.04346422
  classifier.bias: 0.24175754
Optimizer check epoch 100 classifier.weight delta: 0.00012815
epoch 100 | train loss: 0.5482 bal_acc: 0.71 acc: 0.71 | val loss: 0.8613 bal_acc: 0.43 acc: 0.44
best epoch=1 | val loss: 0.6813 bal_acc: 0.53 acc: 0.62 | test loss: 0.6834 bal_acc: 0.46 acc: 0.55
test confusion matrix rows=true cols=pred
[[1, 39], [6, 54]]

=== y_14 ===
Binary label distribution:
  train: class0=120 class1=180 total=300
  val:   class0=40 class1=60 total=100
  test:  class0=40 class1=60 total=100
Original labels in this split:
  train: label0=60 label1=60 label2=60 label3=60 label4=60 total=300
  val:   label0=20 label1=20 label2=20 label3=20 label4=20 total=100
  test:  label0=20 label1=20 label2=20 label3=20 label4=20 total=100
Gradient check epoch 001:
  features.0.weight: 0.00618932
  features.1.weight: 0.00000011
  features.1.bias: 0.00000000
  features.2.weight: 0.00282704
  features.3.weight: 0.00231836
  features.3.bias: 0.00096800
  features.7.weight: 0.00578103
  features.8.weight: 0.00434674
  features.9.weight: 0.00543102
  features.9.bias: 0.01102200
  classifier.weight: 0.02602827
  classifier.bias: 0.09168379
Optimizer check epoch 001 classifier.weight delta: 0.00029999
epoch 001 | train loss: 0.6998 bal_acc: 0.51 acc: 0.46 | val loss: 0.6830 bal_acc: 0.49 acc: 0.59
Gradient check epoch 010:
  features.0.weight: 0.00864506
  features.1.weight: 0.00000032
  features.1.bias: 0.00000000
  features.2.weight: 0.00742803
  features.3.weight: 0.00565237
  features.3.bias: 0.00215144
  features.7.weight: 0.01079935
  features.8.weight: 0.00767443
  features.9.weight: 0.00849694
  features.9.bias: 0.02145916
  classifier.weight: 0.04762729
  classifier.bias: 0.14305192
Optimizer check epoch 010 classifier.weight delta: 0.00011582
epoch 010 | train loss: 0.6727 bal_acc: 0.60 acc: 0.60 | val loss: 0.6845 bal_acc: 0.58 acc: 0.58
Gradient check epoch 020:
  features.0.weight: 0.00712935
  features.1.weight: 0.00000056
  features.1.bias: 0.00000000
  features.2.weight: 0.02252270
  features.3.weight: 0.00565368
  features.3.bias: 0.00225848
  features.7.weight: 0.01447391
  features.8.weight: 0.00811868
  features.9.weight: 0.00604531
  features.9.bias: 0.02061399
  classifier.weight: 0.02579495
  classifier.bias: 0.12897748
Optimizer check epoch 020 classifier.weight delta: 0.00010101
epoch 020 | train loss: 0.6621 bal_acc: 0.59 acc: 0.59 | val loss: 0.7199 bal_acc: 0.56 acc: 0.55
Gradient check epoch 030:
  features.0.weight: 0.00317179
  features.1.weight: 0.00000156
  features.1.bias: 0.00000000
  features.2.weight: 0.02300915
  features.3.weight: 0.00746999
  features.3.bias: 0.00424945
  features.7.weight: 0.01412392
  features.8.weight: 0.00950672
  features.9.weight: 0.00508262
  features.9.bias: 0.00817883
  classifier.weight: 0.02723334
  classifier.bias: 0.05455274
Optimizer check epoch 030 classifier.weight delta: 0.00008850
epoch 030 | train loss: 0.6071 bal_acc: 0.68 acc: 0.68 | val loss: 0.7581 bal_acc: 0.54 acc: 0.55
Gradient check epoch 040:
  features.0.weight: 0.00258944
  features.1.weight: 0.00000139
  features.1.bias: 0.00000000
  features.2.weight: 0.02763659
  features.3.weight: 0.00855011
  features.3.bias: 0.00218229
  features.7.weight: 0.01255235
  features.8.weight: 0.00886257
  features.9.weight: 0.00534853
  features.9.bias: 0.01148758
  classifier.weight: 0.02798846
  classifier.bias: 0.06840283
Optimizer check epoch 040 classifier.weight delta: 0.00007488
epoch 040 | train loss: 0.5377 bal_acc: 0.78 acc: 0.78 | val loss: 0.8280 bal_acc: 0.57 acc: 0.59
Gradient check epoch 050:
  features.0.weight: 0.00059826
  features.1.weight: 0.00000146
  features.1.bias: 0.00000001
  features.2.weight: 0.02811548
  features.3.weight: 0.00740491
  features.3.bias: 0.00330537
  features.7.weight: 0.00742753
  features.8.weight: 0.00808137
  features.9.weight: 0.01512837
  features.9.bias: 0.05248576
  classifier.weight: 0.04592640
  classifier.bias: 0.26278234
Optimizer check epoch 050 classifier.weight delta: 0.00004405
epoch 050 | train loss: 0.5463 bal_acc: 0.74 acc: 0.74 | val loss: 0.9204 bal_acc: 0.50 acc: 0.51
Gradient check epoch 060:
  features.0.weight: 0.00264137
  features.1.weight: 0.00000149
  features.1.bias: 0.00000001
  features.2.weight: 0.04139809
  features.3.weight: 0.01350709
  features.3.bias: 0.00634143
  features.7.weight: 0.02017438
  features.8.weight: 0.01800347
  features.9.weight: 0.01266627
  features.9.bias: 0.00614793
  classifier.weight: 0.05788900
  classifier.bias: 0.00852533
Optimizer check epoch 060 classifier.weight delta: 0.00005275
epoch 060 | train loss: 0.5609 bal_acc: 0.73 acc: 0.73 | val loss: 0.8753 bal_acc: 0.53 acc: 0.53
Gradient check epoch 070:
  features.0.weight: 0.00218195
  features.1.weight: 0.00000541
  features.1.bias: 0.00000001
  features.2.weight: 0.06309316
  features.3.weight: 0.02039373
  features.3.bias: 0.00937987
  features.7.weight: 0.02543947
  features.8.weight: 0.02048803
  features.9.weight: 0.00845835
  features.9.bias: 0.01286740
  classifier.weight: 0.03710477
  classifier.bias: 0.06569973
Optimizer check epoch 070 classifier.weight delta: 0.00007713
epoch 070 | train loss: 0.4876 bal_acc: 0.78 acc: 0.78 | val loss: 1.0076 bal_acc: 0.49 acc: 0.49
Gradient check epoch 080:
  features.0.weight: 0.00169294
  features.1.weight: 0.00000764
  features.1.bias: 0.00000001
  features.2.weight: 0.16531843
  features.3.weight: 0.02327654
  features.3.bias: 0.01356558
  features.7.weight: 0.03346347
  features.8.weight: 0.02742832
  features.9.weight: 0.01213077
  features.9.bias: 0.00688216
  classifier.weight: 0.04928265
  classifier.bias: 0.00698282
Optimizer check epoch 080 classifier.weight delta: 0.00005790
epoch 080 | train loss: 0.4991 bal_acc: 0.78 acc: 0.78 | val loss: 0.9141 bal_acc: 0.53 acc: 0.53
Gradient check epoch 090:
  features.0.weight: 0.00161137
  features.1.weight: 0.00000278
  features.1.bias: 0.00000000
  features.2.weight: 0.05791307
  features.3.weight: 0.01687841
  features.3.bias: 0.00694467
  features.7.weight: 0.02003675
  features.8.weight: 0.01717396
  features.9.weight: 0.01077255
  features.9.bias: 0.03189319
  classifier.weight: 0.03357731
  classifier.bias: 0.13093930
Optimizer check epoch 090 classifier.weight delta: 0.00003647
epoch 090 | train loss: 0.5299 bal_acc: 0.75 acc: 0.74 | val loss: 1.0885 bal_acc: 0.52 acc: 0.53
Gradient check epoch 100:
  features.0.weight: 0.00317706
  features.1.weight: 0.00000350
  features.1.bias: 0.00000000
  features.2.weight: 0.07730021
  features.3.weight: 0.01930018
  features.3.bias: 0.01036236
  features.7.weight: 0.02384672
  features.8.weight: 0.02101110
  features.9.weight: 0.01670411
  features.9.bias: 0.02853582
  classifier.weight: 0.05480816
  classifier.bias: 0.12308382
Optimizer check epoch 100 classifier.weight delta: 0.00008437
epoch 100 | train loss: 0.5551 bal_acc: 0.70 acc: 0.70 | val loss: 1.0507 bal_acc: 0.52 acc: 0.54
best epoch=5 | val loss: 0.6755 bal_acc: 0.54 acc: 0.58 | test loss: 0.6892 bal_acc: 0.43 acc: 0.48
test confusion matrix rows=true cols=pred
[[8, 32], [20, 40]]

=== y_23 ===
Binary label distribution:
  train: class0=120 class1=180 total=300
  val:   class0=40 class1=60 total=100
  test:  class0=40 class1=60 total=100
Original labels in this split:
  train: label0=60 label1=60 label2=60 label3=60 label4=60 total=300
  val:   label0=20 label1=20 label2=20 label3=20 label4=20 total=100
  test:  label0=20 label1=20 label2=20 label3=20 label4=20 total=100
Gradient check epoch 001:
  features.0.weight: 0.00575370
  features.1.weight: 0.00000014
  features.1.bias: 0.00000000
  features.2.weight: 0.00350842
  features.3.weight: 0.00330055
  features.3.bias: 0.00176423
  features.7.weight: 0.00733614
  features.8.weight: 0.00925965
  features.9.weight: 0.00558051
  features.9.bias: 0.00476835
  classifier.weight: 0.04196688
  classifier.bias: 0.02658548
Optimizer check epoch 001 classifier.weight delta: 0.00030000
epoch 001 | train loss: 0.6874 bal_acc: 0.53 acc: 0.53 | val loss: 0.6715 bal_acc: 0.56 acc: 0.64
Gradient check epoch 010:
  features.0.weight: 0.00217799
  features.1.weight: 0.00000033
  features.1.bias: 0.00000000
  features.2.weight: 0.00968087
  features.3.weight: 0.00476369
  features.3.bias: 0.00255720
  features.7.weight: 0.01146714
  features.8.weight: 0.00867899
  features.9.weight: 0.00524799
  features.9.bias: 0.01086372
  classifier.weight: 0.03108281
  classifier.bias: 0.05915647
Optimizer check epoch 010 classifier.weight delta: 0.00011094
epoch 010 | train loss: 0.6595 bal_acc: 0.61 acc: 0.61 | val loss: 0.6919 bal_acc: 0.52 acc: 0.55
Gradient check epoch 020:
  features.0.weight: 0.00365307
  features.1.weight: 0.00000029
  features.1.bias: 0.00000000
  features.2.weight: 0.00959351
  features.3.weight: 0.00313438
  features.3.bias: 0.00198889
  features.7.weight: 0.00559527
  features.8.weight: 0.00616918
  features.9.weight: 0.00863535
  features.9.bias: 0.02591673
  classifier.weight: 0.04020084
  classifier.bias: 0.17462330
Optimizer check epoch 020 classifier.weight delta: 0.00009155
epoch 020 | train loss: 0.5980 bal_acc: 0.68 acc: 0.68 | val loss: 0.7341 bal_acc: 0.59 acc: 0.62
Gradient check epoch 030:
  features.0.weight: 0.00104607
  features.1.weight: 0.00000072
  features.1.bias: 0.00000000
  features.2.weight: 0.02519476
  features.3.weight: 0.00642026
  features.3.bias: 0.00471525
  features.7.weight: 0.01303841
  features.8.weight: 0.00936501
  features.9.weight: 0.00404784
  features.9.bias: 0.00244605
  classifier.weight: 0.02379004
  classifier.bias: 0.00246036
Optimizer check epoch 030 classifier.weight delta: 0.00012082
epoch 030 | train loss: 0.5718 bal_acc: 0.70 acc: 0.70 | val loss: 0.8000 bal_acc: 0.51 acc: 0.52
Gradient check epoch 040:
  features.0.weight: 0.00190045
  features.1.weight: 0.00000110
  features.1.bias: 0.00000000
  features.2.weight: 0.06862947
  features.3.weight: 0.01184116
  features.3.bias: 0.00462793
  features.7.weight: 0.01970941
  features.8.weight: 0.01515951
  features.9.weight: 0.00885738
  features.9.bias: 0.01334510
  classifier.weight: 0.04741469
  classifier.bias: 0.08097279
Optimizer check epoch 040 classifier.weight delta: 0.00007548
epoch 040 | train loss: 0.5667 bal_acc: 0.73 acc: 0.73 | val loss: 0.8129 bal_acc: 0.58 acc: 0.58
Gradient check epoch 050:
  features.0.weight: 0.00097240
  features.1.weight: 0.00000068
  features.1.bias: 0.00000001
  features.2.weight: 0.05577269
  features.3.weight: 0.00815777
  features.3.bias: 0.00554849
  features.7.weight: 0.01391280
  features.8.weight: 0.01086937
  features.9.weight: 0.01290369
  features.9.bias: 0.03133826
  classifier.weight: 0.04432668
  classifier.bias: 0.17025465
Optimizer check epoch 050 classifier.weight delta: 0.00004844
epoch 050 | train loss: 0.5562 bal_acc: 0.73 acc: 0.73 | val loss: 0.8649 bal_acc: 0.57 acc: 0.56
Gradient check epoch 060:
  features.0.weight: 0.00098799
  features.1.weight: 0.00000089
  features.1.bias: 0.00000000
  features.2.weight: 0.02167836
  features.3.weight: 0.00592965
  features.3.bias: 0.00348667
  features.7.weight: 0.00707979
  features.8.weight: 0.00616156
  features.9.weight: 0.00385328
  features.9.bias: 0.02234835
  classifier.weight: 0.01369124
  classifier.bias: 0.10948096
Optimizer check epoch 060 classifier.weight delta: 0.00005340
epoch 060 | train loss: 0.5263 bal_acc: 0.76 acc: 0.76 | val loss: 0.8476 bal_acc: 0.55 acc: 0.54
Gradient check epoch 070:
  features.0.weight: 0.00127990
  features.1.weight: 0.00000226
  features.1.bias: 0.00000001
  features.2.weight: 0.06312783
  features.3.weight: 0.01994366
  features.3.bias: 0.00934758
  features.7.weight: 0.02323404
  features.8.weight: 0.01845285
  features.9.weight: 0.00952132
  features.9.bias: 0.01132367
  classifier.weight: 0.03772116
  classifier.bias: 0.05544531
Optimizer check epoch 070 classifier.weight delta: 0.00006242
epoch 070 | train loss: 0.5237 bal_acc: 0.72 acc: 0.72 | val loss: 0.9343 bal_acc: 0.53 acc: 0.52
Gradient check epoch 080:
  features.0.weight: 0.00102976
  features.1.weight: 0.00000082
  features.1.bias: 0.00000001
  features.2.weight: 0.03659546
  features.3.weight: 0.00940632
  features.3.bias: 0.00523319
  features.7.weight: 0.01209043
  features.8.weight: 0.00958121
  features.9.weight: 0.00817774
  features.9.bias: 0.02792212
  classifier.weight: 0.02833089
  classifier.bias: 0.11325027
Optimizer check epoch 080 classifier.weight delta: 0.00005318
epoch 080 | train loss: 0.5140 bal_acc: 0.74 acc: 0.74 | val loss: 0.8487 bal_acc: 0.60 acc: 0.60
Gradient check epoch 090:
  features.0.weight: 0.00106724
  features.1.weight: 0.00000309
  features.1.bias: 0.00000001
  features.2.weight: 0.06917304
  features.3.weight: 0.01263135
  features.3.bias: 0.00414486
  features.7.weight: 0.01473055
  features.8.weight: 0.01309447
  features.9.weight: 0.01679559
  features.9.bias: 0.05993132
  classifier.weight: 0.03602900
  classifier.bias: 0.24103764
Optimizer check epoch 090 classifier.weight delta: 0.00009331
epoch 090 | train loss: 0.4774 bal_acc: 0.79 acc: 0.79 | val loss: 0.9692 bal_acc: 0.58 acc: 0.58
Gradient check epoch 100:
  features.0.weight: 0.00105420
  features.1.weight: 0.00000133
  features.1.bias: 0.00000000
  features.2.weight: 0.03047328
  features.3.weight: 0.00897645
  features.3.bias: 0.00524082
  features.7.weight: 0.01070451
  features.8.weight: 0.00973956
  features.9.weight: 0.01021992
  features.9.bias: 0.02936648
  classifier.weight: 0.03774060
  classifier.bias: 0.11184160
Optimizer check epoch 100 classifier.weight delta: 0.00006040
epoch 100 | train loss: 0.4258 bal_acc: 0.83 acc: 0.83 | val loss: 1.0374 bal_acc: 0.56 acc: 0.56
best epoch=3 | val loss: 0.6642 bal_acc: 0.54 acc: 0.58 | test loss: 0.7004 bal_acc: 0.52 acc: 0.55
test confusion matrix rows=true cols=pred
[[14, 26], [19, 41]]

=== y_24 ===
Binary label distribution:
  train: class0=120 class1=180 total=300
  val:   class0=40 class1=60 total=100
  test:  class0=40 class1=60 total=100
Original labels in this split:
  train: label0=60 label1=60 label2=60 label3=60 label4=60 total=300
  val:   label0=20 label1=20 label2=20 label3=20 label4=20 total=100
  test:  label0=20 label1=20 label2=20 label3=20 label4=20 total=100
Gradient check epoch 001:
  features.0.weight: 0.00183651
  features.1.weight: 0.00000003
  features.1.bias: 0.00000000
  features.2.weight: 0.00233074
  features.3.weight: 0.00078007
  features.3.bias: 0.00051894
  features.7.weight: 0.00435460
  features.8.weight: 0.00331937
  features.9.weight: 0.01074226
  features.9.bias: 0.02923086
  classifier.weight: 0.03915068
  classifier.bias: 0.22350344
Optimizer check epoch 001 classifier.weight delta: 0.00030000
epoch 001 | train loss: 0.6951 bal_acc: 0.51 acc: 0.52 | val loss: 0.6836 bal_acc: 0.49 acc: 0.59
Gradient check epoch 010:
  features.0.weight: 0.00291814
  features.1.weight: 0.00000019
  features.1.bias: 0.00000000
  features.2.weight: 0.00695597
  features.3.weight: 0.00303549
  features.3.bias: 0.00182025
  features.7.weight: 0.01323526
  features.8.weight: 0.00648430
  features.9.weight: 0.00367139
  features.9.bias: 0.00159549
  classifier.weight: 0.02812750
  classifier.bias: 0.01122527
Optimizer check epoch 010 classifier.weight delta: 0.00005210
epoch 010 | train loss: 0.6720 bal_acc: 0.60 acc: 0.60 | val loss: 0.7044 bal_acc: 0.47 acc: 0.50
Gradient check epoch 020:
  features.0.weight: 0.00153427
  features.1.weight: 0.00000057
  features.1.bias: 0.00000000
  features.2.weight: 0.01451334
  features.3.weight: 0.00740170
  features.3.bias: 0.00216072
  features.7.weight: 0.01417671
  features.8.weight: 0.00903105
  features.9.weight: 0.00578238
  features.9.bias: 0.00932969
  classifier.weight: 0.02762816
  classifier.bias: 0.06392525
Optimizer check epoch 020 classifier.weight delta: 0.00009298
epoch 020 | train loss: 0.6576 bal_acc: 0.57 acc: 0.57 | val loss: 0.7063 bal_acc: 0.55 acc: 0.58
Gradient check epoch 030:
  features.0.weight: 0.00117377
  features.1.weight: 0.00000033
  features.1.bias: 0.00000000
  features.2.weight: 0.01910861
  features.3.weight: 0.00457257
  features.3.bias: 0.00323030
  features.7.weight: 0.01028554
  features.8.weight: 0.00942411
  features.9.weight: 0.00883385
  features.9.bias: 0.01595083
  classifier.weight: 0.04693771
  classifier.bias: 0.12599269
Optimizer check epoch 030 classifier.weight delta: 0.00003887
epoch 030 | train loss: 0.6545 bal_acc: 0.61 acc: 0.61 | val loss: 0.7449 bal_acc: 0.56 acc: 0.57
Gradient check epoch 040:
  features.0.weight: 0.00168111
  features.1.weight: 0.00000096
  features.1.bias: 0.00000000
  features.2.weight: 0.02051640
  features.3.weight: 0.00645373
  features.3.bias: 0.00301334
  features.7.weight: 0.01155099
  features.8.weight: 0.00901505
  features.9.weight: 0.00904810
  features.9.bias: 0.03805887
  classifier.weight: 0.03680451
  classifier.bias: 0.24663889
Optimizer check epoch 040 classifier.weight delta: 0.00008628
epoch 040 | train loss: 0.6232 bal_acc: 0.66 acc: 0.66 | val loss: 0.7639 bal_acc: 0.51 acc: 0.53
Gradient check epoch 050:
  features.0.weight: 0.00236726
  features.1.weight: 0.00000196
  features.1.bias: 0.00000000
  features.2.weight: 0.03698785
  features.3.weight: 0.01386295
  features.3.bias: 0.00565301
  features.7.weight: 0.02410619
  features.8.weight: 0.01627553
  features.9.weight: 0.00618380
  features.9.bias: 0.00483629
  classifier.weight: 0.03703346
  classifier.bias: 0.01465062
Optimizer check epoch 050 classifier.weight delta: 0.00007031
epoch 050 | train loss: 0.6047 bal_acc: 0.67 acc: 0.66 | val loss: 0.8056 bal_acc: 0.50 acc: 0.52
Gradient check epoch 060:
  features.0.weight: 0.00114254
  features.1.weight: 0.00000067
  features.1.bias: 0.00000000
  features.2.weight: 0.02418065
  features.3.weight: 0.00894578
  features.3.bias: 0.00405267
  features.7.weight: 0.01310736
  features.8.weight: 0.00979581
  features.9.weight: 0.00876245
  features.9.bias: 0.03310618
  classifier.weight: 0.02964696
  classifier.bias: 0.19635859
Optimizer check epoch 060 classifier.weight delta: 0.00008731
epoch 060 | train loss: 0.6144 bal_acc: 0.67 acc: 0.67 | val loss: 0.7986 bal_acc: 0.53 acc: 0.56
Gradient check epoch 070:
  features.0.weight: 0.00070440
  features.1.weight: 0.00000068
  features.1.bias: 0.00000001
  features.2.weight: 0.04700769
  features.3.weight: 0.00770911
  features.3.bias: 0.00709432
  features.7.weight: 0.01207997
  features.8.weight: 0.01240865
  features.9.weight: 0.01203675
  features.9.bias: 0.03069691
  classifier.weight: 0.03656572
  classifier.bias: 0.18313566
Optimizer check epoch 070 classifier.weight delta: 0.00004382
epoch 070 | train loss: 0.6005 bal_acc: 0.66 acc: 0.66 | val loss: 0.8008 bal_acc: 0.51 acc: 0.53
Gradient check epoch 080:
  features.0.weight: 0.00084701
  features.1.weight: 0.00000218
  features.1.bias: 0.00000001
  features.2.weight: 0.03702463
  features.3.weight: 0.01147914
  features.3.bias: 0.00507464
  features.7.weight: 0.01504579
  features.8.weight: 0.01164897
  features.9.weight: 0.00841085
  features.9.bias: 0.02506564
  classifier.weight: 0.03126556
  classifier.bias: 0.12434644
Optimizer check epoch 080 classifier.weight delta: 0.00005630
epoch 080 | train loss: 0.5456 bal_acc: 0.73 acc: 0.73 | val loss: 0.7859 bal_acc: 0.52 acc: 0.57
Gradient check epoch 090:
  features.0.weight: 0.00099942
  features.1.weight: 0.00000154
  features.1.bias: 0.00000000
  features.2.weight: 0.02563554
  features.3.weight: 0.00922799
  features.3.bias: 0.00370572
  features.7.weight: 0.01266174
  features.8.weight: 0.00947464
  features.9.weight: 0.00925042
  features.9.bias: 0.02861016
  classifier.weight: 0.02380988
  classifier.bias: 0.14206728
Optimizer check epoch 090 classifier.weight delta: 0.00006092
epoch 090 | train loss: 0.5885 bal_acc: 0.66 acc: 0.66 | val loss: 0.8640 bal_acc: 0.52 acc: 0.54
Gradient check epoch 100:
  features.0.weight: 0.00176158
  features.1.weight: 0.00000376
  features.1.bias: 0.00000001
  features.2.weight: 0.10285731
  features.3.weight: 0.03300788
  features.3.bias: 0.01414142
  features.7.weight: 0.04432702
  features.8.weight: 0.03817995
  features.9.weight: 0.01256985
  features.9.bias: 0.02403524
  classifier.weight: 0.06342579
  classifier.bias: 0.12643653
Optimizer check epoch 100 classifier.weight delta: 0.00007016
epoch 100 | train loss: 0.5632 bal_acc: 0.70 acc: 0.70 | val loss: 0.8423 bal_acc: 0.48 acc: 0.51
best epoch=1 | val loss: 0.6836 bal_acc: 0.49 acc: 0.59 | test loss: 0.6815 bal_acc: 0.50 acc: 0.60
test confusion matrix rows=true cols=pred
[[0, 40], [0, 60]]

=== y_34 ===
Binary label distribution:
  train: class0=120 class1=180 total=300
  val:   class0=40 class1=60 total=100
  test:  class0=40 class1=60 total=100
Original labels in this split:
  train: label0=60 label1=60 label2=60 label3=60 label4=60 total=300
  val:   label0=20 label1=20 label2=20 label3=20 label4=20 total=100
  test:  label0=20 label1=20 label2=20 label3=20 label4=20 total=100
Gradient check epoch 001:
  features.0.weight: 0.00198653
  features.1.weight: 0.00000010
  features.1.bias: 0.00000000
  features.2.weight: 0.00293747
  features.3.weight: 0.00209323
  features.3.bias: 0.00095535
  features.7.weight: 0.00528224
  features.8.weight: 0.00419282
  features.9.weight: 0.00361273
  features.9.bias: 0.01454477
  classifier.weight: 0.01839118
  classifier.bias: 0.09696165
Optimizer check epoch 001 classifier.weight delta: 0.00030000
epoch 001 | train loss: 0.6907 bal_acc: 0.51 acc: 0.53 | val loss: 0.6765 bal_acc: 0.53 acc: 0.62
Gradient check epoch 010:
  features.0.weight: 0.01704967
  features.1.weight: 0.00000012
  features.1.bias: 0.00000000
  features.2.weight: 0.00524506
  features.3.weight: 0.00330852
  features.3.bias: 0.00140169
  features.7.weight: 0.00868452
  features.8.weight: 0.00564496
  features.9.weight: 0.00519367
  features.9.bias: 0.02241843
  classifier.weight: 0.02279564
  classifier.bias: 0.17120458
Optimizer check epoch 010 classifier.weight delta: 0.00005610
epoch 010 | train loss: 0.6664 bal_acc: 0.59 acc: 0.59 | val loss: 0.6636 bal_acc: 0.59 acc: 0.62
Gradient check epoch 020:
  features.0.weight: 0.00195450
  features.1.weight: 0.00000029
  features.1.bias: 0.00000000
  features.2.weight: 0.00833513
  features.3.weight: 0.00475476
  features.3.bias: 0.00153884
  features.7.weight: 0.01042650
  features.8.weight: 0.00699620
  features.9.weight: 0.01111234
  features.9.bias: 0.04682927
  classifier.weight: 0.04724710
  classifier.bias: 0.30526686
Optimizer check epoch 020 classifier.weight delta: 0.00009717
epoch 020 | train loss: 0.6407 bal_acc: 0.66 acc: 0.66 | val loss: 0.6645 bal_acc: 0.56 acc: 0.57
Gradient check epoch 030:
  features.0.weight: 0.01093936
  features.1.weight: 0.00000065
  features.1.bias: 0.00000000
  features.2.weight: 0.02100673
  features.3.weight: 0.00609858
  features.3.bias: 0.00157981
  features.7.weight: 0.01160410
  features.8.weight: 0.00687866
  features.9.weight: 0.00473994
  features.9.bias: 0.00202928
  classifier.weight: 0.02903929
  classifier.bias: 0.00072505
Optimizer check epoch 030 classifier.weight delta: 0.00005153
epoch 030 | train loss: 0.6044 bal_acc: 0.70 acc: 0.70 | val loss: 0.6615 bal_acc: 0.60 acc: 0.61
Gradient check epoch 040:
  features.0.weight: 0.01140437
  features.1.weight: 0.00000203
  features.1.bias: 0.00000000
  features.2.weight: 0.02905960
  features.3.weight: 0.01253402
  features.3.bias: 0.00470483
  features.7.weight: 0.01688177
  features.8.weight: 0.01333824
  features.9.weight: 0.00732313
  features.9.bias: 0.00373413
  classifier.weight: 0.05474678
  classifier.bias: 0.00330202
Optimizer check epoch 040 classifier.weight delta: 0.00013342
epoch 040 | train loss: 0.5699 bal_acc: 0.71 acc: 0.71 | val loss: 0.6566 bal_acc: 0.61 acc: 0.60
Gradient check epoch 050:
  features.0.weight: 0.00799240
  features.1.weight: 0.00000222
  features.1.bias: 0.00000000
  features.2.weight: 0.03217296
  features.3.weight: 0.01012318
  features.3.bias: 0.00443672
  features.7.weight: 0.01424529
  features.8.weight: 0.01030500
  features.9.weight: 0.01416756
  features.9.bias: 0.03298586
  classifier.weight: 0.04581862
  classifier.bias: 0.18245316
Optimizer check epoch 050 classifier.weight delta: 0.00005946
epoch 050 | train loss: 0.6229 bal_acc: 0.68 acc: 0.68 | val loss: 0.6822 bal_acc: 0.62 acc: 0.61
Gradient check epoch 060:
  features.0.weight: 0.01450428
  features.1.weight: 0.00000100
  features.1.bias: 0.00000000
  features.2.weight: 0.02750996
  features.3.weight: 0.00748506
  features.3.bias: 0.00533566
  features.7.weight: 0.00929880
  features.8.weight: 0.00842991
  features.9.weight: 0.00455382
  features.9.bias: 0.01184518
  classifier.weight: 0.02121730
  classifier.bias: 0.05434843
Optimizer check epoch 060 classifier.weight delta: 0.00011360
epoch 060 | train loss: 0.5763 bal_acc: 0.69 acc: 0.70 | val loss: 0.7180 bal_acc: 0.61 acc: 0.59
Gradient check epoch 070:
  features.0.weight: 0.01400919
  features.1.weight: 0.00000323
  features.1.bias: 0.00000000
  features.2.weight: 0.09048486
  features.3.weight: 0.02644980
  features.3.bias: 0.00946382
  features.7.weight: 0.03479163
  features.8.weight: 0.02390789
  features.9.weight: 0.01116918
  features.9.bias: 0.00480822
  classifier.weight: 0.05170143
  classifier.bias: 0.00827971
Optimizer check epoch 070 classifier.weight delta: 0.00003700
epoch 070 | train loss: 0.5022 bal_acc: 0.76 acc: 0.76 | val loss: 0.7771 bal_acc: 0.54 acc: 0.53
Gradient check epoch 080:
  features.0.weight: 0.01290940
  features.1.weight: 0.00000113
  features.1.bias: 0.00000001
  features.2.weight: 0.03614600
  features.3.weight: 0.01110119
  features.3.bias: 0.00790601
  features.7.weight: 0.01241682
  features.8.weight: 0.00921546
  features.9.weight: 0.00685464
  features.9.bias: 0.01079397
  classifier.weight: 0.02000067
  classifier.bias: 0.06024548
Optimizer check epoch 080 classifier.weight delta: 0.00006261
epoch 080 | train loss: 0.4845 bal_acc: 0.78 acc: 0.78 | val loss: 0.7373 bal_acc: 0.56 acc: 0.56
Gradient check epoch 090:
  features.0.weight: 0.00895797
  features.1.weight: 0.00000273
  features.1.bias: 0.00000001
  features.2.weight: 0.06602605
  features.3.weight: 0.01638722
  features.3.bias: 0.00721286
  features.7.weight: 0.01804690
  features.8.weight: 0.01257449
  features.9.weight: 0.00582919
  features.9.bias: 0.02462925
  classifier.weight: 0.02548061
  classifier.bias: 0.10399548
Optimizer check epoch 090 classifier.weight delta: 0.00006781
epoch 090 | train loss: 0.4954 bal_acc: 0.76 acc: 0.75 | val loss: 0.8004 bal_acc: 0.57 acc: 0.55
Gradient check epoch 100:
  features.0.weight: 0.00452284
  features.1.weight: 0.00000584
  features.1.bias: 0.00000001
  features.2.weight: 0.06856149
  features.3.weight: 0.03710062
  features.3.bias: 0.01738197
  features.7.weight: 0.04580165
  features.8.weight: 0.03011852
  features.9.weight: 0.01719116
  features.9.bias: 0.03580929
  classifier.weight: 0.06602100
  classifier.bias: 0.12052909
Optimizer check epoch 100 classifier.weight delta: 0.00005641
epoch 100 | train loss: 0.4774 bal_acc: 0.78 acc: 0.78 | val loss: 0.8337 bal_acc: 0.53 acc: 0.52
Gradient check epoch 110:
  features.0.weight: 0.00431782
  features.1.weight: 0.00000164
  features.1.bias: 0.00000001
  features.2.weight: 0.06417519
  features.3.weight: 0.01238932
  features.3.bias: 0.00754116
  features.7.weight: 0.01573489
  features.8.weight: 0.01182620
  features.9.weight: 0.00535009
  features.9.bias: 0.01897212
  classifier.weight: 0.01691237
  classifier.bias: 0.07530335
Optimizer check epoch 110 classifier.weight delta: 0.00007014
epoch 110 | train loss: 0.4854 bal_acc: 0.77 acc: 0.77 | val loss: 0.8431 bal_acc: 0.53 acc: 0.53
Gradient check epoch 120:
  features.0.weight: 0.00270936
  features.1.weight: 0.00000216
  features.1.bias: 0.00000001
  features.2.weight: 0.04127664
  features.3.weight: 0.01584397
  features.3.bias: 0.00568554
  features.7.weight: 0.01759969
  features.8.weight: 0.01205676
  features.9.weight: 0.00851525
  features.9.bias: 0.01652910
  classifier.weight: 0.03272223
  classifier.bias: 0.06499119
Optimizer check epoch 120 classifier.weight delta: 0.00010061
epoch 120 | train loss: 0.4746 bal_acc: 0.78 acc: 0.78 | val loss: 0.8528 bal_acc: 0.54 acc: 0.53
Gradient check epoch 130:
  features.0.weight: 0.01360404
  features.1.weight: 0.00000266
  features.1.bias: 0.00000001
  features.2.weight: 0.08361222
  features.3.weight: 0.02056088
  features.3.bias: 0.01494187
  features.7.weight: 0.02421745
  features.8.weight: 0.01688991
  features.9.weight: 0.01527718
  features.9.bias: 0.05423424
  classifier.weight: 0.02956489
  classifier.bias: 0.19343886
Optimizer check epoch 130 classifier.weight delta: 0.00005829
epoch 130 | train loss: 0.4806 bal_acc: 0.77 acc: 0.77 | val loss: 0.8781 bal_acc: 0.58 acc: 0.57
best epoch=31 | val loss: 0.6501 bal_acc: 0.60 acc: 0.61 | test loss: 0.7235 bal_acc: 0.56 acc: 0.57
test confusion matrix rows=true cols=pred
[[20, 20], [23, 37]]

Test balanced accuracy
y_01: 0.600
y_02: 0.479
y_03: 0.458
y_04: 0.500
y_12: 0.554
y_13: 0.462
y_14: 0.433
y_23: 0.517
y_24: 0.500
y_34: 0.558

Saved to: ./checkpoints_eegnet_randomsplit/20260623_140512
