Training configuration
  data_dir=/home/bts_sh/jihoon/Demo_binary/data/processed/260602_sub1_hjlee_raw
  input_file=X_eeg_raw.npy
  epochs=2000
  batch_size=16
  lr=0.0001
  weight_decay=0.0001
  patience=100
  seed=42
  val_test_ratio=0.2

Loading X_eeg_raw.npy...
Device: cuda | X: (500, 64, 4000) | run: /home/bts_sh/jihoon/Demo_binary/checkpoints_eegnet_randomsplit/20260622_182810
Data split: train=300 val=100 test=100
Original label distribution:
  train: label0=60 label1=60 label2=60 label3=60 label4=60 total=300
  val:   label0=20 label1=20 label2=20 label3=20 label4=20 total=100
  test:  label0=20 label1=20 label2=20 label3=20 label4=20 total=100
Normalizing X using training-set mean and std...

=== y_01 ===
Binary label distribution:
  train: class0=120 class1=180 total=300
  val:   class0=40 class1=60 total=100
  test:  class0=40 class1=60 total=100
Original labels in this split:
  train: label0=60 label1=60 label2=60 label3=60 label4=60 total=300
  val:   label0=20 label1=20 label2=20 label3=20 label4=20 total=100
  test:  label0=20 label1=20 label2=20 label3=20 label4=20 total=100
epoch 001 | train(loss/acc)=0.6873/0.50 | val(loss/acc)=0.6822/0.50 | lr=1.0e-04
epoch 010 | train(loss/acc)=0.6896/0.57 | val(loss/acc)=0.6732/0.61 | lr=1.0e-04
epoch 020 | train(loss/acc)=0.6776/0.58 | val(loss/acc)=0.6844/0.60 | lr=1.0e-04
epoch 030 | train(loss/acc)=0.6496/0.65 | val(loss/acc)=0.6788/0.57 | lr=5.0e-05
epoch 040 | train(loss/acc)=0.6339/0.65 | val(loss/acc)=0.6779/0.56 | lr=5.0e-05
epoch 050 | train(loss/acc)=0.6404/0.59 | val(loss/acc)=0.6703/0.58 | lr=5.0e-05
epoch 060 | train(loss/acc)=0.6284/0.64 | val(loss/acc)=0.6726/0.57 | lr=5.0e-05
epoch 070 | train(loss/acc)=0.6279/0.66 | val(loss/acc)=0.6601/0.59 | lr=5.0e-05
epoch 080 | train(loss/acc)=0.6337/0.60 | val(loss/acc)=0.6614/0.58 | lr=5.0e-05
epoch 090 | train(loss/acc)=0.6004/0.70 | val(loss/acc)=0.6700/0.58 | lr=5.0e-05
epoch 100 | train(loss/acc)=0.6118/0.66 | val(loss/acc)=0.6730/0.59 | lr=5.0e-05
epoch 110 | train(loss/acc)=0.6067/0.66 | val(loss/acc)=0.6874/0.57 | lr=2.5e-05
epoch 120 | train(loss/acc)=0.5914/0.72 | val(loss/acc)=0.6790/0.55 | lr=2.5e-05
epoch 130 | train(loss/acc)=0.6125/0.66 | val(loss/acc)=0.6737/0.58 | lr=1.3e-05
epoch 140 | train(loss/acc)=0.5981/0.69 | val(loss/acc)=0.6788/0.55 | lr=1.3e-05
epoch 150 | train(loss/acc)=0.6117/0.68 | val(loss/acc)=0.6819/0.58 | lr=6.3e-06
epoch 160 | train(loss/acc)=0.5943/0.69 | val(loss/acc)=0.6837/0.59 | lr=6.3e-06
epoch 170 | train(loss/acc)=0.5910/0.70 | val(loss/acc)=0.6830/0.59 | lr=3.1e-06
epoch 180 | train(loss/acc)=0.6285/0.62 | val(loss/acc)=0.6795/0.60 | lr=3.1e-06
best epoch=81 val=0.6565/0.59 | test=0.6913/0.56

=== y_02 ===
Binary label distribution:
  train: class0=120 class1=180 total=300
  val:   class0=40 class1=60 total=100
  test:  class0=40 class1=60 total=100
Original labels in this split:
  train: label0=60 label1=60 label2=60 label3=60 label4=60 total=300
  val:   label0=20 label1=20 label2=20 label3=20 label4=20 total=100
  test:  label0=20 label1=20 label2=20 label3=20 label4=20 total=100
epoch 001 | train(loss/acc)=0.7007/0.46 | val(loss/acc)=0.6809/0.49 | lr=1.0e-04
epoch 010 | train(loss/acc)=0.6829/0.53 | val(loss/acc)=0.6717/0.54 | lr=1.0e-04
epoch 020 | train(loss/acc)=0.6847/0.51 | val(loss/acc)=0.6717/0.50 | lr=1.0e-04
epoch 030 | train(loss/acc)=0.6805/0.53 | val(loss/acc)=0.6711/0.58 | lr=1.0e-04
epoch 040 | train(loss/acc)=0.6684/0.61 | val(loss/acc)=0.6734/0.50 | lr=5.0e-05
epoch 050 | train(loss/acc)=0.6547/0.63 | val(loss/acc)=0.6875/0.52 | lr=5.0e-05
epoch 060 | train(loss/acc)=0.6494/0.66 | val(loss/acc)=0.6870/0.51 | lr=5.0e-05
epoch 070 | train(loss/acc)=0.6322/0.68 | val(loss/acc)=0.6884/0.52 | lr=2.5e-05
epoch 080 | train(loss/acc)=0.6466/0.64 | val(loss/acc)=0.6857/0.55 | lr=2.5e-05
epoch 090 | train(loss/acc)=0.6561/0.62 | val(loss/acc)=0.6919/0.53 | lr=1.3e-05
epoch 100 | train(loss/acc)=0.6352/0.68 | val(loss/acc)=0.6946/0.52 | lr=1.3e-05
epoch 110 | train(loss/acc)=0.6315/0.68 | val(loss/acc)=0.6907/0.53 | lr=6.3e-06
best epoch=19 val=0.6677/0.55 | test=0.6969/0.50

=== y_03 ===
Binary label distribution:
  train: class0=120 class1=180 total=300
  val:   class0=40 class1=60 total=100
  test:  class0=40 class1=60 total=100
Original labels in this split:
  train: label0=60 label1=60 label2=60 label3=60 label4=60 total=300
  val:   label0=20 label1=20 label2=20 label3=20 label4=20 total=100
  test:  label0=20 label1=20 label2=20 label3=20 label4=20 total=100
epoch 001 | train(loss/acc)=0.7004/0.48 | val(loss/acc)=0.6803/0.52 | lr=1.0e-04
epoch 010 | train(loss/acc)=0.7013/0.50 | val(loss/acc)=0.6811/0.56 | lr=1.0e-04
epoch 020 | train(loss/acc)=0.6718/0.59 | val(loss/acc)=0.6878/0.56 | lr=1.0e-04
epoch 030 | train(loss/acc)=0.6654/0.61 | val(loss/acc)=0.6985/0.62 | lr=5.0e-05
epoch 040 | train(loss/acc)=0.6623/0.58 | val(loss/acc)=0.7072/0.61 | lr=5.0e-05
epoch 050 | train(loss/acc)=0.6436/0.64 | val(loss/acc)=0.7107/0.62 | lr=2.5e-05
epoch 060 | train(loss/acc)=0.6510/0.60 | val(loss/acc)=0.7219/0.61 | lr=2.5e-05
epoch 070 | train(loss/acc)=0.6394/0.62 | val(loss/acc)=0.7310/0.66 | lr=2.5e-05
epoch 080 | train(loss/acc)=0.6444/0.61 | val(loss/acc)=0.7382/0.62 | lr=1.3e-05
epoch 090 | train(loss/acc)=0.6376/0.64 | val(loss/acc)=0.7302/0.65 | lr=1.3e-05
epoch 100 | train(loss/acc)=0.6388/0.64 | val(loss/acc)=0.7394/0.63 | lr=6.3e-06
best epoch=8 val=0.6759/0.56 | test=0.6972/0.45

=== y_04 ===
Binary label distribution:
  train: class0=120 class1=180 total=300
  val:   class0=40 class1=60 total=100
  test:  class0=40 class1=60 total=100
Original labels in this split:
  train: label0=60 label1=60 label2=60 label3=60 label4=60 total=300
  val:   label0=20 label1=20 label2=20 label3=20 label4=20 total=100
  test:  label0=20 label1=20 label2=20 label3=20 label4=20 total=100
epoch 001 | train(loss/acc)=0.7051/0.47 | val(loss/acc)=0.6844/0.50 | lr=1.0e-04
epoch 010 | train(loss/acc)=0.6754/0.60 | val(loss/acc)=0.6893/0.50 | lr=1.0e-04
epoch 020 | train(loss/acc)=0.6707/0.60 | val(loss/acc)=0.6956/0.51 | lr=1.0e-04
epoch 030 | train(loss/acc)=0.6444/0.65 | val(loss/acc)=0.6948/0.53 | lr=5.0e-05
epoch 040 | train(loss/acc)=0.6710/0.57 | val(loss/acc)=0.7000/0.52 | lr=5.0e-05
epoch 050 | train(loss/acc)=0.6458/0.59 | val(loss/acc)=0.6982/0.55 | lr=2.5e-05
epoch 060 | train(loss/acc)=0.6378/0.63 | val(loss/acc)=0.6987/0.55 | lr=2.5e-05
epoch 070 | train(loss/acc)=0.6223/0.66 | val(loss/acc)=0.6986/0.58 | lr=1.3e-05
epoch 080 | train(loss/acc)=0.6109/0.68 | val(loss/acc)=0.6893/0.55 | lr=1.3e-05
epoch 090 | train(loss/acc)=0.6292/0.67 | val(loss/acc)=0.6976/0.55 | lr=6.3e-06
epoch 100 | train(loss/acc)=0.6385/0.64 | val(loss/acc)=0.6966/0.55 | lr=6.3e-06
best epoch=1 val=0.6844/0.50 | test=0.6820/0.50

=== y_12 ===
Binary label distribution:
  train: class0=120 class1=180 total=300
  val:   class0=40 class1=60 total=100
  test:  class0=40 class1=60 total=100
Original labels in this split:
  train: label0=60 label1=60 label2=60 label3=60 label4=60 total=300
  val:   label0=20 label1=20 label2=20 label3=20 label4=20 total=100
  test:  label0=20 label1=20 label2=20 label3=20 label4=20 total=100
epoch 001 | train(loss/acc)=0.6820/0.52 | val(loss/acc)=0.6793/0.49 | lr=1.0e-04
epoch 010 | train(loss/acc)=0.6764/0.64 | val(loss/acc)=0.6640/0.55 | lr=1.0e-04
epoch 020 | train(loss/acc)=0.6684/0.62 | val(loss/acc)=0.6579/0.55 | lr=1.0e-04
epoch 030 | train(loss/acc)=0.6392/0.64 | val(loss/acc)=0.6523/0.59 | lr=1.0e-04
epoch 040 | train(loss/acc)=0.6309/0.65 | val(loss/acc)=0.6474/0.63 | lr=1.0e-04
epoch 050 | train(loss/acc)=0.6521/0.61 | val(loss/acc)=0.6390/0.64 | lr=1.0e-04
epoch 060 | train(loss/acc)=0.5980/0.69 | val(loss/acc)=0.6418/0.66 | lr=1.0e-04
epoch 070 | train(loss/acc)=0.6000/0.67 | val(loss/acc)=0.6511/0.62 | lr=1.0e-04
epoch 080 | train(loss/acc)=0.5663/0.75 | val(loss/acc)=0.6640/0.62 | lr=5.0e-05
epoch 090 | train(loss/acc)=0.5609/0.76 | val(loss/acc)=0.6492/0.59 | lr=5.0e-05
epoch 100 | train(loss/acc)=0.5752/0.72 | val(loss/acc)=0.6535/0.60 | lr=2.5e-05
epoch 110 | train(loss/acc)=0.5834/0.70 | val(loss/acc)=0.6494/0.60 | lr=2.5e-05
epoch 120 | train(loss/acc)=0.5883/0.66 | val(loss/acc)=0.6574/0.63 | lr=1.3e-05
epoch 130 | train(loss/acc)=0.5981/0.66 | val(loss/acc)=0.6580/0.62 | lr=1.3e-05
epoch 140 | train(loss/acc)=0.6075/0.65 | val(loss/acc)=0.6672/0.65 | lr=6.3e-06
epoch 150 | train(loss/acc)=0.5656/0.70 | val(loss/acc)=0.6608/0.62 | lr=6.3e-06
best epoch=50 val=0.6390/0.64 | test=0.7232/0.56

=== y_13 ===
Binary label distribution:
  train: class0=120 class1=180 total=300
  val:   class0=40 class1=60 total=100
  test:  class0=40 class1=60 total=100
Original labels in this split:
  train: label0=60 label1=60 label2=60 label3=60 label4=60 total=300
  val:   label0=20 label1=20 label2=20 label3=20 label4=20 total=100
  test:  label0=20 label1=20 label2=20 label3=20 label4=20 total=100
epoch 001 | train(loss/acc)=0.6975/0.52 | val(loss/acc)=0.6809/0.52 | lr=1.0e-04
epoch 010 | train(loss/acc)=0.6718/0.56 | val(loss/acc)=0.6938/0.55 | lr=1.0e-04
epoch 020 | train(loss/acc)=0.6783/0.56 | val(loss/acc)=0.7136/0.52 | lr=1.0e-04
epoch 030 | train(loss/acc)=0.6616/0.60 | val(loss/acc)=0.7302/0.52 | lr=5.0e-05
epoch 040 | train(loss/acc)=0.6679/0.56 | val(loss/acc)=0.7400/0.49 | lr=5.0e-05
epoch 050 | train(loss/acc)=0.6497/0.59 | val(loss/acc)=0.7464/0.50 | lr=2.5e-05
epoch 060 | train(loss/acc)=0.6532/0.61 | val(loss/acc)=0.7476/0.48 | lr=2.5e-05
epoch 070 | train(loss/acc)=0.6699/0.57 | val(loss/acc)=0.7501/0.47 | lr=1.3e-05
epoch 080 | train(loss/acc)=0.6339/0.63 | val(loss/acc)=0.7455/0.47 | lr=1.3e-05
epoch 090 | train(loss/acc)=0.6549/0.60 | val(loss/acc)=0.7547/0.48 | lr=6.3e-06
epoch 100 | train(loss/acc)=0.6744/0.58 | val(loss/acc)=0.7577/0.45 | lr=6.3e-06
best epoch=1 val=0.6809/0.52 | test=0.6821/0.49

=== y_14 ===
Binary label distribution:
  train: class0=120 class1=180 total=300
  val:   class0=40 class1=60 total=100
  test:  class0=40 class1=60 total=100
Original labels in this split:
  train: label0=60 label1=60 label2=60 label3=60 label4=60 total=300
  val:   label0=20 label1=20 label2=20 label3=20 label4=20 total=100
  test:  label0=20 label1=20 label2=20 label3=20 label4=20 total=100
epoch 001 | train(loss/acc)=0.7006/0.52 | val(loss/acc)=0.6838/0.48 | lr=1.0e-04
epoch 010 | train(loss/acc)=0.6844/0.59 | val(loss/acc)=0.6809/0.50 | lr=1.0e-04
epoch 020 | train(loss/acc)=0.6726/0.61 | val(loss/acc)=0.6869/0.53 | lr=1.0e-04
epoch 030 | train(loss/acc)=0.6695/0.59 | val(loss/acc)=0.6909/0.53 | lr=1.0e-04
epoch 040 | train(loss/acc)=0.6446/0.63 | val(loss/acc)=0.6991/0.50 | lr=5.0e-05
epoch 050 | train(loss/acc)=0.6656/0.60 | val(loss/acc)=0.7019/0.53 | lr=5.0e-05
epoch 060 | train(loss/acc)=0.6448/0.60 | val(loss/acc)=0.7052/0.54 | lr=2.5e-05
epoch 070 | train(loss/acc)=0.6405/0.66 | val(loss/acc)=0.7120/0.51 | lr=2.5e-05
epoch 080 | train(loss/acc)=0.6312/0.66 | val(loss/acc)=0.7135/0.52 | lr=1.3e-05
epoch 090 | train(loss/acc)=0.6374/0.64 | val(loss/acc)=0.7092/0.57 | lr=1.3e-05
epoch 100 | train(loss/acc)=0.6398/0.62 | val(loss/acc)=0.7144/0.55 | lr=6.3e-06
epoch 110 | train(loss/acc)=0.6372/0.66 | val(loss/acc)=0.7129/0.55 | lr=6.3e-06
best epoch=12 val=0.6799/0.49 | test=0.6847/0.49

=== y_23 ===
Binary label distribution:
  train: class0=120 class1=180 total=300
  val:   class0=40 class1=60 total=100
  test:  class0=40 class1=60 total=100
Original labels in this split:
  train: label0=60 label1=60 label2=60 label3=60 label4=60 total=300
  val:   label0=20 label1=20 label2=20 label3=20 label4=20 total=100
  test:  label0=20 label1=20 label2=20 label3=20 label4=20 total=100
epoch 001 | train(loss/acc)=0.6908/0.50 | val(loss/acc)=0.6758/0.52 | lr=1.0e-04
epoch 010 | train(loss/acc)=0.6817/0.59 | val(loss/acc)=0.6718/0.55 | lr=1.0e-04
epoch 020 | train(loss/acc)=0.6531/0.64 | val(loss/acc)=0.6788/0.57 | lr=1.0e-04
epoch 030 | train(loss/acc)=0.6379/0.65 | val(loss/acc)=0.6902/0.56 | lr=5.0e-05
epoch 040 | train(loss/acc)=0.6404/0.67 | val(loss/acc)=0.6965/0.57 | lr=5.0e-05
epoch 050 | train(loss/acc)=0.6434/0.64 | val(loss/acc)=0.7033/0.60 | lr=2.5e-05
epoch 060 | train(loss/acc)=0.6365/0.64 | val(loss/acc)=0.7023/0.59 | lr=2.5e-05
epoch 070 | train(loss/acc)=0.6526/0.60 | val(loss/acc)=0.7108/0.57 | lr=1.3e-05
epoch 080 | train(loss/acc)=0.6252/0.67 | val(loss/acc)=0.7026/0.57 | lr=1.3e-05
epoch 090 | train(loss/acc)=0.6249/0.67 | val(loss/acc)=0.7156/0.58 | lr=6.3e-06
epoch 100 | train(loss/acc)=0.6082/0.68 | val(loss/acc)=0.7262/0.57 | lr=6.3e-06
best epoch=5 val=0.6664/0.52 | test=0.6958/0.48

=== y_24 ===
Binary label distribution:
  train: class0=120 class1=180 total=300
  val:   class0=40 class1=60 total=100
  test:  class0=40 class1=60 total=100
Original labels in this split:
  train: label0=60 label1=60 label2=60 label3=60 label4=60 total=300
  val:   label0=20 label1=20 label2=20 label3=20 label4=20 total=100
  test:  label0=20 label1=20 label2=20 label3=20 label4=20 total=100
epoch 001 | train(loss/acc)=0.6964/0.50 | val(loss/acc)=0.6830/0.48 | lr=1.0e-04
epoch 010 | train(loss/acc)=0.6841/0.56 | val(loss/acc)=0.6925/0.45 | lr=1.0e-04
epoch 020 | train(loss/acc)=0.6839/0.54 | val(loss/acc)=0.6975/0.50 | lr=1.0e-04
epoch 030 | train(loss/acc)=0.6769/0.54 | val(loss/acc)=0.7025/0.49 | lr=5.0e-05
epoch 040 | train(loss/acc)=0.6768/0.60 | val(loss/acc)=0.7062/0.48 | lr=5.0e-05
epoch 050 | train(loss/acc)=0.6637/0.59 | val(loss/acc)=0.7082/0.46 | lr=2.5e-05
epoch 060 | train(loss/acc)=0.6670/0.61 | val(loss/acc)=0.7083/0.48 | lr=2.5e-05
epoch 070 | train(loss/acc)=0.6586/0.63 | val(loss/acc)=0.7130/0.45 | lr=1.3e-05
epoch 080 | train(loss/acc)=0.6547/0.61 | val(loss/acc)=0.7057/0.48 | lr=1.3e-05
epoch 090 | train(loss/acc)=0.6800/0.58 | val(loss/acc)=0.7094/0.47 | lr=6.3e-06
epoch 100 | train(loss/acc)=0.6646/0.58 | val(loss/acc)=0.7104/0.47 | lr=6.3e-06
best epoch=1 val=0.6830/0.48 | test=0.6811/0.51

=== y_34 ===
Binary label distribution:
  train: class0=120 class1=180 total=300
  val:   class0=40 class1=60 total=100
  test:  class0=40 class1=60 total=100
Original labels in this split:
  train: label0=60 label1=60 label2=60 label3=60 label4=60 total=300
  val:   label0=20 label1=20 label2=20 label3=20 label4=20 total=100
  test:  label0=20 label1=20 label2=20 label3=20 label4=20 total=100
epoch 001 | train(loss/acc)=0.6920/0.50 | val(loss/acc)=0.6799/0.52 | lr=1.0e-04
epoch 010 | train(loss/acc)=0.6783/0.55 | val(loss/acc)=0.6716/0.58 | lr=1.0e-04
epoch 020 | train(loss/acc)=0.6741/0.59 | val(loss/acc)=0.6683/0.54 | lr=1.0e-04
epoch 030 | train(loss/acc)=0.6574/0.62 | val(loss/acc)=0.6675/0.60 | lr=1.0e-04
epoch 040 | train(loss/acc)=0.6509/0.63 | val(loss/acc)=0.6673/0.60 | lr=1.0e-04
epoch 050 | train(loss/acc)=0.6696/0.60 | val(loss/acc)=0.6714/0.63 | lr=1.0e-04
epoch 060 | train(loss/acc)=0.6600/0.64 | val(loss/acc)=0.6733/0.59 | lr=5.0e-05
epoch 070 | train(loss/acc)=0.6287/0.67 | val(loss/acc)=0.6719/0.60 | lr=5.0e-05
epoch 080 | train(loss/acc)=0.6195/0.69 | val(loss/acc)=0.6643/0.60 | lr=5.0e-05
epoch 090 | train(loss/acc)=0.6046/0.71 | val(loss/acc)=0.6672/0.58 | lr=2.5e-05
epoch 100 | train(loss/acc)=0.6267/0.67 | val(loss/acc)=0.6682/0.58 | lr=2.5e-05
epoch 110 | train(loss/acc)=0.6134/0.66 | val(loss/acc)=0.6723/0.56 | lr=1.3e-05
epoch 120 | train(loss/acc)=0.6107/0.67 | val(loss/acc)=0.6708/0.54 | lr=1.3e-05
epoch 130 | train(loss/acc)=0.6177/0.67 | val(loss/acc)=0.6703/0.55 | lr=6.3e-06
epoch 140 | train(loss/acc)=0.6271/0.65 | val(loss/acc)=0.6696/0.56 | lr=6.3e-06
epoch 150 | train(loss/acc)=0.5935/0.71 | val(loss/acc)=0.6739/0.59 | lr=6.3e-06
epoch 160 | train(loss/acc)=0.6240/0.67 | val(loss/acc)=0.6669/0.58 | lr=3.1e-06
epoch 170 | train(loss/acc)=0.6442/0.64 | val(loss/acc)=0.6648/0.57 | lr=3.1e-06
epoch 180 | train(loss/acc)=0.6294/0.69 | val(loss/acc)=0.6612/0.58 | lr=1.6e-06
epoch 190 | train(loss/acc)=0.5912/0.71 | val(loss/acc)=0.6653/0.58 | lr=1.6e-06
epoch 200 | train(loss/acc)=0.6376/0.64 | val(loss/acc)=0.6628/0.58 | lr=7.8e-07
best epoch=109 val=0.6579/0.58 | test=0.7132/0.50

Test accuracy
y_01: 0.562
y_02: 0.496
y_03: 0.454
y_04: 0.500
y_12: 0.558
y_13: 0.492
y_14: 0.488
y_23: 0.483
y_24: 0.512
y_34: 0.500

Saved to: /home/bts_sh/jihoon/Demo_binary/checkpoints_eegnet_randomsplit/20260622_182810
