Training configuration
  config=./train_config.json
  data_dir=./data/processed/260602_sub1_hjlee_raw
  input_file=X_eeg_raw.npy
  checkpoint_root=./checkpoints_eegnet_randomsplit
  epochs=2000
  batch_size=16
  lr=1e-05
  weight_decay=0.0001
  patience=100
  seed=42
  val_test_ratio=0.2
  weighted_sampler=True

Loading X_eeg_raw.npy...
Device: cuda | X: (500, 64, 4000) | run: ./checkpoints_eegnet_randomsplit/20260623_110448
Data split: train=300 val=100 test=100
Original label distribution:
  train: label0=60 label1=60 label2=60 label3=60 label4=60 total=300
  val:   label0=20 label1=20 label2=20 label3=20 label4=20 total=100
  test:  label0=20 label1=20 label2=20 label3=20 label4=20 total=100
Normalizing X using training-set mean and std...

=== y_01 ===
Binary label distribution:
  train: class0=120 class1=180 total=300
  val:   class0=40 class1=60 total=100
  test:  class0=40 class1=60 total=100
Original labels in this split:
  train: label0=60 label1=60 label2=60 label3=60 label4=60 total=300
  val:   label0=20 label1=20 label2=20 label3=20 label4=20 total=100
  test:  label0=20 label1=20 label2=20 label3=20 label4=20 total=100
epoch 001 | train loss: 0.6879 bal_acc: 0.50 acc: 0.56 | val loss: 0.6835 bal_acc: 0.49 acc: 0.59
epoch 010 | train loss: 0.6975 bal_acc: 0.52 acc: 0.50 | val loss: 0.6791 bal_acc: 0.50 acc: 0.58
epoch 020 | train loss: 0.6935 bal_acc: 0.51 acc: 0.50 | val loss: 0.6792 bal_acc: 0.51 acc: 0.59
epoch 030 | train loss: 0.6879 bal_acc: 0.54 acc: 0.53 | val loss: 0.6781 bal_acc: 0.58 acc: 0.64
epoch 040 | train loss: 0.6795 bal_acc: 0.56 acc: 0.57 | val loss: 0.6786 bal_acc: 0.59 acc: 0.64
epoch 050 | train loss: 0.6771 bal_acc: 0.53 acc: 0.58 | val loss: 0.6752 bal_acc: 0.59 acc: 0.64
epoch 060 | train loss: 0.6856 bal_acc: 0.56 acc: 0.56 | val loss: 0.6773 bal_acc: 0.59 acc: 0.63
epoch 070 | train loss: 0.6884 bal_acc: 0.57 acc: 0.57 | val loss: 0.6735 bal_acc: 0.58 acc: 0.62
epoch 080 | train loss: 0.6841 bal_acc: 0.54 acc: 0.55 | val loss: 0.6751 bal_acc: 0.60 acc: 0.63
epoch 090 | train loss: 0.6709 bal_acc: 0.64 acc: 0.64 | val loss: 0.6749 bal_acc: 0.60 acc: 0.63
epoch 100 | train loss: 0.6708 bal_acc: 0.56 acc: 0.56 | val loss: 0.6738 bal_acc: 0.63 acc: 0.66
epoch 110 | train loss: 0.6755 bal_acc: 0.64 acc: 0.64 | val loss: 0.6779 bal_acc: 0.60 acc: 0.62
epoch 120 | train loss: 0.6638 bal_acc: 0.65 acc: 0.65 | val loss: 0.6762 bal_acc: 0.59 acc: 0.61
epoch 130 | train loss: 0.6784 bal_acc: 0.58 acc: 0.58 | val loss: 0.6742 bal_acc: 0.61 acc: 0.63
epoch 140 | train loss: 0.6692 bal_acc: 0.58 acc: 0.58 | val loss: 0.6759 bal_acc: 0.60 acc: 0.61
epoch 150 | train loss: 0.6771 bal_acc: 0.55 acc: 0.56 | val loss: 0.6759 bal_acc: 0.64 acc: 0.64
epoch 160 | train loss: 0.6502 bal_acc: 0.60 acc: 0.61 | val loss: 0.6740 bal_acc: 0.62 acc: 0.63
epoch 170 | train loss: 0.6599 bal_acc: 0.62 acc: 0.62 | val loss: 0.6770 bal_acc: 0.63 acc: 0.63
epoch 180 | train loss: 0.6875 bal_acc: 0.57 acc: 0.57 | val loss: 0.6742 bal_acc: 0.62 acc: 0.63
epoch 190 | train loss: 0.6748 bal_acc: 0.59 acc: 0.58 | val loss: 0.6750 bal_acc: 0.62 acc: 0.63
epoch 200 | train loss: 0.6518 bal_acc: 0.64 acc: 0.64 | val loss: 0.6719 bal_acc: 0.63 acc: 0.64
epoch 210 | train loss: 0.6502 bal_acc: 0.63 acc: 0.63 | val loss: 0.6746 bal_acc: 0.65 acc: 0.65
epoch 220 | train loss: 0.6690 bal_acc: 0.62 acc: 0.61 | val loss: 0.6765 bal_acc: 0.62 acc: 0.62
epoch 230 | train loss: 0.6730 bal_acc: 0.56 acc: 0.56 | val loss: 0.6744 bal_acc: 0.62 acc: 0.61
epoch 240 | train loss: 0.6807 bal_acc: 0.59 acc: 0.59 | val loss: 0.6735 bal_acc: 0.62 acc: 0.61
epoch 250 | train loss: 0.6638 bal_acc: 0.61 acc: 0.61 | val loss: 0.6710 bal_acc: 0.64 acc: 0.64
epoch 260 | train loss: 0.6423 bal_acc: 0.64 acc: 0.63 | val loss: 0.6688 bal_acc: 0.65 acc: 0.65
epoch 270 | train loss: 0.6802 bal_acc: 0.58 acc: 0.58 | val loss: 0.6702 bal_acc: 0.62 acc: 0.62
epoch 280 | train loss: 0.6418 bal_acc: 0.65 acc: 0.65 | val loss: 0.6671 bal_acc: 0.65 acc: 0.65
epoch 290 | train loss: 0.6745 bal_acc: 0.58 acc: 0.58 | val loss: 0.6707 bal_acc: 0.63 acc: 0.62
epoch 300 | train loss: 0.6609 bal_acc: 0.59 acc: 0.59 | val loss: 0.6731 bal_acc: 0.61 acc: 0.60
epoch 310 | train loss: 0.6634 bal_acc: 0.59 acc: 0.59 | val loss: 0.6693 bal_acc: 0.61 acc: 0.61
epoch 320 | train loss: 0.6630 bal_acc: 0.60 acc: 0.59 | val loss: 0.6705 bal_acc: 0.60 acc: 0.60
epoch 330 | train loss: 0.6468 bal_acc: 0.59 acc: 0.58 | val loss: 0.6716 bal_acc: 0.62 acc: 0.61
epoch 340 | train loss: 0.6472 bal_acc: 0.62 acc: 0.62 | val loss: 0.6693 bal_acc: 0.60 acc: 0.60
epoch 350 | train loss: 0.6655 bal_acc: 0.54 acc: 0.54 | val loss: 0.6769 bal_acc: 0.57 acc: 0.56
epoch 360 | train loss: 0.6767 bal_acc: 0.56 acc: 0.56 | val loss: 0.6701 bal_acc: 0.60 acc: 0.59
epoch 370 | train loss: 0.6158 bal_acc: 0.70 acc: 0.70 | val loss: 0.6661 bal_acc: 0.61 acc: 0.61
epoch 380 | train loss: 0.6357 bal_acc: 0.63 acc: 0.63 | val loss: 0.6684 bal_acc: 0.60 acc: 0.59
epoch 390 | train loss: 0.6432 bal_acc: 0.63 acc: 0.63 | val loss: 0.6697 bal_acc: 0.60 acc: 0.60
epoch 400 | train loss: 0.6442 bal_acc: 0.65 acc: 0.65 | val loss: 0.6679 bal_acc: 0.59 acc: 0.58
epoch 410 | train loss: 0.6406 bal_acc: 0.60 acc: 0.60 | val loss: 0.6638 bal_acc: 0.60 acc: 0.60
epoch 420 | train loss: 0.6364 bal_acc: 0.67 acc: 0.67 | val loss: 0.6750 bal_acc: 0.57 acc: 0.56
epoch 430 | train loss: 0.6184 bal_acc: 0.66 acc: 0.65 | val loss: 0.6707 bal_acc: 0.58 acc: 0.57
epoch 440 | train loss: 0.6300 bal_acc: 0.62 acc: 0.62 | val loss: 0.6697 bal_acc: 0.56 acc: 0.55
epoch 450 | train loss: 0.6229 bal_acc: 0.63 acc: 0.63 | val loss: 0.6603 bal_acc: 0.59 acc: 0.59
epoch 460 | train loss: 0.6305 bal_acc: 0.66 acc: 0.66 | val loss: 0.6606 bal_acc: 0.59 acc: 0.59
epoch 470 | train loss: 0.6351 bal_acc: 0.61 acc: 0.61 | val loss: 0.6734 bal_acc: 0.56 acc: 0.55
epoch 480 | train loss: 0.6320 bal_acc: 0.61 acc: 0.61 | val loss: 0.6649 bal_acc: 0.59 acc: 0.59
epoch 490 | train loss: 0.6194 bal_acc: 0.64 acc: 0.64 | val loss: 0.6754 bal_acc: 0.57 acc: 0.56
epoch 500 | train loss: 0.6295 bal_acc: 0.64 acc: 0.64 | val loss: 0.6664 bal_acc: 0.58 acc: 0.59
epoch 510 | train loss: 0.6136 bal_acc: 0.66 acc: 0.67 | val loss: 0.6663 bal_acc: 0.58 acc: 0.59
epoch 520 | train loss: 0.6358 bal_acc: 0.63 acc: 0.62 | val loss: 0.6737 bal_acc: 0.61 acc: 0.60
best epoch=429 | val loss: 0.6597 bal_acc: 0.60 acc: 0.60 | test loss: 0.6979 bal_acc: 0.52 acc: 0.52

=== y_02 ===
Binary label distribution:
  train: class0=120 class1=180 total=300
  val:   class0=40 class1=60 total=100
  test:  class0=40 class1=60 total=100
Original labels in this split:
  train: label0=60 label1=60 label2=60 label3=60 label4=60 total=300
  val:   label0=20 label1=20 label2=20 label3=20 label4=20 total=100
  test:  label0=20 label1=20 label2=20 label3=20 label4=20 total=100
epoch 001 | train loss: 0.7006 bal_acc: 0.46 acc: 0.46 | val loss: 0.6816 bal_acc: 0.48 acc: 0.58
epoch 010 | train loss: 0.6918 bal_acc: 0.51 acc: 0.53 | val loss: 0.6785 bal_acc: 0.47 acc: 0.56
epoch 020 | train loss: 0.6887 bal_acc: 0.47 acc: 0.54 | val loss: 0.6776 bal_acc: 0.46 acc: 0.55
epoch 030 | train loss: 0.6933 bal_acc: 0.48 acc: 0.49 | val loss: 0.6760 bal_acc: 0.48 acc: 0.57
epoch 040 | train loss: 0.7025 bal_acc: 0.50 acc: 0.46 | val loss: 0.6747 bal_acc: 0.47 acc: 0.56
epoch 050 | train loss: 0.6863 bal_acc: 0.53 acc: 0.57 | val loss: 0.6761 bal_acc: 0.49 acc: 0.57
epoch 060 | train loss: 0.6925 bal_acc: 0.50 acc: 0.49 | val loss: 0.6736 bal_acc: 0.53 acc: 0.61
epoch 070 | train loss: 0.6941 bal_acc: 0.55 acc: 0.52 | val loss: 0.6739 bal_acc: 0.54 acc: 0.62
epoch 080 | train loss: 0.6860 bal_acc: 0.53 acc: 0.56 | val loss: 0.6710 bal_acc: 0.52 acc: 0.60
epoch 090 | train loss: 0.6916 bal_acc: 0.51 acc: 0.51 | val loss: 0.6721 bal_acc: 0.53 acc: 0.61
epoch 100 | train loss: 0.6841 bal_acc: 0.54 acc: 0.53 | val loss: 0.6717 bal_acc: 0.53 acc: 0.61
epoch 110 | train loss: 0.6902 bal_acc: 0.54 acc: 0.53 | val loss: 0.6697 bal_acc: 0.53 acc: 0.61
epoch 120 | train loss: 0.6960 bal_acc: 0.49 acc: 0.49 | val loss: 0.6712 bal_acc: 0.53 acc: 0.60
epoch 130 | train loss: 0.6899 bal_acc: 0.50 acc: 0.49 | val loss: 0.6710 bal_acc: 0.54 acc: 0.60
epoch 140 | train loss: 0.6901 bal_acc: 0.52 acc: 0.51 | val loss: 0.6713 bal_acc: 0.54 acc: 0.60
epoch 150 | train loss: 0.6796 bal_acc: 0.57 acc: 0.56 | val loss: 0.6710 bal_acc: 0.55 acc: 0.61
epoch 160 | train loss: 0.6879 bal_acc: 0.54 acc: 0.54 | val loss: 0.6676 bal_acc: 0.56 acc: 0.63
epoch 170 | train loss: 0.6916 bal_acc: 0.53 acc: 0.52 | val loss: 0.6689 bal_acc: 0.55 acc: 0.61
epoch 180 | train loss: 0.6803 bal_acc: 0.58 acc: 0.60 | val loss: 0.6700 bal_acc: 0.57 acc: 0.62
epoch 190 | train loss: 0.6886 bal_acc: 0.55 acc: 0.54 | val loss: 0.6665 bal_acc: 0.55 acc: 0.61
epoch 200 | train loss: 0.6836 bal_acc: 0.50 acc: 0.50 | val loss: 0.6671 bal_acc: 0.58 acc: 0.63
epoch 210 | train loss: 0.6787 bal_acc: 0.58 acc: 0.57 | val loss: 0.6687 bal_acc: 0.57 acc: 0.62
epoch 220 | train loss: 0.6797 bal_acc: 0.55 acc: 0.56 | val loss: 0.6677 bal_acc: 0.58 acc: 0.63
epoch 230 | train loss: 0.6745 bal_acc: 0.60 acc: 0.60 | val loss: 0.6675 bal_acc: 0.59 acc: 0.64
epoch 240 | train loss: 0.6867 bal_acc: 0.53 acc: 0.51 | val loss: 0.6699 bal_acc: 0.57 acc: 0.61
epoch 250 | train loss: 0.6776 bal_acc: 0.58 acc: 0.58 | val loss: 0.6696 bal_acc: 0.55 acc: 0.59
epoch 260 | train loss: 0.6753 bal_acc: 0.55 acc: 0.56 | val loss: 0.6705 bal_acc: 0.56 acc: 0.60
epoch 270 | train loss: 0.6789 bal_acc: 0.55 acc: 0.53 | val loss: 0.6692 bal_acc: 0.55 acc: 0.60
epoch 280 | train loss: 0.6781 bal_acc: 0.57 acc: 0.58 | val loss: 0.6720 bal_acc: 0.55 acc: 0.58
epoch 290 | train loss: 0.6679 bal_acc: 0.60 acc: 0.60 | val loss: 0.6740 bal_acc: 0.58 acc: 0.60
best epoch=190 | val loss: 0.6665 bal_acc: 0.55 acc: 0.61 | test loss: 0.6878 bal_acc: 0.43 acc: 0.49

=== y_03 ===
Binary label distribution:
  train: class0=120 class1=180 total=300
  val:   class0=40 class1=60 total=100
  test:  class0=40 class1=60 total=100
Original labels in this split:
  train: label0=60 label1=60 label2=60 label3=60 label4=60 total=300
  val:   label0=20 label1=20 label2=20 label3=20 label4=20 total=100
  test:  label0=20 label1=20 label2=20 label3=20 label4=20 total=100
epoch 001 | train loss: 0.7012 bal_acc: 0.47 acc: 0.47 | val loss: 0.6812 bal_acc: 0.52 acc: 0.62
epoch 010 | train loss: 0.7049 bal_acc: 0.50 acc: 0.48 | val loss: 0.6814 bal_acc: 0.53 acc: 0.62
epoch 020 | train loss: 0.6946 bal_acc: 0.51 acc: 0.50 | val loss: 0.6804 bal_acc: 0.54 acc: 0.63
epoch 030 | train loss: 0.6988 bal_acc: 0.51 acc: 0.52 | val loss: 0.6787 bal_acc: 0.53 acc: 0.61
epoch 040 | train loss: 0.6928 bal_acc: 0.52 acc: 0.53 | val loss: 0.6786 bal_acc: 0.55 acc: 0.62
epoch 050 | train loss: 0.6934 bal_acc: 0.51 acc: 0.49 | val loss: 0.6783 bal_acc: 0.55 acc: 0.62
epoch 060 | train loss: 0.6842 bal_acc: 0.57 acc: 0.59 | val loss: 0.6789 bal_acc: 0.55 acc: 0.62
epoch 070 | train loss: 0.6886 bal_acc: 0.53 acc: 0.53 | val loss: 0.6791 bal_acc: 0.53 acc: 0.61
epoch 080 | train loss: 0.6878 bal_acc: 0.53 acc: 0.56 | val loss: 0.6809 bal_acc: 0.54 acc: 0.61
epoch 090 | train loss: 0.6921 bal_acc: 0.55 acc: 0.56 | val loss: 0.6811 bal_acc: 0.54 acc: 0.62
epoch 100 | train loss: 0.6998 bal_acc: 0.53 acc: 0.50 | val loss: 0.6825 bal_acc: 0.53 acc: 0.59
epoch 110 | train loss: 0.6951 bal_acc: 0.50 acc: 0.49 | val loss: 0.6834 bal_acc: 0.53 acc: 0.59
epoch 120 | train loss: 0.6877 bal_acc: 0.52 acc: 0.53 | val loss: 0.6823 bal_acc: 0.53 acc: 0.59
epoch 130 | train loss: 0.6760 bal_acc: 0.56 acc: 0.57 | val loss: 0.6830 bal_acc: 0.53 acc: 0.59
epoch 140 | train loss: 0.6860 bal_acc: 0.51 acc: 0.51 | val loss: 0.6854 bal_acc: 0.53 acc: 0.59
epoch 150 | train loss: 0.6868 bal_acc: 0.51 acc: 0.50 | val loss: 0.6857 bal_acc: 0.55 acc: 0.61
best epoch=59 | val loss: 0.6776 bal_acc: 0.54 acc: 0.62 | test loss: 0.6921 bal_acc: 0.47 acc: 0.55

=== y_04 ===
Binary label distribution:
  train: class0=120 class1=180 total=300
  val:   class0=40 class1=60 total=100
  test:  class0=40 class1=60 total=100
Original labels in this split:
  train: label0=60 label1=60 label2=60 label3=60 label4=60 total=300
  val:   label0=20 label1=20 label2=20 label3=20 label4=20 total=100
  test:  label0=20 label1=20 label2=20 label3=20 label4=20 total=100
epoch 001 | train loss: 0.7059 bal_acc: 0.47 acc: 0.48 | val loss: 0.6848 bal_acc: 0.49 acc: 0.59
epoch 010 | train loss: 0.6966 bal_acc: 0.54 acc: 0.52 | val loss: 0.6884 bal_acc: 0.46 acc: 0.55
epoch 020 | train loss: 0.6959 bal_acc: 0.52 acc: 0.52 | val loss: 0.6883 bal_acc: 0.47 acc: 0.56
epoch 030 | train loss: 0.6963 bal_acc: 0.48 acc: 0.48 | val loss: 0.6884 bal_acc: 0.48 acc: 0.56
epoch 040 | train loss: 0.6890 bal_acc: 0.52 acc: 0.55 | val loss: 0.6890 bal_acc: 0.48 acc: 0.55
epoch 050 | train loss: 0.6848 bal_acc: 0.49 acc: 0.53 | val loss: 0.6902 bal_acc: 0.47 acc: 0.53
epoch 060 | train loss: 0.6853 bal_acc: 0.54 acc: 0.55 | val loss: 0.6902 bal_acc: 0.49 acc: 0.54
epoch 070 | train loss: 0.6839 bal_acc: 0.55 acc: 0.56 | val loss: 0.6896 bal_acc: 0.51 acc: 0.55
epoch 080 | train loss: 0.6732 bal_acc: 0.59 acc: 0.60 | val loss: 0.6890 bal_acc: 0.51 acc: 0.56
epoch 090 | train loss: 0.6868 bal_acc: 0.58 acc: 0.56 | val loss: 0.6912 bal_acc: 0.50 acc: 0.54
epoch 100 | train loss: 0.6770 bal_acc: 0.56 acc: 0.57 | val loss: 0.6911 bal_acc: 0.50 acc: 0.54
best epoch=1 | val loss: 0.6848 bal_acc: 0.49 acc: 0.59 | test loss: 0.6823 bal_acc: 0.49 acc: 0.59

=== y_12 ===
Binary label distribution:
  train: class0=120 class1=180 total=300
  val:   class0=40 class1=60 total=100
  test:  class0=40 class1=60 total=100
Original labels in this split:
  train: label0=60 label1=60 label2=60 label3=60 label4=60 total=300
  val:   label0=20 label1=20 label2=20 label3=20 label4=20 total=100
  test:  label0=20 label1=20 label2=20 label3=20 label4=20 total=100
epoch 001 | train loss: 0.6823 bal_acc: 0.52 acc: 0.58 | val loss: 0.6806 bal_acc: 0.48 acc: 0.58
epoch 010 | train loss: 0.6956 bal_acc: 0.53 acc: 0.51 | val loss: 0.6749 bal_acc: 0.50 acc: 0.58
epoch 020 | train loss: 0.6936 bal_acc: 0.52 acc: 0.50 | val loss: 0.6738 bal_acc: 0.50 acc: 0.57
epoch 030 | train loss: 0.6854 bal_acc: 0.54 acc: 0.52 | val loss: 0.6727 bal_acc: 0.50 acc: 0.57
epoch 040 | train loss: 0.6800 bal_acc: 0.55 acc: 0.56 | val loss: 0.6732 bal_acc: 0.50 acc: 0.56
epoch 050 | train loss: 0.6880 bal_acc: 0.52 acc: 0.54 | val loss: 0.6708 bal_acc: 0.51 acc: 0.57
epoch 060 | train loss: 0.6749 bal_acc: 0.57 acc: 0.60 | val loss: 0.6705 bal_acc: 0.50 acc: 0.56
epoch 070 | train loss: 0.6876 bal_acc: 0.62 acc: 0.60 | val loss: 0.6690 bal_acc: 0.54 acc: 0.60
epoch 080 | train loss: 0.6759 bal_acc: 0.60 acc: 0.59 | val loss: 0.6724 bal_acc: 0.55 acc: 0.58
epoch 090 | train loss: 0.6626 bal_acc: 0.65 acc: 0.66 | val loss: 0.6672 bal_acc: 0.53 acc: 0.59
epoch 100 | train loss: 0.6747 bal_acc: 0.62 acc: 0.61 | val loss: 0.6670 bal_acc: 0.56 acc: 0.60
epoch 110 | train loss: 0.6726 bal_acc: 0.59 acc: 0.60 | val loss: 0.6661 bal_acc: 0.55 acc: 0.59
epoch 120 | train loss: 0.6713 bal_acc: 0.60 acc: 0.60 | val loss: 0.6648 bal_acc: 0.56 acc: 0.59
epoch 130 | train loss: 0.6677 bal_acc: 0.64 acc: 0.63 | val loss: 0.6644 bal_acc: 0.56 acc: 0.59
epoch 140 | train loss: 0.6750 bal_acc: 0.62 acc: 0.63 | val loss: 0.6669 bal_acc: 0.53 acc: 0.56
epoch 150 | train loss: 0.6709 bal_acc: 0.61 acc: 0.61 | val loss: 0.6632 bal_acc: 0.56 acc: 0.59
epoch 160 | train loss: 0.6727 bal_acc: 0.59 acc: 0.59 | val loss: 0.6642 bal_acc: 0.54 acc: 0.56
epoch 170 | train loss: 0.6699 bal_acc: 0.63 acc: 0.63 | val loss: 0.6622 bal_acc: 0.55 acc: 0.58
epoch 180 | train loss: 0.6622 bal_acc: 0.62 acc: 0.61 | val loss: 0.6591 bal_acc: 0.57 acc: 0.60
epoch 190 | train loss: 0.6615 bal_acc: 0.62 acc: 0.62 | val loss: 0.6608 bal_acc: 0.55 acc: 0.57
epoch 200 | train loss: 0.6783 bal_acc: 0.60 acc: 0.58 | val loss: 0.6578 bal_acc: 0.56 acc: 0.59
epoch 210 | train loss: 0.6641 bal_acc: 0.64 acc: 0.63 | val loss: 0.6586 bal_acc: 0.55 acc: 0.58
epoch 220 | train loss: 0.6659 bal_acc: 0.59 acc: 0.59 | val loss: 0.6576 bal_acc: 0.55 acc: 0.57
epoch 230 | train loss: 0.6525 bal_acc: 0.65 acc: 0.66 | val loss: 0.6606 bal_acc: 0.54 acc: 0.56
epoch 240 | train loss: 0.6480 bal_acc: 0.63 acc: 0.63 | val loss: 0.6596 bal_acc: 0.54 acc: 0.56
epoch 250 | train loss: 0.6731 bal_acc: 0.57 acc: 0.57 | val loss: 0.6547 bal_acc: 0.55 acc: 0.58
epoch 260 | train loss: 0.6684 bal_acc: 0.62 acc: 0.62 | val loss: 0.6542 bal_acc: 0.56 acc: 0.59
epoch 270 | train loss: 0.6669 bal_acc: 0.58 acc: 0.58 | val loss: 0.6574 bal_acc: 0.57 acc: 0.59
epoch 280 | train loss: 0.6574 bal_acc: 0.62 acc: 0.62 | val loss: 0.6540 bal_acc: 0.55 acc: 0.57
epoch 290 | train loss: 0.6531 bal_acc: 0.61 acc: 0.61 | val loss: 0.6619 bal_acc: 0.60 acc: 0.60
epoch 300 | train loss: 0.6494 bal_acc: 0.62 acc: 0.62 | val loss: 0.6555 bal_acc: 0.60 acc: 0.61
epoch 310 | train loss: 0.6495 bal_acc: 0.64 acc: 0.64 | val loss: 0.6560 bal_acc: 0.57 acc: 0.59
epoch 320 | train loss: 0.6427 bal_acc: 0.63 acc: 0.63 | val loss: 0.6560 bal_acc: 0.57 acc: 0.59
epoch 330 | train loss: 0.6515 bal_acc: 0.62 acc: 0.62 | val loss: 0.6582 bal_acc: 0.59 acc: 0.60
epoch 340 | train loss: 0.6616 bal_acc: 0.59 acc: 0.59 | val loss: 0.6539 bal_acc: 0.57 acc: 0.59
epoch 350 | train loss: 0.6555 bal_acc: 0.61 acc: 0.61 | val loss: 0.6539 bal_acc: 0.58 acc: 0.60
epoch 360 | train loss: 0.6598 bal_acc: 0.60 acc: 0.60 | val loss: 0.6565 bal_acc: 0.57 acc: 0.59
epoch 370 | train loss: 0.6318 bal_acc: 0.64 acc: 0.64 | val loss: 0.6527 bal_acc: 0.58 acc: 0.60
epoch 380 | train loss: 0.6369 bal_acc: 0.65 acc: 0.65 | val loss: 0.6531 bal_acc: 0.60 acc: 0.61
epoch 390 | train loss: 0.6553 bal_acc: 0.62 acc: 0.62 | val loss: 0.6508 bal_acc: 0.60 acc: 0.61
epoch 400 | train loss: 0.6490 bal_acc: 0.62 acc: 0.62 | val loss: 0.6501 bal_acc: 0.60 acc: 0.61
epoch 410 | train loss: 0.6480 bal_acc: 0.60 acc: 0.60 | val loss: 0.6518 bal_acc: 0.59 acc: 0.60
epoch 420 | train loss: 0.6510 bal_acc: 0.61 acc: 0.61 | val loss: 0.6489 bal_acc: 0.57 acc: 0.59
epoch 430 | train loss: 0.6425 bal_acc: 0.67 acc: 0.67 | val loss: 0.6467 bal_acc: 0.57 acc: 0.59
epoch 440 | train loss: 0.6353 bal_acc: 0.65 acc: 0.64 | val loss: 0.6494 bal_acc: 0.58 acc: 0.60
epoch 450 | train loss: 0.6540 bal_acc: 0.61 acc: 0.61 | val loss: 0.6477 bal_acc: 0.57 acc: 0.59
epoch 460 | train loss: 0.6348 bal_acc: 0.66 acc: 0.66 | val loss: 0.6484 bal_acc: 0.57 acc: 0.59
epoch 470 | train loss: 0.6256 bal_acc: 0.63 acc: 0.63 | val loss: 0.6444 bal_acc: 0.58 acc: 0.60
epoch 480 | train loss: 0.6476 bal_acc: 0.66 acc: 0.66 | val loss: 0.6486 bal_acc: 0.59 acc: 0.60
epoch 490 | train loss: 0.6092 bal_acc: 0.70 acc: 0.69 | val loss: 0.6482 bal_acc: 0.59 acc: 0.61
epoch 500 | train loss: 0.5992 bal_acc: 0.74 acc: 0.74 | val loss: 0.6498 bal_acc: 0.57 acc: 0.59
epoch 510 | train loss: 0.6153 bal_acc: 0.68 acc: 0.68 | val loss: 0.6466 bal_acc: 0.58 acc: 0.60
epoch 520 | train loss: 0.6291 bal_acc: 0.66 acc: 0.66 | val loss: 0.6505 bal_acc: 0.60 acc: 0.61
epoch 530 | train loss: 0.6403 bal_acc: 0.64 acc: 0.64 | val loss: 0.6479 bal_acc: 0.61 acc: 0.62
epoch 540 | train loss: 0.6528 bal_acc: 0.61 acc: 0.61 | val loss: 0.6467 bal_acc: 0.60 acc: 0.61
epoch 550 | train loss: 0.6369 bal_acc: 0.67 acc: 0.67 | val loss: 0.6517 bal_acc: 0.60 acc: 0.60
epoch 560 | train loss: 0.6338 bal_acc: 0.63 acc: 0.63 | val loss: 0.6461 bal_acc: 0.60 acc: 0.62
epoch 570 | train loss: 0.6273 bal_acc: 0.63 acc: 0.63 | val loss: 0.6571 bal_acc: 0.62 acc: 0.62
best epoch=473 | val loss: 0.6422 bal_acc: 0.57 acc: 0.60 | test loss: 0.7099 bal_acc: 0.58 acc: 0.59

=== y_13 ===
Binary label distribution:
  train: class0=120 class1=180 total=300
  val:   class0=40 class1=60 total=100
  test:  class0=40 class1=60 total=100
Original labels in this split:
  train: label0=60 label1=60 label2=60 label3=60 label4=60 total=300
  val:   label0=20 label1=20 label2=20 label3=20 label4=20 total=100
  test:  label0=20 label1=20 label2=20 label3=20 label4=20 total=100
epoch 001 | train loss: 0.6977 bal_acc: 0.51 acc: 0.50 | val loss: 0.6805 bal_acc: 0.51 acc: 0.61
epoch 010 | train loss: 0.6825 bal_acc: 0.51 acc: 0.55 | val loss: 0.6805 bal_acc: 0.55 acc: 0.63
epoch 020 | train loss: 0.6963 bal_acc: 0.52 acc: 0.52 | val loss: 0.6813 bal_acc: 0.55 acc: 0.63
epoch 030 | train loss: 0.6902 bal_acc: 0.51 acc: 0.52 | val loss: 0.6807 bal_acc: 0.54 acc: 0.62
epoch 040 | train loss: 0.6870 bal_acc: 0.49 acc: 0.51 | val loss: 0.6823 bal_acc: 0.52 acc: 0.60
epoch 050 | train loss: 0.6842 bal_acc: 0.53 acc: 0.53 | val loss: 0.6838 bal_acc: 0.54 acc: 0.61
epoch 060 | train loss: 0.6892 bal_acc: 0.50 acc: 0.50 | val loss: 0.6846 bal_acc: 0.54 acc: 0.61
epoch 070 | train loss: 0.6944 bal_acc: 0.52 acc: 0.50 | val loss: 0.6851 bal_acc: 0.55 acc: 0.62
epoch 080 | train loss: 0.6761 bal_acc: 0.56 acc: 0.57 | val loss: 0.6861 bal_acc: 0.55 acc: 0.61
epoch 090 | train loss: 0.6831 bal_acc: 0.54 acc: 0.55 | val loss: 0.6883 bal_acc: 0.55 acc: 0.61
epoch 100 | train loss: 0.6903 bal_acc: 0.49 acc: 0.49 | val loss: 0.6908 bal_acc: 0.55 acc: 0.61
best epoch=5 | val loss: 0.6795 bal_acc: 0.55 acc: 0.64 | test loss: 0.6783 bal_acc: 0.50 acc: 0.59

=== y_14 ===
Binary label distribution:
  train: class0=120 class1=180 total=300
  val:   class0=40 class1=60 total=100
  test:  class0=40 class1=60 total=100
Original labels in this split:
  train: label0=60 label1=60 label2=60 label3=60 label4=60 total=300
  val:   label0=20 label1=20 label2=20 label3=20 label4=20 total=100
  test:  label0=20 label1=20 label2=20 label3=20 label4=20 total=100
epoch 001 | train loss: 0.7007 bal_acc: 0.52 acc: 0.48 | val loss: 0.6840 bal_acc: 0.48 acc: 0.58
epoch 010 | train loss: 0.6939 bal_acc: 0.53 acc: 0.50 | val loss: 0.6840 bal_acc: 0.47 acc: 0.56
epoch 020 | train loss: 0.6855 bal_acc: 0.53 acc: 0.56 | val loss: 0.6831 bal_acc: 0.46 acc: 0.54
epoch 030 | train loss: 0.6888 bal_acc: 0.55 acc: 0.55 | val loss: 0.6819 bal_acc: 0.45 acc: 0.53
epoch 040 | train loss: 0.6888 bal_acc: 0.57 acc: 0.55 | val loss: 0.6810 bal_acc: 0.47 acc: 0.54
epoch 050 | train loss: 0.6879 bal_acc: 0.57 acc: 0.58 | val loss: 0.6819 bal_acc: 0.49 acc: 0.55
epoch 060 | train loss: 0.6782 bal_acc: 0.57 acc: 0.60 | val loss: 0.6819 bal_acc: 0.49 acc: 0.55
epoch 070 | train loss: 0.6815 bal_acc: 0.56 acc: 0.58 | val loss: 0.6831 bal_acc: 0.47 acc: 0.52
epoch 080 | train loss: 0.6683 bal_acc: 0.60 acc: 0.62 | val loss: 0.6830 bal_acc: 0.48 acc: 0.53
epoch 090 | train loss: 0.6770 bal_acc: 0.56 acc: 0.58 | val loss: 0.6803 bal_acc: 0.48 acc: 0.54
epoch 100 | train loss: 0.6784 bal_acc: 0.58 acc: 0.59 | val loss: 0.6832 bal_acc: 0.50 acc: 0.54
epoch 110 | train loss: 0.6872 bal_acc: 0.57 acc: 0.58 | val loss: 0.6810 bal_acc: 0.48 acc: 0.53
epoch 120 | train loss: 0.6869 bal_acc: 0.55 acc: 0.54 | val loss: 0.6828 bal_acc: 0.47 acc: 0.51
epoch 130 | train loss: 0.6778 bal_acc: 0.58 acc: 0.59 | val loss: 0.6829 bal_acc: 0.50 acc: 0.54
epoch 140 | train loss: 0.6795 bal_acc: 0.57 acc: 0.57 | val loss: 0.6832 bal_acc: 0.48 acc: 0.51
epoch 150 | train loss: 0.6890 bal_acc: 0.54 acc: 0.53 | val loss: 0.6822 bal_acc: 0.50 acc: 0.54
epoch 160 | train loss: 0.6623 bal_acc: 0.61 acc: 0.61 | val loss: 0.6834 bal_acc: 0.52 acc: 0.55
epoch 170 | train loss: 0.6685 bal_acc: 0.60 acc: 0.60 | val loss: 0.6822 bal_acc: 0.52 acc: 0.55
best epoch=74 | val loss: 0.6795 bal_acc: 0.51 acc: 0.58 | test loss: 0.6825 bal_acc: 0.44 acc: 0.51

=== y_23 ===
Binary label distribution:
  train: class0=120 class1=180 total=300
  val:   class0=40 class1=60 total=100
  test:  class0=40 class1=60 total=100
Original labels in this split:
  train: label0=60 label1=60 label2=60 label3=60 label4=60 total=300
  val:   label0=20 label1=20 label2=20 label3=20 label4=20 total=100
  test:  label0=20 label1=20 label2=20 label3=20 label4=20 total=100
epoch 001 | train loss: 0.6945 bal_acc: 0.50 acc: 0.50 | val loss: 0.6786 bal_acc: 0.52 acc: 0.62
epoch 010 | train loss: 0.6958 bal_acc: 0.50 acc: 0.50 | val loss: 0.6754 bal_acc: 0.52 acc: 0.61
epoch 020 | train loss: 0.6861 bal_acc: 0.52 acc: 0.51 | val loss: 0.6733 bal_acc: 0.52 acc: 0.59
epoch 030 | train loss: 0.6879 bal_acc: 0.52 acc: 0.52 | val loss: 0.6708 bal_acc: 0.50 acc: 0.56
epoch 040 | train loss: 0.6841 bal_acc: 0.54 acc: 0.53 | val loss: 0.6696 bal_acc: 0.52 acc: 0.58
epoch 050 | train loss: 0.6869 bal_acc: 0.54 acc: 0.53 | val loss: 0.6679 bal_acc: 0.52 acc: 0.58
epoch 060 | train loss: 0.6814 bal_acc: 0.55 acc: 0.56 | val loss: 0.6688 bal_acc: 0.52 acc: 0.58
epoch 070 | train loss: 0.6901 bal_acc: 0.52 acc: 0.53 | val loss: 0.6676 bal_acc: 0.52 acc: 0.58
epoch 080 | train loss: 0.6822 bal_acc: 0.55 acc: 0.54 | val loss: 0.6698 bal_acc: 0.57 acc: 0.61
epoch 090 | train loss: 0.6847 bal_acc: 0.55 acc: 0.55 | val loss: 0.6677 bal_acc: 0.54 acc: 0.59
epoch 100 | train loss: 0.6829 bal_acc: 0.56 acc: 0.56 | val loss: 0.6690 bal_acc: 0.57 acc: 0.61
epoch 110 | train loss: 0.6662 bal_acc: 0.60 acc: 0.60 | val loss: 0.6688 bal_acc: 0.57 acc: 0.61
epoch 120 | train loss: 0.6630 bal_acc: 0.59 acc: 0.59 | val loss: 0.6704 bal_acc: 0.57 acc: 0.61
epoch 130 | train loss: 0.6715 bal_acc: 0.60 acc: 0.59 | val loss: 0.6673 bal_acc: 0.56 acc: 0.61
epoch 140 | train loss: 0.6623 bal_acc: 0.60 acc: 0.61 | val loss: 0.6717 bal_acc: 0.57 acc: 0.60
epoch 150 | train loss: 0.6764 bal_acc: 0.60 acc: 0.58 | val loss: 0.6701 bal_acc: 0.55 acc: 0.59
epoch 160 | train loss: 0.6628 bal_acc: 0.59 acc: 0.59 | val loss: 0.6719 bal_acc: 0.57 acc: 0.60
epoch 170 | train loss: 0.6766 bal_acc: 0.54 acc: 0.55 | val loss: 0.6707 bal_acc: 0.56 acc: 0.60
epoch 180 | train loss: 0.6711 bal_acc: 0.61 acc: 0.60 | val loss: 0.6751 bal_acc: 0.55 acc: 0.58
epoch 190 | train loss: 0.6577 bal_acc: 0.63 acc: 0.63 | val loss: 0.6743 bal_acc: 0.55 acc: 0.58
best epoch=96 | val loss: 0.6658 bal_acc: 0.51 acc: 0.57 | test loss: 0.6898 bal_acc: 0.51 acc: 0.56

=== y_24 ===
Binary label distribution:
  train: class0=120 class1=180 total=300
  val:   class0=40 class1=60 total=100
  test:  class0=40 class1=60 total=100
Original labels in this split:
  train: label0=60 label1=60 label2=60 label3=60 label4=60 total=300
  val:   label0=20 label1=20 label2=20 label3=20 label4=20 total=100
  test:  label0=20 label1=20 label2=20 label3=20 label4=20 total=100
epoch 001 | train loss: 0.6966 bal_acc: 0.51 acc: 0.51 | val loss: 0.6824 bal_acc: 0.48 acc: 0.58
epoch 010 | train loss: 0.6944 bal_acc: 0.51 acc: 0.50 | val loss: 0.6852 bal_acc: 0.47 acc: 0.56
epoch 020 | train loss: 0.6998 bal_acc: 0.48 acc: 0.46 | val loss: 0.6860 bal_acc: 0.47 acc: 0.56
epoch 030 | train loss: 0.6881 bal_acc: 0.49 acc: 0.51 | val loss: 0.6872 bal_acc: 0.46 acc: 0.55
epoch 040 | train loss: 0.6946 bal_acc: 0.53 acc: 0.50 | val loss: 0.6881 bal_acc: 0.46 acc: 0.55
epoch 050 | train loss: 0.6840 bal_acc: 0.52 acc: 0.58 | val loss: 0.6896 bal_acc: 0.45 acc: 0.54
epoch 060 | train loss: 0.6934 bal_acc: 0.49 acc: 0.49 | val loss: 0.6906 bal_acc: 0.43 acc: 0.51
epoch 070 | train loss: 0.6927 bal_acc: 0.51 acc: 0.49 | val loss: 0.6911 bal_acc: 0.40 acc: 0.48
epoch 080 | train loss: 0.6845 bal_acc: 0.57 acc: 0.57 | val loss: 0.6920 bal_acc: 0.42 acc: 0.49
epoch 090 | train loss: 0.6933 bal_acc: 0.51 acc: 0.48 | val loss: 0.6927 bal_acc: 0.42 acc: 0.49
epoch 100 | train loss: 0.6865 bal_acc: 0.52 acc: 0.52 | val loss: 0.6933 bal_acc: 0.43 acc: 0.50
best epoch=1 | val loss: 0.6824 bal_acc: 0.48 acc: 0.58 | test loss: 0.6808 bal_acc: 0.51 acc: 0.61

=== y_34 ===
Binary label distribution:
  train: class0=120 class1=180 total=300
  val:   class0=40 class1=60 total=100
  test:  class0=40 class1=60 total=100
Original labels in this split:
  train: label0=60 label1=60 label2=60 label3=60 label4=60 total=300
  val:   label0=20 label1=20 label2=20 label3=20 label4=20 total=100
  test:  label0=20 label1=20 label2=20 label3=20 label4=20 total=100
epoch 001 | train loss: 0.6929 bal_acc: 0.49 acc: 0.52 | val loss: 0.6815 bal_acc: 0.52 acc: 0.62
epoch 010 | train loss: 0.6915 bal_acc: 0.49 acc: 0.49 | val loss: 0.6839 bal_acc: 0.52 acc: 0.61
epoch 020 | train loss: 0.6938 bal_acc: 0.54 acc: 0.51 | val loss: 0.6791 bal_acc: 0.54 acc: 0.62
epoch 030 | train loss: 0.6849 bal_acc: 0.54 acc: 0.54 | val loss: 0.6762 bal_acc: 0.55 acc: 0.62
epoch 040 | train loss: 0.6942 bal_acc: 0.54 acc: 0.51 | val loss: 0.6748 bal_acc: 0.55 acc: 0.61
epoch 050 | train loss: 0.6935 bal_acc: 0.54 acc: 0.53 | val loss: 0.6743 bal_acc: 0.53 acc: 0.59
epoch 060 | train loss: 0.6971 bal_acc: 0.48 acc: 0.50 | val loss: 0.6743 bal_acc: 0.54 acc: 0.60
epoch 070 | train loss: 0.6859 bal_acc: 0.57 acc: 0.58 | val loss: 0.6735 bal_acc: 0.55 acc: 0.61
epoch 080 | train loss: 0.6915 bal_acc: 0.54 acc: 0.52 | val loss: 0.6710 bal_acc: 0.55 acc: 0.61
epoch 090 | train loss: 0.6764 bal_acc: 0.60 acc: 0.62 | val loss: 0.6720 bal_acc: 0.55 acc: 0.60
epoch 100 | train loss: 0.6818 bal_acc: 0.57 acc: 0.56 | val loss: 0.6724 bal_acc: 0.56 acc: 0.60
epoch 110 | train loss: 0.6771 bal_acc: 0.57 acc: 0.59 | val loss: 0.6720 bal_acc: 0.57 acc: 0.60
epoch 120 | train loss: 0.6745 bal_acc: 0.55 acc: 0.56 | val loss: 0.6712 bal_acc: 0.56 acc: 0.60
epoch 130 | train loss: 0.6724 bal_acc: 0.56 acc: 0.57 | val loss: 0.6720 bal_acc: 0.55 acc: 0.59
epoch 140 | train loss: 0.6821 bal_acc: 0.55 acc: 0.56 | val loss: 0.6742 bal_acc: 0.56 acc: 0.59
epoch 150 | train loss: 0.6705 bal_acc: 0.61 acc: 0.60 | val loss: 0.6719 bal_acc: 0.56 acc: 0.59
epoch 160 | train loss: 0.6853 bal_acc: 0.55 acc: 0.56 | val loss: 0.6699 bal_acc: 0.57 acc: 0.61
epoch 170 | train loss: 0.6842 bal_acc: 0.56 acc: 0.55 | val loss: 0.6719 bal_acc: 0.55 acc: 0.57
epoch 180 | train loss: 0.6795 bal_acc: 0.57 acc: 0.57 | val loss: 0.6695 bal_acc: 0.56 acc: 0.59
epoch 190 | train loss: 0.6669 bal_acc: 0.57 acc: 0.57 | val loss: 0.6685 bal_acc: 0.54 acc: 0.57
epoch 200 | train loss: 0.6776 bal_acc: 0.53 acc: 0.53 | val loss: 0.6700 bal_acc: 0.56 acc: 0.58
epoch 210 | train loss: 0.6759 bal_acc: 0.61 acc: 0.61 | val loss: 0.6696 bal_acc: 0.56 acc: 0.58
epoch 220 | train loss: 0.6827 bal_acc: 0.57 acc: 0.57 | val loss: 0.6703 bal_acc: 0.58 acc: 0.60
epoch 230 | train loss: 0.6733 bal_acc: 0.54 acc: 0.54 | val loss: 0.6701 bal_acc: 0.60 acc: 0.61
epoch 240 | train loss: 0.6754 bal_acc: 0.60 acc: 0.60 | val loss: 0.6716 bal_acc: 0.60 acc: 0.61
epoch 250 | train loss: 0.6600 bal_acc: 0.60 acc: 0.60 | val loss: 0.6748 bal_acc: 0.61 acc: 0.62
epoch 260 | train loss: 0.6815 bal_acc: 0.61 acc: 0.59 | val loss: 0.6728 bal_acc: 0.60 acc: 0.61
epoch 270 | train loss: 0.6663 bal_acc: 0.55 acc: 0.55 | val loss: 0.6751 bal_acc: 0.60 acc: 0.60
epoch 280 | train loss: 0.6700 bal_acc: 0.60 acc: 0.60 | val loss: 0.6694 bal_acc: 0.60 acc: 0.62
epoch 290 | train loss: 0.6767 bal_acc: 0.60 acc: 0.60 | val loss: 0.6757 bal_acc: 0.59 acc: 0.59
epoch 300 | train loss: 0.6692 bal_acc: 0.57 acc: 0.56 | val loss: 0.6680 bal_acc: 0.60 acc: 0.62
best epoch=205 | val loss: 0.6659 bal_acc: 0.56 acc: 0.60 | test loss: 0.6937 bal_acc: 0.54 acc: 0.59

Test accuracy
y_01: 0.520
y_02: 0.430
y_03: 0.470
y_04: 0.490
y_12: 0.580
y_13: 0.500
y_14: 0.440
y_23: 0.510
y_24: 0.510
y_34: 0.540

Saved to: ./checkpoints_eegnet_randomsplit/20260623_110448
