Training configuration
  config=./configs/train_config_v3.json
  model=shallownet
  patient=sub1_hjlee
  day=260506
  max_folds=5
  print_layer_shapes=True
  data_dir=./data/processed/sub1_hjlee/260506
  input_file=X_eeg.npy
  emg_file=X_emg.npy
  checkpoint_root=./checkpoints/sub1_hjlee_nogit/v4_sub1_shallownet_all_days
  epochs=500
  batch_size=16
  lr=1e-05
  weight_decay=0.0001
  patience=100
  seed=42
  val_test_ratio=0.2
  weighted_sampler=True
  emg_feature_dim=64
  run_window_diagnostic=False
  window_size=256
  window_stride=128
  balance_rest_to_target=False
  run_5fold_cross_validation=True
  selection_metric=balanced_loss

Loading X_eeg.npy...
Loading X_emg.npy...
Device: cuda | X: (500, 64, 1000) | X_emg: (500, 2, 1000) | run: ./checkpoints/sub1_hjlee_nogit/v4_sub1_shallownet_all_days/20260629_175723
Data split: train=300 val=100 test=100
Original label distribution:
  train: label0=60 label1=60 label2=60 label3=60 label4=60 total=300
  val:   label0=20 label1=20 label2=20 label3=20 label4=20 total=100
  test:  label0=20 label1=20 label2=20 label3=20 label4=20 total=100

=== 5-fold cross-validation (running 5 fold(s)) ===

--- fold 1/5: train=300 val=100 test=100 ---

fold=1 label=0
Binary label distribution:
  train: class0=60 class1=240 total=300
  val:   class0=20 class1=80 total=100
  test:  class0=20 class1=80 total=100
Original labels in this split:
  train: label0=60 label1=60 label2=60 label3=60 label4=60 total=300
  val:   label0=20 label1=20 label2=20 label3=20 label4=20 total=100
  test:  label0=20 label1=20 label2=20 label3=20 label4=20 total=100

Model shape diagnostic
  EEG input: (16, 64, 1000)
  EMG input: (16, 2, 1000)
  EEG layer ensuredims: (16, 64, 1000, 1)
  EEG layer dimshuffle: (16, 1, 1000, 64)
  EEG layer bnorm: (16, 40, 976, 1)
  EEG layer conv_nonlin_exp: (16, 40, 976, 1)
  EEG layer pool: (16, 40, 61, 1)
  EEG layer pool_nonlin_exp: (16, 40, 61, 1)
  EEG layer drop: (16, 40, 61, 1)
  EEG layer final_layer.conv_classifier: (16, 2, 1, 1)
  EEG layer final_layer.squeeze.squeeze: (16, 2, 1)
  EEG feature vector: (16, 2440)
  EMG feature vector: (16, 64)
fold=1 label=0 | epoch 001 | train loss: 0.8769 bal_acc: 0.53 acc: 0.53 | val loss: 1.1125 bal_loss: 0.8619 bal_acc: 0.53 acc: 0.33
fold=1 label=0 | epoch 010 | train loss: 0.7196 bal_acc: 0.56 acc: 0.56 | val loss: 0.7116 bal_loss: 0.7743 bal_acc: 0.49 acc: 0.55
fold=1 label=0 | epoch 020 | train loss: 0.7194 bal_acc: 0.60 acc: 0.60 | val loss: 0.6703 bal_loss: 0.7751 bal_acc: 0.52 acc: 0.63
fold=1 label=0 | epoch 030 | train loss: 0.6268 bal_acc: 0.65 acc: 0.65 | val loss: 0.7072 bal_loss: 0.7789 bal_acc: 0.45 acc: 0.57
fold=1 label=0 | epoch 040 | train loss: 0.5573 bal_acc: 0.73 acc: 0.73 | val loss: 0.7001 bal_loss: 0.7473 bal_acc: 0.51 acc: 0.58
fold=1 label=0 | epoch 050 | train loss: 0.4816 bal_acc: 0.75 acc: 0.75 | val loss: 0.6804 bal_loss: 0.7542 bal_acc: 0.51 acc: 0.60
fold=1 label=0 | epoch 060 | train loss: 0.4389 bal_acc: 0.78 acc: 0.78 | val loss: 0.6883 bal_loss: 0.7513 bal_acc: 0.56 acc: 0.63
fold=1 label=0 | epoch 070 | train loss: 0.3998 bal_acc: 0.85 acc: 0.85 | val loss: 0.6522 bal_loss: 0.7900 bal_acc: 0.53 acc: 0.64
fold=1 label=0 | epoch 080 | train loss: 0.3641 bal_acc: 0.85 acc: 0.85 | val loss: 0.6590 bal_loss: 0.7750 bal_acc: 0.54 acc: 0.65
fold=1 label=0 | epoch 090 | train loss: 0.3358 bal_acc: 0.88 acc: 0.88 | val loss: 0.6492 bal_loss: 0.7832 bal_acc: 0.53 acc: 0.64
fold=1 label=0 | epoch 100 | train loss: 0.3080 bal_acc: 0.89 acc: 0.89 | val loss: 0.6201 bal_loss: 0.8137 bal_acc: 0.50 acc: 0.68
fold=1 label=0 | epoch 110 | train loss: 0.2940 bal_acc: 0.90 acc: 0.90 | val loss: 0.6648 bal_loss: 0.8019 bal_acc: 0.56 acc: 0.66
fold=1 label=0 | epoch 120 | train loss: 0.2314 bal_acc: 0.94 acc: 0.94 | val loss: 0.6321 bal_loss: 0.8520 bal_acc: 0.53 acc: 0.67
fold=1 label=0 | epoch 130 | train loss: 0.2285 bal_acc: 0.95 acc: 0.95 | val loss: 0.6114 bal_loss: 0.8150 bal_acc: 0.51 acc: 0.69
fold=1 label=0 | epoch 140 | train loss: 0.2229 bal_acc: 0.95 acc: 0.95 | val loss: 0.6191 bal_loss: 0.8224 bal_acc: 0.54 acc: 0.71

fold=1 label=2
Binary label distribution:
  train: class0=60 class1=240 total=300
  val:   class0=20 class1=80 total=100
  test:  class0=20 class1=80 total=100
Original labels in this split:
  train: label0=60 label1=60 label2=60 label3=60 label4=60 total=300
  val:   label0=20 label1=20 label2=20 label3=20 label4=20 total=100
  test:  label0=20 label1=20 label2=20 label3=20 label4=20 total=100
fold=1 label=2 | epoch 001 | train loss: 0.8407 bal_acc: 0.54 acc: 0.54 | val loss: 1.2828 bal_loss: 0.9210 bal_acc: 0.52 acc: 0.27
fold=1 label=2 | epoch 010 | train loss: 0.7037 bal_acc: 0.63 acc: 0.62 | val loss: 0.7105 bal_loss: 0.7554 bal_acc: 0.51 acc: 0.55
fold=1 label=2 | epoch 020 | train loss: 0.6354 bal_acc: 0.65 acc: 0.65 | val loss: 0.6501 bal_loss: 0.7713 bal_acc: 0.50 acc: 0.62
fold=1 label=2 | epoch 030 | train loss: 0.5525 bal_acc: 0.71 acc: 0.71 | val loss: 0.6676 bal_loss: 0.7887 bal_acc: 0.49 acc: 0.58
fold=1 label=2 | epoch 040 | train loss: 0.5137 bal_acc: 0.75 acc: 0.75 | val loss: 0.6922 bal_loss: 0.7856 bal_acc: 0.54 acc: 0.59
fold=1 label=2 | epoch 050 | train loss: 0.4676 bal_acc: 0.76 acc: 0.76 | val loss: 0.6788 bal_loss: 0.8006 bal_acc: 0.53 acc: 0.61
fold=1 label=2 | epoch 060 | train loss: 0.3771 bal_acc: 0.84 acc: 0.84 | val loss: 0.6738 bal_loss: 0.8090 bal_acc: 0.54 acc: 0.63
fold=1 label=2 | epoch 070 | train loss: 0.3653 bal_acc: 0.84 acc: 0.84 | val loss: 0.7050 bal_loss: 0.8245 bal_acc: 0.54 acc: 0.59
fold=1 label=2 | epoch 080 | train loss: 0.3139 bal_acc: 0.90 acc: 0.90 | val loss: 0.6489 bal_loss: 0.9049 bal_acc: 0.54 acc: 0.66
fold=1 label=2 | epoch 090 | train loss: 0.2705 bal_acc: 0.92 acc: 0.92 | val loss: 0.6649 bal_loss: 0.8803 bal_acc: 0.54 acc: 0.62
fold=1 label=2 | epoch 100 | train loss: 0.2743 bal_acc: 0.91 acc: 0.91 | val loss: 0.6887 bal_loss: 0.8996 bal_acc: 0.54 acc: 0.62

fold=1 label=1_vs_3
Binary labels: class0=label1 class1=label3
Binary label distribution:
  train: class0=60 class1=60 total=120
  val:   class0=20 class1=20 total=40
  test:  class0=20 class1=20 total=40
Original labels in this split:
  train: label0=0 label1=60 label2=0 label3=60 label4=0 total=120
  val:   label0=0 label1=20 label2=0 label3=20 label4=0 total=40
  test:  label0=0 label1=20 label2=0 label3=20 label4=0 total=40
fold=1 label=1_vs_3 | epoch 001 | train loss: 0.8544 bal_acc: 0.54 acc: 0.55 | val loss: 1.1574 bal_loss: 1.1574 bal_acc: 0.52 acc: 0.53
fold=1 label=1_vs_3 | epoch 010 | train loss: 0.7319 bal_acc: 0.64 acc: 0.64 | val loss: 0.7388 bal_loss: 0.7388 bal_acc: 0.57 acc: 0.57
fold=1 label=1_vs_3 | epoch 020 | train loss: 0.6247 bal_acc: 0.71 acc: 0.71 | val loss: 0.7242 bal_loss: 0.7242 bal_acc: 0.60 acc: 0.60
fold=1 label=1_vs_3 | epoch 030 | train loss: 0.6412 bal_acc: 0.67 acc: 0.67 | val loss: 0.7151 bal_loss: 0.7151 bal_acc: 0.65 acc: 0.65
fold=1 label=1_vs_3 | epoch 040 | train loss: 0.5612 bal_acc: 0.70 acc: 0.70 | val loss: 0.7096 bal_loss: 0.7096 bal_acc: 0.60 acc: 0.60
fold=1 label=1_vs_3 | epoch 050 | train loss: 0.5594 bal_acc: 0.76 acc: 0.76 | val loss: 0.6761 bal_loss: 0.6761 bal_acc: 0.60 acc: 0.60
fold=1 label=1_vs_3 | epoch 060 | train loss: 0.5448 bal_acc: 0.74 acc: 0.74 | val loss: 0.6870 bal_loss: 0.6870 bal_acc: 0.57 acc: 0.57
fold=1 label=1_vs_3 | epoch 070 | train loss: 0.4844 bal_acc: 0.75 acc: 0.75 | val loss: 0.6733 bal_loss: 0.6733 bal_acc: 0.62 acc: 0.62
fold=1 label=1_vs_3 | epoch 080 | train loss: 0.4252 bal_acc: 0.77 acc: 0.77 | val loss: 0.6984 bal_loss: 0.6984 bal_acc: 0.50 acc: 0.50
fold=1 label=1_vs_3 | epoch 090 | train loss: 0.4217 bal_acc: 0.78 acc: 0.77 | val loss: 0.6911 bal_loss: 0.6911 bal_acc: 0.48 acc: 0.47
fold=1 label=1_vs_3 | epoch 100 | train loss: 0.3770 bal_acc: 0.86 acc: 0.86 | val loss: 0.6959 bal_loss: 0.6959 bal_acc: 0.55 acc: 0.55
fold=1 label=1_vs_3 | epoch 110 | train loss: 0.4248 bal_acc: 0.82 acc: 0.82 | val loss: 0.7042 bal_loss: 0.7042 bal_acc: 0.52 acc: 0.53
fold=1 label=1_vs_3 | epoch 120 | train loss: 0.3267 bal_acc: 0.88 acc: 0.88 | val loss: 0.7165 bal_loss: 0.7165 bal_acc: 0.55 acc: 0.55
fold=1 label=1_vs_3 | epoch 130 | train loss: 0.3368 bal_acc: 0.82 acc: 0.82 | val loss: 0.6954 bal_loss: 0.6954 bal_acc: 0.52 acc: 0.53
fold=1 label=1_vs_3 | epoch 140 | train loss: 0.2918 bal_acc: 0.92 acc: 0.93 | val loss: 0.6715 bal_loss: 0.6715 bal_acc: 0.55 acc: 0.55
fold=1 label=1_vs_3 | epoch 150 | train loss: 0.2520 bal_acc: 0.92 acc: 0.92 | val loss: 0.7201 bal_loss: 0.7201 bal_acc: 0.55 acc: 0.55
fold=1 label=1_vs_3 | epoch 160 | train loss: 0.2940 bal_acc: 0.91 acc: 0.91 | val loss: 0.6781 bal_loss: 0.6781 bal_acc: 0.60 acc: 0.60
fold=1 label=1_vs_3 | epoch 170 | train loss: 0.2220 bal_acc: 0.95 acc: 0.95 | val loss: 0.7112 bal_loss: 0.7112 bal_acc: 0.52 acc: 0.53

--- fold 2/5: train=300 val=100 test=100 ---

fold=2 label=0
Binary label distribution:
  train: class0=60 class1=240 total=300
  val:   class0=20 class1=80 total=100
  test:  class0=20 class1=80 total=100
Original labels in this split:
  train: label0=60 label1=60 label2=60 label3=60 label4=60 total=300
  val:   label0=20 label1=20 label2=20 label3=20 label4=20 total=100
  test:  label0=20 label1=20 label2=20 label3=20 label4=20 total=100
fold=2 label=0 | epoch 001 | train loss: 0.8616 bal_acc: 0.54 acc: 0.54 | val loss: 1.4051 bal_loss: 0.9877 bal_acc: 0.52 acc: 0.24
fold=2 label=0 | epoch 010 | train loss: 0.6942 bal_acc: 0.60 acc: 0.60 | val loss: 0.6904 bal_loss: 0.8165 bal_acc: 0.47 acc: 0.60
fold=2 label=0 | epoch 020 | train loss: 0.5994 bal_acc: 0.70 acc: 0.70 | val loss: 0.7174 bal_loss: 0.8093 bal_acc: 0.39 acc: 0.50
fold=2 label=0 | epoch 030 | train loss: 0.5844 bal_acc: 0.72 acc: 0.72 | val loss: 0.6996 bal_loss: 0.8289 bal_acc: 0.43 acc: 0.57
fold=2 label=0 | epoch 040 | train loss: 0.5361 bal_acc: 0.78 acc: 0.78 | val loss: 0.6961 bal_loss: 0.8285 bal_acc: 0.46 acc: 0.58
fold=2 label=0 | epoch 050 | train loss: 0.5066 bal_acc: 0.74 acc: 0.74 | val loss: 0.6803 bal_loss: 0.8155 bal_acc: 0.43 acc: 0.57
fold=2 label=0 | epoch 060 | train loss: 0.4030 bal_acc: 0.83 acc: 0.83 | val loss: 0.6501 bal_loss: 0.8180 bal_acc: 0.46 acc: 0.62
fold=2 label=0 | epoch 070 | train loss: 0.4327 bal_acc: 0.81 acc: 0.81 | val loss: 0.6394 bal_loss: 0.8280 bal_acc: 0.47 acc: 0.64
fold=2 label=0 | epoch 080 | train loss: 0.3847 bal_acc: 0.86 acc: 0.86 | val loss: 0.6347 bal_loss: 0.8336 bal_acc: 0.49 acc: 0.67
fold=2 label=0 | epoch 090 | train loss: 0.3698 bal_acc: 0.82 acc: 0.82 | val loss: 0.6420 bal_loss: 0.8439 bal_acc: 0.47 acc: 0.64
fold=2 label=0 | epoch 100 | train loss: 0.2686 bal_acc: 0.91 acc: 0.91 | val loss: 0.6310 bal_loss: 0.8299 bal_acc: 0.48 acc: 0.65

fold=2 label=2
Binary label distribution:
  train: class0=60 class1=240 total=300
  val:   class0=20 class1=80 total=100
  test:  class0=20 class1=80 total=100
Original labels in this split:
  train: label0=60 label1=60 label2=60 label3=60 label4=60 total=300
  val:   label0=20 label1=20 label2=20 label3=20 label4=20 total=100
  test:  label0=20 label1=20 label2=20 label3=20 label4=20 total=100
fold=2 label=2 | epoch 001 | train loss: 0.8167 bal_acc: 0.56 acc: 0.56 | val loss: 1.1921 bal_loss: 0.8462 bal_acc: 0.55 acc: 0.28
fold=2 label=2 | epoch 010 | train loss: 0.7592 bal_acc: 0.57 acc: 0.57 | val loss: 0.6638 bal_loss: 0.7114 bal_acc: 0.48 acc: 0.55
fold=2 label=2 | epoch 020 | train loss: 0.5649 bal_acc: 0.68 acc: 0.69 | val loss: 0.6913 bal_loss: 0.7429 bal_acc: 0.47 acc: 0.54
fold=2 label=2 | epoch 030 | train loss: 0.5668 bal_acc: 0.72 acc: 0.71 | val loss: 0.6516 bal_loss: 0.8053 bal_acc: 0.47 acc: 0.60
fold=2 label=2 | epoch 040 | train loss: 0.4669 bal_acc: 0.81 acc: 0.81 | val loss: 0.6359 bal_loss: 0.7685 bal_acc: 0.50 acc: 0.62
fold=2 label=2 | epoch 050 | train loss: 0.4474 bal_acc: 0.79 acc: 0.79 | val loss: 0.6114 bal_loss: 0.7714 bal_acc: 0.51 acc: 0.66
fold=2 label=2 | epoch 060 | train loss: 0.4470 bal_acc: 0.81 acc: 0.81 | val loss: 0.5983 bal_loss: 0.7480 bal_acc: 0.52 acc: 0.66
fold=2 label=2 | epoch 070 | train loss: 0.3438 bal_acc: 0.87 acc: 0.87 | val loss: 0.6137 bal_loss: 0.7900 bal_acc: 0.50 acc: 0.65
fold=2 label=2 | epoch 080 | train loss: 0.3032 bal_acc: 0.89 acc: 0.89 | val loss: 0.6025 bal_loss: 0.8114 bal_acc: 0.49 acc: 0.66
fold=2 label=2 | epoch 090 | train loss: 0.3086 bal_acc: 0.90 acc: 0.90 | val loss: 0.5964 bal_loss: 0.8237 bal_acc: 0.51 acc: 0.70
fold=2 label=2 | epoch 100 | train loss: 0.2420 bal_acc: 0.94 acc: 0.94 | val loss: 0.5842 bal_loss: 0.8655 bal_acc: 0.51 acc: 0.72

fold=2 label=1_vs_3
Binary labels: class0=label1 class1=label3
Binary label distribution:
  train: class0=60 class1=60 total=120
  val:   class0=20 class1=20 total=40
  test:  class0=20 class1=20 total=40
Original labels in this split:
  train: label0=0 label1=60 label2=0 label3=60 label4=0 total=120
  val:   label0=0 label1=20 label2=0 label3=20 label4=0 total=40
  test:  label0=0 label1=20 label2=0 label3=20 label4=0 total=40
fold=2 label=1_vs_3 | epoch 001 | train loss: 0.8732 bal_acc: 0.50 acc: 0.50 | val loss: 1.1753 bal_loss: 1.1753 bal_acc: 0.50 acc: 0.50
fold=2 label=1_vs_3 | epoch 010 | train loss: 0.7019 bal_acc: 0.61 acc: 0.62 | val loss: 0.7657 bal_loss: 0.7657 bal_acc: 0.47 acc: 0.47
fold=2 label=1_vs_3 | epoch 020 | train loss: 0.6405 bal_acc: 0.62 acc: 0.62 | val loss: 0.7526 bal_loss: 0.7526 bal_acc: 0.45 acc: 0.45
fold=2 label=1_vs_3 | epoch 030 | train loss: 0.6835 bal_acc: 0.66 acc: 0.66 | val loss: 0.7791 bal_loss: 0.7791 bal_acc: 0.40 acc: 0.40
fold=2 label=1_vs_3 | epoch 040 | train loss: 0.5873 bal_acc: 0.72 acc: 0.72 | val loss: 0.7919 bal_loss: 0.7919 bal_acc: 0.45 acc: 0.45
fold=2 label=1_vs_3 | epoch 050 | train loss: 0.5590 bal_acc: 0.71 acc: 0.71 | val loss: 0.8036 bal_loss: 0.8036 bal_acc: 0.43 acc: 0.42
fold=2 label=1_vs_3 | epoch 060 | train loss: 0.5264 bal_acc: 0.73 acc: 0.73 | val loss: 0.8058 bal_loss: 0.8058 bal_acc: 0.43 acc: 0.42
fold=2 label=1_vs_3 | epoch 070 | train loss: 0.5273 bal_acc: 0.74 acc: 0.74 | val loss: 0.8319 bal_loss: 0.8319 bal_acc: 0.43 acc: 0.42
fold=2 label=1_vs_3 | epoch 080 | train loss: 0.4453 bal_acc: 0.81 acc: 0.81 | val loss: 0.8127 bal_loss: 0.8127 bal_acc: 0.43 acc: 0.42
fold=2 label=1_vs_3 | epoch 090 | train loss: 0.4323 bal_acc: 0.81 acc: 0.81 | val loss: 0.8460 bal_loss: 0.8460 bal_acc: 0.43 acc: 0.42
fold=2 label=1_vs_3 | epoch 100 | train loss: 0.4157 bal_acc: 0.81 acc: 0.81 | val loss: 0.8383 bal_loss: 0.8383 bal_acc: 0.50 acc: 0.50

--- fold 3/5: train=300 val=100 test=100 ---

fold=3 label=0
Binary label distribution:
  train: class0=60 class1=240 total=300
  val:   class0=20 class1=80 total=100
  test:  class0=20 class1=80 total=100
Original labels in this split:
  train: label0=60 label1=60 label2=60 label3=60 label4=60 total=300
  val:   label0=20 label1=20 label2=20 label3=20 label4=20 total=100
  test:  label0=20 label1=20 label2=20 label3=20 label4=20 total=100
fold=3 label=0 | epoch 001 | train loss: 0.8582 bal_acc: 0.54 acc: 0.54 | val loss: 1.1649 bal_loss: 0.8969 bal_acc: 0.49 acc: 0.27
fold=3 label=0 | epoch 010 | train loss: 0.6773 bal_acc: 0.63 acc: 0.63 | val loss: 0.7275 bal_loss: 0.8850 bal_acc: 0.44 acc: 0.59
fold=3 label=0 | epoch 020 | train loss: 0.6220 bal_acc: 0.69 acc: 0.69 | val loss: 0.7556 bal_loss: 0.9117 bal_acc: 0.38 acc: 0.52
fold=3 label=0 | epoch 030 | train loss: 0.6244 bal_acc: 0.66 acc: 0.66 | val loss: 0.7299 bal_loss: 0.9136 bal_acc: 0.43 acc: 0.59
fold=3 label=0 | epoch 040 | train loss: 0.4413 bal_acc: 0.81 acc: 0.81 | val loss: 0.7240 bal_loss: 0.9245 bal_acc: 0.42 acc: 0.61
fold=3 label=0 | epoch 050 | train loss: 0.4654 bal_acc: 0.81 acc: 0.80 | val loss: 0.7750 bal_loss: 0.9266 bal_acc: 0.42 acc: 0.56
fold=3 label=0 | epoch 060 | train loss: 0.4417 bal_acc: 0.80 acc: 0.80 | val loss: 0.7349 bal_loss: 0.9781 bal_acc: 0.44 acc: 0.62
fold=3 label=0 | epoch 070 | train loss: 0.4061 bal_acc: 0.82 acc: 0.82 | val loss: 0.7137 bal_loss: 1.0164 bal_acc: 0.41 acc: 0.62
fold=3 label=0 | epoch 080 | train loss: 0.3700 bal_acc: 0.85 acc: 0.85 | val loss: 0.7237 bal_loss: 1.0522 bal_acc: 0.40 acc: 0.61
fold=3 label=0 | epoch 090 | train loss: 0.3345 bal_acc: 0.88 acc: 0.88 | val loss: 0.7334 bal_loss: 1.0534 bal_acc: 0.41 acc: 0.62
fold=3 label=0 | epoch 100 | train loss: 0.2814 bal_acc: 0.91 acc: 0.91 | val loss: 0.7152 bal_loss: 1.0826 bal_acc: 0.44 acc: 0.65

fold=3 label=2
Binary label distribution:
  train: class0=60 class1=240 total=300
  val:   class0=20 class1=80 total=100
  test:  class0=20 class1=80 total=100
Original labels in this split:
  train: label0=60 label1=60 label2=60 label3=60 label4=60 total=300
  val:   label0=20 label1=20 label2=20 label3=20 label4=20 total=100
  test:  label0=20 label1=20 label2=20 label3=20 label4=20 total=100
fold=3 label=2 | epoch 001 | train loss: 0.8460 bal_acc: 0.52 acc: 0.51 | val loss: 1.0714 bal_loss: 0.8190 bal_acc: 0.56 acc: 0.33
fold=3 label=2 | epoch 010 | train loss: 0.6843 bal_acc: 0.65 acc: 0.65 | val loss: 0.7098 bal_loss: 0.7867 bal_acc: 0.51 acc: 0.57
fold=3 label=2 | epoch 020 | train loss: 0.5683 bal_acc: 0.73 acc: 0.73 | val loss: 0.6928 bal_loss: 0.8156 bal_acc: 0.48 acc: 0.59
fold=3 label=2 | epoch 030 | train loss: 0.5753 bal_acc: 0.71 acc: 0.71 | val loss: 0.6978 bal_loss: 0.8272 bal_acc: 0.49 acc: 0.60
fold=3 label=2 | epoch 040 | train loss: 0.4889 bal_acc: 0.74 acc: 0.74 | val loss: 0.6753 bal_loss: 0.8341 bal_acc: 0.51 acc: 0.63
fold=3 label=2 | epoch 050 | train loss: 0.4156 bal_acc: 0.83 acc: 0.83 | val loss: 0.7098 bal_loss: 0.8543 bal_acc: 0.50 acc: 0.59
fold=3 label=2 | epoch 060 | train loss: 0.4430 bal_acc: 0.80 acc: 0.80 | val loss: 0.6825 bal_loss: 0.9257 bal_acc: 0.43 acc: 0.62
fold=3 label=2 | epoch 070 | train loss: 0.3451 bal_acc: 0.88 acc: 0.88 | val loss: 0.7050 bal_loss: 0.9133 bal_acc: 0.48 acc: 0.62
fold=3 label=2 | epoch 080 | train loss: 0.3171 bal_acc: 0.89 acc: 0.89 | val loss: 0.7088 bal_loss: 0.9253 bal_acc: 0.46 acc: 0.59
fold=3 label=2 | epoch 090 | train loss: 0.3089 bal_acc: 0.88 acc: 0.88 | val loss: 0.7239 bal_loss: 0.9792 bal_acc: 0.44 acc: 0.59
fold=3 label=2 | epoch 100 | train loss: 0.2630 bal_acc: 0.93 acc: 0.93 | val loss: 0.7229 bal_loss: 1.0255 bal_acc: 0.45 acc: 0.63

fold=3 label=1_vs_3
Binary labels: class0=label1 class1=label3
Binary label distribution:
  train: class0=60 class1=60 total=120
  val:   class0=20 class1=20 total=40
  test:  class0=20 class1=20 total=40
Original labels in this split:
  train: label0=0 label1=60 label2=0 label3=60 label4=0 total=120
  val:   label0=0 label1=20 label2=0 label3=20 label4=0 total=40
  test:  label0=0 label1=20 label2=0 label3=20 label4=0 total=40
fold=3 label=1_vs_3 | epoch 001 | train loss: 0.9538 bal_acc: 0.44 acc: 0.43 | val loss: 1.0209 bal_loss: 1.0209 bal_acc: 0.45 acc: 0.45
fold=3 label=1_vs_3 | epoch 010 | train loss: 0.9382 bal_acc: 0.46 acc: 0.46 | val loss: 0.7990 bal_loss: 0.7990 bal_acc: 0.43 acc: 0.42
fold=3 label=1_vs_3 | epoch 020 | train loss: 0.6774 bal_acc: 0.66 acc: 0.66 | val loss: 0.7854 bal_loss: 0.7854 bal_acc: 0.45 acc: 0.45
fold=3 label=1_vs_3 | epoch 030 | train loss: 0.7897 bal_acc: 0.54 acc: 0.54 | val loss: 0.7647 bal_loss: 0.7647 bal_acc: 0.45 acc: 0.45
fold=3 label=1_vs_3 | epoch 040 | train loss: 0.5522 bal_acc: 0.71 acc: 0.72 | val loss: 0.7764 bal_loss: 0.7764 bal_acc: 0.48 acc: 0.47
fold=3 label=1_vs_3 | epoch 050 | train loss: 0.5408 bal_acc: 0.72 acc: 0.72 | val loss: 0.7536 bal_loss: 0.7536 bal_acc: 0.52 acc: 0.53
fold=3 label=1_vs_3 | epoch 060 | train loss: 0.5066 bal_acc: 0.74 acc: 0.74 | val loss: 0.7603 bal_loss: 0.7603 bal_acc: 0.48 acc: 0.47
fold=3 label=1_vs_3 | epoch 070 | train loss: 0.4607 bal_acc: 0.79 acc: 0.78 | val loss: 0.7533 bal_loss: 0.7533 bal_acc: 0.48 acc: 0.47
fold=3 label=1_vs_3 | epoch 080 | train loss: 0.4931 bal_acc: 0.81 acc: 0.81 | val loss: 0.7534 bal_loss: 0.7534 bal_acc: 0.48 acc: 0.47
fold=3 label=1_vs_3 | epoch 090 | train loss: 0.4133 bal_acc: 0.85 acc: 0.85 | val loss: 0.7676 bal_loss: 0.7676 bal_acc: 0.50 acc: 0.50
fold=3 label=1_vs_3 | epoch 100 | train loss: 0.3729 bal_acc: 0.85 acc: 0.85 | val loss: 0.7588 bal_loss: 0.7588 bal_acc: 0.50 acc: 0.50
fold=3 label=1_vs_3 | epoch 110 | train loss: 0.3339 bal_acc: 0.88 acc: 0.88 | val loss: 0.7700 bal_loss: 0.7700 bal_acc: 0.50 acc: 0.50
fold=3 label=1_vs_3 | epoch 120 | train loss: 0.3213 bal_acc: 0.89 acc: 0.89 | val loss: 0.7453 bal_loss: 0.7453 bal_acc: 0.47 acc: 0.47
fold=3 label=1_vs_3 | epoch 130 | train loss: 0.2833 bal_acc: 0.94 acc: 0.94 | val loss: 0.7464 bal_loss: 0.7464 bal_acc: 0.50 acc: 0.50
fold=3 label=1_vs_3 | epoch 140 | train loss: 0.3962 bal_acc: 0.81 acc: 0.81 | val loss: 0.7598 bal_loss: 0.7598 bal_acc: 0.45 acc: 0.45
fold=3 label=1_vs_3 | epoch 150 | train loss: 0.2969 bal_acc: 0.91 acc: 0.91 | val loss: 0.7752 bal_loss: 0.7752 bal_acc: 0.48 acc: 0.47
fold=3 label=1_vs_3 | epoch 160 | train loss: 0.2800 bal_acc: 0.92 acc: 0.92 | val loss: 0.7748 bal_loss: 0.7748 bal_acc: 0.50 acc: 0.50
fold=3 label=1_vs_3 | epoch 170 | train loss: 0.2273 bal_acc: 0.91 acc: 0.91 | val loss: 0.7869 bal_loss: 0.7869 bal_acc: 0.48 acc: 0.47
fold=3 label=1_vs_3 | epoch 180 | train loss: 0.2401 bal_acc: 0.96 acc: 0.96 | val loss: 0.7551 bal_loss: 0.7551 bal_acc: 0.50 acc: 0.50
fold=3 label=1_vs_3 | epoch 190 | train loss: 0.2067 bal_acc: 0.96 acc: 0.96 | val loss: 0.7941 bal_loss: 0.7941 bal_acc: 0.50 acc: 0.50
fold=3 label=1_vs_3 | epoch 200 | train loss: 0.1774 bal_acc: 0.96 acc: 0.96 | val loss: 0.7921 bal_loss: 0.7921 bal_acc: 0.43 acc: 0.42

--- fold 4/5: train=300 val=100 test=100 ---

fold=4 label=0
Binary label distribution:
  train: class0=60 class1=240 total=300
  val:   class0=20 class1=80 total=100
  test:  class0=20 class1=80 total=100
Original labels in this split:
  train: label0=60 label1=60 label2=60 label3=60 label4=60 total=300
  val:   label0=20 label1=20 label2=20 label3=20 label4=20 total=100
  test:  label0=20 label1=20 label2=20 label3=20 label4=20 total=100
fold=4 label=0 | epoch 001 | train loss: 0.8662 bal_acc: 0.50 acc: 0.50 | val loss: 1.4412 bal_loss: 1.0042 bal_acc: 0.47 acc: 0.21
fold=4 label=0 | epoch 010 | train loss: 0.7730 bal_acc: 0.57 acc: 0.57 | val loss: 0.8239 bal_loss: 0.7917 bal_acc: 0.54 acc: 0.51
fold=4 label=0 | epoch 020 | train loss: 0.6057 bal_acc: 0.68 acc: 0.68 | val loss: 0.7907 bal_loss: 0.7811 bal_acc: 0.57 acc: 0.55
fold=4 label=0 | epoch 030 | train loss: 0.5515 bal_acc: 0.72 acc: 0.72 | val loss: 0.7521 bal_loss: 0.8123 bal_acc: 0.55 acc: 0.58
fold=4 label=0 | epoch 040 | train loss: 0.5058 bal_acc: 0.75 acc: 0.75 | val loss: 0.7257 bal_loss: 0.8000 bal_acc: 0.57 acc: 0.61
fold=4 label=0 | epoch 050 | train loss: 0.4783 bal_acc: 0.78 acc: 0.78 | val loss: 0.7853 bal_loss: 0.8423 bal_acc: 0.49 acc: 0.52
fold=4 label=0 | epoch 060 | train loss: 0.5014 bal_acc: 0.77 acc: 0.77 | val loss: 0.7091 bal_loss: 0.9100 bal_acc: 0.54 acc: 0.65
fold=4 label=0 | epoch 070 | train loss: 0.3576 bal_acc: 0.86 acc: 0.86 | val loss: 0.7494 bal_loss: 0.9044 bal_acc: 0.52 acc: 0.59
fold=4 label=0 | epoch 080 | train loss: 0.3541 bal_acc: 0.87 acc: 0.87 | val loss: 0.7304 bal_loss: 0.9206 bal_acc: 0.55 acc: 0.64
fold=4 label=0 | epoch 090 | train loss: 0.3076 bal_acc: 0.90 acc: 0.90 | val loss: 0.6870 bal_loss: 0.9705 bal_acc: 0.51 acc: 0.66
fold=4 label=0 | epoch 100 | train loss: 0.2739 bal_acc: 0.92 acc: 0.92 | val loss: 0.7295 bal_loss: 0.9863 bal_acc: 0.52 acc: 0.66
fold=4 label=0 | epoch 110 | train loss: 0.2504 bal_acc: 0.95 acc: 0.95 | val loss: 0.7254 bal_loss: 1.0471 bal_acc: 0.51 acc: 0.67

fold=4 label=2
Binary label distribution:
  train: class0=60 class1=240 total=300
  val:   class0=20 class1=80 total=100
  test:  class0=20 class1=80 total=100
Original labels in this split:
  train: label0=60 label1=60 label2=60 label3=60 label4=60 total=300
  val:   label0=20 label1=20 label2=20 label3=20 label4=20 total=100
  test:  label0=20 label1=20 label2=20 label3=20 label4=20 total=100
fold=4 label=2 | epoch 001 | train loss: 0.7997 bal_acc: 0.60 acc: 0.60 | val loss: 1.3635 bal_loss: 0.9738 bal_acc: 0.51 acc: 0.25
fold=4 label=2 | epoch 010 | train loss: 0.6716 bal_acc: 0.63 acc: 0.63 | val loss: 0.8088 bal_loss: 0.7544 bal_acc: 0.45 acc: 0.39
fold=4 label=2 | epoch 020 | train loss: 0.6087 bal_acc: 0.69 acc: 0.69 | val loss: 0.7043 bal_loss: 0.7500 bal_acc: 0.46 acc: 0.53
fold=4 label=2 | epoch 030 | train loss: 0.5392 bal_acc: 0.74 acc: 0.74 | val loss: 0.6705 bal_loss: 0.7465 bal_acc: 0.54 acc: 0.60
fold=4 label=2 | epoch 040 | train loss: 0.5142 bal_acc: 0.74 acc: 0.74 | val loss: 0.6783 bal_loss: 0.7349 bal_acc: 0.56 acc: 0.59
fold=4 label=2 | epoch 050 | train loss: 0.4605 bal_acc: 0.80 acc: 0.79 | val loss: 0.6537 bal_loss: 0.7672 bal_acc: 0.49 acc: 0.61
fold=4 label=2 | epoch 060 | train loss: 0.3929 bal_acc: 0.84 acc: 0.84 | val loss: 0.6513 bal_loss: 0.7783 bal_acc: 0.49 acc: 0.60
fold=4 label=2 | epoch 070 | train loss: 0.3473 bal_acc: 0.88 acc: 0.88 | val loss: 0.6365 bal_loss: 0.7850 bal_acc: 0.50 acc: 0.62
fold=4 label=2 | epoch 080 | train loss: 0.3443 bal_acc: 0.85 acc: 0.85 | val loss: 0.6459 bal_loss: 0.8387 bal_acc: 0.50 acc: 0.62
fold=4 label=2 | epoch 090 | train loss: 0.3521 bal_acc: 0.87 acc: 0.87 | val loss: 0.6535 bal_loss: 0.8552 bal_acc: 0.50 acc: 0.62
fold=4 label=2 | epoch 100 | train loss: 0.2801 bal_acc: 0.91 acc: 0.91 | val loss: 0.6339 bal_loss: 0.8335 bal_acc: 0.50 acc: 0.62
fold=4 label=2 | epoch 110 | train loss: 0.2222 bal_acc: 0.95 acc: 0.95 | val loss: 0.6434 bal_loss: 0.8656 bal_acc: 0.52 acc: 0.65
fold=4 label=2 | epoch 120 | train loss: 0.2117 bal_acc: 0.94 acc: 0.94 | val loss: 0.5999 bal_loss: 0.9286 bal_acc: 0.53 acc: 0.70
fold=4 label=2 | epoch 130 | train loss: 0.1860 bal_acc: 0.97 acc: 0.97 | val loss: 0.6208 bal_loss: 0.9706 bal_acc: 0.52 acc: 0.68

fold=4 label=1_vs_3
Binary labels: class0=label1 class1=label3
Binary label distribution:
  train: class0=60 class1=60 total=120
  val:   class0=20 class1=20 total=40
  test:  class0=20 class1=20 total=40
Original labels in this split:
  train: label0=0 label1=60 label2=0 label3=60 label4=0 total=120
  val:   label0=0 label1=20 label2=0 label3=20 label4=0 total=40
  test:  label0=0 label1=20 label2=0 label3=20 label4=0 total=40
fold=4 label=1_vs_3 | epoch 001 | train loss: 1.0399 bal_acc: 0.49 acc: 0.49 | val loss: 1.1670 bal_loss: 1.1670 bal_acc: 0.52 acc: 0.53
fold=4 label=1_vs_3 | epoch 010 | train loss: 0.8289 bal_acc: 0.57 acc: 0.57 | val loss: 0.8811 bal_loss: 0.8811 bal_acc: 0.43 acc: 0.42
fold=4 label=1_vs_3 | epoch 020 | train loss: 0.7277 bal_acc: 0.62 acc: 0.62 | val loss: 0.8778 bal_loss: 0.8778 bal_acc: 0.43 acc: 0.42
fold=4 label=1_vs_3 | epoch 030 | train loss: 0.6653 bal_acc: 0.67 acc: 0.68 | val loss: 0.8719 bal_loss: 0.8719 bal_acc: 0.43 acc: 0.42
fold=4 label=1_vs_3 | epoch 040 | train loss: 0.5166 bal_acc: 0.72 acc: 0.72 | val loss: 0.8963 bal_loss: 0.8963 bal_acc: 0.43 acc: 0.42
fold=4 label=1_vs_3 | epoch 050 | train loss: 0.5658 bal_acc: 0.71 acc: 0.71 | val loss: 0.9179 bal_loss: 0.9179 bal_acc: 0.43 acc: 0.42
fold=4 label=1_vs_3 | epoch 060 | train loss: 0.5026 bal_acc: 0.74 acc: 0.73 | val loss: 0.9573 bal_loss: 0.9573 bal_acc: 0.43 acc: 0.42
fold=4 label=1_vs_3 | epoch 070 | train loss: 0.4687 bal_acc: 0.77 acc: 0.77 | val loss: 0.9203 bal_loss: 0.9203 bal_acc: 0.45 acc: 0.45
fold=4 label=1_vs_3 | epoch 080 | train loss: 0.4316 bal_acc: 0.83 acc: 0.82 | val loss: 0.9273 bal_loss: 0.9273 bal_acc: 0.40 acc: 0.40
fold=4 label=1_vs_3 | epoch 090 | train loss: 0.3967 bal_acc: 0.82 acc: 0.82 | val loss: 0.8843 bal_loss: 0.8843 bal_acc: 0.45 acc: 0.45
fold=4 label=1_vs_3 | epoch 100 | train loss: 0.3836 bal_acc: 0.82 acc: 0.82 | val loss: 0.9268 bal_loss: 0.9268 bal_acc: 0.43 acc: 0.42
fold=4 label=1_vs_3 | epoch 110 | train loss: 0.2956 bal_acc: 0.93 acc: 0.93 | val loss: 0.9390 bal_loss: 0.9390 bal_acc: 0.43 acc: 0.42

--- fold 5/5: train=300 val=100 test=100 ---

fold=5 label=0
Binary label distribution:
  train: class0=60 class1=240 total=300
  val:   class0=20 class1=80 total=100
  test:  class0=20 class1=80 total=100
Original labels in this split:
  train: label0=60 label1=60 label2=60 label3=60 label4=60 total=300
  val:   label0=20 label1=20 label2=20 label3=20 label4=20 total=100
  test:  label0=20 label1=20 label2=20 label3=20 label4=20 total=100
fold=5 label=0 | epoch 001 | train loss: 0.9360 bal_acc: 0.50 acc: 0.50 | val loss: 1.1817 bal_loss: 0.8519 bal_acc: 0.52 acc: 0.27
fold=5 label=0 | epoch 010 | train loss: 0.7011 bal_acc: 0.61 acc: 0.61 | val loss: 0.7031 bal_loss: 0.7051 bal_acc: 0.59 acc: 0.58
fold=5 label=0 | epoch 020 | train loss: 0.6796 bal_acc: 0.58 acc: 0.58 | val loss: 0.7099 bal_loss: 0.7512 bal_acc: 0.50 acc: 0.53
fold=5 label=0 | epoch 030 | train loss: 0.6089 bal_acc: 0.66 acc: 0.66 | val loss: 0.7062 bal_loss: 0.7669 bal_acc: 0.52 acc: 0.57
fold=5 label=0 | epoch 040 | train loss: 0.5000 bal_acc: 0.77 acc: 0.77 | val loss: 0.6857 bal_loss: 0.8187 bal_acc: 0.47 acc: 0.58
fold=5 label=0 | epoch 050 | train loss: 0.4608 bal_acc: 0.79 acc: 0.79 | val loss: 0.7025 bal_loss: 0.8223 bal_acc: 0.47 acc: 0.60
fold=5 label=0 | epoch 060 | train loss: 0.4430 bal_acc: 0.81 acc: 0.81 | val loss: 0.6746 bal_loss: 0.8594 bal_acc: 0.52 acc: 0.65
fold=5 label=0 | epoch 070 | train loss: 0.3968 bal_acc: 0.85 acc: 0.85 | val loss: 0.6771 bal_loss: 0.8695 bal_acc: 0.55 acc: 0.67
fold=5 label=0 | epoch 080 | train loss: 0.3958 bal_acc: 0.82 acc: 0.82 | val loss: 0.6917 bal_loss: 0.8660 bal_acc: 0.59 acc: 0.67
fold=5 label=0 | epoch 090 | train loss: 0.3343 bal_acc: 0.89 acc: 0.88 | val loss: 0.6811 bal_loss: 0.8894 bal_acc: 0.55 acc: 0.67
fold=5 label=0 | epoch 100 | train loss: 0.2919 bal_acc: 0.90 acc: 0.90 | val loss: 0.6923 bal_loss: 0.9819 bal_acc: 0.45 acc: 0.63
fold=5 label=0 | epoch 110 | train loss: 0.2506 bal_acc: 0.93 acc: 0.93 | val loss: 0.6919 bal_loss: 0.9499 bal_acc: 0.50 acc: 0.65

fold=5 label=2
Binary label distribution:
  train: class0=60 class1=240 total=300
  val:   class0=20 class1=80 total=100
  test:  class0=20 class1=80 total=100
Original labels in this split:
  train: label0=60 label1=60 label2=60 label3=60 label4=60 total=300
  val:   label0=20 label1=20 label2=20 label3=20 label4=20 total=100
  test:  label0=20 label1=20 label2=20 label3=20 label4=20 total=100
fold=5 label=2 | epoch 001 | train loss: 0.8903 bal_acc: 0.47 acc: 0.47 | val loss: 1.2944 bal_loss: 0.8886 bal_acc: 0.53 acc: 0.25
fold=5 label=2 | epoch 010 | train loss: 0.6979 bal_acc: 0.64 acc: 0.64 | val loss: 0.6765 bal_loss: 0.6722 bal_acc: 0.62 acc: 0.61
fold=5 label=2 | epoch 020 | train loss: 0.5707 bal_acc: 0.71 acc: 0.72 | val loss: 0.7304 bal_loss: 0.6952 bal_acc: 0.62 acc: 0.57
fold=5 label=2 | epoch 030 | train loss: 0.5540 bal_acc: 0.72 acc: 0.72 | val loss: 0.7098 bal_loss: 0.6925 bal_acc: 0.63 acc: 0.59
fold=5 label=2 | epoch 040 | train loss: 0.4402 bal_acc: 0.81 acc: 0.81 | val loss: 0.6726 bal_loss: 0.6926 bal_acc: 0.65 acc: 0.62
fold=5 label=2 | epoch 050 | train loss: 0.4038 bal_acc: 0.84 acc: 0.84 | val loss: 0.6604 bal_loss: 0.6973 bal_acc: 0.65 acc: 0.65
fold=5 label=2 | epoch 060 | train loss: 0.4380 bal_acc: 0.81 acc: 0.81 | val loss: 0.6820 bal_loss: 0.6982 bal_acc: 0.61 acc: 0.59
fold=5 label=2 | epoch 070 | train loss: 0.3424 bal_acc: 0.88 acc: 0.88 | val loss: 0.6291 bal_loss: 0.7082 bal_acc: 0.65 acc: 0.68
fold=5 label=2 | epoch 080 | train loss: 0.3366 bal_acc: 0.88 acc: 0.88 | val loss: 0.6594 bal_loss: 0.7141 bal_acc: 0.62 acc: 0.64
fold=5 label=2 | epoch 090 | train loss: 0.2881 bal_acc: 0.91 acc: 0.91 | val loss: 0.6297 bal_loss: 0.7462 bal_acc: 0.67 acc: 0.69
fold=5 label=2 | epoch 100 | train loss: 0.2523 bal_acc: 0.94 acc: 0.94 | val loss: 0.6648 bal_loss: 0.7537 bal_acc: 0.63 acc: 0.65

fold=5 label=1_vs_3
Binary labels: class0=label1 class1=label3
Binary label distribution:
  train: class0=60 class1=60 total=120
  val:   class0=20 class1=20 total=40
  test:  class0=20 class1=20 total=40
Original labels in this split:
  train: label0=0 label1=60 label2=0 label3=60 label4=0 total=120
  val:   label0=0 label1=20 label2=0 label3=20 label4=0 total=40
  test:  label0=0 label1=20 label2=0 label3=20 label4=0 total=40
fold=5 label=1_vs_3 | epoch 001 | train loss: 0.8846 bal_acc: 0.47 acc: 0.48 | val loss: 1.0582 bal_loss: 1.0582 bal_acc: 0.47 acc: 0.47
fold=5 label=1_vs_3 | epoch 010 | train loss: 0.7837 bal_acc: 0.59 acc: 0.59 | val loss: 0.8124 bal_loss: 0.8124 bal_acc: 0.47 acc: 0.47
fold=5 label=1_vs_3 | epoch 020 | train loss: 0.6642 bal_acc: 0.66 acc: 0.67 | val loss: 0.7753 bal_loss: 0.7753 bal_acc: 0.55 acc: 0.55
fold=5 label=1_vs_3 | epoch 030 | train loss: 0.6089 bal_acc: 0.67 acc: 0.68 | val loss: 0.7233 bal_loss: 0.7233 bal_acc: 0.55 acc: 0.55
fold=5 label=1_vs_3 | epoch 040 | train loss: 0.5844 bal_acc: 0.71 acc: 0.72 | val loss: 0.7045 bal_loss: 0.7045 bal_acc: 0.60 acc: 0.60
fold=5 label=1_vs_3 | epoch 050 | train loss: 0.4973 bal_acc: 0.77 acc: 0.77 | val loss: 0.6825 bal_loss: 0.6825 bal_acc: 0.62 acc: 0.62
fold=5 label=1_vs_3 | epoch 060 | train loss: 0.4451 bal_acc: 0.81 acc: 0.81 | val loss: 0.6836 bal_loss: 0.6836 bal_acc: 0.68 acc: 0.68
fold=5 label=1_vs_3 | epoch 070 | train loss: 0.4147 bal_acc: 0.81 acc: 0.81 | val loss: 0.6678 bal_loss: 0.6678 bal_acc: 0.65 acc: 0.65
fold=5 label=1_vs_3 | epoch 080 | train loss: 0.4284 bal_acc: 0.79 acc: 0.79 | val loss: 0.6518 bal_loss: 0.6518 bal_acc: 0.70 acc: 0.70
fold=5 label=1_vs_3 | epoch 090 | train loss: 0.3139 bal_acc: 0.90 acc: 0.90 | val loss: 0.6504 bal_loss: 0.6504 bal_acc: 0.65 acc: 0.65
fold=5 label=1_vs_3 | epoch 100 | train loss: 0.3507 bal_acc: 0.90 acc: 0.90 | val loss: 0.6555 bal_loss: 0.6555 bal_acc: 0.70 acc: 0.70
fold=5 label=1_vs_3 | epoch 110 | train loss: 0.3389 bal_acc: 0.84 acc: 0.85 | val loss: 0.6333 bal_loss: 0.6333 bal_acc: 0.65 acc: 0.65
fold=5 label=1_vs_3 | epoch 120 | train loss: 0.3799 bal_acc: 0.84 acc: 0.83 | val loss: 0.6384 bal_loss: 0.6384 bal_acc: 0.65 acc: 0.65
fold=5 label=1_vs_3 | epoch 130 | train loss: 0.2983 bal_acc: 0.92 acc: 0.92 | val loss: 0.6403 bal_loss: 0.6403 bal_acc: 0.65 acc: 0.65
fold=5 label=1_vs_3 | epoch 140 | train loss: 0.2811 bal_acc: 0.92 acc: 0.93 | val loss: 0.6857 bal_loss: 0.6857 bal_acc: 0.62 acc: 0.62
fold=5 label=1_vs_3 | epoch 150 | train loss: 0.2856 bal_acc: 0.90 acc: 0.91 | val loss: 0.6478 bal_loss: 0.6478 bal_acc: 0.65 acc: 0.65
fold=5 label=1_vs_3 | epoch 160 | train loss: 0.2307 bal_acc: 0.92 acc: 0.92 | val loss: 0.6687 bal_loss: 0.6687 bal_acc: 0.62 acc: 0.62
fold=5 label=1_vs_3 | epoch 170 | train loss: 0.2418 bal_acc: 0.94 acc: 0.94 | val loss: 0.6650 bal_loss: 0.6650 bal_acc: 0.65 acc: 0.65
fold=5 label=1_vs_3 | epoch 180 | train loss: 0.2309 bal_acc: 0.95 acc: 0.95 | val loss: 0.6802 bal_loss: 0.6802 bal_acc: 0.68 acc: 0.68
fold=5 label=1_vs_3 | epoch 190 | train loss: 0.2158 bal_acc: 0.94 acc: 0.94 | val loss: 0.6928 bal_loss: 0.6928 bal_acc: 0.70 acc: 0.70
fold=5 label=1_vs_3 | epoch 200 | train loss: 0.1844 bal_acc: 0.94 acc: 0.93 | val loss: 0.6973 bal_loss: 0.6973 bal_acc: 0.62 acc: 0.62
fold=5 label=1_vs_3 | epoch 210 | train loss: 0.1589 bal_acc: 0.99 acc: 0.99 | val loss: 0.7216 bal_loss: 0.7216 bal_acc: 0.70 acc: 0.70

Cross-validation summary (5 fold(s) run)
y_0: test bal_loss=0.780 +/- 0.061 | bal_acc=0.498 +/- 0.039 | test acc=0.526 +/- 0.051
y_2: test bal_loss=0.737 +/- 0.040 | bal_acc=0.560 +/- 0.039 | test acc=0.548 +/- 0.054
y_1_vs_3: test bal_loss=0.800 +/- 0.098 | bal_acc=0.505 +/- 0.066 | test acc=0.505 +/- 0.066
Cross-validation CSV: ./checkpoints/sub1_hjlee_nogit/v4_sub1_shallownet_all_days/20260629_175723/cross_validation.csv

Saved to: ./checkpoints/sub1_hjlee_nogit/v4_sub1_shallownet_all_days/20260629_175723
