Training configuration
  config=./configs/train_config_v3.json
  model=shallownet
  patient=sub1_hjlee
  day=260422
  data_dir=./data/processed/sub1_hjlee/260422
  input_file=X_eeg.npy
  checkpoint_root=./checkpoints/sub1_hjlee_nogit/v3_sub1_shallownet_all_days
  epochs=200
  batch_size=16
  lr=3e-05
  weight_decay=0.0001
  patience=50
  seed=42
  val_test_ratio=0.2
  weighted_sampler=True
  run_window_diagnostic=False
  window_size=256
  window_stride=128
  balance_rest_to_target=False
  run_5fold_cross_validation=True
  selection_metric=balanced_loss

Loading X_eeg.npy...
Device: cuda | X: (500, 64, 1000) | run: ./checkpoints/sub1_hjlee_nogit/v3_sub1_shallownet_all_days/20260628_175100
Data split: train=300 val=100 test=100
Original label distribution:
  train: label0=60 label1=60 label2=60 label3=60 label4=60 total=300
  val:   label0=20 label1=20 label2=20 label3=20 label4=20 total=100
  test:  label0=20 label1=20 label2=20 label3=20 label4=20 total=100

=== 5-fold cross-validation ===

--- fold 1/5: train=300 val=100 test=100 ---

fold=1 label=0
Binary label distribution:
  train: class0=60 class1=240 total=300
  val:   class0=20 class1=80 total=100
  test:  class0=20 class1=80 total=100
Original labels in this split:
  train: label0=60 label1=60 label2=60 label3=60 label4=60 total=300
  val:   label0=20 label1=20 label2=20 label3=20 label4=20 total=100
  test:  label0=20 label1=20 label2=20 label3=20 label4=20 total=100
fold=1 label=0 | epoch 001 | train loss: 1.4505 bal_acc: 0.54 acc: 0.54 | val loss: 1.1737 bal_loss: 1.0086 bal_acc: 0.48 acc: 0.41
fold=1 label=0 | epoch 010 | train loss: 0.8248 bal_acc: 0.66 acc: 0.66 | val loss: 0.7631 bal_loss: 0.9246 bal_acc: 0.53 acc: 0.64
fold=1 label=0 | epoch 020 | train loss: 0.6731 bal_acc: 0.73 acc: 0.73 | val loss: 0.7205 bal_loss: 1.0044 bal_acc: 0.51 acc: 0.66
fold=1 label=0 | epoch 030 | train loss: 0.5481 bal_acc: 0.78 acc: 0.78 | val loss: 0.7610 bal_loss: 1.0149 bal_acc: 0.52 acc: 0.66
fold=1 label=0 | epoch 040 | train loss: 0.3337 bal_acc: 0.85 acc: 0.86 | val loss: 0.7192 bal_loss: 1.0437 bal_acc: 0.48 acc: 0.65
fold=1 label=0 | epoch 050 | train loss: 0.2936 bal_acc: 0.87 acc: 0.87 | val loss: 0.6797 bal_loss: 1.0428 bal_acc: 0.54 acc: 0.71

fold=1 label=2
Binary label distribution:
  train: class0=60 class1=240 total=300
  val:   class0=20 class1=80 total=100
  test:  class0=20 class1=80 total=100
Original labels in this split:
  train: label0=60 label1=60 label2=60 label3=60 label4=60 total=300
  val:   label0=20 label1=20 label2=20 label3=20 label4=20 total=100
  test:  label0=20 label1=20 label2=20 label3=20 label4=20 total=100
fold=1 label=2 | epoch 001 | train loss: 1.4759 bal_acc: 0.50 acc: 0.50 | val loss: 0.7133 bal_loss: 0.8299 bal_acc: 0.55 acc: 0.64
fold=1 label=2 | epoch 010 | train loss: 0.7855 bal_acc: 0.71 acc: 0.71 | val loss: 0.8733 bal_loss: 1.1788 bal_acc: 0.43 acc: 0.59
fold=1 label=2 | epoch 020 | train loss: 0.5468 bal_acc: 0.76 acc: 0.76 | val loss: 0.8980 bal_loss: 1.1939 bal_acc: 0.46 acc: 0.58
fold=1 label=2 | epoch 030 | train loss: 0.4499 bal_acc: 0.81 acc: 0.81 | val loss: 0.9362 bal_loss: 1.2628 bal_acc: 0.44 acc: 0.59
fold=1 label=2 | epoch 040 | train loss: 0.3537 bal_acc: 0.86 acc: 0.87 | val loss: 0.8547 bal_loss: 1.1459 bal_acc: 0.43 acc: 0.60
fold=1 label=2 | epoch 050 | train loss: 0.3065 bal_acc: 0.86 acc: 0.86 | val loss: 0.8947 bal_loss: 1.4583 bal_acc: 0.46 acc: 0.68

fold=1 label=1_vs_3
Binary labels: class0=label1 class1=label3
Binary label distribution:
  train: class0=60 class1=60 total=120
  val:   class0=20 class1=20 total=40
  test:  class0=20 class1=20 total=40
Original labels in this split:
  train: label0=0 label1=60 label2=0 label3=60 label4=0 total=120
  val:   label0=0 label1=20 label2=0 label3=20 label4=0 total=40
  test:  label0=0 label1=20 label2=0 label3=20 label4=0 total=40
fold=1 label=1_vs_3 | epoch 001 | train loss: 1.5555 bal_acc: 0.53 acc: 0.53 | val loss: 1.0862 bal_loss: 1.0862 bal_acc: 0.52 acc: 0.53
fold=1 label=1_vs_3 | epoch 010 | train loss: 1.2235 bal_acc: 0.60 acc: 0.58 | val loss: 1.2124 bal_loss: 1.2124 bal_acc: 0.55 acc: 0.55
fold=1 label=1_vs_3 | epoch 020 | train loss: 0.8054 bal_acc: 0.67 acc: 0.68 | val loss: 1.2035 bal_loss: 1.2035 bal_acc: 0.50 acc: 0.50
fold=1 label=1_vs_3 | epoch 030 | train loss: 0.6782 bal_acc: 0.72 acc: 0.72 | val loss: 1.0069 bal_loss: 1.0069 bal_acc: 0.57 acc: 0.57
fold=1 label=1_vs_3 | epoch 040 | train loss: 0.4086 bal_acc: 0.83 acc: 0.83 | val loss: 0.9844 bal_loss: 0.9844 bal_acc: 0.57 acc: 0.57
fold=1 label=1_vs_3 | epoch 050 | train loss: 0.3609 bal_acc: 0.83 acc: 0.83 | val loss: 0.9688 bal_loss: 0.9688 bal_acc: 0.52 acc: 0.53
fold=1 label=1_vs_3 | epoch 060 | train loss: 0.2754 bal_acc: 0.85 acc: 0.85 | val loss: 1.0527 bal_loss: 1.0527 bal_acc: 0.52 acc: 0.53
fold=1 label=1_vs_3 | epoch 070 | train loss: 0.2467 bal_acc: 0.92 acc: 0.92 | val loss: 0.9450 bal_loss: 0.9450 bal_acc: 0.52 acc: 0.53
fold=1 label=1_vs_3 | epoch 080 | train loss: 0.2442 bal_acc: 0.91 acc: 0.91 | val loss: 0.9558 bal_loss: 0.9558 bal_acc: 0.52 acc: 0.53
fold=1 label=1_vs_3 | epoch 090 | train loss: 0.2985 bal_acc: 0.84 acc: 0.83 | val loss: 1.0460 bal_loss: 1.0460 bal_acc: 0.55 acc: 0.55
fold=1 label=1_vs_3 | epoch 100 | train loss: 0.1388 bal_acc: 0.95 acc: 0.95 | val loss: 1.0337 bal_loss: 1.0337 bal_acc: 0.60 acc: 0.60

--- fold 2/5: train=300 val=100 test=100 ---

fold=2 label=0
Binary label distribution:
  train: class0=60 class1=240 total=300
  val:   class0=20 class1=80 total=100
  test:  class0=20 class1=80 total=100
Original labels in this split:
  train: label0=60 label1=60 label2=60 label3=60 label4=60 total=300
  val:   label0=20 label1=20 label2=20 label3=20 label4=20 total=100
  test:  label0=20 label1=20 label2=20 label3=20 label4=20 total=100
fold=2 label=0 | epoch 001 | train loss: 1.4073 bal_acc: 0.53 acc: 0.53 | val loss: 0.9740 bal_loss: 1.1247 bal_acc: 0.46 acc: 0.52
fold=2 label=0 | epoch 010 | train loss: 0.9067 bal_acc: 0.65 acc: 0.65 | val loss: 0.8234 bal_loss: 1.1669 bal_acc: 0.50 acc: 0.65
fold=2 label=0 | epoch 020 | train loss: 0.6168 bal_acc: 0.74 acc: 0.74 | val loss: 0.8282 bal_loss: 1.1701 bal_acc: 0.49 acc: 0.60
fold=2 label=0 | epoch 030 | train loss: 0.5306 bal_acc: 0.79 acc: 0.79 | val loss: 0.7034 bal_loss: 1.1473 bal_acc: 0.52 acc: 0.68
fold=2 label=0 | epoch 040 | train loss: 0.3589 bal_acc: 0.84 acc: 0.84 | val loss: 0.7646 bal_loss: 1.3017 bal_acc: 0.48 acc: 0.65
fold=2 label=0 | epoch 050 | train loss: 0.3613 bal_acc: 0.85 acc: 0.85 | val loss: 0.7434 bal_loss: 1.3086 bal_acc: 0.50 acc: 0.68
fold=2 label=0 | epoch 060 | train loss: 0.2746 bal_acc: 0.90 acc: 0.89 | val loss: 0.7319 bal_loss: 1.3845 bal_acc: 0.54 acc: 0.74
fold=2 label=0 | epoch 070 | train loss: 0.1848 bal_acc: 0.94 acc: 0.94 | val loss: 0.7614 bal_loss: 1.4328 bal_acc: 0.53 acc: 0.72
fold=2 label=0 | epoch 080 | train loss: 0.2017 bal_acc: 0.91 acc: 0.91 | val loss: 0.7969 bal_loss: 1.3282 bal_acc: 0.49 acc: 0.66
fold=2 label=0 | epoch 090 | train loss: 0.1266 bal_acc: 0.95 acc: 0.95 | val loss: 0.7966 bal_loss: 1.4340 bal_acc: 0.50 acc: 0.71

fold=2 label=2
Binary label distribution:
  train: class0=60 class1=240 total=300
  val:   class0=20 class1=80 total=100
  test:  class0=20 class1=80 total=100
Original labels in this split:
  train: label0=60 label1=60 label2=60 label3=60 label4=60 total=300
  val:   label0=20 label1=20 label2=20 label3=20 label4=20 total=100
  test:  label0=20 label1=20 label2=20 label3=20 label4=20 total=100
fold=2 label=2 | epoch 001 | train loss: 1.4463 bal_acc: 0.53 acc: 0.53 | val loss: 0.9426 bal_loss: 0.7047 bal_acc: 0.64 acc: 0.52
fold=2 label=2 | epoch 010 | train loss: 0.8177 bal_acc: 0.65 acc: 0.65 | val loss: 0.7071 bal_loss: 0.7812 bal_acc: 0.55 acc: 0.64
fold=2 label=2 | epoch 020 | train loss: 0.7587 bal_acc: 0.73 acc: 0.73 | val loss: 0.7491 bal_loss: 1.0024 bal_acc: 0.44 acc: 0.65
fold=2 label=2 | epoch 030 | train loss: 0.5054 bal_acc: 0.77 acc: 0.77 | val loss: 0.6677 bal_loss: 1.0114 bal_acc: 0.53 acc: 0.72
fold=2 label=2 | epoch 040 | train loss: 0.5859 bal_acc: 0.78 acc: 0.78 | val loss: 0.6403 bal_loss: 0.9851 bal_acc: 0.50 acc: 0.68
fold=2 label=2 | epoch 050 | train loss: 0.3727 bal_acc: 0.84 acc: 0.84 | val loss: 0.6745 bal_loss: 1.1522 bal_acc: 0.51 acc: 0.73

fold=2 label=1_vs_3
Binary labels: class0=label1 class1=label3
Binary label distribution:
  train: class0=60 class1=60 total=120
  val:   class0=20 class1=20 total=40
  test:  class0=20 class1=20 total=40
Original labels in this split:
  train: label0=0 label1=60 label2=0 label3=60 label4=0 total=120
  val:   label0=0 label1=20 label2=0 label3=20 label4=0 total=40
  test:  label0=0 label1=20 label2=0 label3=20 label4=0 total=40
fold=2 label=1_vs_3 | epoch 001 | train loss: 1.4627 bal_acc: 0.52 acc: 0.52 | val loss: 1.3536 bal_loss: 1.3536 bal_acc: 0.45 acc: 0.45
fold=2 label=1_vs_3 | epoch 010 | train loss: 0.8337 bal_acc: 0.67 acc: 0.67 | val loss: 1.0713 bal_loss: 1.0713 bal_acc: 0.50 acc: 0.50
fold=2 label=1_vs_3 | epoch 020 | train loss: 0.7457 bal_acc: 0.64 acc: 0.65 | val loss: 1.0288 bal_loss: 1.0288 bal_acc: 0.40 acc: 0.40
fold=2 label=1_vs_3 | epoch 030 | train loss: 0.5681 bal_acc: 0.74 acc: 0.74 | val loss: 1.1292 bal_loss: 1.1292 bal_acc: 0.45 acc: 0.45
fold=2 label=1_vs_3 | epoch 040 | train loss: 0.5992 bal_acc: 0.74 acc: 0.74 | val loss: 1.1878 bal_loss: 1.1878 bal_acc: 0.48 acc: 0.47
fold=2 label=1_vs_3 | epoch 050 | train loss: 0.3294 bal_acc: 0.84 acc: 0.84 | val loss: 1.3321 bal_loss: 1.3321 bal_acc: 0.43 acc: 0.42
fold=2 label=1_vs_3 | epoch 060 | train loss: 0.4433 bal_acc: 0.83 acc: 0.82 | val loss: 1.2780 bal_loss: 1.2780 bal_acc: 0.43 acc: 0.42

--- fold 3/5: train=300 val=100 test=100 ---

fold=3 label=0
Binary label distribution:
  train: class0=60 class1=240 total=300
  val:   class0=20 class1=80 total=100
  test:  class0=20 class1=80 total=100
Original labels in this split:
  train: label0=60 label1=60 label2=60 label3=60 label4=60 total=300
  val:   label0=20 label1=20 label2=20 label3=20 label4=20 total=100
  test:  label0=20 label1=20 label2=20 label3=20 label4=20 total=100
fold=3 label=0 | epoch 001 | train loss: 1.5368 bal_acc: 0.49 acc: 0.49 | val loss: 1.2669 bal_loss: 0.9990 bal_acc: 0.52 acc: 0.38
fold=3 label=0 | epoch 010 | train loss: 0.9230 bal_acc: 0.67 acc: 0.67 | val loss: 0.6238 bal_loss: 0.7778 bal_acc: 0.61 acc: 0.68
fold=3 label=0 | epoch 020 | train loss: 0.6154 bal_acc: 0.74 acc: 0.74 | val loss: 0.6496 bal_loss: 0.9184 bal_acc: 0.59 acc: 0.70
fold=3 label=0 | epoch 030 | train loss: 0.5490 bal_acc: 0.80 acc: 0.80 | val loss: 0.6733 bal_loss: 1.0035 bal_acc: 0.68 acc: 0.75
fold=3 label=0 | epoch 040 | train loss: 0.3759 bal_acc: 0.84 acc: 0.84 | val loss: 0.7448 bal_loss: 1.0605 bal_acc: 0.52 acc: 0.66
fold=3 label=0 | epoch 050 | train loss: 0.3419 bal_acc: 0.85 acc: 0.85 | val loss: 0.6709 bal_loss: 1.0212 bal_acc: 0.54 acc: 0.69
fold=3 label=0 | epoch 060 | train loss: 0.2773 bal_acc: 0.88 acc: 0.88 | val loss: 0.6864 bal_loss: 1.0063 bal_acc: 0.55 acc: 0.67

fold=3 label=2
Binary label distribution:
  train: class0=60 class1=240 total=300
  val:   class0=20 class1=80 total=100
  test:  class0=20 class1=80 total=100
Original labels in this split:
  train: label0=60 label1=60 label2=60 label3=60 label4=60 total=300
  val:   label0=20 label1=20 label2=20 label3=20 label4=20 total=100
  test:  label0=20 label1=20 label2=20 label3=20 label4=20 total=100
fold=3 label=2 | epoch 001 | train loss: 1.6920 bal_acc: 0.54 acc: 0.54 | val loss: 0.6194 bal_loss: 0.7372 bal_acc: 0.60 acc: 0.69
fold=3 label=2 | epoch 010 | train loss: 0.9282 bal_acc: 0.62 acc: 0.62 | val loss: 0.7399 bal_loss: 0.8773 bal_acc: 0.59 acc: 0.68
fold=3 label=2 | epoch 020 | train loss: 0.6039 bal_acc: 0.73 acc: 0.73 | val loss: 0.6998 bal_loss: 0.7669 bal_acc: 0.63 acc: 0.68
fold=3 label=2 | epoch 030 | train loss: 0.6317 bal_acc: 0.75 acc: 0.74 | val loss: 0.7923 bal_loss: 0.8540 bal_acc: 0.58 acc: 0.63
fold=3 label=2 | epoch 040 | train loss: 0.4191 bal_acc: 0.81 acc: 0.81 | val loss: 0.6984 bal_loss: 1.0385 bal_acc: 0.47 acc: 0.64
fold=3 label=2 | epoch 050 | train loss: 0.3543 bal_acc: 0.85 acc: 0.85 | val loss: 0.6297 bal_loss: 0.9243 bal_acc: 0.53 acc: 0.67

fold=3 label=1_vs_3
Binary labels: class0=label1 class1=label3
Binary label distribution:
  train: class0=60 class1=60 total=120
  val:   class0=20 class1=20 total=40
  test:  class0=20 class1=20 total=40
Original labels in this split:
  train: label0=0 label1=60 label2=0 label3=60 label4=0 total=120
  val:   label0=0 label1=20 label2=0 label3=20 label4=0 total=40
  test:  label0=0 label1=20 label2=0 label3=20 label4=0 total=40
fold=3 label=1_vs_3 | epoch 001 | train loss: 1.4662 bal_acc: 0.48 acc: 0.48 | val loss: 0.8965 bal_loss: 0.8965 bal_acc: 0.52 acc: 0.53
fold=3 label=1_vs_3 | epoch 010 | train loss: 1.0534 bal_acc: 0.64 acc: 0.63 | val loss: 0.8255 bal_loss: 0.8255 bal_acc: 0.52 acc: 0.53
fold=3 label=1_vs_3 | epoch 020 | train loss: 0.7617 bal_acc: 0.73 acc: 0.73 | val loss: 0.8833 bal_loss: 0.8833 bal_acc: 0.55 acc: 0.55
fold=3 label=1_vs_3 | epoch 030 | train loss: 0.5077 bal_acc: 0.79 acc: 0.79 | val loss: 0.8125 bal_loss: 0.8125 bal_acc: 0.65 acc: 0.65
fold=3 label=1_vs_3 | epoch 040 | train loss: 0.5601 bal_acc: 0.78 acc: 0.77 | val loss: 0.9289 bal_loss: 0.9289 bal_acc: 0.55 acc: 0.55
fold=3 label=1_vs_3 | epoch 050 | train loss: 0.2937 bal_acc: 0.88 acc: 0.88 | val loss: 1.0330 bal_loss: 1.0330 bal_acc: 0.48 acc: 0.47
fold=3 label=1_vs_3 | epoch 060 | train loss: 0.2994 bal_acc: 0.86 acc: 0.86 | val loss: 0.9974 bal_loss: 0.9974 bal_acc: 0.50 acc: 0.50

--- fold 4/5: train=300 val=100 test=100 ---

fold=4 label=0
Binary label distribution:
  train: class0=60 class1=240 total=300
  val:   class0=20 class1=80 total=100
  test:  class0=20 class1=80 total=100
Original labels in this split:
  train: label0=60 label1=60 label2=60 label3=60 label4=60 total=300
  val:   label0=20 label1=20 label2=20 label3=20 label4=20 total=100
  test:  label0=20 label1=20 label2=20 label3=20 label4=20 total=100
fold=4 label=0 | epoch 001 | train loss: 1.5676 bal_acc: 0.49 acc: 0.49 | val loss: 1.1326 bal_loss: 0.9924 bal_acc: 0.49 acc: 0.42
fold=4 label=0 | epoch 010 | train loss: 0.7232 bal_acc: 0.73 acc: 0.73 | val loss: 1.1709 bal_loss: 1.1495 bal_acc: 0.49 acc: 0.46
fold=4 label=0 | epoch 020 | train loss: 0.5636 bal_acc: 0.75 acc: 0.75 | val loss: 0.8428 bal_loss: 1.0685 bal_acc: 0.46 acc: 0.55
fold=4 label=0 | epoch 030 | train loss: 0.4246 bal_acc: 0.82 acc: 0.82 | val loss: 0.8619 bal_loss: 1.1843 bal_acc: 0.49 acc: 0.61
fold=4 label=0 | epoch 040 | train loss: 0.3489 bal_acc: 0.81 acc: 0.81 | val loss: 0.8107 bal_loss: 1.3537 bal_acc: 0.45 acc: 0.63
fold=4 label=0 | epoch 050 | train loss: 0.2823 bal_acc: 0.90 acc: 0.90 | val loss: 0.8387 bal_loss: 1.2225 bal_acc: 0.43 acc: 0.57

fold=4 label=2
Binary label distribution:
  train: class0=60 class1=240 total=300
  val:   class0=20 class1=80 total=100
  test:  class0=20 class1=80 total=100
Original labels in this split:
  train: label0=60 label1=60 label2=60 label3=60 label4=60 total=300
  val:   label0=20 label1=20 label2=20 label3=20 label4=20 total=100
  test:  label0=20 label1=20 label2=20 label3=20 label4=20 total=100
fold=4 label=2 | epoch 001 | train loss: 1.4637 bal_acc: 0.54 acc: 0.54 | val loss: 0.8279 bal_loss: 1.1321 bal_acc: 0.42 acc: 0.56
fold=4 label=2 | epoch 010 | train loss: 0.7490 bal_acc: 0.71 acc: 0.71 | val loss: 0.8554 bal_loss: 1.0561 bal_acc: 0.49 acc: 0.61
fold=4 label=2 | epoch 020 | train loss: 0.5866 bal_acc: 0.75 acc: 0.74 | val loss: 0.8640 bal_loss: 1.2585 bal_acc: 0.46 acc: 0.61
fold=4 label=2 | epoch 030 | train loss: 0.4065 bal_acc: 0.82 acc: 0.82 | val loss: 0.8636 bal_loss: 1.3139 bal_acc: 0.46 acc: 0.62
fold=4 label=2 | epoch 040 | train loss: 0.4560 bal_acc: 0.82 acc: 0.81 | val loss: 0.7858 bal_loss: 1.1888 bal_acc: 0.51 acc: 0.67
fold=4 label=2 | epoch 050 | train loss: 0.2328 bal_acc: 0.91 acc: 0.91 | val loss: 0.8110 bal_loss: 1.4867 bal_acc: 0.47 acc: 0.69

fold=4 label=1_vs_3
Binary labels: class0=label1 class1=label3
Binary label distribution:
  train: class0=60 class1=60 total=120
  val:   class0=20 class1=20 total=40
  test:  class0=20 class1=20 total=40
Original labels in this split:
  train: label0=0 label1=60 label2=0 label3=60 label4=0 total=120
  val:   label0=0 label1=20 label2=0 label3=20 label4=0 total=40
  test:  label0=0 label1=20 label2=0 label3=20 label4=0 total=40
fold=4 label=1_vs_3 | epoch 001 | train loss: 1.6831 bal_acc: 0.50 acc: 0.50 | val loss: 1.1524 bal_loss: 1.1524 bal_acc: 0.48 acc: 0.47
fold=4 label=1_vs_3 | epoch 010 | train loss: 0.8100 bal_acc: 0.74 acc: 0.74 | val loss: 0.8363 bal_loss: 0.8363 bal_acc: 0.52 acc: 0.53
fold=4 label=1_vs_3 | epoch 020 | train loss: 0.7393 bal_acc: 0.67 acc: 0.67 | val loss: 0.9748 bal_loss: 0.9748 bal_acc: 0.52 acc: 0.53
fold=4 label=1_vs_3 | epoch 030 | train loss: 0.5678 bal_acc: 0.75 acc: 0.75 | val loss: 0.9405 bal_loss: 0.9405 bal_acc: 0.55 acc: 0.55
fold=4 label=1_vs_3 | epoch 040 | train loss: 0.4434 bal_acc: 0.82 acc: 0.82 | val loss: 0.7973 bal_loss: 0.7973 bal_acc: 0.57 acc: 0.57
fold=4 label=1_vs_3 | epoch 050 | train loss: 0.5071 bal_acc: 0.80 acc: 0.80 | val loss: 0.8023 bal_loss: 0.8023 bal_acc: 0.62 acc: 0.62
fold=4 label=1_vs_3 | epoch 060 | train loss: 0.2787 bal_acc: 0.88 acc: 0.88 | val loss: 0.8083 bal_loss: 0.8083 bal_acc: 0.57 acc: 0.57
fold=4 label=1_vs_3 | epoch 070 | train loss: 0.2981 bal_acc: 0.87 acc: 0.87 | val loss: 0.7326 bal_loss: 0.7326 bal_acc: 0.62 acc: 0.62
fold=4 label=1_vs_3 | epoch 080 | train loss: 0.2903 bal_acc: 0.89 acc: 0.89 | val loss: 0.8755 bal_loss: 0.8755 bal_acc: 0.50 acc: 0.50
fold=4 label=1_vs_3 | epoch 090 | train loss: 0.2146 bal_acc: 0.90 acc: 0.90 | val loss: 0.9896 bal_loss: 0.9896 bal_acc: 0.55 acc: 0.55
fold=4 label=1_vs_3 | epoch 100 | train loss: 0.1519 bal_acc: 0.95 acc: 0.95 | val loss: 0.8484 bal_loss: 0.8484 bal_acc: 0.52 acc: 0.53
fold=4 label=1_vs_3 | epoch 110 | train loss: 0.2434 bal_acc: 0.88 acc: 0.88 | val loss: 0.9871 bal_loss: 0.9871 bal_acc: 0.50 acc: 0.50
fold=4 label=1_vs_3 | epoch 120 | train loss: 0.1343 bal_acc: 0.94 acc: 0.94 | val loss: 0.7998 bal_loss: 0.7998 bal_acc: 0.57 acc: 0.57

--- fold 5/5: train=300 val=100 test=100 ---

fold=5 label=0
Binary label distribution:
  train: class0=60 class1=240 total=300
  val:   class0=20 class1=80 total=100
  test:  class0=20 class1=80 total=100
Original labels in this split:
  train: label0=60 label1=60 label2=60 label3=60 label4=60 total=300
  val:   label0=20 label1=20 label2=20 label3=20 label4=20 total=100
  test:  label0=20 label1=20 label2=20 label3=20 label4=20 total=100
fold=5 label=0 | epoch 001 | train loss: 1.7781 bal_acc: 0.41 acc: 0.41 | val loss: 1.3507 bal_loss: 1.0339 bal_acc: 0.50 acc: 0.38
fold=5 label=0 | epoch 010 | train loss: 0.9513 bal_acc: 0.64 acc: 0.64 | val loss: 0.6452 bal_loss: 0.7181 bal_acc: 0.64 acc: 0.67
fold=5 label=0 | epoch 020 | train loss: 0.6079 bal_acc: 0.73 acc: 0.74 | val loss: 0.6905 bal_loss: 0.7874 bal_acc: 0.55 acc: 0.61
fold=5 label=0 | epoch 030 | train loss: 0.4810 bal_acc: 0.81 acc: 0.81 | val loss: 0.5791 bal_loss: 0.8044 bal_acc: 0.56 acc: 0.68
fold=5 label=0 | epoch 040 | train loss: 0.4396 bal_acc: 0.82 acc: 0.81 | val loss: 0.6107 bal_loss: 0.8285 bal_acc: 0.62 acc: 0.72
fold=5 label=0 | epoch 050 | train loss: 0.3163 bal_acc: 0.87 acc: 0.87 | val loss: 0.5938 bal_loss: 0.9528 bal_acc: 0.58 acc: 0.75
fold=5 label=0 | epoch 060 | train loss: 0.2635 bal_acc: 0.87 acc: 0.87 | val loss: 0.5709 bal_loss: 0.9364 bal_acc: 0.62 acc: 0.78

fold=5 label=2
Binary label distribution:
  train: class0=60 class1=240 total=300
  val:   class0=20 class1=80 total=100
  test:  class0=20 class1=80 total=100
Original labels in this split:
  train: label0=60 label1=60 label2=60 label3=60 label4=60 total=300
  val:   label0=20 label1=20 label2=20 label3=20 label4=20 total=100
  test:  label0=20 label1=20 label2=20 label3=20 label4=20 total=100
fold=5 label=2 | epoch 001 | train loss: 1.5790 bal_acc: 0.55 acc: 0.55 | val loss: 0.8862 bal_loss: 1.0964 bal_acc: 0.54 acc: 0.62
fold=5 label=2 | epoch 010 | train loss: 0.8430 bal_acc: 0.65 acc: 0.65 | val loss: 0.9671 bal_loss: 1.1436 bal_acc: 0.43 acc: 0.48
fold=5 label=2 | epoch 020 | train loss: 0.6076 bal_acc: 0.72 acc: 0.72 | val loss: 0.9778 bal_loss: 1.1941 bal_acc: 0.43 acc: 0.54
fold=5 label=2 | epoch 030 | train loss: 0.5268 bal_acc: 0.79 acc: 0.79 | val loss: 0.8838 bal_loss: 1.2950 bal_acc: 0.38 acc: 0.55
fold=5 label=2 | epoch 040 | train loss: 0.4065 bal_acc: 0.82 acc: 0.82 | val loss: 0.8767 bal_loss: 1.1824 bal_acc: 0.45 acc: 0.60
fold=5 label=2 | epoch 050 | train loss: 0.2575 bal_acc: 0.90 acc: 0.90 | val loss: 0.8678 bal_loss: 1.3874 bal_acc: 0.48 acc: 0.68
fold=5 label=2 | epoch 060 | train loss: 0.2651 bal_acc: 0.89 acc: 0.89 | val loss: 0.8180 bal_loss: 1.4060 bal_acc: 0.46 acc: 0.68
fold=5 label=2 | epoch 070 | train loss: 0.1822 bal_acc: 0.94 acc: 0.94 | val loss: 0.8732 bal_loss: 1.3525 bal_acc: 0.46 acc: 0.65
fold=5 label=2 | epoch 080 | train loss: 0.1971 bal_acc: 0.93 acc: 0.93 | val loss: 0.8703 bal_loss: 1.5904 bal_acc: 0.48 acc: 0.71

fold=5 label=1_vs_3
Binary labels: class0=label1 class1=label3
Binary label distribution:
  train: class0=60 class1=60 total=120
  val:   class0=20 class1=20 total=40
  test:  class0=20 class1=20 total=40
Original labels in this split:
  train: label0=0 label1=60 label2=0 label3=60 label4=0 total=120
  val:   label0=0 label1=20 label2=0 label3=20 label4=0 total=40
  test:  label0=0 label1=20 label2=0 label3=20 label4=0 total=40
fold=5 label=1_vs_3 | epoch 001 | train loss: 1.4010 bal_acc: 0.53 acc: 0.53 | val loss: 1.2628 bal_loss: 1.2628 bal_acc: 0.50 acc: 0.50
fold=5 label=1_vs_3 | epoch 010 | train loss: 0.9559 bal_acc: 0.64 acc: 0.64 | val loss: 1.4213 bal_loss: 1.4213 bal_acc: 0.40 acc: 0.40
fold=5 label=1_vs_3 | epoch 020 | train loss: 0.6869 bal_acc: 0.73 acc: 0.73 | val loss: 1.3492 bal_loss: 1.3492 bal_acc: 0.50 acc: 0.50
fold=5 label=1_vs_3 | epoch 030 | train loss: 0.4828 bal_acc: 0.83 acc: 0.82 | val loss: 1.3019 bal_loss: 1.3019 bal_acc: 0.52 acc: 0.53
fold=5 label=1_vs_3 | epoch 040 | train loss: 0.3066 bal_acc: 0.89 acc: 0.89 | val loss: 1.3177 bal_loss: 1.3177 bal_acc: 0.40 acc: 0.40
fold=5 label=1_vs_3 | epoch 050 | train loss: 0.3299 bal_acc: 0.88 acc: 0.88 | val loss: 1.3511 bal_loss: 1.3511 bal_acc: 0.43 acc: 0.42
fold=5 label=1_vs_3 | epoch 060 | train loss: 0.3119 bal_acc: 0.86 acc: 0.86 | val loss: 1.4059 bal_loss: 1.4059 bal_acc: 0.43 acc: 0.42
fold=5 label=1_vs_3 | epoch 070 | train loss: 0.1664 bal_acc: 0.93 acc: 0.93 | val loss: 1.4190 bal_loss: 1.4190 bal_acc: 0.45 acc: 0.45
fold=5 label=1_vs_3 | epoch 080 | train loss: 0.1553 bal_acc: 0.93 acc: 0.93 | val loss: 1.4714 bal_loss: 1.4714 bal_acc: 0.43 acc: 0.42
fold=5 label=1_vs_3 | epoch 090 | train loss: 0.1830 bal_acc: 0.94 acc: 0.94 | val loss: 1.4368 bal_loss: 1.4368 bal_acc: 0.47 acc: 0.47
fold=5 label=1_vs_3 | epoch 100 | train loss: 0.1207 bal_acc: 0.96 acc: 0.96 | val loss: 1.5284 bal_loss: 1.5284 bal_acc: 0.40 acc: 0.40

5-fold cross-validation summary
y_0: test bal_loss=0.965 +/- 0.106 | bal_acc=0.501 +/- 0.027 | test acc=0.508 +/- 0.035
y_2: test bal_loss=0.930 +/- 0.127 | bal_acc=0.528 +/- 0.036 | test acc=0.538 +/- 0.081
y_1_vs_3: test bal_loss=1.047 +/- 0.124 | bal_acc=0.500 +/- 0.061 | test acc=0.500 +/- 0.061
Cross-validation CSV: ./checkpoints/sub1_hjlee_nogit/v3_sub1_shallownet_all_days/20260628_175100/cross_validation.csv

Saved to: ./checkpoints/sub1_hjlee_nogit/v3_sub1_shallownet_all_days/20260628_175100
