Training configuration
  config=./train_config_v2.json
  data_dir=./data/processed/260602_sub1_hjlee_raw
  input_file=X_eeg_raw.npy
  checkpoint_root=./checkpoints_eegnet_randomsplit
  epochs=100
  batch_size=16
  lr=0.0001
  weight_decay=0.0001
  patience=100
  seed=42
  val_test_ratio=0.2
  weighted_sampler=True
  run_window_diagnostic=False
  window_size=256
  window_stride=128
  balance_rest_to_target=False
  run_5fold_cross_validation=True
  selection_metric=balanced_loss

Loading X_eeg_raw.npy...
Device: cuda | X: (500, 64, 4000) | run: ./checkpoints_eegnet_randomsplit/20260625_142158
Data split: train=300 val=100 test=100
Original label distribution:
  train: label0=60 label1=60 label2=60 label3=60 label4=60 total=300
  val:   label0=20 label1=20 label2=20 label3=20 label4=20 total=100
  test:  label0=20 label1=20 label2=20 label3=20 label4=20 total=100

=== 5-fold cross-validation ===

--- fold 1/5: train=300 val=100 test=100 ---
fold=1 label=0
fold=1 label=0 | epoch 001 | train loss: 0.7012 bal_acc: 0.50 acc: 0.48 | val loss: 0.6576 bal_loss: 0.7014 bal_acc: 0.50 acc: 0.80
fold=1 label=0 | epoch 010 | train loss: 0.6755 bal_acc: 0.59 acc: 0.60 | val loss: 0.6463 bal_loss: 0.6908 bal_acc: 0.54 acc: 0.74
fold=1 label=0 | epoch 020 | train loss: 0.6478 bal_acc: 0.65 acc: 0.67 | val loss: 0.6480 bal_loss: 0.6785 bal_acc: 0.59 acc: 0.64
fold=1 label=0 | epoch 030 | train loss: 0.6207 bal_acc: 0.67 acc: 0.66 | val loss: 0.6370 bal_loss: 0.6691 bal_acc: 0.61 acc: 0.64
fold=1 label=0 | epoch 040 | train loss: 0.5844 bal_acc: 0.68 acc: 0.68 | val loss: 0.6590 bal_loss: 0.6713 bal_acc: 0.56 acc: 0.57
fold=1 label=0 | epoch 050 | train loss: 0.5720 bal_acc: 0.68 acc: 0.68 | val loss: 0.6862 bal_loss: 0.6764 bal_acc: 0.55 acc: 0.55
fold=1 label=0 | epoch 060 | train loss: 0.5622 bal_acc: 0.70 acc: 0.69 | val loss: 0.6428 bal_loss: 0.6922 bal_acc: 0.57 acc: 0.61
fold=1 label=0 | epoch 070 | train loss: 0.5595 bal_acc: 0.71 acc: 0.71 | val loss: 0.6918 bal_loss: 0.6847 bal_acc: 0.59 acc: 0.58
fold=1 label=0 | epoch 080 | train loss: 0.5279 bal_acc: 0.73 acc: 0.73 | val loss: 0.6770 bal_loss: 0.6942 bal_acc: 0.58 acc: 0.60
fold=1 label=0 | epoch 090 | train loss: 0.5107 bal_acc: 0.73 acc: 0.73 | val loss: 0.7035 bal_loss: 0.7215 bal_acc: 0.57 acc: 0.58
fold=1 label=0 | epoch 100 | train loss: 0.5132 bal_acc: 0.74 acc: 0.74 | val loss: 0.6808 bal_loss: 0.7335 bal_acc: 0.61 acc: 0.64
fold=1 label=2
fold=1 label=2 | epoch 001 | train loss: 0.6955 bal_acc: 0.49 acc: 0.50 | val loss: 0.6531 bal_loss: 0.6948 bal_acc: 0.52 acc: 0.80
fold=1 label=2 | epoch 010 | train loss: 0.6840 bal_acc: 0.59 acc: 0.59 | val loss: 0.6596 bal_loss: 0.7078 bal_acc: 0.46 acc: 0.65
fold=1 label=2 | epoch 020 | train loss: 0.6696 bal_acc: 0.61 acc: 0.61 | val loss: 0.6568 bal_loss: 0.7148 bal_acc: 0.51 acc: 0.66
fold=1 label=2 | epoch 030 | train loss: 0.6603 bal_acc: 0.59 acc: 0.59 | val loss: 0.6547 bal_loss: 0.7034 bal_acc: 0.55 acc: 0.67
fold=1 label=2 | epoch 040 | train loss: 0.6714 bal_acc: 0.57 acc: 0.56 | val loss: 0.6522 bal_loss: 0.7132 bal_acc: 0.51 acc: 0.67
fold=1 label=2 | epoch 050 | train loss: 0.6515 bal_acc: 0.62 acc: 0.62 | val loss: 0.6624 bal_loss: 0.7053 bal_acc: 0.60 acc: 0.69
fold=1 label=2 | epoch 060 | train loss: 0.6012 bal_acc: 0.67 acc: 0.67 | val loss: 0.6099 bal_loss: 0.6716 bal_acc: 0.61 acc: 0.71
fold=1 label=2 | epoch 070 | train loss: 0.5885 bal_acc: 0.69 acc: 0.69 | val loss: 0.6175 bal_loss: 0.6650 bal_acc: 0.63 acc: 0.71
fold=1 label=2 | epoch 080 | train loss: 0.5896 bal_acc: 0.68 acc: 0.68 | val loss: 0.6083 bal_loss: 0.6599 bal_acc: 0.66 acc: 0.72
fold=1 label=2 | epoch 090 | train loss: 0.5964 bal_acc: 0.66 acc: 0.66 | val loss: 0.6186 bal_loss: 0.6835 bal_acc: 0.59 acc: 0.70
fold=1 label=2 | epoch 100 | train loss: 0.5907 bal_acc: 0.70 acc: 0.70 | val loss: 0.6271 bal_loss: 0.6864 bal_acc: 0.61 acc: 0.70
fold=1 label=1_vs_3 | epoch 001 | train loss: 0.6954 bal_acc: 0.47 acc: 0.45 | val loss: 0.6946 bal_loss: 0.6946 bal_acc: 0.50 acc: 0.50
fold=1 label=1_vs_3 | epoch 010 | train loss: 0.6935 bal_acc: 0.53 acc: 0.47 | val loss: 0.6813 bal_loss: 0.6813 bal_acc: 0.50 acc: 0.50
fold=1 label=1_vs_3 | epoch 020 | train loss: 0.6714 bal_acc: 0.57 acc: 0.58 | val loss: 0.6777 bal_loss: 0.6777 bal_acc: 0.53 acc: 0.53
fold=1 label=1_vs_3 | epoch 030 | train loss: 0.6481 bal_acc: 0.63 acc: 0.63 | val loss: 0.6711 bal_loss: 0.6711 bal_acc: 0.55 acc: 0.55
fold=1 label=1_vs_3 | epoch 040 | train loss: 0.6752 bal_acc: 0.63 acc: 0.61 | val loss: 0.6714 bal_loss: 0.6714 bal_acc: 0.55 acc: 0.55
fold=1 label=1_vs_3 | epoch 050 | train loss: 0.6331 bal_acc: 0.70 acc: 0.70 | val loss: 0.6682 bal_loss: 0.6682 bal_acc: 0.55 acc: 0.55
fold=1 label=1_vs_3 | epoch 060 | train loss: 0.6390 bal_acc: 0.66 acc: 0.66 | val loss: 0.6642 bal_loss: 0.6642 bal_acc: 0.57 acc: 0.57
fold=1 label=1_vs_3 | epoch 070 | train loss: 0.5872 bal_acc: 0.72 acc: 0.73 | val loss: 0.6653 bal_loss: 0.6653 bal_acc: 0.60 acc: 0.60
fold=1 label=1_vs_3 | epoch 080 | train loss: 0.6150 bal_acc: 0.66 acc: 0.65 | val loss: 0.6592 bal_loss: 0.6592 bal_acc: 0.62 acc: 0.62
fold=1 label=1_vs_3 | epoch 090 | train loss: 0.5796 bal_acc: 0.75 acc: 0.76 | val loss: 0.6806 bal_loss: 0.6806 bal_acc: 0.65 acc: 0.65
fold=1 label=1_vs_3 | epoch 100 | train loss: 0.5671 bal_acc: 0.70 acc: 0.70 | val loss: 0.6801 bal_loss: 0.6801 bal_acc: 0.65 acc: 0.65

--- fold 2/5: train=300 val=100 test=100 ---
fold=2 label=0
fold=2 label=0 | epoch 001 | train loss: 0.6969 bal_acc: 0.50 acc: 0.50 | val loss: 0.6594 bal_loss: 0.7037 bal_acc: 0.50 acc: 0.80
fold=2 label=0 | epoch 010 | train loss: 0.6910 bal_acc: 0.50 acc: 0.52 | val loss: 0.6541 bal_loss: 0.6921 bal_acc: 0.52 acc: 0.78
fold=2 label=0 | epoch 020 | train loss: 0.6872 bal_acc: 0.55 acc: 0.54 | val loss: 0.6422 bal_loss: 0.6737 bal_acc: 0.56 acc: 0.71
fold=2 label=0 | epoch 030 | train loss: 0.6704 bal_acc: 0.58 acc: 0.58 | val loss: 0.6261 bal_loss: 0.6473 bal_acc: 0.66 acc: 0.72
fold=2 label=0 | epoch 040 | train loss: 0.6396 bal_acc: 0.64 acc: 0.64 | val loss: 0.6081 bal_loss: 0.6245 bal_acc: 0.66 acc: 0.69
fold=2 label=0 | epoch 050 | train loss: 0.6282 bal_acc: 0.65 acc: 0.65 | val loss: 0.5932 bal_loss: 0.6238 bal_acc: 0.67 acc: 0.71
fold=2 label=0 | epoch 060 | train loss: 0.6051 bal_acc: 0.69 acc: 0.69 | val loss: 0.6006 bal_loss: 0.6054 bal_acc: 0.75 acc: 0.72
fold=2 label=0 | epoch 070 | train loss: 0.5879 bal_acc: 0.68 acc: 0.68 | val loss: 0.5919 bal_loss: 0.6266 bal_acc: 0.67 acc: 0.71
fold=2 label=0 | epoch 080 | train loss: 0.5858 bal_acc: 0.68 acc: 0.68 | val loss: 0.6035 bal_loss: 0.6276 bal_acc: 0.68 acc: 0.73
fold=2 label=0 | epoch 090 | train loss: 0.5909 bal_acc: 0.68 acc: 0.68 | val loss: 0.6199 bal_loss: 0.6355 bal_acc: 0.69 acc: 0.72
fold=2 label=0 | epoch 100 | train loss: 0.5757 bal_acc: 0.70 acc: 0.70 | val loss: 0.6299 bal_loss: 0.6482 bal_acc: 0.69 acc: 0.71
fold=2 label=2
fold=2 label=2 | epoch 001 | train loss: 0.7036 bal_acc: 0.50 acc: 0.46 | val loss: 0.6463 bal_loss: 0.6859 bal_acc: 0.52 acc: 0.81
fold=2 label=2 | epoch 010 | train loss: 0.6856 bal_acc: 0.56 acc: 0.54 | val loss: 0.6490 bal_loss: 0.7010 bal_acc: 0.49 acc: 0.67
fold=2 label=2 | epoch 020 | train loss: 0.6528 bal_acc: 0.62 acc: 0.62 | val loss: 0.6607 bal_loss: 0.7012 bal_acc: 0.48 acc: 0.59
fold=2 label=2 | epoch 030 | train loss: 0.6310 bal_acc: 0.65 acc: 0.65 | val loss: 0.6635 bal_loss: 0.6860 bal_acc: 0.54 acc: 0.60
fold=2 label=2 | epoch 040 | train loss: 0.6121 bal_acc: 0.71 acc: 0.71 | val loss: 0.6454 bal_loss: 0.7014 bal_acc: 0.52 acc: 0.62
fold=2 label=2 | epoch 050 | train loss: 0.5939 bal_acc: 0.72 acc: 0.72 | val loss: 0.6499 bal_loss: 0.6814 bal_acc: 0.51 acc: 0.57
fold=2 label=2 | epoch 060 | train loss: 0.5761 bal_acc: 0.69 acc: 0.69 | val loss: 0.6537 bal_loss: 0.6851 bal_acc: 0.53 acc: 0.61
fold=2 label=2 | epoch 070 | train loss: 0.5296 bal_acc: 0.73 acc: 0.73 | val loss: 0.6584 bal_loss: 0.6812 bal_acc: 0.57 acc: 0.61
fold=2 label=2 | epoch 080 | train loss: 0.5470 bal_acc: 0.71 acc: 0.71 | val loss: 0.6939 bal_loss: 0.6827 bal_acc: 0.61 acc: 0.62
fold=2 label=2 | epoch 090 | train loss: 0.5216 bal_acc: 0.74 acc: 0.74 | val loss: 0.6474 bal_loss: 0.7053 bal_acc: 0.59 acc: 0.64
fold=2 label=2 | epoch 100 | train loss: 0.4786 bal_acc: 0.79 acc: 0.78 | val loss: 0.6871 bal_loss: 0.6920 bal_acc: 0.62 acc: 0.61
fold=2 label=1_vs_3 | epoch 001 | train loss: 0.6858 bal_acc: 0.51 acc: 0.57 | val loss: 0.6999 bal_loss: 0.6999 bal_acc: 0.50 acc: 0.50
fold=2 label=1_vs_3 | epoch 010 | train loss: 0.6917 bal_acc: 0.52 acc: 0.51 | val loss: 0.6842 bal_loss: 0.6842 bal_acc: 0.50 acc: 0.50
fold=2 label=1_vs_3 | epoch 020 | train loss: 0.6818 bal_acc: 0.56 acc: 0.52 | val loss: 0.6783 bal_loss: 0.6783 bal_acc: 0.57 acc: 0.57
fold=2 label=1_vs_3 | epoch 030 | train loss: 0.6698 bal_acc: 0.61 acc: 0.61 | val loss: 0.6782 bal_loss: 0.6782 bal_acc: 0.60 acc: 0.60
fold=2 label=1_vs_3 | epoch 040 | train loss: 0.6648 bal_acc: 0.60 acc: 0.59 | val loss: 0.6672 bal_loss: 0.6672 bal_acc: 0.60 acc: 0.60
fold=2 label=1_vs_3 | epoch 050 | train loss: 0.6525 bal_acc: 0.63 acc: 0.64 | val loss: 0.6547 bal_loss: 0.6547 bal_acc: 0.62 acc: 0.62
fold=2 label=1_vs_3 | epoch 060 | train loss: 0.6294 bal_acc: 0.70 acc: 0.70 | val loss: 0.6521 bal_loss: 0.6521 bal_acc: 0.58 acc: 0.57
fold=2 label=1_vs_3 | epoch 070 | train loss: 0.6343 bal_acc: 0.67 acc: 0.68 | val loss: 0.6368 bal_loss: 0.6368 bal_acc: 0.62 acc: 0.62
fold=2 label=1_vs_3 | epoch 080 | train loss: 0.6363 bal_acc: 0.68 acc: 0.68 | val loss: 0.6184 bal_loss: 0.6184 bal_acc: 0.60 acc: 0.60
fold=2 label=1_vs_3 | epoch 090 | train loss: 0.6133 bal_acc: 0.64 acc: 0.64 | val loss: 0.6097 bal_loss: 0.6097 bal_acc: 0.65 acc: 0.65
fold=2 label=1_vs_3 | epoch 100 | train loss: 0.5880 bal_acc: 0.73 acc: 0.72 | val loss: 0.6204 bal_loss: 0.6204 bal_acc: 0.52 acc: 0.53

--- fold 3/5: train=300 val=100 test=100 ---
fold=3 label=0
fold=3 label=0 | epoch 001 | train loss: 0.6985 bal_acc: 0.49 acc: 0.50 | val loss: 0.6577 bal_loss: 0.6984 bal_acc: 0.50 acc: 0.80
fold=3 label=0 | epoch 010 | train loss: 0.6850 bal_acc: 0.55 acc: 0.56 | val loss: 0.6618 bal_loss: 0.6995 bal_acc: 0.52 acc: 0.68
fold=3 label=0 | epoch 020 | train loss: 0.6719 bal_acc: 0.64 acc: 0.64 | val loss: 0.6569 bal_loss: 0.6903 bal_acc: 0.56 acc: 0.65
fold=3 label=0 | epoch 030 | train loss: 0.6577 bal_acc: 0.60 acc: 0.60 | val loss: 0.6571 bal_loss: 0.6623 bal_acc: 0.62 acc: 0.61
fold=3 label=0 | epoch 040 | train loss: 0.6249 bal_acc: 0.67 acc: 0.67 | val loss: 0.6402 bal_loss: 0.6482 bal_acc: 0.67 acc: 0.65
fold=3 label=0 | epoch 050 | train loss: 0.5935 bal_acc: 0.71 acc: 0.71 | val loss: 0.6220 bal_loss: 0.6441 bal_acc: 0.69 acc: 0.68
fold=3 label=0 | epoch 060 | train loss: 0.6024 bal_acc: 0.67 acc: 0.67 | val loss: 0.6021 bal_loss: 0.6387 bal_acc: 0.67 acc: 0.69
fold=3 label=0 | epoch 070 | train loss: 0.5935 bal_acc: 0.70 acc: 0.68 | val loss: 0.6107 bal_loss: 0.6405 bal_acc: 0.73 acc: 0.72
fold=3 label=0 | epoch 080 | train loss: 0.5346 bal_acc: 0.75 acc: 0.75 | val loss: 0.6168 bal_loss: 0.6596 bal_acc: 0.60 acc: 0.66
fold=3 label=0 | epoch 090 | train loss: 0.5327 bal_acc: 0.73 acc: 0.73 | val loss: 0.6239 bal_loss: 0.6423 bal_acc: 0.67 acc: 0.69
fold=3 label=0 | epoch 100 | train loss: 0.5437 bal_acc: 0.72 acc: 0.72 | val loss: 0.6383 bal_loss: 0.6537 bal_acc: 0.60 acc: 0.63
fold=3 label=2
fold=3 label=2 | epoch 001 | train loss: 0.6960 bal_acc: 0.50 acc: 0.50 | val loss: 0.6531 bal_loss: 0.6938 bal_acc: 0.50 acc: 0.80
fold=3 label=2 | epoch 010 | train loss: 0.6869 bal_acc: 0.54 acc: 0.54 | val loss: 0.6451 bal_loss: 0.6763 bal_acc: 0.56 acc: 0.74
fold=3 label=2 | epoch 020 | train loss: 0.6714 bal_acc: 0.64 acc: 0.64 | val loss: 0.6213 bal_loss: 0.6624 bal_acc: 0.54 acc: 0.69
fold=3 label=2 | epoch 030 | train loss: 0.6471 bal_acc: 0.70 acc: 0.70 | val loss: 0.6238 bal_loss: 0.6461 bal_acc: 0.57 acc: 0.65
fold=3 label=2 | epoch 040 | train loss: 0.6071 bal_acc: 0.70 acc: 0.70 | val loss: 0.5813 bal_loss: 0.6345 bal_acc: 0.58 acc: 0.72
fold=3 label=2 | epoch 050 | train loss: 0.5995 bal_acc: 0.71 acc: 0.71 | val loss: 0.5709 bal_loss: 0.6374 bal_acc: 0.58 acc: 0.69
fold=3 label=2 | epoch 060 | train loss: 0.5768 bal_acc: 0.70 acc: 0.70 | val loss: 0.5896 bal_loss: 0.6412 bal_acc: 0.62 acc: 0.70
fold=3 label=2 | epoch 070 | train loss: 0.5191 bal_acc: 0.75 acc: 0.75 | val loss: 0.5796 bal_loss: 0.6299 bal_acc: 0.68 acc: 0.73
fold=3 label=2 | epoch 080 | train loss: 0.5610 bal_acc: 0.71 acc: 0.71 | val loss: 0.5803 bal_loss: 0.6408 bal_acc: 0.60 acc: 0.69
fold=3 label=2 | epoch 090 | train loss: 0.5537 bal_acc: 0.71 acc: 0.70 | val loss: 0.6175 bal_loss: 0.6297 bal_acc: 0.67 acc: 0.68
fold=3 label=2 | epoch 100 | train loss: 0.4915 bal_acc: 0.76 acc: 0.76 | val loss: 0.6159 bal_loss: 0.6542 bal_acc: 0.64 acc: 0.66
fold=3 label=1_vs_3 | epoch 001 | train loss: 0.6881 bal_acc: 0.52 acc: 0.52 | val loss: 0.7012 bal_loss: 0.7012 bal_acc: 0.50 acc: 0.50
fold=3 label=1_vs_3 | epoch 010 | train loss: 0.6814 bal_acc: 0.55 acc: 0.53 | val loss: 0.6942 bal_loss: 0.6942 bal_acc: 0.50 acc: 0.50
fold=3 label=1_vs_3 | epoch 020 | train loss: 0.6613 bal_acc: 0.58 acc: 0.59 | val loss: 0.6866 bal_loss: 0.6866 bal_acc: 0.50 acc: 0.50
fold=3 label=1_vs_3 | epoch 030 | train loss: 0.6742 bal_acc: 0.55 acc: 0.53 | val loss: 0.6874 bal_loss: 0.6874 bal_acc: 0.43 acc: 0.42
fold=3 label=1_vs_3 | epoch 040 | train loss: 0.6676 bal_acc: 0.61 acc: 0.60 | val loss: 0.6804 bal_loss: 0.6804 bal_acc: 0.45 acc: 0.45
fold=3 label=1_vs_3 | epoch 050 | train loss: 0.6639 bal_acc: 0.60 acc: 0.60 | val loss: 0.6759 bal_loss: 0.6759 bal_acc: 0.45 acc: 0.45
fold=3 label=1_vs_3 | epoch 060 | train loss: 0.6722 bal_acc: 0.55 acc: 0.55 | val loss: 0.6850 bal_loss: 0.6850 bal_acc: 0.47 acc: 0.47
fold=3 label=1_vs_3 | epoch 070 | train loss: 0.6544 bal_acc: 0.64 acc: 0.65 | val loss: 0.6904 bal_loss: 0.6904 bal_acc: 0.52 acc: 0.53
fold=3 label=1_vs_3 | epoch 080 | train loss: 0.6312 bal_acc: 0.64 acc: 0.64 | val loss: 0.6852 bal_loss: 0.6852 bal_acc: 0.58 acc: 0.57
fold=3 label=1_vs_3 | epoch 090 | train loss: 0.6114 bal_acc: 0.67 acc: 0.66 | val loss: 0.6876 bal_loss: 0.6876 bal_acc: 0.57 acc: 0.57
fold=3 label=1_vs_3 | epoch 100 | train loss: 0.6160 bal_acc: 0.77 acc: 0.77 | val loss: 0.6690 bal_loss: 0.6690 bal_acc: 0.60 acc: 0.60

--- fold 4/5: train=300 val=100 test=100 ---
fold=4 label=0
fold=4 label=0 | epoch 001 | train loss: 0.7002 bal_acc: 0.51 acc: 0.51 | val loss: 0.6590 bal_loss: 0.6989 bal_acc: 0.50 acc: 0.80
fold=4 label=0 | epoch 010 | train loss: 0.6876 bal_acc: 0.56 acc: 0.54 | val loss: 0.6545 bal_loss: 0.7139 bal_acc: 0.46 acc: 0.70
fold=4 label=0 | epoch 020 | train loss: 0.6540 bal_acc: 0.65 acc: 0.65 | val loss: 0.6644 bal_loss: 0.7200 bal_acc: 0.49 acc: 0.60
fold=4 label=0 | epoch 030 | train loss: 0.6175 bal_acc: 0.64 acc: 0.64 | val loss: 0.6749 bal_loss: 0.7315 bal_acc: 0.58 acc: 0.60
fold=4 label=0 | epoch 040 | train loss: 0.5976 bal_acc: 0.68 acc: 0.68 | val loss: 0.6284 bal_loss: 0.7147 bal_acc: 0.54 acc: 0.62
fold=4 label=0 | epoch 050 | train loss: 0.5685 bal_acc: 0.71 acc: 0.71 | val loss: 0.6288 bal_loss: 0.6890 bal_acc: 0.49 acc: 0.58
fold=4 label=0 | epoch 060 | train loss: 0.5332 bal_acc: 0.73 acc: 0.73 | val loss: 0.6392 bal_loss: 0.7245 bal_acc: 0.53 acc: 0.61
fold=4 label=0 | epoch 070 | train loss: 0.5384 bal_acc: 0.69 acc: 0.69 | val loss: 0.6785 bal_loss: 0.7111 bal_acc: 0.52 acc: 0.56
fold=4 label=0 | epoch 080 | train loss: 0.5189 bal_acc: 0.76 acc: 0.76 | val loss: 0.6601 bal_loss: 0.7487 bal_acc: 0.52 acc: 0.59
fold=4 label=0 | epoch 090 | train loss: 0.5307 bal_acc: 0.75 acc: 0.74 | val loss: 0.7154 bal_loss: 0.7961 bal_acc: 0.50 acc: 0.56
fold=4 label=0 | epoch 100 | train loss: 0.5280 bal_acc: 0.72 acc: 0.72 | val loss: 0.6644 bal_loss: 0.7761 bal_acc: 0.51 acc: 0.58
fold=4 label=2
fold=4 label=2 | epoch 001 | train loss: 0.6939 bal_acc: 0.51 acc: 0.53 | val loss: 0.6551 bal_loss: 0.6949 bal_acc: 0.49 acc: 0.79
fold=4 label=2 | epoch 010 | train loss: 0.6971 bal_acc: 0.53 acc: 0.50 | val loss: 0.6466 bal_loss: 0.6782 bal_acc: 0.53 acc: 0.73
fold=4 label=2 | epoch 020 | train loss: 0.6666 bal_acc: 0.63 acc: 0.64 | val loss: 0.6493 bal_loss: 0.6646 bal_acc: 0.59 acc: 0.62
fold=4 label=2 | epoch 030 | train loss: 0.6605 bal_acc: 0.64 acc: 0.64 | val loss: 0.6386 bal_loss: 0.6580 bal_acc: 0.62 acc: 0.64
fold=4 label=2 | epoch 040 | train loss: 0.6311 bal_acc: 0.70 acc: 0.70 | val loss: 0.6521 bal_loss: 0.6525 bal_acc: 0.69 acc: 0.66
fold=4 label=2 | epoch 050 | train loss: 0.6155 bal_acc: 0.66 acc: 0.66 | val loss: 0.6479 bal_loss: 0.6489 bal_acc: 0.64 acc: 0.66
fold=4 label=2 | epoch 060 | train loss: 0.5737 bal_acc: 0.72 acc: 0.72 | val loss: 0.6351 bal_loss: 0.6460 bal_acc: 0.61 acc: 0.64
fold=4 label=2 | epoch 070 | train loss: 0.5899 bal_acc: 0.67 acc: 0.67 | val loss: 0.6868 bal_loss: 0.6545 bal_acc: 0.62 acc: 0.61
fold=4 label=2 | epoch 080 | train loss: 0.5334 bal_acc: 0.75 acc: 0.75 | val loss: 0.6367 bal_loss: 0.6726 bal_acc: 0.59 acc: 0.62
fold=4 label=2 | epoch 090 | train loss: 0.5454 bal_acc: 0.72 acc: 0.72 | val loss: 0.6606 bal_loss: 0.6757 bal_acc: 0.59 acc: 0.62
fold=4 label=2 | epoch 100 | train loss: 0.5405 bal_acc: 0.76 acc: 0.76 | val loss: 0.6754 bal_loss: 0.6796 bal_acc: 0.59 acc: 0.62
fold=4 label=1_vs_3 | epoch 001 | train loss: 0.6840 bal_acc: 0.51 acc: 0.53 | val loss: 0.7021 bal_loss: 0.7021 bal_acc: 0.50 acc: 0.50
fold=4 label=1_vs_3 | epoch 010 | train loss: 0.6721 bal_acc: 0.56 acc: 0.59 | val loss: 0.7015 bal_loss: 0.7015 bal_acc: 0.50 acc: 0.50
fold=4 label=1_vs_3 | epoch 020 | train loss: 0.6669 bal_acc: 0.67 acc: 0.63 | val loss: 0.7032 bal_loss: 0.7032 bal_acc: 0.45 acc: 0.45
fold=4 label=1_vs_3 | epoch 030 | train loss: 0.6620 bal_acc: 0.64 acc: 0.65 | val loss: 0.7110 bal_loss: 0.7110 bal_acc: 0.52 acc: 0.53
fold=4 label=1_vs_3 | epoch 040 | train loss: 0.6388 bal_acc: 0.62 acc: 0.62 | val loss: 0.7213 bal_loss: 0.7213 bal_acc: 0.45 acc: 0.45
fold=4 label=1_vs_3 | epoch 050 | train loss: 0.6000 bal_acc: 0.70 acc: 0.70 | val loss: 0.7370 bal_loss: 0.7370 bal_acc: 0.45 acc: 0.45
fold=4 label=1_vs_3 | epoch 060 | train loss: 0.5962 bal_acc: 0.73 acc: 0.73 | val loss: 0.7595 bal_loss: 0.7595 bal_acc: 0.40 acc: 0.40
fold=4 label=1_vs_3 | epoch 070 | train loss: 0.5841 bal_acc: 0.72 acc: 0.71 | val loss: 0.7938 bal_loss: 0.7938 bal_acc: 0.40 acc: 0.40
fold=4 label=1_vs_3 | epoch 080 | train loss: 0.5576 bal_acc: 0.75 acc: 0.75 | val loss: 0.8243 bal_loss: 0.8243 bal_acc: 0.38 acc: 0.38
fold=4 label=1_vs_3 | epoch 090 | train loss: 0.5232 bal_acc: 0.79 acc: 0.79 | val loss: 0.8449 bal_loss: 0.8449 bal_acc: 0.38 acc: 0.38
fold=4 label=1_vs_3 | epoch 100 | train loss: 0.4887 bal_acc: 0.83 acc: 0.82 | val loss: 0.8710 bal_loss: 0.8710 bal_acc: 0.38 acc: 0.38

--- fold 5/5: train=300 val=100 test=100 ---
fold=5 label=0
fold=5 label=0 | epoch 001 | train loss: 0.6984 bal_acc: 0.49 acc: 0.46 | val loss: 0.6492 bal_loss: 0.6977 bal_acc: 0.49 acc: 0.79
fold=5 label=0 | epoch 010 | train loss: 0.6816 bal_acc: 0.57 acc: 0.57 | val loss: 0.6457 bal_loss: 0.7043 bal_acc: 0.46 acc: 0.67
fold=5 label=0 | epoch 020 | train loss: 0.6743 bal_acc: 0.61 acc: 0.60 | val loss: 0.6434 bal_loss: 0.6991 bal_acc: 0.47 acc: 0.60
fold=5 label=0 | epoch 030 | train loss: 0.6390 bal_acc: 0.60 acc: 0.60 | val loss: 0.6585 bal_loss: 0.6994 bal_acc: 0.49 acc: 0.58
fold=5 label=0 | epoch 040 | train loss: 0.5966 bal_acc: 0.70 acc: 0.69 | val loss: 0.6435 bal_loss: 0.6793 bal_acc: 0.46 acc: 0.55
fold=5 label=0 | epoch 050 | train loss: 0.5995 bal_acc: 0.64 acc: 0.64 | val loss: 0.6458 bal_loss: 0.6980 bal_acc: 0.51 acc: 0.57
fold=5 label=0 | epoch 060 | train loss: 0.5762 bal_acc: 0.66 acc: 0.66 | val loss: 0.6778 bal_loss: 0.7180 bal_acc: 0.49 acc: 0.55
fold=5 label=0 | epoch 070 | train loss: 0.5376 bal_acc: 0.71 acc: 0.70 | val loss: 0.7023 bal_loss: 0.7230 bal_acc: 0.54 acc: 0.56
fold=5 label=0 | epoch 080 | train loss: 0.5162 bal_acc: 0.73 acc: 0.73 | val loss: 0.6720 bal_loss: 0.7673 bal_acc: 0.51 acc: 0.58
fold=5 label=0 | epoch 090 | train loss: 0.5142 bal_acc: 0.77 acc: 0.77 | val loss: 0.6381 bal_loss: 0.7654 bal_acc: 0.47 acc: 0.61
fold=5 label=0 | epoch 100 | train loss: 0.5324 bal_acc: 0.74 acc: 0.74 | val loss: 0.6714 bal_loss: 0.7766 bal_acc: 0.49 acc: 0.57
fold=5 label=2
fold=5 label=2 | epoch 001 | train loss: 0.6976 bal_acc: 0.52 acc: 0.50 | val loss: 0.6562 bal_loss: 0.7065 bal_acc: 0.50 acc: 0.80
fold=5 label=2 | epoch 010 | train loss: 0.6795 bal_acc: 0.52 acc: 0.53 | val loss: 0.6541 bal_loss: 0.7216 bal_acc: 0.44 acc: 0.71
fold=5 label=2 | epoch 020 | train loss: 0.6565 bal_acc: 0.66 acc: 0.66 | val loss: 0.6607 bal_loss: 0.7496 bal_acc: 0.56 acc: 0.66
fold=5 label=2 | epoch 030 | train loss: 0.6522 bal_acc: 0.61 acc: 0.60 | val loss: 0.6906 bal_loss: 0.8022 bal_acc: 0.55 acc: 0.61
fold=5 label=2 | epoch 040 | train loss: 0.6278 bal_acc: 0.67 acc: 0.67 | val loss: 0.6948 bal_loss: 0.8666 bal_acc: 0.57 acc: 0.64
fold=5 label=2 | epoch 050 | train loss: 0.6033 bal_acc: 0.65 acc: 0.65 | val loss: 0.7042 bal_loss: 0.9186 bal_acc: 0.55 acc: 0.64
fold=5 label=2 | epoch 060 | train loss: 0.5600 bal_acc: 0.71 acc: 0.71 | val loss: 0.7225 bal_loss: 0.9876 bal_acc: 0.57 acc: 0.65
fold=5 label=2 | epoch 070 | train loss: 0.5185 bal_acc: 0.73 acc: 0.73 | val loss: 0.7287 bal_loss: 0.9947 bal_acc: 0.54 acc: 0.62
fold=5 label=2 | epoch 080 | train loss: 0.5564 bal_acc: 0.73 acc: 0.72 | val loss: 0.7076 bal_loss: 1.0618 bal_acc: 0.55 acc: 0.70
fold=5 label=2 | epoch 090 | train loss: 0.5225 bal_acc: 0.76 acc: 0.76 | val loss: 0.7496 bal_loss: 1.0536 bal_acc: 0.57 acc: 0.64
fold=5 label=2 | epoch 100 | train loss: 0.4991 bal_acc: 0.77 acc: 0.77 | val loss: 0.7354 bal_loss: 1.1158 bal_acc: 0.55 acc: 0.67
fold=5 label=1_vs_3 | epoch 001 | train loss: 0.6966 bal_acc: 0.52 acc: 0.48 | val loss: 0.6920 bal_loss: 0.6920 bal_acc: 0.50 acc: 0.50
fold=5 label=1_vs_3 | epoch 010 | train loss: 0.6869 bal_acc: 0.61 acc: 0.58 | val loss: 0.6591 bal_loss: 0.6591 bal_acc: 0.53 acc: 0.53
fold=5 label=1_vs_3 | epoch 020 | train loss: 0.6492 bal_acc: 0.68 acc: 0.69 | val loss: 0.6450 bal_loss: 0.6450 bal_acc: 0.50 acc: 0.50
fold=5 label=1_vs_3 | epoch 030 | train loss: 0.6554 bal_acc: 0.62 acc: 0.61 | val loss: 0.6350 bal_loss: 0.6350 bal_acc: 0.67 acc: 0.68
fold=5 label=1_vs_3 | epoch 040 | train loss: 0.6154 bal_acc: 0.69 acc: 0.69 | val loss: 0.6307 bal_loss: 0.6307 bal_acc: 0.70 acc: 0.70
fold=5 label=1_vs_3 | epoch 050 | train loss: 0.6081 bal_acc: 0.66 acc: 0.67 | val loss: 0.6275 bal_loss: 0.6275 bal_acc: 0.70 acc: 0.70
fold=5 label=1_vs_3 | epoch 060 | train loss: 0.5986 bal_acc: 0.71 acc: 0.71 | val loss: 0.6239 bal_loss: 0.6239 bal_acc: 0.70 acc: 0.70
fold=5 label=1_vs_3 | epoch 070 | train loss: 0.5689 bal_acc: 0.70 acc: 0.70 | val loss: 0.6283 bal_loss: 0.6283 bal_acc: 0.70 acc: 0.70
fold=5 label=1_vs_3 | epoch 080 | train loss: 0.5441 bal_acc: 0.76 acc: 0.76 | val loss: 0.6283 bal_loss: 0.6283 bal_acc: 0.70 acc: 0.70
fold=5 label=1_vs_3 | epoch 090 | train loss: 0.5207 bal_acc: 0.77 acc: 0.77 | val loss: 0.6479 bal_loss: 0.6479 bal_acc: 0.70 acc: 0.70
fold=5 label=1_vs_3 | epoch 100 | train loss: 0.4954 bal_acc: 0.79 acc: 0.79 | val loss: 0.6586 bal_loss: 0.6586 bal_acc: 0.62 acc: 0.62

5-fold cross-validation summary
y_0: test bal_loss=0.673 +/- 0.042 | bal_acc=0.571 +/- 0.058 | test acc=0.596 +/- 0.042
y_2: test bal_loss=0.739 +/- 0.087 | bal_acc=0.555 +/- 0.041 | test acc=0.648 +/- 0.075
y_1_vs_3: test bal_loss=0.679 +/- 0.042 | bal_acc=0.580 +/- 0.037 | test acc=0.580 +/- 0.037
Cross-validation CSV: ./checkpoints_eegnet_randomsplit/20260625_142158/cross_validation.csv

Saved to: ./checkpoints_eegnet_randomsplit/20260625_142158
