Training configuration
  config=./configs/train_config_v3.json
  model=shallownet
  patient=sub1_hjlee
  day=260422
  max_folds=5
  print_layer_shapes=True
  data_dir=./data/processed/sub1_hjlee/260422
  input_file=X_eeg.npy
  emg_file=X_emg.npy
  checkpoint_root=./checkpoints/sub1_hjlee_nogit/v4_sub1_shallownet_all_days
  epochs=500
  batch_size=16
  lr=1e-05
  weight_decay=0.0001
  patience=100
  seed=42
  val_test_ratio=0.2
  weighted_sampler=True
  emg_feature_dim=64
  run_window_diagnostic=False
  window_size=256
  window_stride=128
  balance_rest_to_target=False
  run_5fold_cross_validation=True
  selection_metric=balanced_loss

Loading X_eeg.npy...
Loading X_emg.npy...
Device: cuda | X: (500, 64, 1000) | X_emg: (500, 2, 1000) | run: ./checkpoints/sub1_hjlee_nogit/v4_sub1_shallownet_all_days/20260629_174220
Data split: train=300 val=100 test=100
Original label distribution:
  train: label0=60 label1=60 label2=60 label3=60 label4=60 total=300
  val:   label0=20 label1=20 label2=20 label3=20 label4=20 total=100
  test:  label0=20 label1=20 label2=20 label3=20 label4=20 total=100

=== 5-fold cross-validation (running 5 fold(s)) ===

--- fold 1/5: train=300 val=100 test=100 ---

fold=1 label=0
Binary label distribution:
  train: class0=60 class1=240 total=300
  val:   class0=20 class1=80 total=100
  test:  class0=20 class1=80 total=100
Original labels in this split:
  train: label0=60 label1=60 label2=60 label3=60 label4=60 total=300
  val:   label0=20 label1=20 label2=20 label3=20 label4=20 total=100
  test:  label0=20 label1=20 label2=20 label3=20 label4=20 total=100

Model shape diagnostic
  EEG input: (16, 64, 1000)
  EMG input: (16, 2, 1000)
  EEG layer ensuredims: (16, 64, 1000, 1)
  EEG layer dimshuffle: (16, 1, 1000, 64)
  EEG layer bnorm: (16, 40, 976, 1)
  EEG layer conv_nonlin_exp: (16, 40, 976, 1)
  EEG layer pool: (16, 40, 61, 1)
  EEG layer pool_nonlin_exp: (16, 40, 61, 1)
  EEG layer drop: (16, 40, 61, 1)
  EEG layer final_layer.conv_classifier: (16, 2, 1, 1)
  EEG layer final_layer.squeeze.squeeze: (16, 2, 1)
  EEG feature vector: (16, 2440)
  EMG feature vector: (16, 64)
fold=1 label=0 | epoch 001 | train loss: 0.7783 bal_acc: 0.57 acc: 0.57 | val loss: 1.4702 bal_loss: 1.0272 bal_acc: 0.52 acc: 0.27
fold=1 label=0 | epoch 010 | train loss: 0.6809 bal_acc: 0.65 acc: 0.64 | val loss: 0.7805 bal_loss: 0.8232 bal_acc: 0.52 acc: 0.57
fold=1 label=0 | epoch 020 | train loss: 0.5847 bal_acc: 0.71 acc: 0.71 | val loss: 0.6818 bal_loss: 0.8549 bal_acc: 0.49 acc: 0.63
fold=1 label=0 | epoch 030 | train loss: 0.4867 bal_acc: 0.77 acc: 0.77 | val loss: 0.7011 bal_loss: 0.8441 bal_acc: 0.44 acc: 0.59
fold=1 label=0 | epoch 040 | train loss: 0.4766 bal_acc: 0.76 acc: 0.76 | val loss: 0.7135 bal_loss: 0.8717 bal_acc: 0.47 acc: 0.61
fold=1 label=0 | epoch 050 | train loss: 0.4350 bal_acc: 0.79 acc: 0.80 | val loss: 0.6862 bal_loss: 0.8951 bal_acc: 0.46 acc: 0.61
fold=1 label=0 | epoch 060 | train loss: 0.4384 bal_acc: 0.81 acc: 0.81 | val loss: 0.6469 bal_loss: 0.9117 bal_acc: 0.46 acc: 0.65
fold=1 label=0 | epoch 070 | train loss: 0.3430 bal_acc: 0.85 acc: 0.85 | val loss: 0.6426 bal_loss: 0.9917 bal_acc: 0.45 acc: 0.66
fold=1 label=0 | epoch 080 | train loss: 0.2938 bal_acc: 0.88 acc: 0.87 | val loss: 0.6580 bal_loss: 0.9046 bal_acc: 0.44 acc: 0.64
fold=1 label=0 | epoch 090 | train loss: 0.2840 bal_acc: 0.88 acc: 0.88 | val loss: 0.6585 bal_loss: 0.9472 bal_acc: 0.43 acc: 0.63
fold=1 label=0 | epoch 100 | train loss: 0.2233 bal_acc: 0.94 acc: 0.94 | val loss: 0.6709 bal_loss: 0.9317 bal_acc: 0.46 acc: 0.64
fold=1 label=0 | epoch 110 | train loss: 0.2435 bal_acc: 0.92 acc: 0.92 | val loss: 0.6574 bal_loss: 0.9956 bal_acc: 0.43 acc: 0.65
fold=1 label=0 | epoch 120 | train loss: 0.1951 bal_acc: 0.96 acc: 0.96 | val loss: 0.6663 bal_loss: 1.0137 bal_acc: 0.41 acc: 0.63

fold=1 label=2
Binary label distribution:
  train: class0=60 class1=240 total=300
  val:   class0=20 class1=80 total=100
  test:  class0=20 class1=80 total=100
Original labels in this split:
  train: label0=60 label1=60 label2=60 label3=60 label4=60 total=300
  val:   label0=20 label1=20 label2=20 label3=20 label4=20 total=100
  test:  label0=20 label1=20 label2=20 label3=20 label4=20 total=100
fold=1 label=2 | epoch 001 | train loss: 0.9299 bal_acc: 0.47 acc: 0.47 | val loss: 1.4566 bal_loss: 1.0428 bal_acc: 0.47 acc: 0.22
fold=1 label=2 | epoch 010 | train loss: 0.8019 bal_acc: 0.56 acc: 0.56 | val loss: 0.7384 bal_loss: 0.8584 bal_acc: 0.51 acc: 0.61
fold=1 label=2 | epoch 020 | train loss: 0.6417 bal_acc: 0.68 acc: 0.68 | val loss: 0.7440 bal_loss: 0.8458 bal_acc: 0.50 acc: 0.62
fold=1 label=2 | epoch 030 | train loss: 0.5906 bal_acc: 0.69 acc: 0.69 | val loss: 0.6920 bal_loss: 0.8303 bal_acc: 0.54 acc: 0.69
fold=1 label=2 | epoch 040 | train loss: 0.4928 bal_acc: 0.78 acc: 0.78 | val loss: 0.7729 bal_loss: 0.8323 bal_acc: 0.53 acc: 0.55
fold=1 label=2 | epoch 050 | train loss: 0.4932 bal_acc: 0.76 acc: 0.76 | val loss: 0.7160 bal_loss: 0.8640 bal_acc: 0.51 acc: 0.64
fold=1 label=2 | epoch 060 | train loss: 0.4702 bal_acc: 0.79 acc: 0.79 | val loss: 0.7549 bal_loss: 0.8776 bal_acc: 0.55 acc: 0.64
fold=1 label=2 | epoch 070 | train loss: 0.3440 bal_acc: 0.86 acc: 0.86 | val loss: 0.7190 bal_loss: 0.9118 bal_acc: 0.53 acc: 0.67
fold=1 label=2 | epoch 080 | train loss: 0.3362 bal_acc: 0.88 acc: 0.88 | val loss: 0.6944 bal_loss: 0.9286 bal_acc: 0.51 acc: 0.66
fold=1 label=2 | epoch 090 | train loss: 0.3562 bal_acc: 0.87 acc: 0.87 | val loss: 0.7333 bal_loss: 0.9141 bal_acc: 0.51 acc: 0.64
fold=1 label=2 | epoch 100 | train loss: 0.2777 bal_acc: 0.90 acc: 0.90 | val loss: 0.7117 bal_loss: 0.9493 bal_acc: 0.51 acc: 0.66
fold=1 label=2 | epoch 110 | train loss: 0.2730 bal_acc: 0.91 acc: 0.91 | val loss: 0.7208 bal_loss: 1.0071 bal_acc: 0.49 acc: 0.66
fold=1 label=2 | epoch 120 | train loss: 0.2467 bal_acc: 0.93 acc: 0.93 | val loss: 0.7626 bal_loss: 1.0309 bal_acc: 0.48 acc: 0.62
fold=1 label=2 | epoch 130 | train loss: 0.2305 bal_acc: 0.93 acc: 0.93 | val loss: 0.7237 bal_loss: 1.0938 bal_acc: 0.51 acc: 0.69

fold=1 label=1_vs_3
Binary labels: class0=label1 class1=label3
Binary label distribution:
  train: class0=60 class1=60 total=120
  val:   class0=20 class1=20 total=40
  test:  class0=20 class1=20 total=40
Original labels in this split:
  train: label0=0 label1=60 label2=0 label3=60 label4=0 total=120
  val:   label0=0 label1=20 label2=0 label3=20 label4=0 total=40
  test:  label0=0 label1=20 label2=0 label3=20 label4=0 total=40
fold=1 label=1_vs_3 | epoch 001 | train loss: 0.8902 bal_acc: 0.51 acc: 0.52 | val loss: 1.5187 bal_loss: 1.5187 bal_acc: 0.47 acc: 0.47
fold=1 label=1_vs_3 | epoch 010 | train loss: 0.7841 bal_acc: 0.54 acc: 0.54 | val loss: 0.8870 bal_loss: 0.8870 bal_acc: 0.47 acc: 0.47
fold=1 label=1_vs_3 | epoch 020 | train loss: 0.6732 bal_acc: 0.63 acc: 0.63 | val loss: 0.8628 bal_loss: 0.8628 bal_acc: 0.50 acc: 0.50
fold=1 label=1_vs_3 | epoch 030 | train loss: 0.5766 bal_acc: 0.76 acc: 0.76 | val loss: 0.8848 bal_loss: 0.8848 bal_acc: 0.45 acc: 0.45
fold=1 label=1_vs_3 | epoch 040 | train loss: 0.4901 bal_acc: 0.77 acc: 0.77 | val loss: 0.9173 bal_loss: 0.9173 bal_acc: 0.40 acc: 0.40
fold=1 label=1_vs_3 | epoch 050 | train loss: 0.4793 bal_acc: 0.75 acc: 0.75 | val loss: 0.8961 bal_loss: 0.8961 bal_acc: 0.40 acc: 0.40
fold=1 label=1_vs_3 | epoch 060 | train loss: 0.4751 bal_acc: 0.79 acc: 0.79 | val loss: 0.9387 bal_loss: 0.9387 bal_acc: 0.38 acc: 0.38
fold=1 label=1_vs_3 | epoch 070 | train loss: 0.4455 bal_acc: 0.83 acc: 0.82 | val loss: 0.9390 bal_loss: 0.9390 bal_acc: 0.43 acc: 0.42
fold=1 label=1_vs_3 | epoch 080 | train loss: 0.4014 bal_acc: 0.84 acc: 0.84 | val loss: 0.9455 bal_loss: 0.9455 bal_acc: 0.43 acc: 0.42
fold=1 label=1_vs_3 | epoch 090 | train loss: 0.3936 bal_acc: 0.84 acc: 0.83 | val loss: 0.9359 bal_loss: 0.9359 bal_acc: 0.38 acc: 0.38
fold=1 label=1_vs_3 | epoch 100 | train loss: 0.3330 bal_acc: 0.87 acc: 0.88 | val loss: 0.9515 bal_loss: 0.9515 bal_acc: 0.43 acc: 0.42
fold=1 label=1_vs_3 | epoch 110 | train loss: 0.3621 bal_acc: 0.84 acc: 0.84 | val loss: 0.9477 bal_loss: 0.9477 bal_acc: 0.50 acc: 0.50
fold=1 label=1_vs_3 | epoch 120 | train loss: 0.3266 bal_acc: 0.87 acc: 0.88 | val loss: 0.9208 bal_loss: 0.9208 bal_acc: 0.50 acc: 0.50

--- fold 2/5: train=300 val=100 test=100 ---

fold=2 label=0
Binary label distribution:
  train: class0=60 class1=240 total=300
  val:   class0=20 class1=80 total=100
  test:  class0=20 class1=80 total=100
Original labels in this split:
  train: label0=60 label1=60 label2=60 label3=60 label4=60 total=300
  val:   label0=20 label1=20 label2=20 label3=20 label4=20 total=100
  test:  label0=20 label1=20 label2=20 label3=20 label4=20 total=100
fold=2 label=0 | epoch 001 | train loss: 0.7966 bal_acc: 0.58 acc: 0.58 | val loss: 1.7035 bal_loss: 1.1207 bal_acc: 0.51 acc: 0.22
fold=2 label=0 | epoch 010 | train loss: 0.7925 bal_acc: 0.56 acc: 0.56 | val loss: 0.6670 bal_loss: 0.7701 bal_acc: 0.49 acc: 0.64
fold=2 label=0 | epoch 020 | train loss: 0.6313 bal_acc: 0.66 acc: 0.66 | val loss: 0.6957 bal_loss: 0.7567 bal_acc: 0.54 acc: 0.60
fold=2 label=0 | epoch 030 | train loss: 0.5813 bal_acc: 0.71 acc: 0.71 | val loss: 0.6288 bal_loss: 0.8020 bal_acc: 0.51 acc: 0.67
fold=2 label=0 | epoch 040 | train loss: 0.5021 bal_acc: 0.75 acc: 0.75 | val loss: 0.6256 bal_loss: 0.7833 bal_acc: 0.54 acc: 0.66
fold=2 label=0 | epoch 050 | train loss: 0.4273 bal_acc: 0.81 acc: 0.81 | val loss: 0.6701 bal_loss: 0.7768 bal_acc: 0.48 acc: 0.59
fold=2 label=0 | epoch 060 | train loss: 0.4397 bal_acc: 0.79 acc: 0.79 | val loss: 0.5930 bal_loss: 0.8191 bal_acc: 0.54 acc: 0.72
fold=2 label=0 | epoch 070 | train loss: 0.3792 bal_acc: 0.87 acc: 0.87 | val loss: 0.6236 bal_loss: 0.8603 bal_acc: 0.54 acc: 0.69
fold=2 label=0 | epoch 080 | train loss: 0.3391 bal_acc: 0.86 acc: 0.86 | val loss: 0.6045 bal_loss: 0.8460 bal_acc: 0.52 acc: 0.69
fold=2 label=0 | epoch 090 | train loss: 0.2872 bal_acc: 0.89 acc: 0.89 | val loss: 0.6311 bal_loss: 0.8857 bal_acc: 0.52 acc: 0.68
fold=2 label=0 | epoch 100 | train loss: 0.2814 bal_acc: 0.92 acc: 0.92 | val loss: 0.6053 bal_loss: 0.8511 bal_acc: 0.54 acc: 0.69
fold=2 label=0 | epoch 110 | train loss: 0.2358 bal_acc: 0.95 acc: 0.95 | val loss: 0.6225 bal_loss: 0.8730 bal_acc: 0.53 acc: 0.67

fold=2 label=2
Binary label distribution:
  train: class0=60 class1=240 total=300
  val:   class0=20 class1=80 total=100
  test:  class0=20 class1=80 total=100
Original labels in this split:
  train: label0=60 label1=60 label2=60 label3=60 label4=60 total=300
  val:   label0=20 label1=20 label2=20 label3=20 label4=20 total=100
  test:  label0=20 label1=20 label2=20 label3=20 label4=20 total=100
fold=2 label=2 | epoch 001 | train loss: 1.0150 bal_acc: 0.52 acc: 0.53 | val loss: 1.5917 bal_loss: 1.0895 bal_acc: 0.51 acc: 0.22
fold=2 label=2 | epoch 010 | train loss: 0.7168 bal_acc: 0.64 acc: 0.64 | val loss: 0.8387 bal_loss: 0.7837 bal_acc: 0.48 acc: 0.41
fold=2 label=2 | epoch 020 | train loss: 0.6524 bal_acc: 0.66 acc: 0.66 | val loss: 0.7836 bal_loss: 0.7590 bal_acc: 0.52 acc: 0.50
fold=2 label=2 | epoch 030 | train loss: 0.6267 bal_acc: 0.68 acc: 0.68 | val loss: 0.6840 bal_loss: 0.7648 bal_acc: 0.57 acc: 0.64
fold=2 label=2 | epoch 040 | train loss: 0.5387 bal_acc: 0.71 acc: 0.71 | val loss: 0.6595 bal_loss: 0.7365 bal_acc: 0.56 acc: 0.63
fold=2 label=2 | epoch 050 | train loss: 0.5285 bal_acc: 0.76 acc: 0.76 | val loss: 0.6430 bal_loss: 0.7426 bal_acc: 0.51 acc: 0.61
fold=2 label=2 | epoch 060 | train loss: 0.4375 bal_acc: 0.81 acc: 0.80 | val loss: 0.6047 bal_loss: 0.7662 bal_acc: 0.50 acc: 0.65
fold=2 label=2 | epoch 070 | train loss: 0.3665 bal_acc: 0.86 acc: 0.86 | val loss: 0.6024 bal_loss: 0.7713 bal_acc: 0.49 acc: 0.63
fold=2 label=2 | epoch 080 | train loss: 0.3487 bal_acc: 0.86 acc: 0.86 | val loss: 0.5984 bal_loss: 0.7562 bal_acc: 0.52 acc: 0.65
fold=2 label=2 | epoch 090 | train loss: 0.3353 bal_acc: 0.87 acc: 0.87 | val loss: 0.5933 bal_loss: 0.7858 bal_acc: 0.52 acc: 0.65
fold=2 label=2 | epoch 100 | train loss: 0.3188 bal_acc: 0.86 acc: 0.86 | val loss: 0.5797 bal_loss: 0.8473 bal_acc: 0.52 acc: 0.68
fold=2 label=2 | epoch 110 | train loss: 0.2326 bal_acc: 0.94 acc: 0.94 | val loss: 0.5753 bal_loss: 0.8390 bal_acc: 0.49 acc: 0.66
fold=2 label=2 | epoch 120 | train loss: 0.2481 bal_acc: 0.93 acc: 0.93 | val loss: 0.5924 bal_loss: 0.8437 bal_acc: 0.49 acc: 0.66
fold=2 label=2 | epoch 130 | train loss: 0.2242 bal_acc: 0.95 acc: 0.95 | val loss: 0.5707 bal_loss: 0.8525 bal_acc: 0.51 acc: 0.70
fold=2 label=2 | epoch 140 | train loss: 0.2022 bal_acc: 0.96 acc: 0.96 | val loss: 0.5924 bal_loss: 0.9026 bal_acc: 0.49 acc: 0.70

fold=2 label=1_vs_3
Binary labels: class0=label1 class1=label3
Binary label distribution:
  train: class0=60 class1=60 total=120
  val:   class0=20 class1=20 total=40
  test:  class0=20 class1=20 total=40
Original labels in this split:
  train: label0=0 label1=60 label2=0 label3=60 label4=0 total=120
  val:   label0=0 label1=20 label2=0 label3=20 label4=0 total=40
  test:  label0=0 label1=20 label2=0 label3=20 label4=0 total=40
fold=2 label=1_vs_3 | epoch 001 | train loss: 0.8660 bal_acc: 0.53 acc: 0.53 | val loss: 1.5646 bal_loss: 1.5646 bal_acc: 0.52 acc: 0.53
fold=2 label=1_vs_3 | epoch 010 | train loss: 0.8635 bal_acc: 0.53 acc: 0.53 | val loss: 0.8757 bal_loss: 0.8757 bal_acc: 0.35 acc: 0.35
fold=2 label=1_vs_3 | epoch 020 | train loss: 0.6760 bal_acc: 0.59 acc: 0.59 | val loss: 0.8492 bal_loss: 0.8492 bal_acc: 0.48 acc: 0.47
fold=2 label=1_vs_3 | epoch 030 | train loss: 0.5592 bal_acc: 0.66 acc: 0.67 | val loss: 0.8331 bal_loss: 0.8331 bal_acc: 0.48 acc: 0.47
fold=2 label=1_vs_3 | epoch 040 | train loss: 0.4852 bal_acc: 0.78 acc: 0.78 | val loss: 0.8337 bal_loss: 0.8337 bal_acc: 0.50 acc: 0.50
fold=2 label=1_vs_3 | epoch 050 | train loss: 0.4126 bal_acc: 0.84 acc: 0.84 | val loss: 0.8697 bal_loss: 0.8697 bal_acc: 0.40 acc: 0.40
fold=2 label=1_vs_3 | epoch 060 | train loss: 0.4088 bal_acc: 0.82 acc: 0.82 | val loss: 0.8609 bal_loss: 0.8609 bal_acc: 0.43 acc: 0.42
fold=2 label=1_vs_3 | epoch 070 | train loss: 0.4188 bal_acc: 0.81 acc: 0.81 | val loss: 0.8573 bal_loss: 0.8573 bal_acc: 0.45 acc: 0.45
fold=2 label=1_vs_3 | epoch 080 | train loss: 0.4072 bal_acc: 0.85 acc: 0.85 | val loss: 0.8583 bal_loss: 0.8583 bal_acc: 0.52 acc: 0.53
fold=2 label=1_vs_3 | epoch 090 | train loss: 0.4075 bal_acc: 0.83 acc: 0.83 | val loss: 0.8928 bal_loss: 0.8928 bal_acc: 0.45 acc: 0.45
fold=2 label=1_vs_3 | epoch 100 | train loss: 0.3180 bal_acc: 0.86 acc: 0.86 | val loss: 0.8761 bal_loss: 0.8761 bal_acc: 0.52 acc: 0.53
fold=2 label=1_vs_3 | epoch 110 | train loss: 0.4187 bal_acc: 0.84 acc: 0.83 | val loss: 0.8759 bal_loss: 0.8759 bal_acc: 0.48 acc: 0.47
fold=2 label=1_vs_3 | epoch 120 | train loss: 0.2529 bal_acc: 0.94 acc: 0.93 | val loss: 0.8852 bal_loss: 0.8852 bal_acc: 0.52 acc: 0.53
fold=2 label=1_vs_3 | epoch 130 | train loss: 0.2933 bal_acc: 0.93 acc: 0.93 | val loss: 0.8925 bal_loss: 0.8925 bal_acc: 0.57 acc: 0.57

--- fold 3/5: train=300 val=100 test=100 ---

fold=3 label=0
Binary label distribution:
  train: class0=60 class1=240 total=300
  val:   class0=20 class1=80 total=100
  test:  class0=20 class1=80 total=100
Original labels in this split:
  train: label0=60 label1=60 label2=60 label3=60 label4=60 total=300
  val:   label0=20 label1=20 label2=20 label3=20 label4=20 total=100
  test:  label0=20 label1=20 label2=20 label3=20 label4=20 total=100
fold=3 label=0 | epoch 001 | train loss: 0.8892 bal_acc: 0.50 acc: 0.50 | val loss: 1.4599 bal_loss: 0.9901 bal_acc: 0.52 acc: 0.24
fold=3 label=0 | epoch 010 | train loss: 0.7053 bal_acc: 0.66 acc: 0.66 | val loss: 0.6984 bal_loss: 0.7529 bal_acc: 0.54 acc: 0.60
fold=3 label=0 | epoch 020 | train loss: 0.5939 bal_acc: 0.67 acc: 0.66 | val loss: 0.6935 bal_loss: 0.7679 bal_acc: 0.53 acc: 0.64
fold=3 label=0 | epoch 030 | train loss: 0.5442 bal_acc: 0.72 acc: 0.72 | val loss: 0.6973 bal_loss: 0.8171 bal_acc: 0.51 acc: 0.63
fold=3 label=0 | epoch 040 | train loss: 0.4618 bal_acc: 0.77 acc: 0.77 | val loss: 0.6725 bal_loss: 0.8374 bal_acc: 0.50 acc: 0.65
fold=3 label=0 | epoch 050 | train loss: 0.4558 bal_acc: 0.80 acc: 0.80 | val loss: 0.6671 bal_loss: 0.8440 bal_acc: 0.50 acc: 0.65
fold=3 label=0 | epoch 060 | train loss: 0.4135 bal_acc: 0.79 acc: 0.79 | val loss: 0.6385 bal_loss: 0.8586 bal_acc: 0.52 acc: 0.69
fold=3 label=0 | epoch 070 | train loss: 0.3194 bal_acc: 0.89 acc: 0.89 | val loss: 0.6578 bal_loss: 0.8991 bal_acc: 0.50 acc: 0.68
fold=3 label=0 | epoch 080 | train loss: 0.3101 bal_acc: 0.86 acc: 0.86 | val loss: 0.6326 bal_loss: 0.8686 bal_acc: 0.52 acc: 0.69
fold=3 label=0 | epoch 090 | train loss: 0.2863 bal_acc: 0.91 acc: 0.91 | val loss: 0.6375 bal_loss: 0.9742 bal_acc: 0.51 acc: 0.72
fold=3 label=0 | epoch 100 | train loss: 0.2657 bal_acc: 0.92 acc: 0.92 | val loss: 0.6565 bal_loss: 0.9523 bal_acc: 0.48 acc: 0.65

fold=3 label=2
Binary label distribution:
  train: class0=60 class1=240 total=300
  val:   class0=20 class1=80 total=100
  test:  class0=20 class1=80 total=100
Original labels in this split:
  train: label0=60 label1=60 label2=60 label3=60 label4=60 total=300
  val:   label0=20 label1=20 label2=20 label3=20 label4=20 total=100
  test:  label0=20 label1=20 label2=20 label3=20 label4=20 total=100
fold=3 label=2 | epoch 001 | train loss: 0.8978 bal_acc: 0.53 acc: 0.53 | val loss: 1.1928 bal_loss: 0.9065 bal_acc: 0.49 acc: 0.24
fold=3 label=2 | epoch 010 | train loss: 0.7456 bal_acc: 0.59 acc: 0.59 | val loss: 0.7498 bal_loss: 0.7797 bal_acc: 0.53 acc: 0.55
fold=3 label=2 | epoch 020 | train loss: 0.6489 bal_acc: 0.67 acc: 0.67 | val loss: 0.6925 bal_loss: 0.7613 bal_acc: 0.48 acc: 0.59
fold=3 label=2 | epoch 030 | train loss: 0.5691 bal_acc: 0.71 acc: 0.71 | val loss: 0.7002 bal_loss: 0.7440 bal_acc: 0.56 acc: 0.63
fold=3 label=2 | epoch 040 | train loss: 0.6051 bal_acc: 0.72 acc: 0.72 | val loss: 0.6888 bal_loss: 0.7808 bal_acc: 0.53 acc: 0.64
fold=3 label=2 | epoch 050 | train loss: 0.5038 bal_acc: 0.77 acc: 0.77 | val loss: 0.6851 bal_loss: 0.7603 bal_acc: 0.49 acc: 0.58
fold=3 label=2 | epoch 060 | train loss: 0.4750 bal_acc: 0.78 acc: 0.78 | val loss: 0.6647 bal_loss: 0.7881 bal_acc: 0.49 acc: 0.63
fold=3 label=2 | epoch 070 | train loss: 0.3861 bal_acc: 0.83 acc: 0.83 | val loss: 0.6612 bal_loss: 0.8330 bal_acc: 0.51 acc: 0.66
fold=3 label=2 | epoch 080 | train loss: 0.3796 bal_acc: 0.80 acc: 0.79 | val loss: 0.6525 bal_loss: 0.8405 bal_acc: 0.51 acc: 0.67
fold=3 label=2 | epoch 090 | train loss: 0.3540 bal_acc: 0.86 acc: 0.86 | val loss: 0.6453 bal_loss: 0.8987 bal_acc: 0.44 acc: 0.65
fold=3 label=2 | epoch 100 | train loss: 0.3314 bal_acc: 0.88 acc: 0.88 | val loss: 0.6688 bal_loss: 0.8412 bal_acc: 0.47 acc: 0.64
fold=3 label=2 | epoch 110 | train loss: 0.2821 bal_acc: 0.91 acc: 0.91 | val loss: 0.6629 bal_loss: 0.8836 bal_acc: 0.46 acc: 0.65
fold=3 label=2 | epoch 120 | train loss: 0.2789 bal_acc: 0.90 acc: 0.90 | val loss: 0.6516 bal_loss: 0.9233 bal_acc: 0.51 acc: 0.70

fold=3 label=1_vs_3
Binary labels: class0=label1 class1=label3
Binary label distribution:
  train: class0=60 class1=60 total=120
  val:   class0=20 class1=20 total=40
  test:  class0=20 class1=20 total=40
Original labels in this split:
  train: label0=0 label1=60 label2=0 label3=60 label4=0 total=120
  val:   label0=0 label1=20 label2=0 label3=20 label4=0 total=40
  test:  label0=0 label1=20 label2=0 label3=20 label4=0 total=40
fold=3 label=1_vs_3 | epoch 001 | train loss: 1.1367 bal_acc: 0.44 acc: 0.43 | val loss: 1.2744 bal_loss: 1.2744 bal_acc: 0.52 acc: 0.53
fold=3 label=1_vs_3 | epoch 010 | train loss: 0.9129 bal_acc: 0.51 acc: 0.51 | val loss: 0.7954 bal_loss: 0.7954 bal_acc: 0.42 acc: 0.42
fold=3 label=1_vs_3 | epoch 020 | train loss: 0.6449 bal_acc: 0.62 acc: 0.61 | val loss: 0.7651 bal_loss: 0.7651 bal_acc: 0.45 acc: 0.45
fold=3 label=1_vs_3 | epoch 030 | train loss: 0.5343 bal_acc: 0.74 acc: 0.73 | val loss: 0.7531 bal_loss: 0.7531 bal_acc: 0.52 acc: 0.53
fold=3 label=1_vs_3 | epoch 040 | train loss: 0.5098 bal_acc: 0.77 acc: 0.76 | val loss: 0.7476 bal_loss: 0.7476 bal_acc: 0.55 acc: 0.55
fold=3 label=1_vs_3 | epoch 050 | train loss: 0.5388 bal_acc: 0.72 acc: 0.73 | val loss: 0.7476 bal_loss: 0.7476 bal_acc: 0.52 acc: 0.53
fold=3 label=1_vs_3 | epoch 060 | train loss: 0.4706 bal_acc: 0.71 acc: 0.71 | val loss: 0.7510 bal_loss: 0.7510 bal_acc: 0.58 acc: 0.57
fold=3 label=1_vs_3 | epoch 070 | train loss: 0.4119 bal_acc: 0.82 acc: 0.82 | val loss: 0.7685 bal_loss: 0.7685 bal_acc: 0.55 acc: 0.55
fold=3 label=1_vs_3 | epoch 080 | train loss: 0.4781 bal_acc: 0.78 acc: 0.78 | val loss: 0.7615 bal_loss: 0.7615 bal_acc: 0.55 acc: 0.55
fold=3 label=1_vs_3 | epoch 090 | train loss: 0.3999 bal_acc: 0.81 acc: 0.81 | val loss: 0.7965 bal_loss: 0.7965 bal_acc: 0.50 acc: 0.50
fold=3 label=1_vs_3 | epoch 100 | train loss: 0.4081 bal_acc: 0.82 acc: 0.82 | val loss: 0.7769 bal_loss: 0.7769 bal_acc: 0.55 acc: 0.55
fold=3 label=1_vs_3 | epoch 110 | train loss: 0.2881 bal_acc: 0.92 acc: 0.92 | val loss: 0.8198 bal_loss: 0.8198 bal_acc: 0.52 acc: 0.53
fold=3 label=1_vs_3 | epoch 120 | train loss: 0.3028 bal_acc: 0.90 acc: 0.90 | val loss: 0.8233 bal_loss: 0.8233 bal_acc: 0.50 acc: 0.50
fold=3 label=1_vs_3 | epoch 130 | train loss: 0.2465 bal_acc: 0.93 acc: 0.93 | val loss: 0.8292 bal_loss: 0.8292 bal_acc: 0.55 acc: 0.55
fold=3 label=1_vs_3 | epoch 140 | train loss: 0.3033 bal_acc: 0.90 acc: 0.90 | val loss: 0.8100 bal_loss: 0.8100 bal_acc: 0.55 acc: 0.55

--- fold 4/5: train=300 val=100 test=100 ---

fold=4 label=0
Binary label distribution:
  train: class0=60 class1=240 total=300
  val:   class0=20 class1=80 total=100
  test:  class0=20 class1=80 total=100
Original labels in this split:
  train: label0=60 label1=60 label2=60 label3=60 label4=60 total=300
  val:   label0=20 label1=20 label2=20 label3=20 label4=20 total=100
  test:  label0=20 label1=20 label2=20 label3=20 label4=20 total=100
fold=4 label=0 | epoch 001 | train loss: 0.8867 bal_acc: 0.49 acc: 0.49 | val loss: 1.4282 bal_loss: 0.9765 bal_acc: 0.52 acc: 0.24
fold=4 label=0 | epoch 010 | train loss: 0.6721 bal_acc: 0.64 acc: 0.65 | val loss: 0.6765 bal_loss: 0.7298 bal_acc: 0.56 acc: 0.60
fold=4 label=0 | epoch 020 | train loss: 0.5889 bal_acc: 0.73 acc: 0.73 | val loss: 0.6579 bal_loss: 0.7310 bal_acc: 0.62 acc: 0.66
fold=4 label=0 | epoch 030 | train loss: 0.5471 bal_acc: 0.71 acc: 0.71 | val loss: 0.6361 bal_loss: 0.7387 bal_acc: 0.54 acc: 0.65
fold=4 label=0 | epoch 040 | train loss: 0.4342 bal_acc: 0.81 acc: 0.81 | val loss: 0.6164 bal_loss: 0.7731 bal_acc: 0.51 acc: 0.63
fold=4 label=0 | epoch 050 | train loss: 0.4407 bal_acc: 0.78 acc: 0.78 | val loss: 0.6286 bal_loss: 0.8070 bal_acc: 0.52 acc: 0.66
fold=4 label=0 | epoch 060 | train loss: 0.4118 bal_acc: 0.82 acc: 0.82 | val loss: 0.6349 bal_loss: 0.8355 bal_acc: 0.54 acc: 0.69
fold=4 label=0 | epoch 070 | train loss: 0.3731 bal_acc: 0.86 acc: 0.86 | val loss: 0.6141 bal_loss: 0.8577 bal_acc: 0.52 acc: 0.69
fold=4 label=0 | epoch 080 | train loss: 0.3248 bal_acc: 0.89 acc: 0.89 | val loss: 0.6333 bal_loss: 0.8761 bal_acc: 0.50 acc: 0.65
fold=4 label=0 | epoch 090 | train loss: 0.2928 bal_acc: 0.90 acc: 0.90 | val loss: 0.6028 bal_loss: 0.8834 bal_acc: 0.53 acc: 0.70
fold=4 label=0 | epoch 100 | train loss: 0.2633 bal_acc: 0.92 acc: 0.92 | val loss: 0.6195 bal_loss: 0.9221 bal_acc: 0.51 acc: 0.67

fold=4 label=2
Binary label distribution:
  train: class0=60 class1=240 total=300
  val:   class0=20 class1=80 total=100
  test:  class0=20 class1=80 total=100
Original labels in this split:
  train: label0=60 label1=60 label2=60 label3=60 label4=60 total=300
  val:   label0=20 label1=20 label2=20 label3=20 label4=20 total=100
  test:  label0=20 label1=20 label2=20 label3=20 label4=20 total=100
fold=4 label=2 | epoch 001 | train loss: 0.9483 bal_acc: 0.52 acc: 0.53 | val loss: 1.3350 bal_loss: 0.9683 bal_acc: 0.44 acc: 0.20
fold=4 label=2 | epoch 010 | train loss: 0.7222 bal_acc: 0.62 acc: 0.62 | val loss: 0.6915 bal_loss: 0.7819 bal_acc: 0.53 acc: 0.61
fold=4 label=2 | epoch 020 | train loss: 0.5883 bal_acc: 0.68 acc: 0.68 | val loss: 0.6448 bal_loss: 0.8389 bal_acc: 0.47 acc: 0.64
fold=4 label=2 | epoch 030 | train loss: 0.5205 bal_acc: 0.72 acc: 0.72 | val loss: 0.6736 bal_loss: 0.8397 bal_acc: 0.46 acc: 0.61
fold=4 label=2 | epoch 040 | train loss: 0.5057 bal_acc: 0.74 acc: 0.74 | val loss: 0.6831 bal_loss: 0.8225 bal_acc: 0.47 acc: 0.60
fold=4 label=2 | epoch 050 | train loss: 0.4372 bal_acc: 0.81 acc: 0.80 | val loss: 0.7099 bal_loss: 0.8995 bal_acc: 0.44 acc: 0.61
fold=4 label=2 | epoch 060 | train loss: 0.3848 bal_acc: 0.84 acc: 0.84 | val loss: 0.6560 bal_loss: 0.8760 bal_acc: 0.46 acc: 0.65
fold=4 label=2 | epoch 070 | train loss: 0.4269 bal_acc: 0.80 acc: 0.80 | val loss: 0.6774 bal_loss: 0.9000 bal_acc: 0.46 acc: 0.64
fold=4 label=2 | epoch 080 | train loss: 0.3663 bal_acc: 0.85 acc: 0.85 | val loss: 0.7062 bal_loss: 0.8779 bal_acc: 0.43 acc: 0.60
fold=4 label=2 | epoch 090 | train loss: 0.3217 bal_acc: 0.86 acc: 0.86 | val loss: 0.6683 bal_loss: 0.9653 bal_acc: 0.46 acc: 0.68
fold=4 label=2 | epoch 100 | train loss: 0.3332 bal_acc: 0.87 acc: 0.87 | val loss: 0.6843 bal_loss: 0.9664 bal_acc: 0.51 acc: 0.69
fold=4 label=2 | epoch 110 | train loss: 0.2493 bal_acc: 0.92 acc: 0.92 | val loss: 0.7205 bal_loss: 0.9958 bal_acc: 0.44 acc: 0.64

fold=4 label=1_vs_3
Binary labels: class0=label1 class1=label3
Binary label distribution:
  train: class0=60 class1=60 total=120
  val:   class0=20 class1=20 total=40
  test:  class0=20 class1=20 total=40
Original labels in this split:
  train: label0=0 label1=60 label2=0 label3=60 label4=0 total=120
  val:   label0=0 label1=20 label2=0 label3=20 label4=0 total=40
  test:  label0=0 label1=20 label2=0 label3=20 label4=0 total=40
fold=4 label=1_vs_3 | epoch 001 | train loss: 1.1008 bal_acc: 0.46 acc: 0.46 | val loss: 1.2651 bal_loss: 1.2651 bal_acc: 0.50 acc: 0.50
fold=4 label=1_vs_3 | epoch 010 | train loss: 0.7559 bal_acc: 0.60 acc: 0.60 | val loss: 0.8066 bal_loss: 0.8066 bal_acc: 0.45 acc: 0.45
fold=4 label=1_vs_3 | epoch 020 | train loss: 0.5916 bal_acc: 0.71 acc: 0.71 | val loss: 0.7662 bal_loss: 0.7662 bal_acc: 0.47 acc: 0.47
fold=4 label=1_vs_3 | epoch 030 | train loss: 0.6872 bal_acc: 0.67 acc: 0.67 | val loss: 0.7208 bal_loss: 0.7208 bal_acc: 0.60 acc: 0.60
fold=4 label=1_vs_3 | epoch 040 | train loss: 0.6534 bal_acc: 0.70 acc: 0.70 | val loss: 0.6778 bal_loss: 0.6778 bal_acc: 0.60 acc: 0.60
fold=4 label=1_vs_3 | epoch 050 | train loss: 0.5758 bal_acc: 0.67 acc: 0.67 | val loss: 0.7052 bal_loss: 0.7052 bal_acc: 0.58 acc: 0.57
fold=4 label=1_vs_3 | epoch 060 | train loss: 0.5022 bal_acc: 0.75 acc: 0.75 | val loss: 0.6834 bal_loss: 0.6834 bal_acc: 0.68 acc: 0.68
fold=4 label=1_vs_3 | epoch 070 | train loss: 0.4038 bal_acc: 0.82 acc: 0.82 | val loss: 0.6871 bal_loss: 0.6871 bal_acc: 0.68 acc: 0.68
fold=4 label=1_vs_3 | epoch 080 | train loss: 0.3743 bal_acc: 0.85 acc: 0.85 | val loss: 0.6882 bal_loss: 0.6882 bal_acc: 0.65 acc: 0.65
fold=4 label=1_vs_3 | epoch 090 | train loss: 0.3687 bal_acc: 0.90 acc: 0.90 | val loss: 0.6780 bal_loss: 0.6780 bal_acc: 0.65 acc: 0.65
fold=4 label=1_vs_3 | epoch 100 | train loss: 0.3380 bal_acc: 0.90 acc: 0.89 | val loss: 0.6918 bal_loss: 0.6918 bal_acc: 0.65 acc: 0.65
fold=4 label=1_vs_3 | epoch 110 | train loss: 0.3032 bal_acc: 0.88 acc: 0.88 | val loss: 0.6836 bal_loss: 0.6836 bal_acc: 0.60 acc: 0.60
fold=4 label=1_vs_3 | epoch 120 | train loss: 0.3396 bal_acc: 0.87 acc: 0.87 | val loss: 0.6910 bal_loss: 0.6910 bal_acc: 0.60 acc: 0.60
fold=4 label=1_vs_3 | epoch 130 | train loss: 0.3205 bal_acc: 0.90 acc: 0.90 | val loss: 0.6703 bal_loss: 0.6703 bal_acc: 0.57 acc: 0.57
fold=4 label=1_vs_3 | epoch 140 | train loss: 0.3023 bal_acc: 0.93 acc: 0.93 | val loss: 0.6745 bal_loss: 0.6745 bal_acc: 0.62 acc: 0.62
fold=4 label=1_vs_3 | epoch 150 | train loss: 0.2583 bal_acc: 0.91 acc: 0.91 | val loss: 0.6855 bal_loss: 0.6855 bal_acc: 0.60 acc: 0.60
fold=4 label=1_vs_3 | epoch 160 | train loss: 0.2145 bal_acc: 0.94 acc: 0.93 | val loss: 0.6562 bal_loss: 0.6562 bal_acc: 0.57 acc: 0.57
fold=4 label=1_vs_3 | epoch 170 | train loss: 0.2833 bal_acc: 0.91 acc: 0.91 | val loss: 0.6668 bal_loss: 0.6668 bal_acc: 0.57 acc: 0.57
fold=4 label=1_vs_3 | epoch 180 | train loss: 0.2591 bal_acc: 0.92 acc: 0.92 | val loss: 0.6787 bal_loss: 0.6787 bal_acc: 0.60 acc: 0.60
fold=4 label=1_vs_3 | epoch 190 | train loss: 0.2329 bal_acc: 0.94 acc: 0.94 | val loss: 0.6475 bal_loss: 0.6475 bal_acc: 0.55 acc: 0.55
fold=4 label=1_vs_3 | epoch 200 | train loss: 0.2002 bal_acc: 0.95 acc: 0.95 | val loss: 0.6480 bal_loss: 0.6480 bal_acc: 0.57 acc: 0.57
fold=4 label=1_vs_3 | epoch 210 | train loss: 0.1634 bal_acc: 0.98 acc: 0.98 | val loss: 0.6907 bal_loss: 0.6907 bal_acc: 0.52 acc: 0.53
fold=4 label=1_vs_3 | epoch 220 | train loss: 0.1507 bal_acc: 0.98 acc: 0.98 | val loss: 0.6603 bal_loss: 0.6603 bal_acc: 0.57 acc: 0.57
fold=4 label=1_vs_3 | epoch 230 | train loss: 0.1605 bal_acc: 0.97 acc: 0.98 | val loss: 0.6454 bal_loss: 0.6454 bal_acc: 0.60 acc: 0.60
fold=4 label=1_vs_3 | epoch 240 | train loss: 0.1358 bal_acc: 0.98 acc: 0.98 | val loss: 0.6414 bal_loss: 0.6414 bal_acc: 0.60 acc: 0.60
fold=4 label=1_vs_3 | epoch 250 | train loss: 0.1662 bal_acc: 0.96 acc: 0.96 | val loss: 0.6589 bal_loss: 0.6589 bal_acc: 0.57 acc: 0.57
fold=4 label=1_vs_3 | epoch 260 | train loss: 0.1210 bal_acc: 0.98 acc: 0.98 | val loss: 0.6664 bal_loss: 0.6664 bal_acc: 0.62 acc: 0.62
fold=4 label=1_vs_3 | epoch 270 | train loss: 0.1113 bal_acc: 0.98 acc: 0.98 | val loss: 0.6542 bal_loss: 0.6542 bal_acc: 0.57 acc: 0.57
fold=4 label=1_vs_3 | epoch 280 | train loss: 0.1296 bal_acc: 0.98 acc: 0.98 | val loss: 0.6861 bal_loss: 0.6861 bal_acc: 0.57 acc: 0.57
fold=4 label=1_vs_3 | epoch 290 | train loss: 0.0764 bal_acc: 1.00 acc: 1.00 | val loss: 0.6807 bal_loss: 0.6807 bal_acc: 0.60 acc: 0.60
fold=4 label=1_vs_3 | epoch 300 | train loss: 0.1188 bal_acc: 0.98 acc: 0.98 | val loss: 0.6949 bal_loss: 0.6949 bal_acc: 0.57 acc: 0.57
fold=4 label=1_vs_3 | epoch 310 | train loss: 0.0956 bal_acc: 1.00 acc: 1.00 | val loss: 0.6896 bal_loss: 0.6896 bal_acc: 0.57 acc: 0.57
fold=4 label=1_vs_3 | epoch 320 | train loss: 0.0968 bal_acc: 0.98 acc: 0.98 | val loss: 0.7125 bal_loss: 0.7125 bal_acc: 0.60 acc: 0.60
fold=4 label=1_vs_3 | epoch 330 | train loss: 0.1019 bal_acc: 0.98 acc: 0.98 | val loss: 0.6890 bal_loss: 0.6890 bal_acc: 0.57 acc: 0.57

--- fold 5/5: train=300 val=100 test=100 ---

fold=5 label=0
Binary label distribution:
  train: class0=60 class1=240 total=300
  val:   class0=20 class1=80 total=100
  test:  class0=20 class1=80 total=100
Original labels in this split:
  train: label0=60 label1=60 label2=60 label3=60 label4=60 total=300
  val:   label0=20 label1=20 label2=20 label3=20 label4=20 total=100
  test:  label0=20 label1=20 label2=20 label3=20 label4=20 total=100
fold=5 label=0 | epoch 001 | train loss: 0.9049 bal_acc: 0.48 acc: 0.48 | val loss: 1.4287 bal_loss: 0.9622 bal_acc: 0.53 acc: 0.25
fold=5 label=0 | epoch 010 | train loss: 0.8093 bal_acc: 0.57 acc: 0.57 | val loss: 0.6837 bal_loss: 0.6639 bal_acc: 0.55 acc: 0.55
fold=5 label=0 | epoch 020 | train loss: 0.6411 bal_acc: 0.66 acc: 0.66 | val loss: 0.6482 bal_loss: 0.6438 bal_acc: 0.62 acc: 0.63
fold=5 label=0 | epoch 030 | train loss: 0.5350 bal_acc: 0.76 acc: 0.75 | val loss: 0.5931 bal_loss: 0.6465 bal_acc: 0.62 acc: 0.73
fold=5 label=0 | epoch 040 | train loss: 0.4727 bal_acc: 0.79 acc: 0.79 | val loss: 0.5512 bal_loss: 0.6516 bal_acc: 0.63 acc: 0.74
fold=5 label=0 | epoch 050 | train loss: 0.4123 bal_acc: 0.80 acc: 0.81 | val loss: 0.5326 bal_loss: 0.6482 bal_acc: 0.64 acc: 0.73
fold=5 label=0 | epoch 060 | train loss: 0.4202 bal_acc: 0.80 acc: 0.80 | val loss: 0.5512 bal_loss: 0.6632 bal_acc: 0.59 acc: 0.68
fold=5 label=0 | epoch 070 | train loss: 0.3655 bal_acc: 0.84 acc: 0.84 | val loss: 0.5001 bal_loss: 0.6802 bal_acc: 0.61 acc: 0.73
fold=5 label=0 | epoch 080 | train loss: 0.3298 bal_acc: 0.89 acc: 0.89 | val loss: 0.5042 bal_loss: 0.7125 bal_acc: 0.62 acc: 0.75
fold=5 label=0 | epoch 090 | train loss: 0.2843 bal_acc: 0.89 acc: 0.89 | val loss: 0.5341 bal_loss: 0.7458 bal_acc: 0.57 acc: 0.70
fold=5 label=0 | epoch 100 | train loss: 0.2593 bal_acc: 0.91 acc: 0.91 | val loss: 0.5498 bal_loss: 0.7241 bal_acc: 0.62 acc: 0.73
fold=5 label=0 | epoch 110 | train loss: 0.2416 bal_acc: 0.93 acc: 0.93 | val loss: 0.5222 bal_loss: 0.7386 bal_acc: 0.58 acc: 0.72
fold=5 label=0 | epoch 120 | train loss: 0.2280 bal_acc: 0.95 acc: 0.94 | val loss: 0.5347 bal_loss: 0.7186 bal_acc: 0.54 acc: 0.68
fold=5 label=0 | epoch 130 | train loss: 0.2132 bal_acc: 0.95 acc: 0.95 | val loss: 0.5205 bal_loss: 0.7768 bal_acc: 0.56 acc: 0.71
fold=5 label=0 | epoch 140 | train loss: 0.1624 bal_acc: 0.97 acc: 0.97 | val loss: 0.5149 bal_loss: 0.7996 bal_acc: 0.58 acc: 0.74
fold=5 label=0 | epoch 150 | train loss: 0.1414 bal_acc: 0.97 acc: 0.97 | val loss: 0.5334 bal_loss: 0.8385 bal_acc: 0.60 acc: 0.75
fold=5 label=0 | epoch 160 | train loss: 0.1422 bal_acc: 0.97 acc: 0.97 | val loss: 0.5483 bal_loss: 0.8298 bal_acc: 0.59 acc: 0.73

fold=5 label=2
Binary label distribution:
  train: class0=60 class1=240 total=300
  val:   class0=20 class1=80 total=100
  test:  class0=20 class1=80 total=100
Original labels in this split:
  train: label0=60 label1=60 label2=60 label3=60 label4=60 total=300
  val:   label0=20 label1=20 label2=20 label3=20 label4=20 total=100
  test:  label0=20 label1=20 label2=20 label3=20 label4=20 total=100
fold=5 label=2 | epoch 001 | train loss: 0.9360 bal_acc: 0.50 acc: 0.50 | val loss: 1.3598 bal_loss: 0.9522 bal_acc: 0.51 acc: 0.24
fold=5 label=2 | epoch 010 | train loss: 0.7869 bal_acc: 0.54 acc: 0.54 | val loss: 0.6930 bal_loss: 0.7275 bal_acc: 0.52 acc: 0.57
fold=5 label=2 | epoch 020 | train loss: 0.6625 bal_acc: 0.63 acc: 0.63 | val loss: 0.7084 bal_loss: 0.7682 bal_acc: 0.52 acc: 0.60
fold=5 label=2 | epoch 030 | train loss: 0.5801 bal_acc: 0.70 acc: 0.70 | val loss: 0.7788 bal_loss: 0.7481 bal_acc: 0.49 acc: 0.45
fold=5 label=2 | epoch 040 | train loss: 0.4939 bal_acc: 0.78 acc: 0.78 | val loss: 0.7292 bal_loss: 0.7461 bal_acc: 0.54 acc: 0.53
fold=5 label=2 | epoch 050 | train loss: 0.4892 bal_acc: 0.76 acc: 0.76 | val loss: 0.6980 bal_loss: 0.7636 bal_acc: 0.46 acc: 0.56
fold=5 label=2 | epoch 060 | train loss: 0.4540 bal_acc: 0.78 acc: 0.78 | val loss: 0.7207 bal_loss: 0.7750 bal_acc: 0.49 acc: 0.58
fold=5 label=2 | epoch 070 | train loss: 0.3949 bal_acc: 0.83 acc: 0.83 | val loss: 0.6731 bal_loss: 0.8042 bal_acc: 0.52 acc: 0.65
fold=5 label=2 | epoch 080 | train loss: 0.3740 bal_acc: 0.84 acc: 0.83 | val loss: 0.7222 bal_loss: 0.7870 bal_acc: 0.49 acc: 0.58
fold=5 label=2 | epoch 090 | train loss: 0.2910 bal_acc: 0.92 acc: 0.92 | val loss: 0.6598 bal_loss: 0.8151 bal_acc: 0.54 acc: 0.68
fold=5 label=2 | epoch 100 | train loss: 0.3091 bal_acc: 0.89 acc: 0.89 | val loss: 0.7051 bal_loss: 0.8217 bal_acc: 0.51 acc: 0.61

fold=5 label=1_vs_3
Binary labels: class0=label1 class1=label3
Binary label distribution:
  train: class0=60 class1=60 total=120
  val:   class0=20 class1=20 total=40
  test:  class0=20 class1=20 total=40
Original labels in this split:
  train: label0=0 label1=60 label2=0 label3=60 label4=0 total=120
  val:   label0=0 label1=20 label2=0 label3=20 label4=0 total=40
  test:  label0=0 label1=20 label2=0 label3=20 label4=0 total=40
fold=5 label=1_vs_3 | epoch 001 | train loss: 1.0545 bal_acc: 0.49 acc: 0.48 | val loss: 1.1735 bal_loss: 1.1735 bal_acc: 0.50 acc: 0.50
fold=5 label=1_vs_3 | epoch 010 | train loss: 0.8975 bal_acc: 0.49 acc: 0.49 | val loss: 0.7913 bal_loss: 0.7913 bal_acc: 0.52 acc: 0.53
fold=5 label=1_vs_3 | epoch 020 | train loss: 0.7472 bal_acc: 0.62 acc: 0.62 | val loss: 0.8053 bal_loss: 0.8053 bal_acc: 0.50 acc: 0.50
fold=5 label=1_vs_3 | epoch 030 | train loss: 0.6492 bal_acc: 0.69 acc: 0.68 | val loss: 0.8085 bal_loss: 0.8085 bal_acc: 0.52 acc: 0.53
fold=5 label=1_vs_3 | epoch 040 | train loss: 0.5944 bal_acc: 0.68 acc: 0.68 | val loss: 0.8063 bal_loss: 0.8063 bal_acc: 0.57 acc: 0.57
fold=5 label=1_vs_3 | epoch 050 | train loss: 0.4593 bal_acc: 0.79 acc: 0.79 | val loss: 0.8167 bal_loss: 0.8167 bal_acc: 0.55 acc: 0.55
fold=5 label=1_vs_3 | epoch 060 | train loss: 0.4544 bal_acc: 0.77 acc: 0.77 | val loss: 0.8535 bal_loss: 0.8535 bal_acc: 0.52 acc: 0.53
fold=5 label=1_vs_3 | epoch 070 | train loss: 0.4547 bal_acc: 0.82 acc: 0.82 | val loss: 0.8482 bal_loss: 0.8482 bal_acc: 0.55 acc: 0.55
fold=5 label=1_vs_3 | epoch 080 | train loss: 0.4891 bal_acc: 0.76 acc: 0.75 | val loss: 0.8930 bal_loss: 0.8930 bal_acc: 0.50 acc: 0.50
fold=5 label=1_vs_3 | epoch 090 | train loss: 0.3499 bal_acc: 0.87 acc: 0.87 | val loss: 0.8631 bal_loss: 0.8631 bal_acc: 0.55 acc: 0.55
fold=5 label=1_vs_3 | epoch 100 | train loss: 0.3623 bal_acc: 0.84 acc: 0.84 | val loss: 0.8540 bal_loss: 0.8540 bal_acc: 0.57 acc: 0.57
fold=5 label=1_vs_3 | epoch 110 | train loss: 0.4040 bal_acc: 0.80 acc: 0.80 | val loss: 0.8844 bal_loss: 0.8844 bal_acc: 0.55 acc: 0.55

Cross-validation summary (5 fold(s) run)
y_0: test bal_loss=0.790 +/- 0.060 | bal_acc=0.504 +/- 0.046 | test acc=0.554 +/- 0.041
y_2: test bal_loss=0.777 +/- 0.038 | bal_acc=0.521 +/- 0.033 | test acc=0.588 +/- 0.026
y_1_vs_3: test bal_loss=0.834 +/- 0.160 | bal_acc=0.480 +/- 0.097 | test acc=0.480 +/- 0.097
Cross-validation CSV: ./checkpoints/sub1_hjlee_nogit/v4_sub1_shallownet_all_days/20260629_174220/cross_validation.csv

Saved to: ./checkpoints/sub1_hjlee_nogit/v4_sub1_shallownet_all_days/20260629_174220
