Training configuration
  config=./configs/train_config_v3.json
  model=eegnet
  patient=sub1_hjlee
  day=260408
  max_folds=5
  print_layer_shapes=True
  data_dir=./data/processed/sub1_hjlee/260408
  input_file=X_eeg.npy
  emg_file=X_emg.npy
  checkpoint_root=./checkpoints/sub1_hjlee_nogit/v4_sub1_eegnet_all_days
  epochs=500
  batch_size=16
  lr=1e-05
  weight_decay=0.0001
  patience=100
  seed=42
  val_test_ratio=0.2
  weighted_sampler=True
  emg_feature_dim=64
  run_window_diagnostic=False
  window_size=256
  window_stride=128
  balance_rest_to_target=False
  run_5fold_cross_validation=True
  selection_metric=balanced_loss

Loading X_eeg.npy...
Loading X_emg.npy...
Device: cuda | X: (500, 64, 1000) | X_emg: (500, 2, 1000) | run: ./checkpoints/sub1_hjlee_nogit/v4_sub1_eegnet_all_days/20260629_172645
Data split: train=300 val=100 test=100
Original label distribution:
  train: label0=60 label1=60 label2=60 label3=60 label4=60 total=300
  val:   label0=20 label1=20 label2=20 label3=20 label4=20 total=100
  test:  label0=20 label1=20 label2=20 label3=20 label4=20 total=100

=== 5-fold cross-validation (running 5 fold(s)) ===

--- fold 1/5: train=300 val=100 test=100 ---

fold=1 label=0
Binary label distribution:
  train: class0=60 class1=240 total=300
  val:   class0=20 class1=80 total=100
  test:  class0=20 class1=80 total=100
Original labels in this split:
  train: label0=60 label1=60 label2=60 label3=60 label4=60 total=300
  val:   label0=20 label1=20 label2=20 label3=20 label4=20 total=100
  test:  label0=20 label1=20 label2=20 label3=20 label4=20 total=100

Model shape diagnostic
  EEG input: (16, 64, 1000)
  EMG input: (16, 2, 1000)
  EEG layer ensuredims: (16, 64, 1000, 1)
  EEG layer dimshuffle: (16, 1, 64, 1000)
  EEG layer conv_temporal: (16, 8, 64, 1001)
  EEG layer bnorm_temporal: (16, 8, 64, 1001)
  EEG layer conv_spatial.parametrizations.weight.0: (16, 1, 64, 1)
  EEG layer bnorm_1: (16, 16, 1, 1001)
  EEG layer elu_1: (16, 16, 1, 1001)
  EEG layer pool_1: (16, 16, 1, 250)
  EEG layer drop_1: (16, 16, 1, 250)
  EEG layer conv_separable_depth: (16, 16, 1, 251)
  EEG layer conv_separable_point: (16, 16, 1, 251)
  EEG layer bnorm_2: (16, 16, 1, 251)
  EEG layer elu_2: (16, 16, 1, 251)
  EEG layer pool_2: (16, 16, 1, 31)
  EEG layer drop_2: (16, 16, 1, 31)
  EEG layer final_layer.conv_classifier: (16, 2, 1, 1)
  EEG layer final_layer.permute_back: (16, 2, 1, 1)
  EEG layer final_layer.squeeze.squeeze: (16, 2, 1)
  EEG feature vector: (16, 496)
  EMG feature vector: (16, 64)
fold=1 label=0 | epoch 001 | train loss: 0.7472 bal_acc: 0.46 acc: 0.45 | val loss: 0.7188 bal_loss: 0.7003 bal_acc: 0.45 acc: 0.24
fold=1 label=0 | epoch 010 | train loss: 0.7076 bal_acc: 0.57 acc: 0.56 | val loss: 0.7567 bal_loss: 0.7054 bal_acc: 0.48 acc: 0.28
fold=1 label=0 | epoch 020 | train loss: 0.6529 bal_acc: 0.62 acc: 0.62 | val loss: 0.7704 bal_loss: 0.7221 bal_acc: 0.51 acc: 0.40
fold=1 label=0 | epoch 030 | train loss: 0.6524 bal_acc: 0.62 acc: 0.62 | val loss: 0.7605 bal_loss: 0.7290 bal_acc: 0.51 acc: 0.43
fold=1 label=0 | epoch 040 | train loss: 0.5968 bal_acc: 0.68 acc: 0.68 | val loss: 0.7401 bal_loss: 0.7278 bal_acc: 0.56 acc: 0.50
fold=1 label=0 | epoch 050 | train loss: 0.5736 bal_acc: 0.77 acc: 0.77 | val loss: 0.7232 bal_loss: 0.7279 bal_acc: 0.53 acc: 0.52
fold=1 label=0 | epoch 060 | train loss: 0.4962 bal_acc: 0.86 acc: 0.86 | val loss: 0.7060 bal_loss: 0.7291 bal_acc: 0.52 acc: 0.56
fold=1 label=0 | epoch 070 | train loss: 0.4350 bal_acc: 0.93 acc: 0.93 | val loss: 0.6787 bal_loss: 0.7332 bal_acc: 0.56 acc: 0.62
fold=1 label=0 | epoch 080 | train loss: 0.3597 bal_acc: 0.98 acc: 0.98 | val loss: 0.6549 bal_loss: 0.7338 bal_acc: 0.57 acc: 0.65
fold=1 label=0 | epoch 090 | train loss: 0.3063 bal_acc: 0.98 acc: 0.98 | val loss: 0.6378 bal_loss: 0.7381 bal_acc: 0.61 acc: 0.70
fold=1 label=0 | epoch 100 | train loss: 0.2249 bal_acc: 0.99 acc: 0.99 | val loss: 0.6124 bal_loss: 0.7507 bal_acc: 0.62 acc: 0.75

fold=1 label=2
Binary label distribution:
  train: class0=60 class1=240 total=300
  val:   class0=20 class1=80 total=100
  test:  class0=20 class1=80 total=100
Original labels in this split:
  train: label0=60 label1=60 label2=60 label3=60 label4=60 total=300
  val:   label0=20 label1=20 label2=20 label3=20 label4=20 total=100
  test:  label0=20 label1=20 label2=20 label3=20 label4=20 total=100
fold=1 label=2 | epoch 001 | train loss: 0.7155 bal_acc: 0.51 acc: 0.51 | val loss: 0.7147 bal_loss: 0.6920 bal_acc: 0.51 acc: 0.28
fold=1 label=2 | epoch 010 | train loss: 0.7026 bal_acc: 0.57 acc: 0.56 | val loss: 0.7476 bal_loss: 0.6892 bal_acc: 0.61 acc: 0.40
fold=1 label=2 | epoch 020 | train loss: 0.6678 bal_acc: 0.63 acc: 0.62 | val loss: 0.7546 bal_loss: 0.6867 bal_acc: 0.57 acc: 0.46
fold=1 label=2 | epoch 030 | train loss: 0.6163 bal_acc: 0.66 acc: 0.65 | val loss: 0.7299 bal_loss: 0.6826 bal_acc: 0.52 acc: 0.47
fold=1 label=2 | epoch 040 | train loss: 0.6057 bal_acc: 0.72 acc: 0.71 | val loss: 0.7150 bal_loss: 0.6832 bal_acc: 0.54 acc: 0.50
fold=1 label=2 | epoch 050 | train loss: 0.5480 bal_acc: 0.77 acc: 0.76 | val loss: 0.6874 bal_loss: 0.6829 bal_acc: 0.56 acc: 0.56
fold=1 label=2 | epoch 060 | train loss: 0.4824 bal_acc: 0.87 acc: 0.87 | val loss: 0.6634 bal_loss: 0.6866 bal_acc: 0.56 acc: 0.60
fold=1 label=2 | epoch 070 | train loss: 0.4229 bal_acc: 0.91 acc: 0.91 | val loss: 0.6344 bal_loss: 0.6947 bal_acc: 0.55 acc: 0.64
fold=1 label=2 | epoch 080 | train loss: 0.3513 bal_acc: 0.95 acc: 0.95 | val loss: 0.6130 bal_loss: 0.7120 bal_acc: 0.49 acc: 0.64
fold=1 label=2 | epoch 090 | train loss: 0.2602 bal_acc: 1.00 acc: 1.00 | val loss: 0.5995 bal_loss: 0.7341 bal_acc: 0.52 acc: 0.68
fold=1 label=2 | epoch 100 | train loss: 0.2129 bal_acc: 0.99 acc: 0.99 | val loss: 0.5905 bal_loss: 0.7624 bal_acc: 0.48 acc: 0.67
fold=1 label=2 | epoch 110 | train loss: 0.1644 bal_acc: 1.00 acc: 1.00 | val loss: 0.5746 bal_loss: 0.7975 bal_acc: 0.49 acc: 0.69
fold=1 label=2 | epoch 120 | train loss: 0.1185 bal_acc: 1.00 acc: 1.00 | val loss: 0.5731 bal_loss: 0.8320 bal_acc: 0.47 acc: 0.69
fold=1 label=2 | epoch 130 | train loss: 0.0947 bal_acc: 1.00 acc: 1.00 | val loss: 0.5720 bal_loss: 0.8795 bal_acc: 0.47 acc: 0.69
fold=1 label=2 | epoch 140 | train loss: 0.0713 bal_acc: 1.00 acc: 1.00 | val loss: 0.5742 bal_loss: 0.9180 bal_acc: 0.48 acc: 0.70

fold=1 label=1_vs_3
Binary labels: class0=label1 class1=label3
Binary label distribution:
  train: class0=60 class1=60 total=120
  val:   class0=20 class1=20 total=40
  test:  class0=20 class1=20 total=40
Original labels in this split:
  train: label0=0 label1=60 label2=0 label3=60 label4=0 total=120
  val:   label0=0 label1=20 label2=0 label3=20 label4=0 total=40
  test:  label0=0 label1=20 label2=0 label3=20 label4=0 total=40
fold=1 label=1_vs_3 | epoch 001 | train loss: 0.7500 bal_acc: 0.49 acc: 0.50 | val loss: 0.7001 bal_loss: 0.7001 bal_acc: 0.60 acc: 0.60
fold=1 label=1_vs_3 | epoch 010 | train loss: 0.7396 bal_acc: 0.51 acc: 0.50 | val loss: 0.7026 bal_loss: 0.7026 bal_acc: 0.52 acc: 0.53
fold=1 label=1_vs_3 | epoch 020 | train loss: 0.7301 bal_acc: 0.52 acc: 0.52 | val loss: 0.7057 bal_loss: 0.7057 bal_acc: 0.48 acc: 0.47
fold=1 label=1_vs_3 | epoch 030 | train loss: 0.6454 bal_acc: 0.60 acc: 0.61 | val loss: 0.7079 bal_loss: 0.7079 bal_acc: 0.50 acc: 0.50
fold=1 label=1_vs_3 | epoch 040 | train loss: 0.6394 bal_acc: 0.65 acc: 0.66 | val loss: 0.7075 bal_loss: 0.7075 bal_acc: 0.47 acc: 0.47
fold=1 label=1_vs_3 | epoch 050 | train loss: 0.5954 bal_acc: 0.67 acc: 0.68 | val loss: 0.7039 bal_loss: 0.7039 bal_acc: 0.50 acc: 0.50
fold=1 label=1_vs_3 | epoch 060 | train loss: 0.6364 bal_acc: 0.74 acc: 0.73 | val loss: 0.7003 bal_loss: 0.7003 bal_acc: 0.50 acc: 0.50
fold=1 label=1_vs_3 | epoch 070 | train loss: 0.5839 bal_acc: 0.76 acc: 0.76 | val loss: 0.6951 bal_loss: 0.6951 bal_acc: 0.52 acc: 0.53
fold=1 label=1_vs_3 | epoch 080 | train loss: 0.5252 bal_acc: 0.83 acc: 0.82 | val loss: 0.6935 bal_loss: 0.6935 bal_acc: 0.55 acc: 0.55
fold=1 label=1_vs_3 | epoch 090 | train loss: 0.4954 bal_acc: 0.88 acc: 0.88 | val loss: 0.6919 bal_loss: 0.6919 bal_acc: 0.60 acc: 0.60
fold=1 label=1_vs_3 | epoch 100 | train loss: 0.5082 bal_acc: 0.82 acc: 0.82 | val loss: 0.6935 bal_loss: 0.6935 bal_acc: 0.57 acc: 0.57
fold=1 label=1_vs_3 | epoch 110 | train loss: 0.4315 bal_acc: 0.91 acc: 0.92 | val loss: 0.6928 bal_loss: 0.6928 bal_acc: 0.58 acc: 0.57
fold=1 label=1_vs_3 | epoch 120 | train loss: 0.4166 bal_acc: 0.94 acc: 0.93 | val loss: 0.6933 bal_loss: 0.6933 bal_acc: 0.58 acc: 0.57
fold=1 label=1_vs_3 | epoch 130 | train loss: 0.3759 bal_acc: 0.95 acc: 0.95 | val loss: 0.6962 bal_loss: 0.6962 bal_acc: 0.58 acc: 0.57
fold=1 label=1_vs_3 | epoch 140 | train loss: 0.2920 bal_acc: 0.99 acc: 0.99 | val loss: 0.7003 bal_loss: 0.7003 bal_acc: 0.60 acc: 0.60
fold=1 label=1_vs_3 | epoch 150 | train loss: 0.2743 bal_acc: 1.00 acc: 1.00 | val loss: 0.7046 bal_loss: 0.7046 bal_acc: 0.62 acc: 0.62
fold=1 label=1_vs_3 | epoch 160 | train loss: 0.2569 bal_acc: 1.00 acc: 1.00 | val loss: 0.7114 bal_loss: 0.7114 bal_acc: 0.65 acc: 0.65
fold=1 label=1_vs_3 | epoch 170 | train loss: 0.2135 bal_acc: 1.00 acc: 1.00 | val loss: 0.7186 bal_loss: 0.7186 bal_acc: 0.65 acc: 0.65
fold=1 label=1_vs_3 | epoch 180 | train loss: 0.2056 bal_acc: 1.00 acc: 1.00 | val loss: 0.7262 bal_loss: 0.7262 bal_acc: 0.60 acc: 0.60

--- fold 2/5: train=300 val=100 test=100 ---

fold=2 label=0
Binary label distribution:
  train: class0=60 class1=240 total=300
  val:   class0=20 class1=80 total=100
  test:  class0=20 class1=80 total=100
Original labels in this split:
  train: label0=60 label1=60 label2=60 label3=60 label4=60 total=300
  val:   label0=20 label1=20 label2=20 label3=20 label4=20 total=100
  test:  label0=20 label1=20 label2=20 label3=20 label4=20 total=100
fold=2 label=0 | epoch 001 | train loss: 0.7601 bal_acc: 0.45 acc: 0.45 | val loss: 0.7197 bal_loss: 0.6979 bal_acc: 0.46 acc: 0.25
fold=2 label=0 | epoch 010 | train loss: 0.7036 bal_acc: 0.54 acc: 0.54 | val loss: 0.7659 bal_loss: 0.7110 bal_acc: 0.51 acc: 0.27
fold=2 label=0 | epoch 020 | train loss: 0.6950 bal_acc: 0.53 acc: 0.53 | val loss: 0.7814 bal_loss: 0.7227 bal_acc: 0.51 acc: 0.37
fold=2 label=0 | epoch 030 | train loss: 0.6337 bal_acc: 0.66 acc: 0.66 | val loss: 0.7588 bal_loss: 0.7272 bal_acc: 0.49 acc: 0.43
fold=2 label=0 | epoch 040 | train loss: 0.6242 bal_acc: 0.68 acc: 0.68 | val loss: 0.7384 bal_loss: 0.7282 bal_acc: 0.54 acc: 0.50
fold=2 label=0 | epoch 050 | train loss: 0.5314 bal_acc: 0.81 acc: 0.81 | val loss: 0.7273 bal_loss: 0.7332 bal_acc: 0.55 acc: 0.58
fold=2 label=0 | epoch 060 | train loss: 0.5019 bal_acc: 0.82 acc: 0.82 | val loss: 0.7003 bal_loss: 0.7330 bal_acc: 0.55 acc: 0.61
fold=2 label=0 | epoch 070 | train loss: 0.4303 bal_acc: 0.91 acc: 0.91 | val loss: 0.6879 bal_loss: 0.7533 bal_acc: 0.52 acc: 0.62
fold=2 label=0 | epoch 080 | train loss: 0.3560 bal_acc: 0.96 acc: 0.96 | val loss: 0.6704 bal_loss: 0.7710 bal_acc: 0.51 acc: 0.64
fold=2 label=0 | epoch 090 | train loss: 0.2977 bal_acc: 0.98 acc: 0.98 | val loss: 0.6690 bal_loss: 0.7976 bal_acc: 0.46 acc: 0.61
fold=2 label=0 | epoch 100 | train loss: 0.2457 bal_acc: 0.99 acc: 0.99 | val loss: 0.6597 bal_loss: 0.8229 bal_acc: 0.45 acc: 0.63

fold=2 label=2
Binary label distribution:
  train: class0=60 class1=240 total=300
  val:   class0=20 class1=80 total=100
  test:  class0=20 class1=80 total=100
Original labels in this split:
  train: label0=60 label1=60 label2=60 label3=60 label4=60 total=300
  val:   label0=20 label1=20 label2=20 label3=20 label4=20 total=100
  test:  label0=20 label1=20 label2=20 label3=20 label4=20 total=100
fold=2 label=2 | epoch 001 | train loss: 0.7270 bal_acc: 0.48 acc: 0.50 | val loss: 0.7197 bal_loss: 0.6973 bal_acc: 0.48 acc: 0.25
fold=2 label=2 | epoch 010 | train loss: 0.6834 bal_acc: 0.55 acc: 0.57 | val loss: 0.7770 bal_loss: 0.7163 bal_acc: 0.49 acc: 0.28
fold=2 label=2 | epoch 020 | train loss: 0.6534 bal_acc: 0.61 acc: 0.62 | val loss: 0.8051 bal_loss: 0.7370 bal_acc: 0.54 acc: 0.39
fold=2 label=2 | epoch 030 | train loss: 0.6364 bal_acc: 0.68 acc: 0.66 | val loss: 0.7793 bal_loss: 0.7332 bal_acc: 0.50 acc: 0.41
fold=2 label=2 | epoch 040 | train loss: 0.6072 bal_acc: 0.73 acc: 0.73 | val loss: 0.7534 bal_loss: 0.7257 bal_acc: 0.50 acc: 0.47
fold=2 label=2 | epoch 050 | train loss: 0.5763 bal_acc: 0.74 acc: 0.74 | val loss: 0.7356 bal_loss: 0.7261 bal_acc: 0.52 acc: 0.53
fold=2 label=2 | epoch 060 | train loss: 0.5038 bal_acc: 0.84 acc: 0.83 | val loss: 0.7130 bal_loss: 0.7269 bal_acc: 0.52 acc: 0.57
fold=2 label=2 | epoch 070 | train loss: 0.4151 bal_acc: 0.92 acc: 0.92 | val loss: 0.6860 bal_loss: 0.7309 bal_acc: 0.53 acc: 0.64
fold=2 label=2 | epoch 080 | train loss: 0.3586 bal_acc: 0.96 acc: 0.96 | val loss: 0.6709 bal_loss: 0.7457 bal_acc: 0.51 acc: 0.63
fold=2 label=2 | epoch 090 | train loss: 0.2505 bal_acc: 1.00 acc: 1.00 | val loss: 0.6486 bal_loss: 0.7628 bal_acc: 0.51 acc: 0.64
fold=2 label=2 | epoch 100 | train loss: 0.2200 bal_acc: 0.99 acc: 0.99 | val loss: 0.6421 bal_loss: 0.7877 bal_acc: 0.51 acc: 0.64

fold=2 label=1_vs_3
Binary labels: class0=label1 class1=label3
Binary label distribution:
  train: class0=60 class1=60 total=120
  val:   class0=20 class1=20 total=40
  test:  class0=20 class1=20 total=40
Original labels in this split:
  train: label0=0 label1=60 label2=0 label3=60 label4=0 total=120
  val:   label0=0 label1=20 label2=0 label3=20 label4=0 total=40
  test:  label0=0 label1=20 label2=0 label3=20 label4=0 total=40
fold=2 label=1_vs_3 | epoch 001 | train loss: 0.7455 bal_acc: 0.45 acc: 0.47 | val loss: 0.6963 bal_loss: 0.6963 bal_acc: 0.57 acc: 0.57
fold=2 label=1_vs_3 | epoch 010 | train loss: 0.7390 bal_acc: 0.48 acc: 0.47 | val loss: 0.7012 bal_loss: 0.7012 bal_acc: 0.57 acc: 0.57
fold=2 label=1_vs_3 | epoch 020 | train loss: 0.7148 bal_acc: 0.54 acc: 0.52 | val loss: 0.7137 bal_loss: 0.7137 bal_acc: 0.57 acc: 0.57
fold=2 label=1_vs_3 | epoch 030 | train loss: 0.6528 bal_acc: 0.66 acc: 0.66 | val loss: 0.7290 bal_loss: 0.7290 bal_acc: 0.55 acc: 0.55
fold=2 label=1_vs_3 | epoch 040 | train loss: 0.6225 bal_acc: 0.70 acc: 0.69 | val loss: 0.7473 bal_loss: 0.7473 bal_acc: 0.55 acc: 0.55
fold=2 label=1_vs_3 | epoch 050 | train loss: 0.6342 bal_acc: 0.68 acc: 0.68 | val loss: 0.7609 bal_loss: 0.7609 bal_acc: 0.60 acc: 0.60
fold=2 label=1_vs_3 | epoch 060 | train loss: 0.5995 bal_acc: 0.72 acc: 0.72 | val loss: 0.7554 bal_loss: 0.7554 bal_acc: 0.67 acc: 0.68
fold=2 label=1_vs_3 | epoch 070 | train loss: 0.5818 bal_acc: 0.69 acc: 0.69 | val loss: 0.7605 bal_loss: 0.7605 bal_acc: 0.68 acc: 0.68
fold=2 label=1_vs_3 | epoch 080 | train loss: 0.5451 bal_acc: 0.79 acc: 0.79 | val loss: 0.7458 bal_loss: 0.7458 bal_acc: 0.70 acc: 0.70
fold=2 label=1_vs_3 | epoch 090 | train loss: 0.4953 bal_acc: 0.89 acc: 0.89 | val loss: 0.7468 bal_loss: 0.7468 bal_acc: 0.68 acc: 0.68
fold=2 label=1_vs_3 | epoch 100 | train loss: 0.5100 bal_acc: 0.82 acc: 0.82 | val loss: 0.7568 bal_loss: 0.7568 bal_acc: 0.62 acc: 0.62

--- fold 3/5: train=300 val=100 test=100 ---

fold=3 label=0
Binary label distribution:
  train: class0=60 class1=240 total=300
  val:   class0=20 class1=80 total=100
  test:  class0=20 class1=80 total=100
Original labels in this split:
  train: label0=60 label1=60 label2=60 label3=60 label4=60 total=300
  val:   label0=20 label1=20 label2=20 label3=20 label4=20 total=100
  test:  label0=20 label1=20 label2=20 label3=20 label4=20 total=100
fold=3 label=0 | epoch 001 | train loss: 0.7891 bal_acc: 0.40 acc: 0.40 | val loss: 0.7119 bal_loss: 0.6953 bal_acc: 0.51 acc: 0.30
fold=3 label=0 | epoch 010 | train loss: 0.7064 bal_acc: 0.55 acc: 0.53 | val loss: 0.7364 bal_loss: 0.6990 bal_acc: 0.53 acc: 0.33
fold=3 label=0 | epoch 020 | train loss: 0.7023 bal_acc: 0.58 acc: 0.57 | val loss: 0.7256 bal_loss: 0.6984 bal_acc: 0.52 acc: 0.45
fold=3 label=0 | epoch 030 | train loss: 0.6452 bal_acc: 0.66 acc: 0.66 | val loss: 0.6979 bal_loss: 0.6986 bal_acc: 0.49 acc: 0.52
fold=3 label=0 | epoch 040 | train loss: 0.6030 bal_acc: 0.70 acc: 0.70 | val loss: 0.6775 bal_loss: 0.7011 bal_acc: 0.51 acc: 0.57
fold=3 label=0 | epoch 050 | train loss: 0.5683 bal_acc: 0.80 acc: 0.80 | val loss: 0.6674 bal_loss: 0.7039 bal_acc: 0.49 acc: 0.58
fold=3 label=0 | epoch 060 | train loss: 0.5050 bal_acc: 0.85 acc: 0.85 | val loss: 0.6500 bal_loss: 0.7133 bal_acc: 0.52 acc: 0.62
fold=3 label=0 | epoch 070 | train loss: 0.4330 bal_acc: 0.93 acc: 0.93 | val loss: 0.6373 bal_loss: 0.7233 bal_acc: 0.53 acc: 0.64
fold=3 label=0 | epoch 080 | train loss: 0.3505 bal_acc: 0.96 acc: 0.96 | val loss: 0.6303 bal_loss: 0.7437 bal_acc: 0.48 acc: 0.62
fold=3 label=0 | epoch 090 | train loss: 0.3000 bal_acc: 0.97 acc: 0.97 | val loss: 0.6211 bal_loss: 0.7753 bal_acc: 0.49 acc: 0.64
fold=3 label=0 | epoch 100 | train loss: 0.2291 bal_acc: 0.99 acc: 0.99 | val loss: 0.6154 bal_loss: 0.8027 bal_acc: 0.46 acc: 0.65

fold=3 label=2
Binary label distribution:
  train: class0=60 class1=240 total=300
  val:   class0=20 class1=80 total=100
  test:  class0=20 class1=80 total=100
Original labels in this split:
  train: label0=60 label1=60 label2=60 label3=60 label4=60 total=300
  val:   label0=20 label1=20 label2=20 label3=20 label4=20 total=100
  test:  label0=20 label1=20 label2=20 label3=20 label4=20 total=100
fold=3 label=2 | epoch 001 | train loss: 0.7618 bal_acc: 0.46 acc: 0.44 | val loss: 0.7106 bal_loss: 0.6938 bal_acc: 0.51 acc: 0.30
fold=3 label=2 | epoch 010 | train loss: 0.7227 bal_acc: 0.51 acc: 0.54 | val loss: 0.7348 bal_loss: 0.6913 bal_acc: 0.56 acc: 0.35
fold=3 label=2 | epoch 020 | train loss: 0.6953 bal_acc: 0.57 acc: 0.57 | val loss: 0.7250 bal_loss: 0.6902 bal_acc: 0.59 acc: 0.47
fold=3 label=2 | epoch 030 | train loss: 0.6516 bal_acc: 0.63 acc: 0.62 | val loss: 0.7024 bal_loss: 0.6905 bal_acc: 0.62 acc: 0.54
fold=3 label=2 | epoch 040 | train loss: 0.6150 bal_acc: 0.69 acc: 0.69 | val loss: 0.6822 bal_loss: 0.6931 bal_acc: 0.52 acc: 0.56
fold=3 label=2 | epoch 050 | train loss: 0.5656 bal_acc: 0.75 acc: 0.75 | val loss: 0.6653 bal_loss: 0.6961 bal_acc: 0.54 acc: 0.60
fold=3 label=2 | epoch 060 | train loss: 0.5106 bal_acc: 0.83 acc: 0.83 | val loss: 0.6434 bal_loss: 0.7072 bal_acc: 0.54 acc: 0.65
fold=3 label=2 | epoch 070 | train loss: 0.4209 bal_acc: 0.90 acc: 0.90 | val loss: 0.6284 bal_loss: 0.7172 bal_acc: 0.54 acc: 0.69
fold=3 label=2 | epoch 080 | train loss: 0.3495 bal_acc: 0.97 acc: 0.97 | val loss: 0.6128 bal_loss: 0.7374 bal_acc: 0.54 acc: 0.71
fold=3 label=2 | epoch 090 | train loss: 0.2774 bal_acc: 0.98 acc: 0.98 | val loss: 0.5961 bal_loss: 0.7644 bal_acc: 0.49 acc: 0.69
fold=3 label=2 | epoch 100 | train loss: 0.2247 bal_acc: 0.98 acc: 0.98 | val loss: 0.5916 bal_loss: 0.7933 bal_acc: 0.48 acc: 0.70
fold=3 label=2 | epoch 110 | train loss: 0.1613 bal_acc: 1.00 acc: 1.00 | val loss: 0.5770 bal_loss: 0.8281 bal_acc: 0.49 acc: 0.72
fold=3 label=2 | epoch 120 | train loss: 0.1257 bal_acc: 1.00 acc: 1.00 | val loss: 0.5785 bal_loss: 0.8679 bal_acc: 0.49 acc: 0.72

fold=3 label=1_vs_3
Binary labels: class0=label1 class1=label3
Binary label distribution:
  train: class0=60 class1=60 total=120
  val:   class0=20 class1=20 total=40
  test:  class0=20 class1=20 total=40
Original labels in this split:
  train: label0=0 label1=60 label2=0 label3=60 label4=0 total=120
  val:   label0=0 label1=20 label2=0 label3=20 label4=0 total=40
  test:  label0=0 label1=20 label2=0 label3=20 label4=0 total=40
fold=3 label=1_vs_3 | epoch 001 | train loss: 0.7812 bal_acc: 0.45 acc: 0.43 | val loss: 0.6992 bal_loss: 0.6992 bal_acc: 0.38 acc: 0.38
fold=3 label=1_vs_3 | epoch 010 | train loss: 0.7522 bal_acc: 0.50 acc: 0.49 | val loss: 0.7003 bal_loss: 0.7003 bal_acc: 0.43 acc: 0.42
fold=3 label=1_vs_3 | epoch 020 | train loss: 0.7258 bal_acc: 0.49 acc: 0.51 | val loss: 0.7011 bal_loss: 0.7011 bal_acc: 0.48 acc: 0.47
fold=3 label=1_vs_3 | epoch 030 | train loss: 0.6725 bal_acc: 0.58 acc: 0.59 | val loss: 0.6993 bal_loss: 0.6993 bal_acc: 0.42 acc: 0.42
fold=3 label=1_vs_3 | epoch 040 | train loss: 0.6867 bal_acc: 0.59 acc: 0.62 | val loss: 0.6931 bal_loss: 0.6931 bal_acc: 0.45 acc: 0.45
fold=3 label=1_vs_3 | epoch 050 | train loss: 0.6722 bal_acc: 0.60 acc: 0.60 | val loss: 0.6850 bal_loss: 0.6850 bal_acc: 0.52 acc: 0.53
fold=3 label=1_vs_3 | epoch 060 | train loss: 0.6617 bal_acc: 0.62 acc: 0.62 | val loss: 0.6742 bal_loss: 0.6742 bal_acc: 0.55 acc: 0.55
fold=3 label=1_vs_3 | epoch 070 | train loss: 0.5954 bal_acc: 0.75 acc: 0.74 | val loss: 0.6681 bal_loss: 0.6681 bal_acc: 0.57 acc: 0.57
fold=3 label=1_vs_3 | epoch 080 | train loss: 0.5535 bal_acc: 0.78 acc: 0.77 | val loss: 0.6620 bal_loss: 0.6620 bal_acc: 0.60 acc: 0.60
fold=3 label=1_vs_3 | epoch 090 | train loss: 0.5420 bal_acc: 0.82 acc: 0.82 | val loss: 0.6565 bal_loss: 0.6565 bal_acc: 0.58 acc: 0.57
fold=3 label=1_vs_3 | epoch 100 | train loss: 0.5043 bal_acc: 0.86 acc: 0.87 | val loss: 0.6507 bal_loss: 0.6507 bal_acc: 0.68 acc: 0.68
fold=3 label=1_vs_3 | epoch 110 | train loss: 0.4675 bal_acc: 0.87 acc: 0.88 | val loss: 0.6446 bal_loss: 0.6446 bal_acc: 0.70 acc: 0.70
fold=3 label=1_vs_3 | epoch 120 | train loss: 0.4472 bal_acc: 0.91 acc: 0.91 | val loss: 0.6388 bal_loss: 0.6388 bal_acc: 0.70 acc: 0.70
fold=3 label=1_vs_3 | epoch 130 | train loss: 0.3964 bal_acc: 0.96 acc: 0.96 | val loss: 0.6351 bal_loss: 0.6351 bal_acc: 0.73 acc: 0.72
fold=3 label=1_vs_3 | epoch 140 | train loss: 0.4094 bal_acc: 0.91 acc: 0.91 | val loss: 0.6300 bal_loss: 0.6300 bal_acc: 0.73 acc: 0.72
fold=3 label=1_vs_3 | epoch 150 | train loss: 0.3473 bal_acc: 0.97 acc: 0.97 | val loss: 0.6261 bal_loss: 0.6261 bal_acc: 0.73 acc: 0.72
fold=3 label=1_vs_3 | epoch 160 | train loss: 0.3129 bal_acc: 0.96 acc: 0.96 | val loss: 0.6241 bal_loss: 0.6241 bal_acc: 0.70 acc: 0.70
fold=3 label=1_vs_3 | epoch 170 | train loss: 0.2695 bal_acc: 0.98 acc: 0.98 | val loss: 0.6219 bal_loss: 0.6219 bal_acc: 0.68 acc: 0.68
fold=3 label=1_vs_3 | epoch 180 | train loss: 0.2331 bal_acc: 1.00 acc: 1.00 | val loss: 0.6198 bal_loss: 0.6198 bal_acc: 0.65 acc: 0.65
fold=3 label=1_vs_3 | epoch 190 | train loss: 0.2164 bal_acc: 1.00 acc: 1.00 | val loss: 0.6181 bal_loss: 0.6181 bal_acc: 0.65 acc: 0.65
fold=3 label=1_vs_3 | epoch 200 | train loss: 0.1761 bal_acc: 1.00 acc: 1.00 | val loss: 0.6161 bal_loss: 0.6161 bal_acc: 0.65 acc: 0.65
fold=3 label=1_vs_3 | epoch 210 | train loss: 0.1705 bal_acc: 1.00 acc: 1.00 | val loss: 0.6123 bal_loss: 0.6123 bal_acc: 0.67 acc: 0.68
fold=3 label=1_vs_3 | epoch 220 | train loss: 0.1338 bal_acc: 1.00 acc: 1.00 | val loss: 0.6098 bal_loss: 0.6098 bal_acc: 0.67 acc: 0.68
fold=3 label=1_vs_3 | epoch 230 | train loss: 0.1312 bal_acc: 1.00 acc: 1.00 | val loss: 0.6100 bal_loss: 0.6100 bal_acc: 0.65 acc: 0.65
fold=3 label=1_vs_3 | epoch 240 | train loss: 0.1085 bal_acc: 0.99 acc: 0.99 | val loss: 0.6105 bal_loss: 0.6105 bal_acc: 0.65 acc: 0.65
fold=3 label=1_vs_3 | epoch 250 | train loss: 0.0961 bal_acc: 1.00 acc: 1.00 | val loss: 0.6107 bal_loss: 0.6107 bal_acc: 0.62 acc: 0.62
fold=3 label=1_vs_3 | epoch 260 | train loss: 0.0797 bal_acc: 1.00 acc: 1.00 | val loss: 0.6111 bal_loss: 0.6111 bal_acc: 0.62 acc: 0.62
fold=3 label=1_vs_3 | epoch 270 | train loss: 0.0729 bal_acc: 1.00 acc: 1.00 | val loss: 0.6116 bal_loss: 0.6116 bal_acc: 0.62 acc: 0.62
fold=3 label=1_vs_3 | epoch 280 | train loss: 0.0677 bal_acc: 1.00 acc: 1.00 | val loss: 0.6124 bal_loss: 0.6124 bal_acc: 0.62 acc: 0.62
fold=3 label=1_vs_3 | epoch 290 | train loss: 0.0496 bal_acc: 1.00 acc: 1.00 | val loss: 0.6148 bal_loss: 0.6148 bal_acc: 0.62 acc: 0.62
fold=3 label=1_vs_3 | epoch 300 | train loss: 0.0511 bal_acc: 1.00 acc: 1.00 | val loss: 0.6184 bal_loss: 0.6184 bal_acc: 0.62 acc: 0.62
fold=3 label=1_vs_3 | epoch 310 | train loss: 0.0517 bal_acc: 1.00 acc: 1.00 | val loss: 0.6204 bal_loss: 0.6204 bal_acc: 0.62 acc: 0.62
fold=3 label=1_vs_3 | epoch 320 | train loss: 0.0369 bal_acc: 1.00 acc: 1.00 | val loss: 0.6215 bal_loss: 0.6215 bal_acc: 0.62 acc: 0.62

--- fold 4/5: train=300 val=100 test=100 ---

fold=4 label=0
Binary label distribution:
  train: class0=60 class1=240 total=300
  val:   class0=20 class1=80 total=100
  test:  class0=20 class1=80 total=100
Original labels in this split:
  train: label0=60 label1=60 label2=60 label3=60 label4=60 total=300
  val:   label0=20 label1=20 label2=20 label3=20 label4=20 total=100
  test:  label0=20 label1=20 label2=20 label3=20 label4=20 total=100
fold=4 label=0 | epoch 001 | train loss: 0.7454 bal_acc: 0.46 acc: 0.46 | val loss: 0.7158 bal_loss: 0.6931 bal_acc: 0.53 acc: 0.28
fold=4 label=0 | epoch 010 | train loss: 0.7161 bal_acc: 0.49 acc: 0.50 | val loss: 0.7417 bal_loss: 0.6914 bal_acc: 0.56 acc: 0.33
fold=4 label=0 | epoch 020 | train loss: 0.6983 bal_acc: 0.51 acc: 0.52 | val loss: 0.7301 bal_loss: 0.6844 bal_acc: 0.51 acc: 0.39
fold=4 label=0 | epoch 030 | train loss: 0.6450 bal_acc: 0.65 acc: 0.65 | val loss: 0.6949 bal_loss: 0.6778 bal_acc: 0.53 acc: 0.49
fold=4 label=0 | epoch 040 | train loss: 0.6194 bal_acc: 0.67 acc: 0.68 | val loss: 0.6776 bal_loss: 0.6754 bal_acc: 0.52 acc: 0.50
fold=4 label=0 | epoch 050 | train loss: 0.5844 bal_acc: 0.78 acc: 0.78 | val loss: 0.6587 bal_loss: 0.6726 bal_acc: 0.56 acc: 0.57
fold=4 label=0 | epoch 060 | train loss: 0.5146 bal_acc: 0.84 acc: 0.84 | val loss: 0.6402 bal_loss: 0.6721 bal_acc: 0.58 acc: 0.63
fold=4 label=0 | epoch 070 | train loss: 0.4438 bal_acc: 0.92 acc: 0.92 | val loss: 0.6203 bal_loss: 0.6740 bal_acc: 0.55 acc: 0.64
fold=4 label=0 | epoch 080 | train loss: 0.3999 bal_acc: 0.93 acc: 0.93 | val loss: 0.6041 bal_loss: 0.6802 bal_acc: 0.56 acc: 0.69
fold=4 label=0 | epoch 090 | train loss: 0.3010 bal_acc: 0.98 acc: 0.98 | val loss: 0.5865 bal_loss: 0.6930 bal_acc: 0.56 acc: 0.71
fold=4 label=0 | epoch 100 | train loss: 0.2386 bal_acc: 1.00 acc: 1.00 | val loss: 0.5777 bal_loss: 0.7079 bal_acc: 0.56 acc: 0.71
fold=4 label=0 | epoch 110 | train loss: 0.1853 bal_acc: 1.00 acc: 1.00 | val loss: 0.5697 bal_loss: 0.7283 bal_acc: 0.56 acc: 0.72
fold=4 label=0 | epoch 120 | train loss: 0.1478 bal_acc: 1.00 acc: 1.00 | val loss: 0.5584 bal_loss: 0.7541 bal_acc: 0.54 acc: 0.71
fold=4 label=0 | epoch 130 | train loss: 0.1101 bal_acc: 1.00 acc: 1.00 | val loss: 0.5606 bal_loss: 0.7811 bal_acc: 0.54 acc: 0.71
fold=4 label=0 | epoch 140 | train loss: 0.0851 bal_acc: 1.00 acc: 1.00 | val loss: 0.5601 bal_loss: 0.8133 bal_acc: 0.54 acc: 0.71
fold=4 label=0 | epoch 150 | train loss: 0.0639 bal_acc: 1.00 acc: 1.00 | val loss: 0.5598 bal_loss: 0.8393 bal_acc: 0.54 acc: 0.72
fold=4 label=0 | epoch 160 | train loss: 0.0466 bal_acc: 1.00 acc: 1.00 | val loss: 0.5674 bal_loss: 0.8727 bal_acc: 0.52 acc: 0.71

fold=4 label=2
Binary label distribution:
  train: class0=60 class1=240 total=300
  val:   class0=20 class1=80 total=100
  test:  class0=20 class1=80 total=100
Original labels in this split:
  train: label0=60 label1=60 label2=60 label3=60 label4=60 total=300
  val:   label0=20 label1=20 label2=20 label3=20 label4=20 total=100
  test:  label0=20 label1=20 label2=20 label3=20 label4=20 total=100
fold=4 label=2 | epoch 001 | train loss: 0.7362 bal_acc: 0.52 acc: 0.54 | val loss: 0.7171 bal_loss: 0.6953 bal_acc: 0.47 acc: 0.24
fold=4 label=2 | epoch 010 | train loss: 0.6822 bal_acc: 0.57 acc: 0.56 | val loss: 0.7536 bal_loss: 0.7051 bal_acc: 0.45 acc: 0.27
fold=4 label=2 | epoch 020 | train loss: 0.6962 bal_acc: 0.57 acc: 0.57 | val loss: 0.7536 bal_loss: 0.7244 bal_acc: 0.52 acc: 0.45
fold=4 label=2 | epoch 030 | train loss: 0.6154 bal_acc: 0.68 acc: 0.68 | val loss: 0.7343 bal_loss: 0.7372 bal_acc: 0.51 acc: 0.52
fold=4 label=2 | epoch 040 | train loss: 0.5786 bal_acc: 0.73 acc: 0.73 | val loss: 0.7203 bal_loss: 0.7382 bal_acc: 0.54 acc: 0.57
fold=4 label=2 | epoch 050 | train loss: 0.5322 bal_acc: 0.82 acc: 0.81 | val loss: 0.6962 bal_loss: 0.7365 bal_acc: 0.57 acc: 0.64
fold=4 label=2 | epoch 060 | train loss: 0.4760 bal_acc: 0.90 acc: 0.90 | val loss: 0.6746 bal_loss: 0.7455 bal_acc: 0.56 acc: 0.65
fold=4 label=2 | epoch 070 | train loss: 0.4094 bal_acc: 0.93 acc: 0.93 | val loss: 0.6564 bal_loss: 0.7372 bal_acc: 0.56 acc: 0.65
fold=4 label=2 | epoch 080 | train loss: 0.3481 bal_acc: 0.97 acc: 0.97 | val loss: 0.6371 bal_loss: 0.7510 bal_acc: 0.55 acc: 0.67
fold=4 label=2 | epoch 090 | train loss: 0.2913 bal_acc: 0.99 acc: 0.99 | val loss: 0.6146 bal_loss: 0.7632 bal_acc: 0.53 acc: 0.67
fold=4 label=2 | epoch 100 | train loss: 0.2143 bal_acc: 1.00 acc: 1.00 | val loss: 0.6046 bal_loss: 0.7711 bal_acc: 0.49 acc: 0.66

fold=4 label=1_vs_3
Binary labels: class0=label1 class1=label3
Binary label distribution:
  train: class0=60 class1=60 total=120
  val:   class0=20 class1=20 total=40
  test:  class0=20 class1=20 total=40
Original labels in this split:
  train: label0=0 label1=60 label2=0 label3=60 label4=0 total=120
  val:   label0=0 label1=20 label2=0 label3=20 label4=0 total=40
  test:  label0=0 label1=20 label2=0 label3=20 label4=0 total=40
fold=4 label=1_vs_3 | epoch 001 | train loss: 0.8076 bal_acc: 0.38 acc: 0.38 | val loss: 0.6928 bal_loss: 0.6928 bal_acc: 0.50 acc: 0.50
fold=4 label=1_vs_3 | epoch 010 | train loss: 0.7298 bal_acc: 0.48 acc: 0.49 | val loss: 0.6913 bal_loss: 0.6913 bal_acc: 0.50 acc: 0.50
fold=4 label=1_vs_3 | epoch 020 | train loss: 0.7023 bal_acc: 0.49 acc: 0.49 | val loss: 0.6874 bal_loss: 0.6874 bal_acc: 0.53 acc: 0.53
fold=4 label=1_vs_3 | epoch 030 | train loss: 0.6733 bal_acc: 0.62 acc: 0.63 | val loss: 0.6815 bal_loss: 0.6815 bal_acc: 0.50 acc: 0.50
fold=4 label=1_vs_3 | epoch 040 | train loss: 0.6565 bal_acc: 0.62 acc: 0.63 | val loss: 0.6738 bal_loss: 0.6738 bal_acc: 0.55 acc: 0.55
fold=4 label=1_vs_3 | epoch 050 | train loss: 0.6512 bal_acc: 0.63 acc: 0.63 | val loss: 0.6726 bal_loss: 0.6726 bal_acc: 0.57 acc: 0.57
fold=4 label=1_vs_3 | epoch 060 | train loss: 0.5977 bal_acc: 0.73 acc: 0.73 | val loss: 0.6660 bal_loss: 0.6660 bal_acc: 0.60 acc: 0.60
fold=4 label=1_vs_3 | epoch 070 | train loss: 0.5857 bal_acc: 0.68 acc: 0.68 | val loss: 0.6622 bal_loss: 0.6622 bal_acc: 0.55 acc: 0.55
fold=4 label=1_vs_3 | epoch 080 | train loss: 0.5628 bal_acc: 0.73 acc: 0.73 | val loss: 0.6613 bal_loss: 0.6613 bal_acc: 0.58 acc: 0.57
fold=4 label=1_vs_3 | epoch 090 | train loss: 0.5590 bal_acc: 0.76 acc: 0.76 | val loss: 0.6579 bal_loss: 0.6579 bal_acc: 0.55 acc: 0.55
fold=4 label=1_vs_3 | epoch 100 | train loss: 0.4997 bal_acc: 0.86 acc: 0.86 | val loss: 0.6524 bal_loss: 0.6524 bal_acc: 0.62 acc: 0.62
fold=4 label=1_vs_3 | epoch 110 | train loss: 0.4358 bal_acc: 0.91 acc: 0.91 | val loss: 0.6485 bal_loss: 0.6485 bal_acc: 0.65 acc: 0.65
fold=4 label=1_vs_3 | epoch 120 | train loss: 0.4385 bal_acc: 0.85 acc: 0.85 | val loss: 0.6493 bal_loss: 0.6493 bal_acc: 0.67 acc: 0.68
fold=4 label=1_vs_3 | epoch 130 | train loss: 0.4176 bal_acc: 0.92 acc: 0.92 | val loss: 0.6494 bal_loss: 0.6494 bal_acc: 0.67 acc: 0.68
fold=4 label=1_vs_3 | epoch 140 | train loss: 0.4288 bal_acc: 0.86 acc: 0.86 | val loss: 0.6491 bal_loss: 0.6491 bal_acc: 0.67 acc: 0.68
fold=4 label=1_vs_3 | epoch 150 | train loss: 0.3310 bal_acc: 0.95 acc: 0.95 | val loss: 0.6489 bal_loss: 0.6489 bal_acc: 0.65 acc: 0.65
fold=4 label=1_vs_3 | epoch 160 | train loss: 0.2828 bal_acc: 0.99 acc: 0.99 | val loss: 0.6504 bal_loss: 0.6504 bal_acc: 0.62 acc: 0.62
fold=4 label=1_vs_3 | epoch 170 | train loss: 0.2768 bal_acc: 0.99 acc: 0.98 | val loss: 0.6511 bal_loss: 0.6511 bal_acc: 0.60 acc: 0.60
fold=4 label=1_vs_3 | epoch 180 | train loss: 0.2377 bal_acc: 1.00 acc: 1.00 | val loss: 0.6532 bal_loss: 0.6532 bal_acc: 0.60 acc: 0.60
fold=4 label=1_vs_3 | epoch 190 | train loss: 0.2011 bal_acc: 1.00 acc: 1.00 | val loss: 0.6544 bal_loss: 0.6544 bal_acc: 0.60 acc: 0.60
fold=4 label=1_vs_3 | epoch 200 | train loss: 0.1655 bal_acc: 0.99 acc: 0.99 | val loss: 0.6584 bal_loss: 0.6584 bal_acc: 0.60 acc: 0.60
fold=4 label=1_vs_3 | epoch 210 | train loss: 0.1566 bal_acc: 1.00 acc: 1.00 | val loss: 0.6623 bal_loss: 0.6623 bal_acc: 0.58 acc: 0.57

--- fold 5/5: train=300 val=100 test=100 ---

fold=5 label=0
Binary label distribution:
  train: class0=60 class1=240 total=300
  val:   class0=20 class1=80 total=100
  test:  class0=20 class1=80 total=100
Original labels in this split:
  train: label0=60 label1=60 label2=60 label3=60 label4=60 total=300
  val:   label0=20 label1=20 label2=20 label3=20 label4=20 total=100
  test:  label0=20 label1=20 label2=20 label3=20 label4=20 total=100
fold=5 label=0 | epoch 001 | train loss: 0.7111 bal_acc: 0.51 acc: 0.51 | val loss: 0.7168 bal_loss: 0.6964 bal_acc: 0.44 acc: 0.22
fold=5 label=0 | epoch 010 | train loss: 0.7120 bal_acc: 0.54 acc: 0.54 | val loss: 0.7503 bal_loss: 0.7050 bal_acc: 0.49 acc: 0.27
fold=5 label=0 | epoch 020 | train loss: 0.6814 bal_acc: 0.60 acc: 0.59 | val loss: 0.7446 bal_loss: 0.7117 bal_acc: 0.44 acc: 0.35
fold=5 label=0 | epoch 030 | train loss: 0.6477 bal_acc: 0.62 acc: 0.62 | val loss: 0.7157 bal_loss: 0.7176 bal_acc: 0.50 acc: 0.50
fold=5 label=0 | epoch 040 | train loss: 0.6000 bal_acc: 0.70 acc: 0.70 | val loss: 0.6920 bal_loss: 0.7219 bal_acc: 0.52 acc: 0.56
fold=5 label=0 | epoch 050 | train loss: 0.5880 bal_acc: 0.70 acc: 0.70 | val loss: 0.6776 bal_loss: 0.7230 bal_acc: 0.54 acc: 0.60
fold=5 label=0 | epoch 060 | train loss: 0.4941 bal_acc: 0.84 acc: 0.84 | val loss: 0.6576 bal_loss: 0.7280 bal_acc: 0.52 acc: 0.60
fold=5 label=0 | epoch 070 | train loss: 0.4346 bal_acc: 0.93 acc: 0.93 | val loss: 0.6380 bal_loss: 0.7347 bal_acc: 0.54 acc: 0.63
fold=5 label=0 | epoch 080 | train loss: 0.3568 bal_acc: 0.95 acc: 0.95 | val loss: 0.6206 bal_loss: 0.7442 bal_acc: 0.57 acc: 0.67
fold=5 label=0 | epoch 090 | train loss: 0.3142 bal_acc: 0.96 acc: 0.96 | val loss: 0.5988 bal_loss: 0.7630 bal_acc: 0.56 acc: 0.72
fold=5 label=0 | epoch 100 | train loss: 0.2491 bal_acc: 0.98 acc: 0.98 | val loss: 0.5861 bal_loss: 0.7882 bal_acc: 0.55 acc: 0.73

fold=5 label=2
Binary label distribution:
  train: class0=60 class1=240 total=300
  val:   class0=20 class1=80 total=100
  test:  class0=20 class1=80 total=100
Original labels in this split:
  train: label0=60 label1=60 label2=60 label3=60 label4=60 total=300
  val:   label0=20 label1=20 label2=20 label3=20 label4=20 total=100
  test:  label0=20 label1=20 label2=20 label3=20 label4=20 total=100
fold=5 label=2 | epoch 001 | train loss: 0.7431 bal_acc: 0.49 acc: 0.48 | val loss: 0.7134 bal_loss: 0.6909 bal_acc: 0.54 acc: 0.29
fold=5 label=2 | epoch 010 | train loss: 0.7322 bal_acc: 0.53 acc: 0.52 | val loss: 0.7426 bal_loss: 0.6913 bal_acc: 0.54 acc: 0.30
fold=5 label=2 | epoch 020 | train loss: 0.6601 bal_acc: 0.60 acc: 0.60 | val loss: 0.7363 bal_loss: 0.6881 bal_acc: 0.59 acc: 0.44
fold=5 label=2 | epoch 030 | train loss: 0.6420 bal_acc: 0.63 acc: 0.63 | val loss: 0.7048 bal_loss: 0.6833 bal_acc: 0.62 acc: 0.57
fold=5 label=2 | epoch 040 | train loss: 0.5850 bal_acc: 0.74 acc: 0.74 | val loss: 0.6883 bal_loss: 0.6804 bal_acc: 0.61 acc: 0.58
fold=5 label=2 | epoch 050 | train loss: 0.5386 bal_acc: 0.81 acc: 0.81 | val loss: 0.6665 bal_loss: 0.6719 bal_acc: 0.56 acc: 0.57
fold=5 label=2 | epoch 060 | train loss: 0.4987 bal_acc: 0.84 acc: 0.84 | val loss: 0.6429 bal_loss: 0.6707 bal_acc: 0.56 acc: 0.63
fold=5 label=2 | epoch 070 | train loss: 0.4157 bal_acc: 0.93 acc: 0.93 | val loss: 0.6144 bal_loss: 0.6704 bal_acc: 0.59 acc: 0.70
fold=5 label=2 | epoch 080 | train loss: 0.3597 bal_acc: 0.93 acc: 0.93 | val loss: 0.5886 bal_loss: 0.6774 bal_acc: 0.59 acc: 0.71
fold=5 label=2 | epoch 090 | train loss: 0.2791 bal_acc: 0.98 acc: 0.98 | val loss: 0.5672 bal_loss: 0.6768 bal_acc: 0.57 acc: 0.71
fold=5 label=2 | epoch 100 | train loss: 0.2142 bal_acc: 0.99 acc: 0.99 | val loss: 0.5455 bal_loss: 0.6917 bal_acc: 0.61 acc: 0.76
fold=5 label=2 | epoch 110 | train loss: 0.1645 bal_acc: 1.00 acc: 1.00 | val loss: 0.5342 bal_loss: 0.7093 bal_acc: 0.61 acc: 0.76
fold=5 label=2 | epoch 120 | train loss: 0.1330 bal_acc: 1.00 acc: 1.00 | val loss: 0.5239 bal_loss: 0.7340 bal_acc: 0.56 acc: 0.74
fold=5 label=2 | epoch 130 | train loss: 0.0990 bal_acc: 1.00 acc: 1.00 | val loss: 0.5216 bal_loss: 0.7660 bal_acc: 0.56 acc: 0.75
fold=5 label=2 | epoch 140 | train loss: 0.0767 bal_acc: 1.00 acc: 1.00 | val loss: 0.5196 bal_loss: 0.7845 bal_acc: 0.52 acc: 0.74
fold=5 label=2 | epoch 150 | train loss: 0.0549 bal_acc: 1.00 acc: 1.00 | val loss: 0.5198 bal_loss: 0.8144 bal_acc: 0.52 acc: 0.75
fold=5 label=2 | epoch 160 | train loss: 0.0414 bal_acc: 1.00 acc: 1.00 | val loss: 0.5222 bal_loss: 0.8484 bal_acc: 0.53 acc: 0.76

fold=5 label=1_vs_3
Binary labels: class0=label1 class1=label3
Binary label distribution:
  train: class0=60 class1=60 total=120
  val:   class0=20 class1=20 total=40
  test:  class0=20 class1=20 total=40
Original labels in this split:
  train: label0=0 label1=60 label2=0 label3=60 label4=0 total=120
  val:   label0=0 label1=20 label2=0 label3=20 label4=0 total=40
  test:  label0=0 label1=20 label2=0 label3=20 label4=0 total=40
fold=5 label=1_vs_3 | epoch 001 | train loss: 0.7955 bal_acc: 0.46 acc: 0.42 | val loss: 0.7016 bal_loss: 0.7016 bal_acc: 0.48 acc: 0.47
fold=5 label=1_vs_3 | epoch 010 | train loss: 0.7383 bal_acc: 0.43 acc: 0.43 | val loss: 0.7037 bal_loss: 0.7037 bal_acc: 0.47 acc: 0.47
fold=5 label=1_vs_3 | epoch 020 | train loss: 0.7039 bal_acc: 0.54 acc: 0.52 | val loss: 0.7070 bal_loss: 0.7070 bal_acc: 0.50 acc: 0.50
fold=5 label=1_vs_3 | epoch 030 | train loss: 0.7136 bal_acc: 0.51 acc: 0.49 | val loss: 0.7097 bal_loss: 0.7097 bal_acc: 0.50 acc: 0.50
fold=5 label=1_vs_3 | epoch 040 | train loss: 0.6919 bal_acc: 0.54 acc: 0.53 | val loss: 0.7099 bal_loss: 0.7099 bal_acc: 0.52 acc: 0.53
fold=5 label=1_vs_3 | epoch 050 | train loss: 0.6725 bal_acc: 0.63 acc: 0.62 | val loss: 0.7067 bal_loss: 0.7067 bal_acc: 0.60 acc: 0.60
fold=5 label=1_vs_3 | epoch 060 | train loss: 0.6046 bal_acc: 0.74 acc: 0.74 | val loss: 0.7045 bal_loss: 0.7045 bal_acc: 0.57 acc: 0.57
fold=5 label=1_vs_3 | epoch 070 | train loss: 0.5742 bal_acc: 0.80 acc: 0.80 | val loss: 0.7007 bal_loss: 0.7007 bal_acc: 0.52 acc: 0.53
fold=5 label=1_vs_3 | epoch 080 | train loss: 0.5952 bal_acc: 0.73 acc: 0.73 | val loss: 0.6963 bal_loss: 0.6963 bal_acc: 0.55 acc: 0.55
fold=5 label=1_vs_3 | epoch 090 | train loss: 0.5349 bal_acc: 0.87 acc: 0.87 | val loss: 0.6920 bal_loss: 0.6920 bal_acc: 0.55 acc: 0.55
fold=5 label=1_vs_3 | epoch 100 | train loss: 0.5070 bal_acc: 0.78 acc: 0.78 | val loss: 0.6878 bal_loss: 0.6878 bal_acc: 0.55 acc: 0.55
fold=5 label=1_vs_3 | epoch 110 | train loss: 0.4705 bal_acc: 0.90 acc: 0.91 | val loss: 0.6855 bal_loss: 0.6855 bal_acc: 0.57 acc: 0.57
fold=5 label=1_vs_3 | epoch 120 | train loss: 0.4168 bal_acc: 0.93 acc: 0.93 | val loss: 0.6824 bal_loss: 0.6824 bal_acc: 0.60 acc: 0.60
fold=5 label=1_vs_3 | epoch 130 | train loss: 0.3842 bal_acc: 0.94 acc: 0.94 | val loss: 0.6786 bal_loss: 0.6786 bal_acc: 0.60 acc: 0.60
fold=5 label=1_vs_3 | epoch 140 | train loss: 0.3455 bal_acc: 0.98 acc: 0.98 | val loss: 0.6787 bal_loss: 0.6787 bal_acc: 0.62 acc: 0.62
fold=5 label=1_vs_3 | epoch 150 | train loss: 0.3319 bal_acc: 0.98 acc: 0.98 | val loss: 0.6788 bal_loss: 0.6788 bal_acc: 0.55 acc: 0.55
fold=5 label=1_vs_3 | epoch 160 | train loss: 0.3019 bal_acc: 0.97 acc: 0.97 | val loss: 0.6781 bal_loss: 0.6781 bal_acc: 0.55 acc: 0.55
fold=5 label=1_vs_3 | epoch 170 | train loss: 0.2491 bal_acc: 1.00 acc: 1.00 | val loss: 0.6782 bal_loss: 0.6782 bal_acc: 0.52 acc: 0.53
fold=5 label=1_vs_3 | epoch 180 | train loss: 0.2456 bal_acc: 1.00 acc: 1.00 | val loss: 0.6801 bal_loss: 0.6801 bal_acc: 0.47 acc: 0.47
fold=5 label=1_vs_3 | epoch 190 | train loss: 0.1845 bal_acc: 0.99 acc: 0.99 | val loss: 0.6835 bal_loss: 0.6835 bal_acc: 0.50 acc: 0.50
fold=5 label=1_vs_3 | epoch 200 | train loss: 0.1590 bal_acc: 1.00 acc: 1.00 | val loss: 0.6880 bal_loss: 0.6880 bal_acc: 0.45 acc: 0.45
fold=5 label=1_vs_3 | epoch 210 | train loss: 0.1325 bal_acc: 1.00 acc: 1.00 | val loss: 0.6925 bal_loss: 0.6925 bal_acc: 0.50 acc: 0.50
fold=5 label=1_vs_3 | epoch 220 | train loss: 0.1271 bal_acc: 1.00 acc: 1.00 | val loss: 0.6980 bal_loss: 0.6980 bal_acc: 0.50 acc: 0.50
fold=5 label=1_vs_3 | epoch 230 | train loss: 0.1034 bal_acc: 1.00 acc: 1.00 | val loss: 0.7041 bal_loss: 0.7041 bal_acc: 0.50 acc: 0.50
fold=5 label=1_vs_3 | epoch 240 | train loss: 0.0942 bal_acc: 1.00 acc: 1.00 | val loss: 0.7063 bal_loss: 0.7063 bal_acc: 0.52 acc: 0.53
fold=5 label=1_vs_3 | epoch 250 | train loss: 0.0721 bal_acc: 1.00 acc: 1.00 | val loss: 0.7102 bal_loss: 0.7102 bal_acc: 0.52 acc: 0.53
fold=5 label=1_vs_3 | epoch 260 | train loss: 0.0701 bal_acc: 1.00 acc: 1.00 | val loss: 0.7182 bal_loss: 0.7182 bal_acc: 0.52 acc: 0.53

Cross-validation summary (5 fold(s) run)
y_0: test bal_loss=0.702 +/- 0.009 | bal_acc=0.482 +/- 0.056 | test acc=0.316 +/- 0.132
y_2: test bal_loss=0.711 +/- 0.020 | bal_acc=0.520 +/- 0.056 | test acc=0.406 +/- 0.129
y_1_vs_3: test bal_loss=0.705 +/- 0.013 | bal_acc=0.555 +/- 0.068 | test acc=0.555 +/- 0.068
Cross-validation CSV: ./checkpoints/sub1_hjlee_nogit/v4_sub1_eegnet_all_days/20260629_172645/cross_validation.csv

Saved to: ./checkpoints/sub1_hjlee_nogit/v4_sub1_eegnet_all_days/20260629_172645
