Training configuration
  config=train_config_v2.json
  data_dir=./data/processed/260623_sub2_yjkim_raw
  input_file=X_eeg_raw.npy
  checkpoint_root=./checkpoints_eegnet_randomsplit/sub2_yjkim_nogit
  epochs=200
  batch_size=16
  lr=3e-05
  weight_decay=0.0001
  patience=50
  seed=42
  val_test_ratio=0.2
  weighted_sampler=True
  run_window_diagnostic=False
  window_size=256
  window_stride=128
  balance_rest_to_target=False
  run_5fold_cross_validation=True
  selection_metric=balanced_loss

Loading X_eeg_raw.npy...
Device: cuda | X: (500, 64, 1000) | run: ./checkpoints_eegnet_randomsplit/sub2_yjkim_nogit/20260626_114802
Data split: train=300 val=100 test=100
Original label distribution:
  train: label0=60 label1=60 label2=60 label3=60 label4=60 total=300
  val:   label0=20 label1=20 label2=20 label3=20 label4=20 total=100
  test:  label0=20 label1=20 label2=20 label3=20 label4=20 total=100

=== 5-fold cross-validation ===

--- fold 1/5: train=300 val=100 test=100 ---

fold=1 label=0
Binary label distribution:
  train: class0=60 class1=240 total=300
  val:   class0=20 class1=80 total=100
  test:  class0=20 class1=80 total=100
Original labels in this split:
  train: label0=60 label1=60 label2=60 label3=60 label4=60 total=300
  val:   label0=20 label1=20 label2=20 label3=20 label4=20 total=100
  test:  label0=20 label1=20 label2=20 label3=20 label4=20 total=100
fold=1 label=0 | epoch 001 | train loss: 0.6874 bal_acc: 0.51 acc: 0.50 | val loss: 0.6625 bal_loss: 0.6997 bal_acc: 0.49 acc: 0.78
fold=1 label=0 | epoch 010 | train loss: 0.6809 bal_acc: 0.56 acc: 0.57 | val loss: 0.6624 bal_loss: 0.6946 bal_acc: 0.51 acc: 0.73
fold=1 label=0 | epoch 020 | train loss: 0.6689 bal_acc: 0.60 acc: 0.63 | val loss: 0.6553 bal_loss: 0.6879 bal_acc: 0.53 acc: 0.72
fold=1 label=0 | epoch 030 | train loss: 0.6689 bal_acc: 0.59 acc: 0.56 | val loss: 0.6559 bal_loss: 0.6828 bal_acc: 0.64 acc: 0.73
fold=1 label=0 | epoch 040 | train loss: 0.6552 bal_acc: 0.63 acc: 0.62 | val loss: 0.6576 bal_loss: 0.6782 bal_acc: 0.66 acc: 0.72
fold=1 label=0 | epoch 050 | train loss: 0.6669 bal_acc: 0.60 acc: 0.61 | val loss: 0.6603 bal_loss: 0.6748 bal_acc: 0.68 acc: 0.70
fold=1 label=0 | epoch 060 | train loss: 0.6354 bal_acc: 0.67 acc: 0.66 | val loss: 0.6520 bal_loss: 0.6698 bal_acc: 0.69 acc: 0.71
fold=1 label=0 | epoch 070 | train loss: 0.6129 bal_acc: 0.68 acc: 0.68 | val loss: 0.6612 bal_loss: 0.6667 bal_acc: 0.67 acc: 0.65
fold=1 label=0 | epoch 080 | train loss: 0.6460 bal_acc: 0.63 acc: 0.63 | val loss: 0.6338 bal_loss: 0.6633 bal_acc: 0.69 acc: 0.72
fold=1 label=0 | epoch 090 | train loss: 0.6286 bal_acc: 0.65 acc: 0.64 | val loss: 0.6362 bal_loss: 0.6594 bal_acc: 0.69 acc: 0.72
fold=1 label=0 | epoch 100 | train loss: 0.6087 bal_acc: 0.68 acc: 0.68 | val loss: 0.6318 bal_loss: 0.6570 bal_acc: 0.69 acc: 0.71
fold=1 label=0 | epoch 110 | train loss: 0.6014 bal_acc: 0.68 acc: 0.68 | val loss: 0.6380 bal_loss: 0.6538 bal_acc: 0.67 acc: 0.65
fold=1 label=0 | epoch 120 | train loss: 0.5774 bal_acc: 0.68 acc: 0.68 | val loss: 0.6325 bal_loss: 0.6506 bal_acc: 0.67 acc: 0.66
fold=1 label=0 | epoch 130 | train loss: 0.5797 bal_acc: 0.72 acc: 0.72 | val loss: 0.6465 bal_loss: 0.6483 bal_acc: 0.63 acc: 0.59
fold=1 label=0 | epoch 140 | train loss: 0.5828 bal_acc: 0.68 acc: 0.68 | val loss: 0.6307 bal_loss: 0.6426 bal_acc: 0.67 acc: 0.65
fold=1 label=0 | epoch 150 | train loss: 0.5711 bal_acc: 0.74 acc: 0.74 | val loss: 0.5873 bal_loss: 0.6372 bal_acc: 0.69 acc: 0.72
fold=1 label=0 | epoch 160 | train loss: 0.5260 bal_acc: 0.75 acc: 0.75 | val loss: 0.5893 bal_loss: 0.6334 bal_acc: 0.69 acc: 0.71
fold=1 label=0 | epoch 170 | train loss: 0.5376 bal_acc: 0.74 acc: 0.74 | val loss: 0.5769 bal_loss: 0.6232 bal_acc: 0.69 acc: 0.71
fold=1 label=0 | epoch 180 | train loss: 0.5079 bal_acc: 0.77 acc: 0.77 | val loss: 0.5532 bal_loss: 0.6201 bal_acc: 0.73 acc: 0.77
fold=1 label=0 | epoch 190 | train loss: 0.5131 bal_acc: 0.74 acc: 0.74 | val loss: 0.5576 bal_loss: 0.6101 bal_acc: 0.70 acc: 0.73
fold=1 label=0 | epoch 200 | train loss: 0.5078 bal_acc: 0.78 acc: 0.78 | val loss: 0.5740 bal_loss: 0.6013 bal_acc: 0.74 acc: 0.73

fold=1 label=2
Binary label distribution:
  train: class0=60 class1=240 total=300
  val:   class0=20 class1=80 total=100
  test:  class0=20 class1=80 total=100
Original labels in this split:
  train: label0=60 label1=60 label2=60 label3=60 label4=60 total=300
  val:   label0=20 label1=20 label2=20 label3=20 label4=20 total=100
  test:  label0=20 label1=20 label2=20 label3=20 label4=20 total=100
fold=1 label=2 | epoch 001 | train loss: 0.7124 bal_acc: 0.44 acc: 0.45 | val loss: 0.6629 bal_loss: 0.6957 bal_acc: 0.49 acc: 0.78
fold=1 label=2 | epoch 010 | train loss: 0.6808 bal_acc: 0.58 acc: 0.58 | val loss: 0.6492 bal_loss: 0.6913 bal_acc: 0.54 acc: 0.77
fold=1 label=2 | epoch 020 | train loss: 0.6679 bal_acc: 0.60 acc: 0.61 | val loss: 0.6400 bal_loss: 0.6818 bal_acc: 0.53 acc: 0.76
fold=1 label=2 | epoch 030 | train loss: 0.6453 bal_acc: 0.62 acc: 0.64 | val loss: 0.6181 bal_loss: 0.6685 bal_acc: 0.56 acc: 0.78
fold=1 label=2 | epoch 040 | train loss: 0.6189 bal_acc: 0.70 acc: 0.68 | val loss: 0.5882 bal_loss: 0.6521 bal_acc: 0.62 acc: 0.78
fold=1 label=2 | epoch 050 | train loss: 0.5949 bal_acc: 0.69 acc: 0.68 | val loss: 0.5704 bal_loss: 0.6385 bal_acc: 0.62 acc: 0.76
fold=1 label=2 | epoch 060 | train loss: 0.5443 bal_acc: 0.78 acc: 0.77 | val loss: 0.5603 bal_loss: 0.6280 bal_acc: 0.61 acc: 0.74
fold=1 label=2 | epoch 070 | train loss: 0.5172 bal_acc: 0.83 acc: 0.83 | val loss: 0.5382 bal_loss: 0.6198 bal_acc: 0.66 acc: 0.79
fold=1 label=2 | epoch 080 | train loss: 0.5116 bal_acc: 0.80 acc: 0.79 | val loss: 0.5423 bal_loss: 0.6103 bal_acc: 0.67 acc: 0.77
fold=1 label=2 | epoch 090 | train loss: 0.4976 bal_acc: 0.81 acc: 0.81 | val loss: 0.5279 bal_loss: 0.6105 bal_acc: 0.71 acc: 0.80
fold=1 label=2 | epoch 100 | train loss: 0.4286 bal_acc: 0.86 acc: 0.86 | val loss: 0.5319 bal_loss: 0.5993 bal_acc: 0.69 acc: 0.77
fold=1 label=2 | epoch 110 | train loss: 0.4434 bal_acc: 0.83 acc: 0.83 | val loss: 0.5009 bal_loss: 0.6042 bal_acc: 0.71 acc: 0.81
fold=1 label=2 | epoch 120 | train loss: 0.4295 bal_acc: 0.82 acc: 0.82 | val loss: 0.4996 bal_loss: 0.5978 bal_acc: 0.73 acc: 0.81
fold=1 label=2 | epoch 130 | train loss: 0.4407 bal_acc: 0.84 acc: 0.84 | val loss: 0.4724 bal_loss: 0.6059 bal_acc: 0.71 acc: 0.81
fold=1 label=2 | epoch 140 | train loss: 0.4276 bal_acc: 0.82 acc: 0.83 | val loss: 0.4553 bal_loss: 0.6121 bal_acc: 0.72 acc: 0.82
fold=1 label=2 | epoch 150 | train loss: 0.3765 bal_acc: 0.86 acc: 0.86 | val loss: 0.4577 bal_loss: 0.6019 bal_acc: 0.74 acc: 0.83
fold=1 label=2 | epoch 160 | train loss: 0.3600 bal_acc: 0.89 acc: 0.89 | val loss: 0.4831 bal_loss: 0.5837 bal_acc: 0.73 acc: 0.81
fold=1 label=2 | epoch 170 | train loss: 0.3966 bal_acc: 0.82 acc: 0.82 | val loss: 0.4637 bal_loss: 0.5850 bal_acc: 0.74 acc: 0.83
fold=1 label=2 | epoch 180 | train loss: 0.3630 bal_acc: 0.85 acc: 0.85 | val loss: 0.4674 bal_loss: 0.5781 bal_acc: 0.73 acc: 0.81
fold=1 label=2 | epoch 190 | train loss: 0.3457 bal_acc: 0.87 acc: 0.87 | val loss: 0.4403 bal_loss: 0.5816 bal_acc: 0.74 acc: 0.82
fold=1 label=2 | epoch 200 | train loss: 0.3198 bal_acc: 0.90 acc: 0.90 | val loss: 0.4162 bal_loss: 0.5965 bal_acc: 0.75 acc: 0.84

fold=1 label=1_vs_3
Binary labels: class0=label1 class1=label3
Binary label distribution:
  train: class0=60 class1=60 total=120
  val:   class0=20 class1=20 total=40
  test:  class0=20 class1=20 total=40
Original labels in this split:
  train: label0=0 label1=60 label2=0 label3=60 label4=0 total=120
  val:   label0=0 label1=20 label2=0 label3=20 label4=0 total=40
  test:  label0=0 label1=20 label2=0 label3=20 label4=0 total=40
fold=1 label=1_vs_3 | epoch 001 | train loss: 0.7015 bal_acc: 0.51 acc: 0.49 | val loss: 0.6917 bal_loss: 0.6917 bal_acc: 0.50 acc: 0.50
fold=1 label=1_vs_3 | epoch 010 | train loss: 0.6905 bal_acc: 0.59 acc: 0.52 | val loss: 0.6749 bal_loss: 0.6749 bal_acc: 0.57 acc: 0.57
fold=1 label=1_vs_3 | epoch 020 | train loss: 0.6602 bal_acc: 0.62 acc: 0.63 | val loss: 0.6629 bal_loss: 0.6629 bal_acc: 0.60 acc: 0.60
fold=1 label=1_vs_3 | epoch 030 | train loss: 0.6627 bal_acc: 0.66 acc: 0.67 | val loss: 0.6529 bal_loss: 0.6529 bal_acc: 0.75 acc: 0.75
fold=1 label=1_vs_3 | epoch 040 | train loss: 0.6481 bal_acc: 0.75 acc: 0.72 | val loss: 0.6395 bal_loss: 0.6395 bal_acc: 0.73 acc: 0.72
fold=1 label=1_vs_3 | epoch 050 | train loss: 0.6201 bal_acc: 0.78 acc: 0.78 | val loss: 0.6276 bal_loss: 0.6276 bal_acc: 0.80 acc: 0.80
fold=1 label=1_vs_3 | epoch 060 | train loss: 0.5958 bal_acc: 0.81 acc: 0.80 | val loss: 0.6080 bal_loss: 0.6080 bal_acc: 0.82 acc: 0.82
fold=1 label=1_vs_3 | epoch 070 | train loss: 0.5916 bal_acc: 0.80 acc: 0.80 | val loss: 0.5968 bal_loss: 0.5968 bal_acc: 0.80 acc: 0.80
fold=1 label=1_vs_3 | epoch 080 | train loss: 0.5537 bal_acc: 0.81 acc: 0.82 | val loss: 0.5785 bal_loss: 0.5785 bal_acc: 0.82 acc: 0.82
fold=1 label=1_vs_3 | epoch 090 | train loss: 0.5469 bal_acc: 0.82 acc: 0.81 | val loss: 0.5625 bal_loss: 0.5625 bal_acc: 0.80 acc: 0.80
fold=1 label=1_vs_3 | epoch 100 | train loss: 0.5093 bal_acc: 0.86 acc: 0.85 | val loss: 0.5484 bal_loss: 0.5484 bal_acc: 0.80 acc: 0.80
fold=1 label=1_vs_3 | epoch 110 | train loss: 0.5346 bal_acc: 0.85 acc: 0.85 | val loss: 0.5242 bal_loss: 0.5242 bal_acc: 0.82 acc: 0.82
fold=1 label=1_vs_3 | epoch 120 | train loss: 0.5209 bal_acc: 0.80 acc: 0.81 | val loss: 0.5111 bal_loss: 0.5111 bal_acc: 0.80 acc: 0.80
fold=1 label=1_vs_3 | epoch 130 | train loss: 0.5137 bal_acc: 0.86 acc: 0.86 | val loss: 0.4944 bal_loss: 0.4944 bal_acc: 0.82 acc: 0.82
fold=1 label=1_vs_3 | epoch 140 | train loss: 0.4431 bal_acc: 0.90 acc: 0.90 | val loss: 0.4862 bal_loss: 0.4862 bal_acc: 0.82 acc: 0.82
fold=1 label=1_vs_3 | epoch 150 | train loss: 0.4858 bal_acc: 0.85 acc: 0.85 | val loss: 0.4688 bal_loss: 0.4688 bal_acc: 0.85 acc: 0.85
fold=1 label=1_vs_3 | epoch 160 | train loss: 0.4614 bal_acc: 0.88 acc: 0.88 | val loss: 0.4566 bal_loss: 0.4566 bal_acc: 0.85 acc: 0.85
fold=1 label=1_vs_3 | epoch 170 | train loss: 0.4392 bal_acc: 0.87 acc: 0.87 | val loss: 0.4492 bal_loss: 0.4492 bal_acc: 0.88 acc: 0.88
fold=1 label=1_vs_3 | epoch 180 | train loss: 0.4432 bal_acc: 0.86 acc: 0.85 | val loss: 0.4405 bal_loss: 0.4405 bal_acc: 0.85 acc: 0.85
fold=1 label=1_vs_3 | epoch 190 | train loss: 0.3520 bal_acc: 0.91 acc: 0.91 | val loss: 0.4305 bal_loss: 0.4305 bal_acc: 0.85 acc: 0.85
fold=1 label=1_vs_3 | epoch 200 | train loss: 0.3958 bal_acc: 0.87 acc: 0.88 | val loss: 0.4194 bal_loss: 0.4194 bal_acc: 0.88 acc: 0.88

--- fold 2/5: train=300 val=100 test=100 ---

fold=2 label=0
Binary label distribution:
  train: class0=60 class1=240 total=300
  val:   class0=20 class1=80 total=100
  test:  class0=20 class1=80 total=100
Original labels in this split:
  train: label0=60 label1=60 label2=60 label3=60 label4=60 total=300
  val:   label0=20 label1=20 label2=20 label3=20 label4=20 total=100
  test:  label0=20 label1=20 label2=20 label3=20 label4=20 total=100
fold=2 label=0 | epoch 001 | train loss: 0.6930 bal_acc: 0.50 acc: 0.50 | val loss: 0.6546 bal_loss: 0.6954 bal_acc: 0.50 acc: 0.80
fold=2 label=0 | epoch 010 | train loss: 0.6834 bal_acc: 0.52 acc: 0.53 | val loss: 0.6470 bal_loss: 0.6827 bal_acc: 0.56 acc: 0.77
fold=2 label=0 | epoch 020 | train loss: 0.6866 bal_acc: 0.54 acc: 0.53 | val loss: 0.6427 bal_loss: 0.6731 bal_acc: 0.67 acc: 0.81
fold=2 label=0 | epoch 030 | train loss: 0.6796 bal_acc: 0.59 acc: 0.58 | val loss: 0.6379 bal_loss: 0.6676 bal_acc: 0.64 acc: 0.76
fold=2 label=0 | epoch 040 | train loss: 0.6599 bal_acc: 0.64 acc: 0.65 | val loss: 0.6367 bal_loss: 0.6594 bal_acc: 0.69 acc: 0.75
fold=2 label=0 | epoch 050 | train loss: 0.6620 bal_acc: 0.62 acc: 0.61 | val loss: 0.6359 bal_loss: 0.6549 bal_acc: 0.73 acc: 0.75
fold=2 label=0 | epoch 060 | train loss: 0.6565 bal_acc: 0.60 acc: 0.61 | val loss: 0.6235 bal_loss: 0.6467 bal_acc: 0.69 acc: 0.75
fold=2 label=0 | epoch 070 | train loss: 0.6440 bal_acc: 0.64 acc: 0.65 | val loss: 0.6255 bal_loss: 0.6437 bal_acc: 0.74 acc: 0.76
fold=2 label=0 | epoch 080 | train loss: 0.6225 bal_acc: 0.70 acc: 0.70 | val loss: 0.6136 bal_loss: 0.6427 bal_acc: 0.74 acc: 0.77
fold=2 label=0 | epoch 090 | train loss: 0.6402 bal_acc: 0.62 acc: 0.62 | val loss: 0.6150 bal_loss: 0.6397 bal_acc: 0.72 acc: 0.73
fold=2 label=0 | epoch 100 | train loss: 0.6391 bal_acc: 0.66 acc: 0.66 | val loss: 0.6249 bal_loss: 0.6388 bal_acc: 0.76 acc: 0.73
fold=2 label=0 | epoch 110 | train loss: 0.6244 bal_acc: 0.66 acc: 0.65 | val loss: 0.6066 bal_loss: 0.6340 bal_acc: 0.73 acc: 0.74
fold=2 label=0 | epoch 120 | train loss: 0.6088 bal_acc: 0.67 acc: 0.67 | val loss: 0.5976 bal_loss: 0.6344 bal_acc: 0.71 acc: 0.74
fold=2 label=0 | epoch 130 | train loss: 0.6221 bal_acc: 0.65 acc: 0.65 | val loss: 0.6124 bal_loss: 0.6343 bal_acc: 0.73 acc: 0.71
fold=2 label=0 | epoch 140 | train loss: 0.5927 bal_acc: 0.72 acc: 0.72 | val loss: 0.6086 bal_loss: 0.6318 bal_acc: 0.70 acc: 0.70
fold=2 label=0 | epoch 150 | train loss: 0.5745 bal_acc: 0.72 acc: 0.72 | val loss: 0.5894 bal_loss: 0.6376 bal_acc: 0.70 acc: 0.73
fold=2 label=0 | epoch 160 | train loss: 0.5637 bal_acc: 0.75 acc: 0.75 | val loss: 0.5980 bal_loss: 0.6328 bal_acc: 0.73 acc: 0.74
fold=2 label=0 | epoch 170 | train loss: 0.5705 bal_acc: 0.71 acc: 0.71 | val loss: 0.5966 bal_loss: 0.6328 bal_acc: 0.69 acc: 0.72
fold=2 label=0 | epoch 180 | train loss: 0.5674 bal_acc: 0.71 acc: 0.71 | val loss: 0.5847 bal_loss: 0.6279 bal_acc: 0.69 acc: 0.74
fold=2 label=0 | epoch 190 | train loss: 0.5327 bal_acc: 0.77 acc: 0.77 | val loss: 0.5975 bal_loss: 0.6271 bal_acc: 0.69 acc: 0.72
fold=2 label=0 | epoch 200 | train loss: 0.5466 bal_acc: 0.74 acc: 0.74 | val loss: 0.6035 bal_loss: 0.6232 bal_acc: 0.68 acc: 0.70

fold=2 label=2
Binary label distribution:
  train: class0=60 class1=240 total=300
  val:   class0=20 class1=80 total=100
  test:  class0=20 class1=80 total=100
Original labels in this split:
  train: label0=60 label1=60 label2=60 label3=60 label4=60 total=300
  val:   label0=20 label1=20 label2=20 label3=20 label4=20 total=100
  test:  label0=20 label1=20 label2=20 label3=20 label4=20 total=100
fold=2 label=2 | epoch 001 | train loss: 0.7174 bal_acc: 0.47 acc: 0.44 | val loss: 0.6637 bal_loss: 0.7025 bal_acc: 0.49 acc: 0.78
fold=2 label=2 | epoch 010 | train loss: 0.6901 bal_acc: 0.61 acc: 0.58 | val loss: 0.6542 bal_loss: 0.7023 bal_acc: 0.53 acc: 0.76
fold=2 label=2 | epoch 020 | train loss: 0.6601 bal_acc: 0.64 acc: 0.63 | val loss: 0.6312 bal_loss: 0.6913 bal_acc: 0.54 acc: 0.77
fold=2 label=2 | epoch 030 | train loss: 0.6383 bal_acc: 0.65 acc: 0.66 | val loss: 0.6165 bal_loss: 0.6760 bal_acc: 0.53 acc: 0.76
fold=2 label=2 | epoch 040 | train loss: 0.6098 bal_acc: 0.72 acc: 0.72 | val loss: 0.5929 bal_loss: 0.6624 bal_acc: 0.54 acc: 0.75
fold=2 label=2 | epoch 050 | train loss: 0.5840 bal_acc: 0.73 acc: 0.73 | val loss: 0.5734 bal_loss: 0.6504 bal_acc: 0.61 acc: 0.77
fold=2 label=2 | epoch 060 | train loss: 0.5707 bal_acc: 0.75 acc: 0.75 | val loss: 0.5559 bal_loss: 0.6394 bal_acc: 0.64 acc: 0.76
fold=2 label=2 | epoch 070 | train loss: 0.5458 bal_acc: 0.77 acc: 0.77 | val loss: 0.5690 bal_loss: 0.6189 bal_acc: 0.73 acc: 0.77
fold=2 label=2 | epoch 080 | train loss: 0.5029 bal_acc: 0.81 acc: 0.81 | val loss: 0.5667 bal_loss: 0.6041 bal_acc: 0.70 acc: 0.73
fold=2 label=2 | epoch 090 | train loss: 0.5298 bal_acc: 0.77 acc: 0.77 | val loss: 0.5478 bal_loss: 0.6031 bal_acc: 0.68 acc: 0.73
fold=2 label=2 | epoch 100 | train loss: 0.4986 bal_acc: 0.77 acc: 0.77 | val loss: 0.5306 bal_loss: 0.5983 bal_acc: 0.72 acc: 0.76
fold=2 label=2 | epoch 110 | train loss: 0.4521 bal_acc: 0.84 acc: 0.84 | val loss: 0.5092 bal_loss: 0.5882 bal_acc: 0.73 acc: 0.78
fold=2 label=2 | epoch 120 | train loss: 0.4948 bal_acc: 0.78 acc: 0.78 | val loss: 0.5140 bal_loss: 0.5708 bal_acc: 0.73 acc: 0.77
fold=2 label=2 | epoch 130 | train loss: 0.4307 bal_acc: 0.83 acc: 0.83 | val loss: 0.5073 bal_loss: 0.5553 bal_acc: 0.74 acc: 0.76
fold=2 label=2 | epoch 140 | train loss: 0.4287 bal_acc: 0.83 acc: 0.83 | val loss: 0.4876 bal_loss: 0.5522 bal_acc: 0.75 acc: 0.78
fold=2 label=2 | epoch 150 | train loss: 0.4261 bal_acc: 0.81 acc: 0.81 | val loss: 0.4677 bal_loss: 0.5608 bal_acc: 0.77 acc: 0.81
fold=2 label=2 | epoch 160 | train loss: 0.4266 bal_acc: 0.82 acc: 0.82 | val loss: 0.4706 bal_loss: 0.5390 bal_acc: 0.76 acc: 0.80
fold=2 label=2 | epoch 170 | train loss: 0.3996 bal_acc: 0.84 acc: 0.84 | val loss: 0.4405 bal_loss: 0.5454 bal_acc: 0.77 acc: 0.81
fold=2 label=2 | epoch 180 | train loss: 0.4048 bal_acc: 0.83 acc: 0.83 | val loss: 0.4292 bal_loss: 0.5426 bal_acc: 0.79 acc: 0.85
fold=2 label=2 | epoch 190 | train loss: 0.3857 bal_acc: 0.83 acc: 0.83 | val loss: 0.4233 bal_loss: 0.5314 bal_acc: 0.79 acc: 0.85
fold=2 label=2 | epoch 200 | train loss: 0.3570 bal_acc: 0.86 acc: 0.86 | val loss: 0.4374 bal_loss: 0.5153 bal_acc: 0.78 acc: 0.80

fold=2 label=1_vs_3
Binary labels: class0=label1 class1=label3
Binary label distribution:
  train: class0=60 class1=60 total=120
  val:   class0=20 class1=20 total=40
  test:  class0=20 class1=20 total=40
Original labels in this split:
  train: label0=0 label1=60 label2=0 label3=60 label4=0 total=120
  val:   label0=0 label1=20 label2=0 label3=20 label4=0 total=40
  test:  label0=0 label1=20 label2=0 label3=20 label4=0 total=40
fold=2 label=1_vs_3 | epoch 001 | train loss: 0.6909 bal_acc: 0.55 acc: 0.60 | val loss: 0.6911 bal_loss: 0.6911 bal_acc: 0.50 acc: 0.50
fold=2 label=1_vs_3 | epoch 010 | train loss: 0.6842 bal_acc: 0.56 acc: 0.55 | val loss: 0.6767 bal_loss: 0.6767 bal_acc: 0.62 acc: 0.62
fold=2 label=1_vs_3 | epoch 020 | train loss: 0.6771 bal_acc: 0.63 acc: 0.60 | val loss: 0.6672 bal_loss: 0.6672 bal_acc: 0.68 acc: 0.68
fold=2 label=1_vs_3 | epoch 030 | train loss: 0.6514 bal_acc: 0.70 acc: 0.69 | val loss: 0.6569 bal_loss: 0.6569 bal_acc: 0.68 acc: 0.68
fold=2 label=1_vs_3 | epoch 040 | train loss: 0.6297 bal_acc: 0.76 acc: 0.75 | val loss: 0.6430 bal_loss: 0.6430 bal_acc: 0.70 acc: 0.70
fold=2 label=1_vs_3 | epoch 050 | train loss: 0.6320 bal_acc: 0.74 acc: 0.76 | val loss: 0.6256 bal_loss: 0.6256 bal_acc: 0.75 acc: 0.75
fold=2 label=1_vs_3 | epoch 060 | train loss: 0.5787 bal_acc: 0.82 acc: 0.82 | val loss: 0.6082 bal_loss: 0.6082 bal_acc: 0.75 acc: 0.75
fold=2 label=1_vs_3 | epoch 070 | train loss: 0.5481 bal_acc: 0.84 acc: 0.85 | val loss: 0.5966 bal_loss: 0.5966 bal_acc: 0.75 acc: 0.75
fold=2 label=1_vs_3 | epoch 080 | train loss: 0.5452 bal_acc: 0.85 acc: 0.85 | val loss: 0.5696 bal_loss: 0.5696 bal_acc: 0.77 acc: 0.78
fold=2 label=1_vs_3 | epoch 090 | train loss: 0.4969 bal_acc: 0.89 acc: 0.89 | val loss: 0.5545 bal_loss: 0.5545 bal_acc: 0.80 acc: 0.80
fold=2 label=1_vs_3 | epoch 100 | train loss: 0.5195 bal_acc: 0.85 acc: 0.84 | val loss: 0.5419 bal_loss: 0.5419 bal_acc: 0.80 acc: 0.80
fold=2 label=1_vs_3 | epoch 110 | train loss: 0.4993 bal_acc: 0.87 acc: 0.88 | val loss: 0.5197 bal_loss: 0.5197 bal_acc: 0.82 acc: 0.82
fold=2 label=1_vs_3 | epoch 120 | train loss: 0.5035 bal_acc: 0.84 acc: 0.84 | val loss: 0.5037 bal_loss: 0.5037 bal_acc: 0.82 acc: 0.82
fold=2 label=1_vs_3 | epoch 130 | train loss: 0.4539 bal_acc: 0.88 acc: 0.87 | val loss: 0.4974 bal_loss: 0.4974 bal_acc: 0.82 acc: 0.82
fold=2 label=1_vs_3 | epoch 140 | train loss: 0.4897 bal_acc: 0.83 acc: 0.82 | val loss: 0.4721 bal_loss: 0.4721 bal_acc: 0.82 acc: 0.82
fold=2 label=1_vs_3 | epoch 150 | train loss: 0.4116 bal_acc: 0.91 acc: 0.92 | val loss: 0.4603 bal_loss: 0.4603 bal_acc: 0.82 acc: 0.82
fold=2 label=1_vs_3 | epoch 160 | train loss: 0.4374 bal_acc: 0.83 acc: 0.83 | val loss: 0.4641 bal_loss: 0.4641 bal_acc: 0.88 acc: 0.88
fold=2 label=1_vs_3 | epoch 170 | train loss: 0.4806 bal_acc: 0.82 acc: 0.82 | val loss: 0.4365 bal_loss: 0.4365 bal_acc: 0.80 acc: 0.80
fold=2 label=1_vs_3 | epoch 180 | train loss: 0.3682 bal_acc: 0.91 acc: 0.91 | val loss: 0.4363 bal_loss: 0.4363 bal_acc: 0.82 acc: 0.82
fold=2 label=1_vs_3 | epoch 190 | train loss: 0.3712 bal_acc: 0.94 acc: 0.94 | val loss: 0.4176 bal_loss: 0.4176 bal_acc: 0.85 acc: 0.85
fold=2 label=1_vs_3 | epoch 200 | train loss: 0.3567 bal_acc: 0.92 acc: 0.93 | val loss: 0.4040 bal_loss: 0.4040 bal_acc: 0.88 acc: 0.88

--- fold 3/5: train=300 val=100 test=100 ---

fold=3 label=0
Binary label distribution:
  train: class0=60 class1=240 total=300
  val:   class0=20 class1=80 total=100
  test:  class0=20 class1=80 total=100
Original labels in this split:
  train: label0=60 label1=60 label2=60 label3=60 label4=60 total=300
  val:   label0=20 label1=20 label2=20 label3=20 label4=20 total=100
  test:  label0=20 label1=20 label2=20 label3=20 label4=20 total=100
fold=3 label=0 | epoch 001 | train loss: 0.6961 bal_acc: 0.47 acc: 0.48 | val loss: 0.6537 bal_loss: 0.6940 bal_acc: 0.49 acc: 0.79
fold=3 label=0 | epoch 010 | train loss: 0.6943 bal_acc: 0.49 acc: 0.51 | val loss: 0.6411 bal_loss: 0.6822 bal_acc: 0.52 acc: 0.77
fold=3 label=0 | epoch 020 | train loss: 0.6864 bal_acc: 0.56 acc: 0.55 | val loss: 0.6340 bal_loss: 0.6756 bal_acc: 0.58 acc: 0.81
fold=3 label=0 | epoch 030 | train loss: 0.6681 bal_acc: 0.61 acc: 0.63 | val loss: 0.6361 bal_loss: 0.6710 bal_acc: 0.59 acc: 0.77
fold=3 label=0 | epoch 040 | train loss: 0.6665 bal_acc: 0.60 acc: 0.61 | val loss: 0.6308 bal_loss: 0.6655 bal_acc: 0.68 acc: 0.78
fold=3 label=0 | epoch 050 | train loss: 0.6670 bal_acc: 0.62 acc: 0.60 | val loss: 0.6315 bal_loss: 0.6617 bal_acc: 0.68 acc: 0.75
fold=3 label=0 | epoch 060 | train loss: 0.6513 bal_acc: 0.66 acc: 0.66 | val loss: 0.6303 bal_loss: 0.6605 bal_acc: 0.66 acc: 0.73
fold=3 label=0 | epoch 070 | train loss: 0.6682 bal_acc: 0.57 acc: 0.58 | val loss: 0.6287 bal_loss: 0.6569 bal_acc: 0.62 acc: 0.67
fold=3 label=0 | epoch 080 | train loss: 0.6512 bal_acc: 0.67 acc: 0.67 | val loss: 0.6227 bal_loss: 0.6582 bal_acc: 0.61 acc: 0.68
fold=3 label=0 | epoch 090 | train loss: 0.6474 bal_acc: 0.64 acc: 0.64 | val loss: 0.6233 bal_loss: 0.6564 bal_acc: 0.64 acc: 0.67
fold=3 label=0 | epoch 100 | train loss: 0.6480 bal_acc: 0.61 acc: 0.61 | val loss: 0.6208 bal_loss: 0.6580 bal_acc: 0.63 acc: 0.65
fold=3 label=0 | epoch 110 | train loss: 0.6177 bal_acc: 0.66 acc: 0.66 | val loss: 0.6304 bal_loss: 0.6596 bal_acc: 0.69 acc: 0.65
fold=3 label=0 | epoch 120 | train loss: 0.6406 bal_acc: 0.63 acc: 0.63 | val loss: 0.6053 bal_loss: 0.6679 bal_acc: 0.61 acc: 0.67
fold=3 label=0 | epoch 130 | train loss: 0.5918 bal_acc: 0.70 acc: 0.70 | val loss: 0.6284 bal_loss: 0.6637 bal_acc: 0.67 acc: 0.65

fold=3 label=2
Binary label distribution:
  train: class0=60 class1=240 total=300
  val:   class0=20 class1=80 total=100
  test:  class0=20 class1=80 total=100
Original labels in this split:
  train: label0=60 label1=60 label2=60 label3=60 label4=60 total=300
  val:   label0=20 label1=20 label2=20 label3=20 label4=20 total=100
  test:  label0=20 label1=20 label2=20 label3=20 label4=20 total=100
fold=3 label=2 | epoch 001 | train loss: 0.7122 bal_acc: 0.47 acc: 0.47 | val loss: 0.6601 bal_loss: 0.6992 bal_acc: 0.49 acc: 0.79
fold=3 label=2 | epoch 010 | train loss: 0.6941 bal_acc: 0.57 acc: 0.57 | val loss: 0.6471 bal_loss: 0.6887 bal_acc: 0.58 acc: 0.78
fold=3 label=2 | epoch 020 | train loss: 0.6654 bal_acc: 0.63 acc: 0.63 | val loss: 0.6346 bal_loss: 0.6753 bal_acc: 0.57 acc: 0.76
fold=3 label=2 | epoch 030 | train loss: 0.6383 bal_acc: 0.66 acc: 0.66 | val loss: 0.6208 bal_loss: 0.6560 bal_acc: 0.56 acc: 0.75
fold=3 label=2 | epoch 040 | train loss: 0.6288 bal_acc: 0.69 acc: 0.70 | val loss: 0.6097 bal_loss: 0.6312 bal_acc: 0.68 acc: 0.76
fold=3 label=2 | epoch 050 | train loss: 0.6172 bal_acc: 0.71 acc: 0.70 | val loss: 0.5856 bal_loss: 0.6111 bal_acc: 0.67 acc: 0.74
fold=3 label=2 | epoch 060 | train loss: 0.5676 bal_acc: 0.77 acc: 0.77 | val loss: 0.5842 bal_loss: 0.5908 bal_acc: 0.71 acc: 0.75
fold=3 label=2 | epoch 070 | train loss: 0.5499 bal_acc: 0.75 acc: 0.75 | val loss: 0.5912 bal_loss: 0.5799 bal_acc: 0.71 acc: 0.72
fold=3 label=2 | epoch 080 | train loss: 0.5396 bal_acc: 0.76 acc: 0.76 | val loss: 0.5592 bal_loss: 0.5682 bal_acc: 0.74 acc: 0.76
fold=3 label=2 | epoch 090 | train loss: 0.5496 bal_acc: 0.73 acc: 0.73 | val loss: 0.5903 bal_loss: 0.5522 bal_acc: 0.73 acc: 0.71
fold=3 label=2 | epoch 100 | train loss: 0.4747 bal_acc: 0.84 acc: 0.84 | val loss: 0.5606 bal_loss: 0.5511 bal_acc: 0.73 acc: 0.75
fold=3 label=2 | epoch 110 | train loss: 0.5055 bal_acc: 0.77 acc: 0.77 | val loss: 0.5538 bal_loss: 0.5312 bal_acc: 0.74 acc: 0.73
fold=3 label=2 | epoch 120 | train loss: 0.4593 bal_acc: 0.86 acc: 0.85 | val loss: 0.5279 bal_loss: 0.5229 bal_acc: 0.74 acc: 0.76
fold=3 label=2 | epoch 130 | train loss: 0.4719 bal_acc: 0.80 acc: 0.80 | val loss: 0.5071 bal_loss: 0.5157 bal_acc: 0.74 acc: 0.77
fold=3 label=2 | epoch 140 | train loss: 0.3947 bal_acc: 0.89 acc: 0.89 | val loss: 0.4855 bal_loss: 0.5075 bal_acc: 0.75 acc: 0.78
fold=3 label=2 | epoch 150 | train loss: 0.4241 bal_acc: 0.87 acc: 0.87 | val loss: 0.4976 bal_loss: 0.4956 bal_acc: 0.74 acc: 0.77
fold=3 label=2 | epoch 160 | train loss: 0.3978 bal_acc: 0.88 acc: 0.88 | val loss: 0.4504 bal_loss: 0.4890 bal_acc: 0.75 acc: 0.78
fold=3 label=2 | epoch 170 | train loss: 0.3866 bal_acc: 0.86 acc: 0.86 | val loss: 0.4824 bal_loss: 0.4813 bal_acc: 0.77 acc: 0.78
fold=3 label=2 | epoch 180 | train loss: 0.3627 bal_acc: 0.87 acc: 0.87 | val loss: 0.4587 bal_loss: 0.4750 bal_acc: 0.74 acc: 0.77
fold=3 label=2 | epoch 190 | train loss: 0.4121 bal_acc: 0.82 acc: 0.82 | val loss: 0.4168 bal_loss: 0.4714 bal_acc: 0.76 acc: 0.79
fold=3 label=2 | epoch 200 | train loss: 0.3590 bal_acc: 0.88 acc: 0.88 | val loss: 0.4673 bal_loss: 0.4516 bal_acc: 0.81 acc: 0.79

fold=3 label=1_vs_3
Binary labels: class0=label1 class1=label3
Binary label distribution:
  train: class0=60 class1=60 total=120
  val:   class0=20 class1=20 total=40
  test:  class0=20 class1=20 total=40
Original labels in this split:
  train: label0=0 label1=60 label2=0 label3=60 label4=0 total=120
  val:   label0=0 label1=20 label2=0 label3=20 label4=0 total=40
  test:  label0=0 label1=20 label2=0 label3=20 label4=0 total=40
fold=3 label=1_vs_3 | epoch 001 | train loss: 0.6831 bal_acc: 0.57 acc: 0.57 | val loss: 0.6925 bal_loss: 0.6925 bal_acc: 0.50 acc: 0.50
fold=3 label=1_vs_3 | epoch 010 | train loss: 0.6773 bal_acc: 0.56 acc: 0.55 | val loss: 0.6794 bal_loss: 0.6794 bal_acc: 0.70 acc: 0.70
fold=3 label=1_vs_3 | epoch 020 | train loss: 0.6623 bal_acc: 0.69 acc: 0.70 | val loss: 0.6717 bal_loss: 0.6717 bal_acc: 0.75 acc: 0.75
fold=3 label=1_vs_3 | epoch 030 | train loss: 0.6656 bal_acc: 0.65 acc: 0.62 | val loss: 0.6589 bal_loss: 0.6589 bal_acc: 0.80 acc: 0.80
fold=3 label=1_vs_3 | epoch 040 | train loss: 0.6332 bal_acc: 0.71 acc: 0.70 | val loss: 0.6430 bal_loss: 0.6430 bal_acc: 0.77 acc: 0.78
fold=3 label=1_vs_3 | epoch 050 | train loss: 0.6450 bal_acc: 0.74 acc: 0.73 | val loss: 0.6221 bal_loss: 0.6221 bal_acc: 0.80 acc: 0.80
fold=3 label=1_vs_3 | epoch 060 | train loss: 0.6196 bal_acc: 0.77 acc: 0.77 | val loss: 0.6009 bal_loss: 0.6009 bal_acc: 0.80 acc: 0.80
fold=3 label=1_vs_3 | epoch 070 | train loss: 0.5983 bal_acc: 0.83 acc: 0.82 | val loss: 0.5704 bal_loss: 0.5704 bal_acc: 0.82 acc: 0.82
fold=3 label=1_vs_3 | epoch 080 | train loss: 0.5782 bal_acc: 0.80 acc: 0.80 | val loss: 0.5410 bal_loss: 0.5410 bal_acc: 0.85 acc: 0.85
fold=3 label=1_vs_3 | epoch 090 | train loss: 0.5543 bal_acc: 0.83 acc: 0.83 | val loss: 0.5283 bal_loss: 0.5283 bal_acc: 0.85 acc: 0.85
fold=3 label=1_vs_3 | epoch 100 | train loss: 0.5826 bal_acc: 0.74 acc: 0.74 | val loss: 0.4987 bal_loss: 0.4987 bal_acc: 0.88 acc: 0.88
fold=3 label=1_vs_3 | epoch 110 | train loss: 0.4969 bal_acc: 0.85 acc: 0.85 | val loss: 0.4716 bal_loss: 0.4716 bal_acc: 0.88 acc: 0.88
fold=3 label=1_vs_3 | epoch 120 | train loss: 0.4721 bal_acc: 0.88 acc: 0.88 | val loss: 0.4573 bal_loss: 0.4573 bal_acc: 0.90 acc: 0.90
fold=3 label=1_vs_3 | epoch 130 | train loss: 0.4412 bal_acc: 0.92 acc: 0.92 | val loss: 0.4371 bal_loss: 0.4371 bal_acc: 0.88 acc: 0.88
fold=3 label=1_vs_3 | epoch 140 | train loss: 0.4388 bal_acc: 0.91 acc: 0.91 | val loss: 0.4246 bal_loss: 0.4246 bal_acc: 0.88 acc: 0.88
fold=3 label=1_vs_3 | epoch 150 | train loss: 0.4871 bal_acc: 0.84 acc: 0.83 | val loss: 0.4036 bal_loss: 0.4036 bal_acc: 0.90 acc: 0.90
fold=3 label=1_vs_3 | epoch 160 | train loss: 0.4791 bal_acc: 0.85 acc: 0.86 | val loss: 0.4081 bal_loss: 0.4081 bal_acc: 0.90 acc: 0.90
fold=3 label=1_vs_3 | epoch 170 | train loss: 0.4831 bal_acc: 0.82 acc: 0.82 | val loss: 0.3927 bal_loss: 0.3927 bal_acc: 0.88 acc: 0.88
fold=3 label=1_vs_3 | epoch 180 | train loss: 0.4015 bal_acc: 0.90 acc: 0.90 | val loss: 0.3746 bal_loss: 0.3746 bal_acc: 0.88 acc: 0.88
fold=3 label=1_vs_3 | epoch 190 | train loss: 0.4038 bal_acc: 0.85 acc: 0.85 | val loss: 0.3703 bal_loss: 0.3703 bal_acc: 0.88 acc: 0.88
fold=3 label=1_vs_3 | epoch 200 | train loss: 0.3400 bal_acc: 0.94 acc: 0.93 | val loss: 0.3641 bal_loss: 0.3641 bal_acc: 0.88 acc: 0.88

--- fold 4/5: train=300 val=100 test=100 ---

fold=4 label=0
Binary label distribution:
  train: class0=60 class1=240 total=300
  val:   class0=20 class1=80 total=100
  test:  class0=20 class1=80 total=100
Original labels in this split:
  train: label0=60 label1=60 label2=60 label3=60 label4=60 total=300
  val:   label0=20 label1=20 label2=20 label3=20 label4=20 total=100
  test:  label0=20 label1=20 label2=20 label3=20 label4=20 total=100
fold=4 label=0 | epoch 001 | train loss: 0.6862 bal_acc: 0.49 acc: 0.50 | val loss: 0.6580 bal_loss: 0.6911 bal_acc: 0.49 acc: 0.78
fold=4 label=0 | epoch 010 | train loss: 0.6868 bal_acc: 0.55 acc: 0.53 | val loss: 0.6505 bal_loss: 0.6825 bal_acc: 0.45 acc: 0.69
fold=4 label=0 | epoch 020 | train loss: 0.6762 bal_acc: 0.62 acc: 0.62 | val loss: 0.6543 bal_loss: 0.6787 bal_acc: 0.56 acc: 0.69
fold=4 label=0 | epoch 030 | train loss: 0.6820 bal_acc: 0.58 acc: 0.59 | val loss: 0.6429 bal_loss: 0.6746 bal_acc: 0.57 acc: 0.71
fold=4 label=0 | epoch 040 | train loss: 0.6647 bal_acc: 0.59 acc: 0.60 | val loss: 0.6366 bal_loss: 0.6722 bal_acc: 0.57 acc: 0.71
fold=4 label=0 | epoch 050 | train loss: 0.6425 bal_acc: 0.65 acc: 0.65 | val loss: 0.6516 bal_loss: 0.6708 bal_acc: 0.59 acc: 0.64
fold=4 label=0 | epoch 060 | train loss: 0.6479 bal_acc: 0.66 acc: 0.65 | val loss: 0.6432 bal_loss: 0.6698 bal_acc: 0.59 acc: 0.64
fold=4 label=0 | epoch 070 | train loss: 0.6140 bal_acc: 0.71 acc: 0.71 | val loss: 0.6452 bal_loss: 0.6709 bal_acc: 0.60 acc: 0.63
fold=4 label=0 | epoch 080 | train loss: 0.6189 bal_acc: 0.68 acc: 0.68 | val loss: 0.6575 bal_loss: 0.6697 bal_acc: 0.60 acc: 0.60
fold=4 label=0 | epoch 090 | train loss: 0.5988 bal_acc: 0.71 acc: 0.71 | val loss: 0.6726 bal_loss: 0.6735 bal_acc: 0.59 acc: 0.55
fold=4 label=0 | epoch 100 | train loss: 0.5827 bal_acc: 0.76 acc: 0.76 | val loss: 0.6474 bal_loss: 0.6719 bal_acc: 0.65 acc: 0.65
fold=4 label=0 | epoch 110 | train loss: 0.5641 bal_acc: 0.74 acc: 0.74 | val loss: 0.6655 bal_loss: 0.6785 bal_acc: 0.63 acc: 0.62
fold=4 label=0 | epoch 120 | train loss: 0.5608 bal_acc: 0.75 acc: 0.75 | val loss: 0.6684 bal_loss: 0.6810 bal_acc: 0.62 acc: 0.57
fold=4 label=0 | epoch 130 | train loss: 0.5464 bal_acc: 0.76 acc: 0.75 | val loss: 0.6567 bal_loss: 0.6823 bal_acc: 0.65 acc: 0.62

fold=4 label=2
Binary label distribution:
  train: class0=60 class1=240 total=300
  val:   class0=20 class1=80 total=100
  test:  class0=20 class1=80 total=100
Original labels in this split:
  train: label0=60 label1=60 label2=60 label3=60 label4=60 total=300
  val:   label0=20 label1=20 label2=20 label3=20 label4=20 total=100
  test:  label0=20 label1=20 label2=20 label3=20 label4=20 total=100
fold=4 label=2 | epoch 001 | train loss: 0.7110 bal_acc: 0.46 acc: 0.47 | val loss: 0.6692 bal_loss: 0.7085 bal_acc: 0.49 acc: 0.79
fold=4 label=2 | epoch 010 | train loss: 0.6794 bal_acc: 0.63 acc: 0.60 | val loss: 0.6655 bal_loss: 0.7161 bal_acc: 0.49 acc: 0.70
fold=4 label=2 | epoch 020 | train loss: 0.6489 bal_acc: 0.64 acc: 0.67 | val loss: 0.6765 bal_loss: 0.7023 bal_acc: 0.52 acc: 0.71
fold=4 label=2 | epoch 030 | train loss: 0.6459 bal_acc: 0.62 acc: 0.62 | val loss: 0.6539 bal_loss: 0.6901 bal_acc: 0.49 acc: 0.70
fold=4 label=2 | epoch 040 | train loss: 0.6088 bal_acc: 0.76 acc: 0.76 | val loss: 0.6350 bal_loss: 0.6686 bal_acc: 0.60 acc: 0.72
fold=4 label=2 | epoch 050 | train loss: 0.5997 bal_acc: 0.72 acc: 0.72 | val loss: 0.5977 bal_loss: 0.6620 bal_acc: 0.59 acc: 0.73
fold=4 label=2 | epoch 060 | train loss: 0.5682 bal_acc: 0.76 acc: 0.75 | val loss: 0.6023 bal_loss: 0.6440 bal_acc: 0.64 acc: 0.72
fold=4 label=2 | epoch 070 | train loss: 0.5319 bal_acc: 0.77 acc: 0.77 | val loss: 0.5874 bal_loss: 0.6413 bal_acc: 0.68 acc: 0.75
fold=4 label=2 | epoch 080 | train loss: 0.5098 bal_acc: 0.81 acc: 0.80 | val loss: 0.5609 bal_loss: 0.6401 bal_acc: 0.66 acc: 0.75
fold=4 label=2 | epoch 090 | train loss: 0.4992 bal_acc: 0.79 acc: 0.79 | val loss: 0.5660 bal_loss: 0.6188 bal_acc: 0.68 acc: 0.73
fold=4 label=2 | epoch 100 | train loss: 0.4998 bal_acc: 0.78 acc: 0.78 | val loss: 0.5598 bal_loss: 0.6165 bal_acc: 0.67 acc: 0.74
fold=4 label=2 | epoch 110 | train loss: 0.4358 bal_acc: 0.86 acc: 0.86 | val loss: 0.5382 bal_loss: 0.5987 bal_acc: 0.73 acc: 0.77
fold=4 label=2 | epoch 120 | train loss: 0.4023 bal_acc: 0.86 acc: 0.86 | val loss: 0.5406 bal_loss: 0.5962 bal_acc: 0.71 acc: 0.75
fold=4 label=2 | epoch 130 | train loss: 0.4308 bal_acc: 0.83 acc: 0.83 | val loss: 0.5221 bal_loss: 0.6040 bal_acc: 0.70 acc: 0.76
fold=4 label=2 | epoch 140 | train loss: 0.4295 bal_acc: 0.83 acc: 0.83 | val loss: 0.5234 bal_loss: 0.5821 bal_acc: 0.75 acc: 0.78
fold=4 label=2 | epoch 150 | train loss: 0.3733 bal_acc: 0.87 acc: 0.87 | val loss: 0.5365 bal_loss: 0.5829 bal_acc: 0.73 acc: 0.74
fold=4 label=2 | epoch 160 | train loss: 0.3715 bal_acc: 0.85 acc: 0.85 | val loss: 0.5282 bal_loss: 0.5854 bal_acc: 0.74 acc: 0.76
fold=4 label=2 | epoch 170 | train loss: 0.3934 bal_acc: 0.86 acc: 0.86 | val loss: 0.5000 bal_loss: 0.5711 bal_acc: 0.74 acc: 0.77
fold=4 label=2 | epoch 180 | train loss: 0.3564 bal_acc: 0.88 acc: 0.88 | val loss: 0.4997 bal_loss: 0.5922 bal_acc: 0.75 acc: 0.78
fold=4 label=2 | epoch 190 | train loss: 0.3606 bal_acc: 0.86 acc: 0.86 | val loss: 0.5002 bal_loss: 0.5876 bal_acc: 0.74 acc: 0.77
fold=4 label=2 | epoch 200 | train loss: 0.3022 bal_acc: 0.89 acc: 0.89 | val loss: 0.5008 bal_loss: 0.5803 bal_acc: 0.74 acc: 0.77

fold=4 label=1_vs_3
Binary labels: class0=label1 class1=label3
Binary label distribution:
  train: class0=60 class1=60 total=120
  val:   class0=20 class1=20 total=40
  test:  class0=20 class1=20 total=40
Original labels in this split:
  train: label0=0 label1=60 label2=0 label3=60 label4=0 total=120
  val:   label0=0 label1=20 label2=0 label3=20 label4=0 total=40
  test:  label0=0 label1=20 label2=0 label3=20 label4=0 total=40
fold=4 label=1_vs_3 | epoch 001 | train loss: 0.6920 bal_acc: 0.56 acc: 0.57 | val loss: 0.6927 bal_loss: 0.6927 bal_acc: 0.50 acc: 0.50
fold=4 label=1_vs_3 | epoch 010 | train loss: 0.6807 bal_acc: 0.58 acc: 0.61 | val loss: 0.6837 bal_loss: 0.6837 bal_acc: 0.67 acc: 0.68
fold=4 label=1_vs_3 | epoch 020 | train loss: 0.6908 bal_acc: 0.59 acc: 0.53 | val loss: 0.6765 bal_loss: 0.6765 bal_acc: 0.65 acc: 0.65
fold=4 label=1_vs_3 | epoch 030 | train loss: 0.6616 bal_acc: 0.65 acc: 0.67 | val loss: 0.6667 bal_loss: 0.6667 bal_acc: 0.65 acc: 0.65
fold=4 label=1_vs_3 | epoch 040 | train loss: 0.6330 bal_acc: 0.73 acc: 0.74 | val loss: 0.6598 bal_loss: 0.6598 bal_acc: 0.65 acc: 0.65
fold=4 label=1_vs_3 | epoch 050 | train loss: 0.6375 bal_acc: 0.67 acc: 0.68 | val loss: 0.6483 bal_loss: 0.6483 bal_acc: 0.75 acc: 0.75
fold=4 label=1_vs_3 | epoch 060 | train loss: 0.6045 bal_acc: 0.79 acc: 0.78 | val loss: 0.6331 bal_loss: 0.6331 bal_acc: 0.77 acc: 0.78
fold=4 label=1_vs_3 | epoch 070 | train loss: 0.5898 bal_acc: 0.79 acc: 0.82 | val loss: 0.6147 bal_loss: 0.6147 bal_acc: 0.77 acc: 0.78
fold=4 label=1_vs_3 | epoch 080 | train loss: 0.5905 bal_acc: 0.73 acc: 0.74 | val loss: 0.6011 bal_loss: 0.6011 bal_acc: 0.77 acc: 0.78
fold=4 label=1_vs_3 | epoch 090 | train loss: 0.5806 bal_acc: 0.75 acc: 0.74 | val loss: 0.5853 bal_loss: 0.5853 bal_acc: 0.77 acc: 0.78
fold=4 label=1_vs_3 | epoch 100 | train loss: 0.5522 bal_acc: 0.79 acc: 0.78 | val loss: 0.5629 bal_loss: 0.5629 bal_acc: 0.77 acc: 0.78
fold=4 label=1_vs_3 | epoch 110 | train loss: 0.5530 bal_acc: 0.81 acc: 0.81 | val loss: 0.5452 bal_loss: 0.5452 bal_acc: 0.77 acc: 0.78
fold=4 label=1_vs_3 | epoch 120 | train loss: 0.5211 bal_acc: 0.82 acc: 0.82 | val loss: 0.5243 bal_loss: 0.5243 bal_acc: 0.77 acc: 0.78
fold=4 label=1_vs_3 | epoch 130 | train loss: 0.5327 bal_acc: 0.85 acc: 0.85 | val loss: 0.5086 bal_loss: 0.5086 bal_acc: 0.77 acc: 0.78
fold=4 label=1_vs_3 | epoch 140 | train loss: 0.5044 bal_acc: 0.85 acc: 0.85 | val loss: 0.5024 bal_loss: 0.5024 bal_acc: 0.77 acc: 0.78
fold=4 label=1_vs_3 | epoch 150 | train loss: 0.4445 bal_acc: 0.89 acc: 0.89 | val loss: 0.4821 bal_loss: 0.4821 bal_acc: 0.83 acc: 0.82
fold=4 label=1_vs_3 | epoch 160 | train loss: 0.3992 bal_acc: 0.90 acc: 0.90 | val loss: 0.4643 bal_loss: 0.4643 bal_acc: 0.80 acc: 0.80
fold=4 label=1_vs_3 | epoch 170 | train loss: 0.4459 bal_acc: 0.87 acc: 0.88 | val loss: 0.4479 bal_loss: 0.4479 bal_acc: 0.80 acc: 0.80
fold=4 label=1_vs_3 | epoch 180 | train loss: 0.4272 bal_acc: 0.85 acc: 0.86 | val loss: 0.4418 bal_loss: 0.4418 bal_acc: 0.85 acc: 0.85
fold=4 label=1_vs_3 | epoch 190 | train loss: 0.4371 bal_acc: 0.87 acc: 0.85 | val loss: 0.4214 bal_loss: 0.4214 bal_acc: 0.83 acc: 0.82
fold=4 label=1_vs_3 | epoch 200 | train loss: 0.4514 bal_acc: 0.85 acc: 0.86 | val loss: 0.4067 bal_loss: 0.4067 bal_acc: 0.85 acc: 0.85

--- fold 5/5: train=300 val=100 test=100 ---

fold=5 label=0
Binary label distribution:
  train: class0=60 class1=240 total=300
  val:   class0=20 class1=80 total=100
  test:  class0=20 class1=80 total=100
Original labels in this split:
  train: label0=60 label1=60 label2=60 label3=60 label4=60 total=300
  val:   label0=20 label1=20 label2=20 label3=20 label4=20 total=100
  test:  label0=20 label1=20 label2=20 label3=20 label4=20 total=100
fold=5 label=0 | epoch 001 | train loss: 0.7046 bal_acc: 0.51 acc: 0.49 | val loss: 0.6583 bal_loss: 0.6937 bal_acc: 0.50 acc: 0.80
fold=5 label=0 | epoch 010 | train loss: 0.6903 bal_acc: 0.53 acc: 0.53 | val loss: 0.6519 bal_loss: 0.6869 bal_acc: 0.52 acc: 0.75
fold=5 label=0 | epoch 020 | train loss: 0.6949 bal_acc: 0.52 acc: 0.49 | val loss: 0.6483 bal_loss: 0.6822 bal_acc: 0.61 acc: 0.77
fold=5 label=0 | epoch 030 | train loss: 0.6730 bal_acc: 0.57 acc: 0.56 | val loss: 0.6442 bal_loss: 0.6788 bal_acc: 0.60 acc: 0.75
fold=5 label=0 | epoch 040 | train loss: 0.6574 bal_acc: 0.65 acc: 0.66 | val loss: 0.6492 bal_loss: 0.6739 bal_acc: 0.61 acc: 0.70
fold=5 label=0 | epoch 050 | train loss: 0.6559 bal_acc: 0.62 acc: 0.63 | val loss: 0.6411 bal_loss: 0.6696 bal_acc: 0.60 acc: 0.69
fold=5 label=0 | epoch 060 | train loss: 0.6518 bal_acc: 0.64 acc: 0.63 | val loss: 0.6372 bal_loss: 0.6665 bal_acc: 0.58 acc: 0.66
fold=5 label=0 | epoch 070 | train loss: 0.6511 bal_acc: 0.62 acc: 0.63 | val loss: 0.6477 bal_loss: 0.6638 bal_acc: 0.57 acc: 0.62
fold=5 label=0 | epoch 080 | train loss: 0.6215 bal_acc: 0.67 acc: 0.67 | val loss: 0.6303 bal_loss: 0.6614 bal_acc: 0.60 acc: 0.66
fold=5 label=0 | epoch 090 | train loss: 0.6209 bal_acc: 0.65 acc: 0.64 | val loss: 0.6067 bal_loss: 0.6620 bal_acc: 0.60 acc: 0.69
fold=5 label=0 | epoch 100 | train loss: 0.6051 bal_acc: 0.67 acc: 0.66 | val loss: 0.6031 bal_loss: 0.6644 bal_acc: 0.59 acc: 0.68
fold=5 label=0 | epoch 110 | train loss: 0.6071 bal_acc: 0.65 acc: 0.65 | val loss: 0.6085 bal_loss: 0.6635 bal_acc: 0.62 acc: 0.66
fold=5 label=0 | epoch 120 | train loss: 0.5596 bal_acc: 0.77 acc: 0.77 | val loss: 0.6030 bal_loss: 0.6685 bal_acc: 0.59 acc: 0.68
fold=5 label=0 | epoch 130 | train loss: 0.5829 bal_acc: 0.71 acc: 0.71 | val loss: 0.6077 bal_loss: 0.6699 bal_acc: 0.59 acc: 0.67
fold=5 label=0 | epoch 140 | train loss: 0.5507 bal_acc: 0.75 acc: 0.75 | val loss: 0.5970 bal_loss: 0.6719 bal_acc: 0.61 acc: 0.70

fold=5 label=2
Binary label distribution:
  train: class0=60 class1=240 total=300
  val:   class0=20 class1=80 total=100
  test:  class0=20 class1=80 total=100
Original labels in this split:
  train: label0=60 label1=60 label2=60 label3=60 label4=60 total=300
  val:   label0=20 label1=20 label2=20 label3=20 label4=20 total=100
  test:  label0=20 label1=20 label2=20 label3=20 label4=20 total=100
fold=5 label=2 | epoch 001 | train loss: 0.7138 bal_acc: 0.46 acc: 0.45 | val loss: 0.6669 bal_loss: 0.6998 bal_acc: 0.52 acc: 0.80
fold=5 label=2 | epoch 010 | train loss: 0.6920 bal_acc: 0.54 acc: 0.56 | val loss: 0.6466 bal_loss: 0.6830 bal_acc: 0.61 acc: 0.83
fold=5 label=2 | epoch 020 | train loss: 0.6728 bal_acc: 0.59 acc: 0.60 | val loss: 0.6304 bal_loss: 0.6684 bal_acc: 0.63 acc: 0.83
fold=5 label=2 | epoch 030 | train loss: 0.6675 bal_acc: 0.61 acc: 0.59 | val loss: 0.6133 bal_loss: 0.6537 bal_acc: 0.62 acc: 0.81
fold=5 label=2 | epoch 040 | train loss: 0.6337 bal_acc: 0.71 acc: 0.71 | val loss: 0.5971 bal_loss: 0.6319 bal_acc: 0.69 acc: 0.80
fold=5 label=2 | epoch 050 | train loss: 0.6148 bal_acc: 0.73 acc: 0.73 | val loss: 0.5746 bal_loss: 0.6209 bal_acc: 0.68 acc: 0.79
fold=5 label=2 | epoch 060 | train loss: 0.5678 bal_acc: 0.77 acc: 0.77 | val loss: 0.5596 bal_loss: 0.6039 bal_acc: 0.69 acc: 0.77
fold=5 label=2 | epoch 070 | train loss: 0.5576 bal_acc: 0.79 acc: 0.79 | val loss: 0.5510 bal_loss: 0.5936 bal_acc: 0.71 acc: 0.77
fold=5 label=2 | epoch 080 | train loss: 0.5480 bal_acc: 0.78 acc: 0.78 | val loss: 0.5274 bal_loss: 0.5901 bal_acc: 0.66 acc: 0.75
fold=5 label=2 | epoch 090 | train loss: 0.5118 bal_acc: 0.79 acc: 0.79 | val loss: 0.5280 bal_loss: 0.5720 bal_acc: 0.73 acc: 0.77
fold=5 label=2 | epoch 100 | train loss: 0.5381 bal_acc: 0.75 acc: 0.75 | val loss: 0.4993 bal_loss: 0.5704 bal_acc: 0.71 acc: 0.78
fold=5 label=2 | epoch 110 | train loss: 0.4818 bal_acc: 0.79 acc: 0.79 | val loss: 0.4848 bal_loss: 0.5600 bal_acc: 0.72 acc: 0.79
fold=5 label=2 | epoch 120 | train loss: 0.4554 bal_acc: 0.86 acc: 0.86 | val loss: 0.4883 bal_loss: 0.5488 bal_acc: 0.74 acc: 0.79
fold=5 label=2 | epoch 130 | train loss: 0.4270 bal_acc: 0.83 acc: 0.83 | val loss: 0.4968 bal_loss: 0.5337 bal_acc: 0.75 acc: 0.78
fold=5 label=2 | epoch 140 | train loss: 0.4082 bal_acc: 0.83 acc: 0.83 | val loss: 0.4663 bal_loss: 0.5334 bal_acc: 0.74 acc: 0.79
fold=5 label=2 | epoch 150 | train loss: 0.4630 bal_acc: 0.83 acc: 0.83 | val loss: 0.4687 bal_loss: 0.5152 bal_acc: 0.73 acc: 0.78
fold=5 label=2 | epoch 160 | train loss: 0.4497 bal_acc: 0.81 acc: 0.81 | val loss: 0.4513 bal_loss: 0.5134 bal_acc: 0.76 acc: 0.80
fold=5 label=2 | epoch 170 | train loss: 0.3986 bal_acc: 0.87 acc: 0.87 | val loss: 0.4360 bal_loss: 0.5035 bal_acc: 0.74 acc: 0.79
fold=5 label=2 | epoch 180 | train loss: 0.4325 bal_acc: 0.81 acc: 0.80 | val loss: 0.4472 bal_loss: 0.4926 bal_acc: 0.79 acc: 0.81
fold=5 label=2 | epoch 190 | train loss: 0.3975 bal_acc: 0.84 acc: 0.84 | val loss: 0.4598 bal_loss: 0.4854 bal_acc: 0.78 acc: 0.80
fold=5 label=2 | epoch 200 | train loss: 0.3867 bal_acc: 0.86 acc: 0.86 | val loss: 0.4382 bal_loss: 0.4803 bal_acc: 0.76 acc: 0.79

fold=5 label=1_vs_3
Binary labels: class0=label1 class1=label3
Binary label distribution:
  train: class0=60 class1=60 total=120
  val:   class0=20 class1=20 total=40
  test:  class0=20 class1=20 total=40
Original labels in this split:
  train: label0=0 label1=60 label2=0 label3=60 label4=0 total=120
  val:   label0=0 label1=20 label2=0 label3=20 label4=0 total=40
  test:  label0=0 label1=20 label2=0 label3=20 label4=0 total=40
fold=5 label=1_vs_3 | epoch 001 | train loss: 0.6850 bal_acc: 0.58 acc: 0.55 | val loss: 0.6952 bal_loss: 0.6952 bal_acc: 0.50 acc: 0.50
fold=5 label=1_vs_3 | epoch 010 | train loss: 0.6884 bal_acc: 0.60 acc: 0.57 | val loss: 0.6859 bal_loss: 0.6859 bal_acc: 0.62 acc: 0.62
fold=5 label=1_vs_3 | epoch 020 | train loss: 0.6560 bal_acc: 0.70 acc: 0.71 | val loss: 0.6734 bal_loss: 0.6734 bal_acc: 0.75 acc: 0.75
fold=5 label=1_vs_3 | epoch 030 | train loss: 0.6550 bal_acc: 0.69 acc: 0.67 | val loss: 0.6594 bal_loss: 0.6594 bal_acc: 0.77 acc: 0.78
fold=5 label=1_vs_3 | epoch 040 | train loss: 0.6454 bal_acc: 0.73 acc: 0.73 | val loss: 0.6375 bal_loss: 0.6375 bal_acc: 0.77 acc: 0.78
fold=5 label=1_vs_3 | epoch 050 | train loss: 0.5956 bal_acc: 0.79 acc: 0.80 | val loss: 0.6165 bal_loss: 0.6165 bal_acc: 0.80 acc: 0.80
fold=5 label=1_vs_3 | epoch 060 | train loss: 0.6090 bal_acc: 0.79 acc: 0.79 | val loss: 0.5899 bal_loss: 0.5899 bal_acc: 0.85 acc: 0.85
fold=5 label=1_vs_3 | epoch 070 | train loss: 0.5958 bal_acc: 0.79 acc: 0.78 | val loss: 0.5630 bal_loss: 0.5630 bal_acc: 0.85 acc: 0.85
fold=5 label=1_vs_3 | epoch 080 | train loss: 0.5557 bal_acc: 0.87 acc: 0.86 | val loss: 0.5405 bal_loss: 0.5405 bal_acc: 0.90 acc: 0.90
fold=5 label=1_vs_3 | epoch 090 | train loss: 0.5404 bal_acc: 0.79 acc: 0.79 | val loss: 0.5309 bal_loss: 0.5309 bal_acc: 0.88 acc: 0.88
fold=5 label=1_vs_3 | epoch 100 | train loss: 0.5088 bal_acc: 0.82 acc: 0.82 | val loss: 0.4980 bal_loss: 0.4980 bal_acc: 0.92 acc: 0.93
fold=5 label=1_vs_3 | epoch 110 | train loss: 0.4494 bal_acc: 0.88 acc: 0.88 | val loss: 0.4766 bal_loss: 0.4766 bal_acc: 0.92 acc: 0.93
fold=5 label=1_vs_3 | epoch 120 | train loss: 0.4366 bal_acc: 0.92 acc: 0.93 | val loss: 0.4627 bal_loss: 0.4627 bal_acc: 0.92 acc: 0.93
fold=5 label=1_vs_3 | epoch 130 | train loss: 0.4552 bal_acc: 0.88 acc: 0.89 | val loss: 0.4375 bal_loss: 0.4375 bal_acc: 0.92 acc: 0.93
fold=5 label=1_vs_3 | epoch 140 | train loss: 0.4658 bal_acc: 0.87 acc: 0.86 | val loss: 0.4272 bal_loss: 0.4272 bal_acc: 0.92 acc: 0.93
fold=5 label=1_vs_3 | epoch 150 | train loss: 0.4476 bal_acc: 0.87 acc: 0.88 | val loss: 0.4153 bal_loss: 0.4153 bal_acc: 0.92 acc: 0.93
fold=5 label=1_vs_3 | epoch 160 | train loss: 0.4605 bal_acc: 0.82 acc: 0.83 | val loss: 0.3984 bal_loss: 0.3984 bal_acc: 0.92 acc: 0.93
fold=5 label=1_vs_3 | epoch 170 | train loss: 0.4702 bal_acc: 0.83 acc: 0.83 | val loss: 0.3877 bal_loss: 0.3877 bal_acc: 0.92 acc: 0.93
fold=5 label=1_vs_3 | epoch 180 | train loss: 0.4042 bal_acc: 0.90 acc: 0.90 | val loss: 0.3751 bal_loss: 0.3751 bal_acc: 0.92 acc: 0.93
fold=5 label=1_vs_3 | epoch 190 | train loss: 0.4860 bal_acc: 0.84 acc: 0.82 | val loss: 0.3751 bal_loss: 0.3751 bal_acc: 0.92 acc: 0.93
fold=5 label=1_vs_3 | epoch 200 | train loss: 0.3984 bal_acc: 0.87 acc: 0.88 | val loss: 0.3699 bal_loss: 0.3699 bal_acc: 0.92 acc: 0.93

5-fold cross-validation summary
y_0: test bal_loss=0.647 +/- 0.010 | bal_acc=0.615 +/- 0.028 | test acc=0.642 +/- 0.042
y_2: test bal_loss=0.500 +/- 0.072 | bal_acc=0.794 +/- 0.045 | test acc=0.808 +/- 0.040
y_1_vs_3: test bal_loss=0.401 +/- 0.023 | bal_acc=0.885 +/- 0.041 | test acc=0.885 +/- 0.041
Cross-validation CSV: ./checkpoints_eegnet_randomsplit/sub2_yjkim_nogit/20260626_114802/cross_validation.csv

Saved to: ./checkpoints_eegnet_randomsplit/sub2_yjkim_nogit/20260626_114802
