Training configuration
  config=./configs/train_config_v3.json
  model=eegnet
  patient=sub2_yjkim
  day=all_days
  patient_dir=./data/processed/sub2_yjkim
  input_file=X_eeg.npy
  checkpoint_root=./checkpoints/sub2_yjkim_nogit/v5_sub2_eegnet_lr_all_days
  epochs=300
  batch_size=16
  lr=5e-05
  weight_decay=0.0001
  patience=50
  seed=42
  val_test_ratio=0.2
  weighted_sampler=True
  run_window_diagnostic=False
  window_size=256
  window_stride=128
  balance_rest_to_target=False
  run_5fold_cross_validation=True
  selection_metric=balanced_loss

Loading all days from ./data/processed/sub2_yjkim...
Loaded days: 260527, 260528, 260601, 260602, 260623
Device: cuda | X: (1952, 64, 1000) | run: ./checkpoints/sub2_yjkim_nogit/v5_sub2_eegnet_lr_all_days/20260629_112944
Data split: train=1171 val=390 test=391
Day distribution:
  train: 260527=150 260528=181 260601=300 260602=240 260623=300 total=1171
  val:   260527=50 260528=60 260601=100 260602=80 260623=100 total=390
  test:  260527=50 260528=61 260601=100 260602=80 260623=100 total=391
Original label distribution:
  train: label0=236 label1=229 label2=232 label3=238 label4=236 total=1171
  val:   label0=78 label1=76 label2=78 label3=79 label4=79 total=390
  test:  label0=79 label1=76 label2=77 label3=80 label4=79 total=391

=== 5-fold cross-validation ===

--- fold 1/5: train=1170 val=391 test=391 ---
Day distribution:
  train: 260527=150 260528=180 260601=300 260602=240 260623=300 total=1170
  val:   260527=50 260528=61 260601=100 260602=80 260623=100 total=391
  test:  260527=50 260528=61 260601=100 260602=80 260623=100 total=391

fold=1 label=0
Binary label distribution:
  train: class0=236 class1=934 total=1170
  val:   class0=79 class1=312 total=391
  test:  class0=78 class1=313 total=391
Original labels in this split:
  train: label0=236 label1=229 label2=232 label3=237 label4=236 total=1170
  val:   label0=79 label1=76 label2=77 label3=80 label4=79 total=391
  test:  label0=78 label1=76 label2=78 label3=80 label4=79 total=391
fold=1 label=0 | epoch 001 | train loss: 0.6980 bal_acc: 0.56 acc: 0.56 | val loss: 0.6774 bal_loss: 0.6810 bal_acc: 0.65 acc: 0.67
fold=1 label=0 | epoch 010 | train loss: 0.5173 bal_acc: 0.76 acc: 0.76 | val loss: 0.5344 bal_loss: 0.5293 bal_acc: 0.77 acc: 0.75
fold=1 label=0 | epoch 020 | train loss: 0.4173 bal_acc: 0.81 acc: 0.81 | val loss: 0.4624 bal_loss: 0.4483 bal_acc: 0.78 acc: 0.79
fold=1 label=0 | epoch 030 | train loss: 0.3799 bal_acc: 0.83 acc: 0.83 | val loss: 0.4007 bal_loss: 0.4064 bal_acc: 0.86 acc: 0.85
fold=1 label=0 | epoch 040 | train loss: 0.3287 bal_acc: 0.86 acc: 0.85 | val loss: 0.3539 bal_loss: 0.3727 bal_acc: 0.86 acc: 0.87
fold=1 label=0 | epoch 050 | train loss: 0.3004 bal_acc: 0.87 acc: 0.87 | val loss: 0.3340 bal_loss: 0.3585 bal_acc: 0.86 acc: 0.87
fold=1 label=0 | epoch 060 | train loss: 0.2769 bal_acc: 0.88 acc: 0.88 | val loss: 0.3228 bal_loss: 0.3528 bal_acc: 0.87 acc: 0.88
fold=1 label=0 | epoch 070 | train loss: 0.2732 bal_acc: 0.88 acc: 0.88 | val loss: 0.3159 bal_loss: 0.3431 bal_acc: 0.87 acc: 0.88
fold=1 label=0 | epoch 080 | train loss: 0.2353 bal_acc: 0.90 acc: 0.90 | val loss: 0.3030 bal_loss: 0.3470 bal_acc: 0.88 acc: 0.90
fold=1 label=0 | epoch 090 | train loss: 0.2304 bal_acc: 0.89 acc: 0.89 | val loss: 0.2944 bal_loss: 0.3482 bal_acc: 0.87 acc: 0.89
fold=1 label=0 | epoch 100 | train loss: 0.1877 bal_acc: 0.92 acc: 0.92 | val loss: 0.2973 bal_loss: 0.3646 bal_acc: 0.88 acc: 0.90
fold=1 label=0 | epoch 110 | train loss: 0.1843 bal_acc: 0.93 acc: 0.93 | val loss: 0.2831 bal_loss: 0.3471 bal_acc: 0.87 acc: 0.90
fold=1 label=0 | epoch 120 | train loss: 0.1810 bal_acc: 0.93 acc: 0.93 | val loss: 0.2744 bal_loss: 0.3563 bal_acc: 0.88 acc: 0.91
fold=1 label=0 | epoch 130 | train loss: 0.1544 bal_acc: 0.94 acc: 0.94 | val loss: 0.2792 bal_loss: 0.3657 bal_acc: 0.88 acc: 0.90
fold=1 label=0 | epoch 140 | train loss: 0.1461 bal_acc: 0.95 acc: 0.95 | val loss: 0.2868 bal_loss: 0.3691 bal_acc: 0.88 acc: 0.90

fold=1 label=2
Binary label distribution:
  train: class0=232 class1=938 total=1170
  val:   class0=77 class1=314 total=391
  test:  class0=78 class1=313 total=391
Original labels in this split:
  train: label0=236 label1=229 label2=232 label3=237 label4=236 total=1170
  val:   label0=79 label1=76 label2=77 label3=80 label4=79 total=391
  test:  label0=78 label1=76 label2=78 label3=80 label4=79 total=391
fold=1 label=2 | epoch 001 | train loss: 0.7078 bal_acc: 0.52 acc: 0.52 | val loss: 0.6896 bal_loss: 0.6881 bal_acc: 0.55 acc: 0.55
fold=1 label=2 | epoch 010 | train loss: 0.5224 bal_acc: 0.76 acc: 0.76 | val loss: 0.5691 bal_loss: 0.5480 bal_acc: 0.71 acc: 0.72
fold=1 label=2 | epoch 020 | train loss: 0.4199 bal_acc: 0.82 acc: 0.82 | val loss: 0.4667 bal_loss: 0.4834 bal_acc: 0.78 acc: 0.79
fold=1 label=2 | epoch 030 | train loss: 0.3596 bal_acc: 0.84 acc: 0.84 | val loss: 0.4484 bal_loss: 0.4463 bal_acc: 0.81 acc: 0.81
fold=1 label=2 | epoch 040 | train loss: 0.3192 bal_acc: 0.87 acc: 0.87 | val loss: 0.4167 bal_loss: 0.4236 bal_acc: 0.83 acc: 0.83
fold=1 label=2 | epoch 050 | train loss: 0.2600 bal_acc: 0.89 acc: 0.89 | val loss: 0.4002 bal_loss: 0.3895 bal_acc: 0.83 acc: 0.83
fold=1 label=2 | epoch 060 | train loss: 0.2591 bal_acc: 0.89 acc: 0.89 | val loss: 0.3869 bal_loss: 0.3736 bal_acc: 0.84 acc: 0.84
fold=1 label=2 | epoch 070 | train loss: 0.2239 bal_acc: 0.91 acc: 0.91 | val loss: 0.3697 bal_loss: 0.3613 bal_acc: 0.85 acc: 0.85
fold=1 label=2 | epoch 080 | train loss: 0.2160 bal_acc: 0.91 acc: 0.91 | val loss: 0.3594 bal_loss: 0.3607 bal_acc: 0.84 acc: 0.85
fold=1 label=2 | epoch 090 | train loss: 0.1899 bal_acc: 0.93 acc: 0.93 | val loss: 0.3327 bal_loss: 0.3374 bal_acc: 0.86 acc: 0.86
fold=1 label=2 | epoch 100 | train loss: 0.1872 bal_acc: 0.93 acc: 0.93 | val loss: 0.3300 bal_loss: 0.3351 bal_acc: 0.85 acc: 0.86
fold=1 label=2 | epoch 110 | train loss: 0.1592 bal_acc: 0.94 acc: 0.94 | val loss: 0.3430 bal_loss: 0.3498 bal_acc: 0.86 acc: 0.85
fold=1 label=2 | epoch 120 | train loss: 0.1378 bal_acc: 0.95 acc: 0.95 | val loss: 0.3313 bal_loss: 0.3439 bal_acc: 0.86 acc: 0.87
fold=1 label=2 | epoch 130 | train loss: 0.1331 bal_acc: 0.95 acc: 0.95 | val loss: 0.3167 bal_loss: 0.3372 bal_acc: 0.88 acc: 0.88
fold=1 label=2 | epoch 140 | train loss: 0.1280 bal_acc: 0.96 acc: 0.96 | val loss: 0.3324 bal_loss: 0.3356 bal_acc: 0.87 acc: 0.87
fold=1 label=2 | epoch 150 | train loss: 0.1181 bal_acc: 0.96 acc: 0.96 | val loss: 0.3056 bal_loss: 0.3433 bal_acc: 0.85 acc: 0.87
fold=1 label=2 | epoch 160 | train loss: 0.1272 bal_acc: 0.96 acc: 0.95 | val loss: 0.3076 bal_loss: 0.3503 bal_acc: 0.84 acc: 0.87
fold=1 label=2 | epoch 170 | train loss: 0.1181 bal_acc: 0.96 acc: 0.96 | val loss: 0.3091 bal_loss: 0.3451 bal_acc: 0.86 acc: 0.87

fold=1 label=1_vs_3
Binary labels: class0=label1 class1=label3
Binary label distribution:
  train: class0=229 class1=237 total=466
  val:   class0=76 class1=80 total=156
  test:  class0=76 class1=80 total=156
Original labels in this split:
  train: label0=0 label1=229 label2=0 label3=237 label4=0 total=466
  val:   label0=0 label1=76 label2=0 label3=80 label4=0 total=156
  test:  label0=0 label1=76 label2=0 label3=80 label4=0 total=156
fold=1 label=1_vs_3 | epoch 001 | train loss: 0.7469 bal_acc: 0.49 acc: 0.50 | val loss: 0.6916 bal_loss: 0.6918 bal_acc: 0.56 acc: 0.56
fold=1 label=1_vs_3 | epoch 010 | train loss: 0.6166 bal_acc: 0.66 acc: 0.66 | val loss: 0.6189 bal_loss: 0.6217 bal_acc: 0.63 acc: 0.64
fold=1 label=1_vs_3 | epoch 020 | train loss: 0.5023 bal_acc: 0.78 acc: 0.78 | val loss: 0.5214 bal_loss: 0.5232 bal_acc: 0.77 acc: 0.78
fold=1 label=1_vs_3 | epoch 030 | train loss: 0.4192 bal_acc: 0.84 acc: 0.84 | val loss: 0.4775 bal_loss: 0.4789 bal_acc: 0.80 acc: 0.80
fold=1 label=1_vs_3 | epoch 040 | train loss: 0.4104 bal_acc: 0.84 acc: 0.84 | val loss: 0.4467 bal_loss: 0.4479 bal_acc: 0.84 acc: 0.85
fold=1 label=1_vs_3 | epoch 050 | train loss: 0.3671 bal_acc: 0.85 acc: 0.85 | val loss: 0.4263 bal_loss: 0.4280 bal_acc: 0.85 acc: 0.85
fold=1 label=1_vs_3 | epoch 060 | train loss: 0.3229 bal_acc: 0.89 acc: 0.89 | val loss: 0.3989 bal_loss: 0.4005 bal_acc: 0.87 acc: 0.87
fold=1 label=1_vs_3 | epoch 070 | train loss: 0.3222 bal_acc: 0.88 acc: 0.88 | val loss: 0.3751 bal_loss: 0.3763 bal_acc: 0.87 acc: 0.87
fold=1 label=1_vs_3 | epoch 080 | train loss: 0.2209 bal_acc: 0.92 acc: 0.92 | val loss: 0.3421 bal_loss: 0.3430 bal_acc: 0.88 acc: 0.88
fold=1 label=1_vs_3 | epoch 090 | train loss: 0.2174 bal_acc: 0.93 acc: 0.93 | val loss: 0.3193 bal_loss: 0.3203 bal_acc: 0.88 acc: 0.88
fold=1 label=1_vs_3 | epoch 100 | train loss: 0.1975 bal_acc: 0.94 acc: 0.94 | val loss: 0.2998 bal_loss: 0.3001 bal_acc: 0.90 acc: 0.90
fold=1 label=1_vs_3 | epoch 110 | train loss: 0.2139 bal_acc: 0.94 acc: 0.94 | val loss: 0.2904 bal_loss: 0.2917 bal_acc: 0.87 acc: 0.87
fold=1 label=1_vs_3 | epoch 120 | train loss: 0.1935 bal_acc: 0.93 acc: 0.93 | val loss: 0.2686 bal_loss: 0.2685 bal_acc: 0.90 acc: 0.90
fold=1 label=1_vs_3 | epoch 130 | train loss: 0.1653 bal_acc: 0.95 acc: 0.95 | val loss: 0.2643 bal_loss: 0.2654 bal_acc: 0.89 acc: 0.89
fold=1 label=1_vs_3 | epoch 140 | train loss: 0.1503 bal_acc: 0.95 acc: 0.95 | val loss: 0.2471 bal_loss: 0.2474 bal_acc: 0.90 acc: 0.90
fold=1 label=1_vs_3 | epoch 150 | train loss: 0.1554 bal_acc: 0.96 acc: 0.96 | val loss: 0.2413 bal_loss: 0.2407 bal_acc: 0.92 acc: 0.92
fold=1 label=1_vs_3 | epoch 160 | train loss: 0.1384 bal_acc: 0.96 acc: 0.96 | val loss: 0.2277 bal_loss: 0.2278 bal_acc: 0.90 acc: 0.90
fold=1 label=1_vs_3 | epoch 170 | train loss: 0.1217 bal_acc: 0.96 acc: 0.96 | val loss: 0.2112 bal_loss: 0.2111 bal_acc: 0.92 acc: 0.92
fold=1 label=1_vs_3 | epoch 180 | train loss: 0.1208 bal_acc: 0.96 acc: 0.96 | val loss: 0.2136 bal_loss: 0.2130 bal_acc: 0.93 acc: 0.93
fold=1 label=1_vs_3 | epoch 190 | train loss: 0.1427 bal_acc: 0.95 acc: 0.95 | val loss: 0.2208 bal_loss: 0.2210 bal_acc: 0.92 acc: 0.92
fold=1 label=1_vs_3 | epoch 200 | train loss: 0.0668 bal_acc: 0.99 acc: 0.98 | val loss: 0.2104 bal_loss: 0.2100 bal_acc: 0.93 acc: 0.93
fold=1 label=1_vs_3 | epoch 210 | train loss: 0.1125 bal_acc: 0.96 acc: 0.96 | val loss: 0.2131 bal_loss: 0.2137 bal_acc: 0.93 acc: 0.93
fold=1 label=1_vs_3 | epoch 220 | train loss: 0.0877 bal_acc: 0.97 acc: 0.97 | val loss: 0.1980 bal_loss: 0.1974 bal_acc: 0.94 acc: 0.94
fold=1 label=1_vs_3 | epoch 230 | train loss: 0.0834 bal_acc: 0.97 acc: 0.97 | val loss: 0.1921 bal_loss: 0.1915 bal_acc: 0.94 acc: 0.94
fold=1 label=1_vs_3 | epoch 240 | train loss: 0.0772 bal_acc: 0.98 acc: 0.98 | val loss: 0.1971 bal_loss: 0.1971 bal_acc: 0.93 acc: 0.93
fold=1 label=1_vs_3 | epoch 250 | train loss: 0.0898 bal_acc: 0.97 acc: 0.97 | val loss: 0.1952 bal_loss: 0.1937 bal_acc: 0.94 acc: 0.94
fold=1 label=1_vs_3 | epoch 260 | train loss: 0.0835 bal_acc: 0.97 acc: 0.97 | val loss: 0.1806 bal_loss: 0.1802 bal_acc: 0.93 acc: 0.93
fold=1 label=1_vs_3 | epoch 270 | train loss: 0.0622 bal_acc: 0.98 acc: 0.98 | val loss: 0.1939 bal_loss: 0.1933 bal_acc: 0.93 acc: 0.93
fold=1 label=1_vs_3 | epoch 280 | train loss: 0.0627 bal_acc: 0.98 acc: 0.98 | val loss: 0.1868 bal_loss: 0.1862 bal_acc: 0.94 acc: 0.94
fold=1 label=1_vs_3 | epoch 290 | train loss: 0.0474 bal_acc: 0.99 acc: 0.99 | val loss: 0.1789 bal_loss: 0.1785 bal_acc: 0.94 acc: 0.94
fold=1 label=1_vs_3 | epoch 300 | train loss: 0.0516 bal_acc: 0.98 acc: 0.98 | val loss: 0.1799 bal_loss: 0.1795 bal_acc: 0.94 acc: 0.94

--- fold 2/5: train=1170 val=391 test=391 ---
Day distribution:
  train: 260527=150 260528=180 260601=300 260602=240 260623=300 total=1170
  val:   260527=50 260528=61 260601=100 260602=80 260623=100 total=391
  test:  260527=50 260528=61 260601=100 260602=80 260623=100 total=391

fold=2 label=0
Binary label distribution:
  train: class0=235 class1=935 total=1170
  val:   class0=79 class1=312 total=391
  test:  class0=79 class1=312 total=391
Original labels in this split:
  train: label0=235 label1=229 label2=232 label3=237 label4=237 total=1170
  val:   label0=79 label1=76 label2=77 label3=80 label4=79 total=391
  test:  label0=79 label1=76 label2=78 label3=80 label4=78 total=391
fold=2 label=0 | epoch 001 | train loss: 0.6729 bal_acc: 0.59 acc: 0.59 | val loss: 0.6705 bal_loss: 0.6832 bal_acc: 0.64 acc: 0.65
fold=2 label=0 | epoch 010 | train loss: 0.4904 bal_acc: 0.78 acc: 0.78 | val loss: 0.4946 bal_loss: 0.5191 bal_acc: 0.76 acc: 0.78
fold=2 label=0 | epoch 020 | train loss: 0.3875 bal_acc: 0.83 acc: 0.83 | val loss: 0.4303 bal_loss: 0.4316 bal_acc: 0.83 acc: 0.84
fold=2 label=0 | epoch 030 | train loss: 0.3239 bal_acc: 0.87 acc: 0.87 | val loss: 0.3871 bal_loss: 0.4014 bal_acc: 0.83 acc: 0.84
fold=2 label=0 | epoch 040 | train loss: 0.2919 bal_acc: 0.87 acc: 0.87 | val loss: 0.3547 bal_loss: 0.3888 bal_acc: 0.83 acc: 0.86
fold=2 label=0 | epoch 050 | train loss: 0.2572 bal_acc: 0.90 acc: 0.90 | val loss: 0.3667 bal_loss: 0.3831 bal_acc: 0.83 acc: 0.85
fold=2 label=0 | epoch 060 | train loss: 0.2560 bal_acc: 0.90 acc: 0.90 | val loss: 0.3611 bal_loss: 0.4132 bal_acc: 0.83 acc: 0.85
fold=2 label=0 | epoch 070 | train loss: 0.2080 bal_acc: 0.92 acc: 0.92 | val loss: 0.3534 bal_loss: 0.3782 bal_acc: 0.84 acc: 0.86
fold=2 label=0 | epoch 080 | train loss: 0.2053 bal_acc: 0.92 acc: 0.92 | val loss: 0.3506 bal_loss: 0.4000 bal_acc: 0.83 acc: 0.86
fold=2 label=0 | epoch 090 | train loss: 0.1996 bal_acc: 0.91 acc: 0.91 | val loss: 0.3529 bal_loss: 0.4263 bal_acc: 0.83 acc: 0.86
fold=2 label=0 | epoch 100 | train loss: 0.1676 bal_acc: 0.95 acc: 0.95 | val loss: 0.3525 bal_loss: 0.4222 bal_acc: 0.83 acc: 0.86
fold=2 label=0 | epoch 110 | train loss: 0.1597 bal_acc: 0.94 acc: 0.94 | val loss: 0.3399 bal_loss: 0.4000 bal_acc: 0.85 acc: 0.87

fold=2 label=2
Binary label distribution:
  train: class0=232 class1=938 total=1170
  val:   class0=77 class1=314 total=391
  test:  class0=78 class1=313 total=391
Original labels in this split:
  train: label0=235 label1=229 label2=232 label3=237 label4=237 total=1170
  val:   label0=79 label1=76 label2=77 label3=80 label4=79 total=391
  test:  label0=79 label1=76 label2=78 label3=80 label4=78 total=391
fold=2 label=2 | epoch 001 | train loss: 0.7071 bal_acc: 0.50 acc: 0.50 | val loss: 0.6880 bal_loss: 0.6901 bal_acc: 0.52 acc: 0.59
fold=2 label=2 | epoch 010 | train loss: 0.4674 bal_acc: 0.81 acc: 0.81 | val loss: 0.5316 bal_loss: 0.5385 bal_acc: 0.76 acc: 0.77
fold=2 label=2 | epoch 020 | train loss: 0.3827 bal_acc: 0.84 acc: 0.84 | val loss: 0.4455 bal_loss: 0.4959 bal_acc: 0.81 acc: 0.81
fold=2 label=2 | epoch 030 | train loss: 0.3104 bal_acc: 0.87 acc: 0.87 | val loss: 0.4077 bal_loss: 0.4892 bal_acc: 0.82 acc: 0.84
fold=2 label=2 | epoch 040 | train loss: 0.2947 bal_acc: 0.87 acc: 0.87 | val loss: 0.4031 bal_loss: 0.4760 bal_acc: 0.82 acc: 0.83
fold=2 label=2 | epoch 050 | train loss: 0.2520 bal_acc: 0.89 acc: 0.89 | val loss: 0.3725 bal_loss: 0.4566 bal_acc: 0.85 acc: 0.85
fold=2 label=2 | epoch 060 | train loss: 0.2405 bal_acc: 0.91 acc: 0.91 | val loss: 0.3763 bal_loss: 0.4653 bal_acc: 0.84 acc: 0.85
fold=2 label=2 | epoch 070 | train loss: 0.2226 bal_acc: 0.91 acc: 0.91 | val loss: 0.3433 bal_loss: 0.4167 bal_acc: 0.84 acc: 0.85
fold=2 label=2 | epoch 080 | train loss: 0.2120 bal_acc: 0.92 acc: 0.92 | val loss: 0.3312 bal_loss: 0.4373 bal_acc: 0.86 acc: 0.88
fold=2 label=2 | epoch 090 | train loss: 0.1886 bal_acc: 0.93 acc: 0.93 | val loss: 0.3209 bal_loss: 0.4385 bal_acc: 0.86 acc: 0.88
fold=2 label=2 | epoch 100 | train loss: 0.1793 bal_acc: 0.94 acc: 0.94 | val loss: 0.3198 bal_loss: 0.4335 bal_acc: 0.85 acc: 0.87
fold=2 label=2 | epoch 110 | train loss: 0.1442 bal_acc: 0.95 acc: 0.95 | val loss: 0.3157 bal_loss: 0.4517 bal_acc: 0.85 acc: 0.88

fold=2 label=1_vs_3
Binary labels: class0=label1 class1=label3
Binary label distribution:
  train: class0=229 class1=237 total=466
  val:   class0=76 class1=80 total=156
  test:  class0=76 class1=80 total=156
Original labels in this split:
  train: label0=0 label1=229 label2=0 label3=237 label4=0 total=466
  val:   label0=0 label1=76 label2=0 label3=80 label4=0 total=156
  test:  label0=0 label1=76 label2=0 label3=80 label4=0 total=156
fold=2 label=1_vs_3 | epoch 001 | train loss: 0.7282 bal_acc: 0.52 acc: 0.52 | val loss: 0.6901 bal_loss: 0.6903 bal_acc: 0.55 acc: 0.55
fold=2 label=1_vs_3 | epoch 010 | train loss: 0.5748 bal_acc: 0.71 acc: 0.72 | val loss: 0.6083 bal_loss: 0.6103 bal_acc: 0.68 acc: 0.69
fold=2 label=1_vs_3 | epoch 020 | train loss: 0.5088 bal_acc: 0.77 acc: 0.77 | val loss: 0.5046 bal_loss: 0.5056 bal_acc: 0.74 acc: 0.74
fold=2 label=1_vs_3 | epoch 030 | train loss: 0.4377 bal_acc: 0.81 acc: 0.81 | val loss: 0.4582 bal_loss: 0.4585 bal_acc: 0.76 acc: 0.76
fold=2 label=1_vs_3 | epoch 040 | train loss: 0.3994 bal_acc: 0.84 acc: 0.84 | val loss: 0.4330 bal_loss: 0.4322 bal_acc: 0.78 acc: 0.78
fold=2 label=1_vs_3 | epoch 050 | train loss: 0.3756 bal_acc: 0.84 acc: 0.84 | val loss: 0.4073 bal_loss: 0.4064 bal_acc: 0.79 acc: 0.79
fold=2 label=1_vs_3 | epoch 060 | train loss: 0.3168 bal_acc: 0.89 acc: 0.89 | val loss: 0.3790 bal_loss: 0.3778 bal_acc: 0.80 acc: 0.80
fold=2 label=1_vs_3 | epoch 070 | train loss: 0.2688 bal_acc: 0.91 acc: 0.91 | val loss: 0.3564 bal_loss: 0.3552 bal_acc: 0.83 acc: 0.83
fold=2 label=1_vs_3 | epoch 080 | train loss: 0.2446 bal_acc: 0.91 acc: 0.91 | val loss: 0.3325 bal_loss: 0.3310 bal_acc: 0.84 acc: 0.84
fold=2 label=1_vs_3 | epoch 090 | train loss: 0.2278 bal_acc: 0.92 acc: 0.92 | val loss: 0.3130 bal_loss: 0.3113 bal_acc: 0.87 acc: 0.87
fold=2 label=1_vs_3 | epoch 100 | train loss: 0.2119 bal_acc: 0.94 acc: 0.94 | val loss: 0.3007 bal_loss: 0.2993 bal_acc: 0.89 acc: 0.88
fold=2 label=1_vs_3 | epoch 110 | train loss: 0.1704 bal_acc: 0.94 acc: 0.94 | val loss: 0.2861 bal_loss: 0.2844 bal_acc: 0.89 acc: 0.88
fold=2 label=1_vs_3 | epoch 120 | train loss: 0.1801 bal_acc: 0.94 acc: 0.94 | val loss: 0.2835 bal_loss: 0.2815 bal_acc: 0.87 acc: 0.87
fold=2 label=1_vs_3 | epoch 130 | train loss: 0.2187 bal_acc: 0.92 acc: 0.92 | val loss: 0.2607 bal_loss: 0.2588 bal_acc: 0.89 acc: 0.88
fold=2 label=1_vs_3 | epoch 140 | train loss: 0.1484 bal_acc: 0.96 acc: 0.95 | val loss: 0.2669 bal_loss: 0.2646 bal_acc: 0.87 acc: 0.87
fold=2 label=1_vs_3 | epoch 150 | train loss: 0.1483 bal_acc: 0.95 acc: 0.95 | val loss: 0.2538 bal_loss: 0.2518 bal_acc: 0.89 acc: 0.88
fold=2 label=1_vs_3 | epoch 160 | train loss: 0.1233 bal_acc: 0.96 acc: 0.96 | val loss: 0.2552 bal_loss: 0.2529 bal_acc: 0.87 acc: 0.87
fold=2 label=1_vs_3 | epoch 170 | train loss: 0.1183 bal_acc: 0.96 acc: 0.96 | val loss: 0.2508 bal_loss: 0.2487 bal_acc: 0.89 acc: 0.88
fold=2 label=1_vs_3 | epoch 180 | train loss: 0.1108 bal_acc: 0.97 acc: 0.97 | val loss: 0.2546 bal_loss: 0.2525 bal_acc: 0.89 acc: 0.88
fold=2 label=1_vs_3 | epoch 190 | train loss: 0.0841 bal_acc: 0.98 acc: 0.98 | val loss: 0.2638 bal_loss: 0.2623 bal_acc: 0.89 acc: 0.89
fold=2 label=1_vs_3 | epoch 200 | train loss: 0.0894 bal_acc: 0.98 acc: 0.98 | val loss: 0.2557 bal_loss: 0.2532 bal_acc: 0.89 acc: 0.89
fold=2 label=1_vs_3 | epoch 210 | train loss: 0.0862 bal_acc: 0.97 acc: 0.97 | val loss: 0.2611 bal_loss: 0.2589 bal_acc: 0.91 acc: 0.90
fold=2 label=1_vs_3 | epoch 220 | train loss: 0.0946 bal_acc: 0.97 acc: 0.97 | val loss: 0.2617 bal_loss: 0.2590 bal_acc: 0.89 acc: 0.88

--- fold 3/5: train=1171 val=391 test=390 ---
Day distribution:
  train: 260527=150 260528=181 260601=300 260602=240 260623=300 total=1171
  val:   260527=50 260528=61 260601=100 260602=80 260623=100 total=391
  test:  260527=50 260528=60 260601=100 260602=80 260623=100 total=390

fold=3 label=0
Binary label distribution:
  train: class0=235 class1=936 total=1171
  val:   class0=79 class1=312 total=391
  test:  class0=79 class1=311 total=390
Original labels in this split:
  train: label0=235 label1=229 label2=233 label3=238 label4=236 total=1171
  val:   label0=79 label1=76 label2=77 label3=80 label4=79 total=391
  test:  label0=79 label1=76 label2=77 label3=79 label4=79 total=390
fold=3 label=0 | epoch 001 | train loss: 0.6822 bal_acc: 0.60 acc: 0.60 | val loss: 0.6772 bal_loss: 0.6846 bal_acc: 0.62 acc: 0.63
fold=3 label=0 | epoch 010 | train loss: 0.5226 bal_acc: 0.76 acc: 0.76 | val loss: 0.5510 bal_loss: 0.5446 bal_acc: 0.77 acc: 0.76
fold=3 label=0 | epoch 020 | train loss: 0.3936 bal_acc: 0.82 acc: 0.82 | val loss: 0.4828 bal_loss: 0.4708 bal_acc: 0.84 acc: 0.81
fold=3 label=0 | epoch 030 | train loss: 0.3167 bal_acc: 0.86 acc: 0.86 | val loss: 0.4349 bal_loss: 0.4387 bal_acc: 0.85 acc: 0.83
fold=3 label=0 | epoch 040 | train loss: 0.2884 bal_acc: 0.89 acc: 0.89 | val loss: 0.4331 bal_loss: 0.4371 bal_acc: 0.85 acc: 0.83
fold=3 label=0 | epoch 050 | train loss: 0.2446 bal_acc: 0.91 acc: 0.91 | val loss: 0.4036 bal_loss: 0.4113 bal_acc: 0.86 acc: 0.83
fold=3 label=0 | epoch 060 | train loss: 0.2400 bal_acc: 0.91 acc: 0.91 | val loss: 0.3745 bal_loss: 0.4141 bal_acc: 0.86 acc: 0.86
fold=3 label=0 | epoch 070 | train loss: 0.2035 bal_acc: 0.93 acc: 0.93 | val loss: 0.3739 bal_loss: 0.4176 bal_acc: 0.86 acc: 0.85
fold=3 label=0 | epoch 080 | train loss: 0.1844 bal_acc: 0.94 acc: 0.94 | val loss: 0.3791 bal_loss: 0.4026 bal_acc: 0.86 acc: 0.85
fold=3 label=0 | epoch 090 | train loss: 0.1969 bal_acc: 0.93 acc: 0.93 | val loss: 0.3727 bal_loss: 0.4189 bal_acc: 0.85 acc: 0.85
fold=3 label=0 | epoch 100 | train loss: 0.1680 bal_acc: 0.93 acc: 0.93 | val loss: 0.3780 bal_loss: 0.4220 bal_acc: 0.86 acc: 0.86
fold=3 label=0 | epoch 110 | train loss: 0.1623 bal_acc: 0.94 acc: 0.94 | val loss: 0.3562 bal_loss: 0.4005 bal_acc: 0.87 acc: 0.86
fold=3 label=0 | epoch 120 | train loss: 0.1652 bal_acc: 0.94 acc: 0.94 | val loss: 0.3705 bal_loss: 0.4296 bal_acc: 0.86 acc: 0.85
fold=3 label=0 | epoch 130 | train loss: 0.1621 bal_acc: 0.94 acc: 0.94 | val loss: 0.3579 bal_loss: 0.4356 bal_acc: 0.87 acc: 0.87
fold=3 label=0 | epoch 140 | train loss: 0.1407 bal_acc: 0.95 acc: 0.95 | val loss: 0.3530 bal_loss: 0.4413 bal_acc: 0.87 acc: 0.88

fold=3 label=2
Binary label distribution:
  train: class0=233 class1=938 total=1171
  val:   class0=77 class1=314 total=391
  test:  class0=77 class1=313 total=390
Original labels in this split:
  train: label0=235 label1=229 label2=233 label3=238 label4=236 total=1171
  val:   label0=79 label1=76 label2=77 label3=80 label4=79 total=391
  test:  label0=79 label1=76 label2=77 label3=79 label4=79 total=390
fold=3 label=2 | epoch 001 | train loss: 0.7186 bal_acc: 0.51 acc: 0.51 | val loss: 0.6877 bal_loss: 0.6875 bal_acc: 0.59 acc: 0.59
fold=3 label=2 | epoch 010 | train loss: 0.5313 bal_acc: 0.77 acc: 0.77 | val loss: 0.5686 bal_loss: 0.5261 bal_acc: 0.75 acc: 0.73
fold=3 label=2 | epoch 020 | train loss: 0.4100 bal_acc: 0.84 acc: 0.84 | val loss: 0.4641 bal_loss: 0.4318 bal_acc: 0.78 acc: 0.78
fold=3 label=2 | epoch 030 | train loss: 0.3622 bal_acc: 0.84 acc: 0.84 | val loss: 0.4266 bal_loss: 0.3993 bal_acc: 0.82 acc: 0.81
fold=3 label=2 | epoch 040 | train loss: 0.3348 bal_acc: 0.86 acc: 0.86 | val loss: 0.3809 bal_loss: 0.3822 bal_acc: 0.83 acc: 0.83
fold=3 label=2 | epoch 050 | train loss: 0.2784 bal_acc: 0.89 acc: 0.89 | val loss: 0.3796 bal_loss: 0.3830 bal_acc: 0.83 acc: 0.83
fold=3 label=2 | epoch 060 | train loss: 0.2421 bal_acc: 0.90 acc: 0.89 | val loss: 0.3737 bal_loss: 0.3915 bal_acc: 0.85 acc: 0.84
fold=3 label=2 | epoch 070 | train loss: 0.2263 bal_acc: 0.92 acc: 0.92 | val loss: 0.3426 bal_loss: 0.3810 bal_acc: 0.86 acc: 0.86
fold=3 label=2 | epoch 080 | train loss: 0.1741 bal_acc: 0.94 acc: 0.94 | val loss: 0.3290 bal_loss: 0.3936 bal_acc: 0.87 acc: 0.87
fold=3 label=2 | epoch 090 | train loss: 0.1930 bal_acc: 0.93 acc: 0.93 | val loss: 0.3179 bal_loss: 0.3918 bal_acc: 0.88 acc: 0.88

fold=3 label=1_vs_3
Binary labels: class0=label1 class1=label3
Binary label distribution:
  train: class0=229 class1=238 total=467
  val:   class0=76 class1=80 total=156
  test:  class0=76 class1=79 total=155
Original labels in this split:
  train: label0=0 label1=229 label2=0 label3=238 label4=0 total=467
  val:   label0=0 label1=76 label2=0 label3=80 label4=0 total=156
  test:  label0=0 label1=76 label2=0 label3=79 label4=0 total=155
fold=3 label=1_vs_3 | epoch 001 | train loss: 0.7278 bal_acc: 0.50 acc: 0.50 | val loss: 0.6939 bal_loss: 0.6942 bal_acc: 0.49 acc: 0.49
fold=3 label=1_vs_3 | epoch 010 | train loss: 0.5851 bal_acc: 0.71 acc: 0.70 | val loss: 0.6228 bal_loss: 0.6249 bal_acc: 0.65 acc: 0.66
fold=3 label=1_vs_3 | epoch 020 | train loss: 0.4752 bal_acc: 0.79 acc: 0.79 | val loss: 0.5439 bal_loss: 0.5471 bal_acc: 0.73 acc: 0.74
fold=3 label=1_vs_3 | epoch 030 | train loss: 0.4021 bal_acc: 0.82 acc: 0.82 | val loss: 0.4950 bal_loss: 0.4979 bal_acc: 0.77 acc: 0.78
fold=3 label=1_vs_3 | epoch 040 | train loss: 0.4108 bal_acc: 0.81 acc: 0.81 | val loss: 0.4681 bal_loss: 0.4708 bal_acc: 0.77 acc: 0.78
fold=3 label=1_vs_3 | epoch 050 | train loss: 0.3454 bal_acc: 0.86 acc: 0.86 | val loss: 0.4474 bal_loss: 0.4510 bal_acc: 0.80 acc: 0.81
fold=3 label=1_vs_3 | epoch 060 | train loss: 0.3126 bal_acc: 0.86 acc: 0.87 | val loss: 0.4251 bal_loss: 0.4279 bal_acc: 0.84 acc: 0.85
fold=3 label=1_vs_3 | epoch 070 | train loss: 0.2624 bal_acc: 0.90 acc: 0.90 | val loss: 0.3950 bal_loss: 0.3978 bal_acc: 0.86 acc: 0.87
fold=3 label=1_vs_3 | epoch 080 | train loss: 0.2747 bal_acc: 0.88 acc: 0.88 | val loss: 0.3766 bal_loss: 0.3785 bal_acc: 0.88 acc: 0.88
fold=3 label=1_vs_3 | epoch 090 | train loss: 0.2133 bal_acc: 0.94 acc: 0.94 | val loss: 0.3514 bal_loss: 0.3529 bal_acc: 0.89 acc: 0.89
fold=3 label=1_vs_3 | epoch 100 | train loss: 0.1980 bal_acc: 0.95 acc: 0.95 | val loss: 0.3273 bal_loss: 0.3291 bal_acc: 0.89 acc: 0.89
fold=3 label=1_vs_3 | epoch 110 | train loss: 0.1799 bal_acc: 0.95 acc: 0.95 | val loss: 0.3138 bal_loss: 0.3156 bal_acc: 0.89 acc: 0.89
fold=3 label=1_vs_3 | epoch 120 | train loss: 0.1767 bal_acc: 0.94 acc: 0.94 | val loss: 0.3166 bal_loss: 0.3185 bal_acc: 0.89 acc: 0.89
fold=3 label=1_vs_3 | epoch 130 | train loss: 0.1591 bal_acc: 0.95 acc: 0.95 | val loss: 0.2846 bal_loss: 0.2863 bal_acc: 0.89 acc: 0.89
fold=3 label=1_vs_3 | epoch 140 | train loss: 0.1189 bal_acc: 0.97 acc: 0.97 | val loss: 0.2844 bal_loss: 0.2859 bal_acc: 0.90 acc: 0.90
fold=3 label=1_vs_3 | epoch 150 | train loss: 0.1245 bal_acc: 0.96 acc: 0.96 | val loss: 0.2697 bal_loss: 0.2714 bal_acc: 0.90 acc: 0.90
fold=3 label=1_vs_3 | epoch 160 | train loss: 0.1164 bal_acc: 0.96 acc: 0.96 | val loss: 0.2780 bal_loss: 0.2795 bal_acc: 0.90 acc: 0.90
fold=3 label=1_vs_3 | epoch 170 | train loss: 0.0942 bal_acc: 0.98 acc: 0.98 | val loss: 0.2703 bal_loss: 0.2725 bal_acc: 0.91 acc: 0.91
fold=3 label=1_vs_3 | epoch 180 | train loss: 0.0986 bal_acc: 0.97 acc: 0.97 | val loss: 0.2729 bal_loss: 0.2747 bal_acc: 0.90 acc: 0.90
fold=3 label=1_vs_3 | epoch 190 | train loss: 0.0869 bal_acc: 0.98 acc: 0.98 | val loss: 0.2588 bal_loss: 0.2602 bal_acc: 0.92 acc: 0.92
fold=3 label=1_vs_3 | epoch 200 | train loss: 0.0682 bal_acc: 0.98 acc: 0.98 | val loss: 0.2585 bal_loss: 0.2597 bal_acc: 0.92 acc: 0.92
fold=3 label=1_vs_3 | epoch 210 | train loss: 0.1031 bal_acc: 0.96 acc: 0.96 | val loss: 0.2755 bal_loss: 0.2779 bal_acc: 0.91 acc: 0.91
fold=3 label=1_vs_3 | epoch 220 | train loss: 0.0857 bal_acc: 0.97 acc: 0.97 | val loss: 0.2717 bal_loss: 0.2736 bal_acc: 0.90 acc: 0.90
fold=3 label=1_vs_3 | epoch 230 | train loss: 0.0853 bal_acc: 0.97 acc: 0.97 | val loss: 0.2603 bal_loss: 0.2618 bal_acc: 0.92 acc: 0.92
fold=3 label=1_vs_3 | epoch 240 | train loss: 0.0504 bal_acc: 1.00 acc: 1.00 | val loss: 0.2725 bal_loss: 0.2739 bal_acc: 0.93 acc: 0.93
fold=3 label=1_vs_3 | epoch 250 | train loss: 0.0667 bal_acc: 0.98 acc: 0.98 | val loss: 0.2741 bal_loss: 0.2757 bal_acc: 0.90 acc: 0.90
fold=3 label=1_vs_3 | epoch 260 | train loss: 0.0494 bal_acc: 0.98 acc: 0.98 | val loss: 0.2921 bal_loss: 0.2944 bal_acc: 0.92 acc: 0.92
fold=3 label=1_vs_3 | epoch 270 | train loss: 0.0483 bal_acc: 0.99 acc: 0.99 | val loss: 0.2783 bal_loss: 0.2803 bal_acc: 0.92 acc: 0.92
fold=3 label=1_vs_3 | epoch 280 | train loss: 0.0526 bal_acc: 0.99 acc: 0.99 | val loss: 0.2884 bal_loss: 0.2904 bal_acc: 0.92 acc: 0.92
fold=3 label=1_vs_3 | epoch 290 | train loss: 0.0465 bal_acc: 0.99 acc: 0.99 | val loss: 0.2856 bal_loss: 0.2877 bal_acc: 0.92 acc: 0.92

--- fold 4/5: train=1171 val=391 test=390 ---
Day distribution:
  train: 260527=150 260528=181 260601=300 260602=240 260623=300 total=1171
  val:   260527=50 260528=61 260601=100 260602=80 260623=100 total=391
  test:  260527=50 260528=60 260601=100 260602=80 260623=100 total=390

fold=4 label=0
Binary label distribution:
  train: class0=235 class1=936 total=1171
  val:   class0=79 class1=312 total=391
  test:  class0=79 class1=311 total=390
Original labels in this split:
  train: label0=235 label1=229 label2=233 label3=238 label4=236 total=1171
  val:   label0=79 label1=76 label2=77 label3=80 label4=79 total=391
  test:  label0=79 label1=76 label2=77 label3=79 label4=79 total=390
fold=4 label=0 | epoch 001 | train loss: 0.6839 bal_acc: 0.59 acc: 0.59 | val loss: 0.6756 bal_loss: 0.6775 bal_acc: 0.61 acc: 0.62
fold=4 label=0 | epoch 010 | train loss: 0.5198 bal_acc: 0.77 acc: 0.77 | val loss: 0.5359 bal_loss: 0.5366 bal_acc: 0.73 acc: 0.74
fold=4 label=0 | epoch 020 | train loss: 0.4068 bal_acc: 0.83 acc: 0.83 | val loss: 0.4547 bal_loss: 0.4843 bal_acc: 0.77 acc: 0.78
fold=4 label=0 | epoch 030 | train loss: 0.3327 bal_acc: 0.87 acc: 0.87 | val loss: 0.3958 bal_loss: 0.4457 bal_acc: 0.80 acc: 0.82
fold=4 label=0 | epoch 040 | train loss: 0.2783 bal_acc: 0.90 acc: 0.90 | val loss: 0.3725 bal_loss: 0.4311 bal_acc: 0.84 acc: 0.85
fold=4 label=0 | epoch 050 | train loss: 0.2572 bal_acc: 0.90 acc: 0.90 | val loss: 0.3486 bal_loss: 0.4309 bal_acc: 0.86 acc: 0.87
fold=4 label=0 | epoch 060 | train loss: 0.2508 bal_acc: 0.90 acc: 0.90 | val loss: 0.3371 bal_loss: 0.4256 bal_acc: 0.86 acc: 0.87
fold=4 label=0 | epoch 070 | train loss: 0.2120 bal_acc: 0.93 acc: 0.93 | val loss: 0.3227 bal_loss: 0.4424 bal_acc: 0.84 acc: 0.88
fold=4 label=0 | epoch 080 | train loss: 0.2168 bal_acc: 0.92 acc: 0.92 | val loss: 0.3198 bal_loss: 0.4436 bal_acc: 0.84 acc: 0.88
fold=4 label=0 | epoch 090 | train loss: 0.1946 bal_acc: 0.93 acc: 0.93 | val loss: 0.3113 bal_loss: 0.4430 bal_acc: 0.87 acc: 0.91
fold=4 label=0 | epoch 100 | train loss: 0.1842 bal_acc: 0.93 acc: 0.93 | val loss: 0.3143 bal_loss: 0.4425 bal_acc: 0.87 acc: 0.90
fold=4 label=0 | epoch 110 | train loss: 0.1699 bal_acc: 0.94 acc: 0.94 | val loss: 0.3103 bal_loss: 0.4420 bal_acc: 0.88 acc: 0.90

fold=4 label=2
Binary label distribution:
  train: class0=233 class1=938 total=1171
  val:   class0=77 class1=314 total=391
  test:  class0=77 class1=313 total=390
Original labels in this split:
  train: label0=235 label1=229 label2=233 label3=238 label4=236 total=1171
  val:   label0=79 label1=76 label2=77 label3=80 label4=79 total=391
  test:  label0=79 label1=76 label2=77 label3=79 label4=79 total=390
fold=4 label=2 | epoch 001 | train loss: 0.7144 bal_acc: 0.51 acc: 0.51 | val loss: 0.6861 bal_loss: 0.6880 bal_acc: 0.55 acc: 0.61
fold=4 label=2 | epoch 010 | train loss: 0.5423 bal_acc: 0.76 acc: 0.76 | val loss: 0.5359 bal_loss: 0.5364 bal_acc: 0.78 acc: 0.78
fold=4 label=2 | epoch 020 | train loss: 0.4344 bal_acc: 0.82 acc: 0.82 | val loss: 0.4644 bal_loss: 0.4463 bal_acc: 0.82 acc: 0.80
fold=4 label=2 | epoch 030 | train loss: 0.3824 bal_acc: 0.84 acc: 0.84 | val loss: 0.4120 bal_loss: 0.4070 bal_acc: 0.84 acc: 0.83
fold=4 label=2 | epoch 040 | train loss: 0.3250 bal_acc: 0.87 acc: 0.87 | val loss: 0.3806 bal_loss: 0.3780 bal_acc: 0.83 acc: 0.84
fold=4 label=2 | epoch 050 | train loss: 0.3170 bal_acc: 0.87 acc: 0.87 | val loss: 0.3870 bal_loss: 0.3658 bal_acc: 0.83 acc: 0.83
fold=4 label=2 | epoch 060 | train loss: 0.2641 bal_acc: 0.89 acc: 0.89 | val loss: 0.3669 bal_loss: 0.3479 bal_acc: 0.84 acc: 0.84
fold=4 label=2 | epoch 070 | train loss: 0.2453 bal_acc: 0.91 acc: 0.91 | val loss: 0.3654 bal_loss: 0.3412 bal_acc: 0.84 acc: 0.84
fold=4 label=2 | epoch 080 | train loss: 0.2159 bal_acc: 0.92 acc: 0.92 | val loss: 0.3401 bal_loss: 0.3254 bal_acc: 0.85 acc: 0.84
fold=4 label=2 | epoch 090 | train loss: 0.2337 bal_acc: 0.91 acc: 0.91 | val loss: 0.3274 bal_loss: 0.3261 bal_acc: 0.84 acc: 0.84
fold=4 label=2 | epoch 100 | train loss: 0.1930 bal_acc: 0.93 acc: 0.93 | val loss: 0.3172 bal_loss: 0.3120 bal_acc: 0.86 acc: 0.86
fold=4 label=2 | epoch 110 | train loss: 0.1827 bal_acc: 0.93 acc: 0.93 | val loss: 0.3356 bal_loss: 0.3205 bal_acc: 0.86 acc: 0.86
fold=4 label=2 | epoch 120 | train loss: 0.1659 bal_acc: 0.94 acc: 0.94 | val loss: 0.3029 bal_loss: 0.3089 bal_acc: 0.86 acc: 0.86
fold=4 label=2 | epoch 130 | train loss: 0.1496 bal_acc: 0.94 acc: 0.94 | val loss: 0.3291 bal_loss: 0.3154 bal_acc: 0.87 acc: 0.87
fold=4 label=2 | epoch 140 | train loss: 0.1426 bal_acc: 0.95 acc: 0.95 | val loss: 0.2986 bal_loss: 0.2958 bal_acc: 0.87 acc: 0.87
fold=4 label=2 | epoch 150 | train loss: 0.1252 bal_acc: 0.96 acc: 0.96 | val loss: 0.2930 bal_loss: 0.3052 bal_acc: 0.87 acc: 0.87
fold=4 label=2 | epoch 160 | train loss: 0.1220 bal_acc: 0.96 acc: 0.96 | val loss: 0.3370 bal_loss: 0.3270 bal_acc: 0.87 acc: 0.87
fold=4 label=2 | epoch 170 | train loss: 0.1198 bal_acc: 0.96 acc: 0.96 | val loss: 0.3150 bal_loss: 0.3231 bal_acc: 0.87 acc: 0.87
fold=4 label=2 | epoch 180 | train loss: 0.1041 bal_acc: 0.97 acc: 0.97 | val loss: 0.2926 bal_loss: 0.3152 bal_acc: 0.88 acc: 0.88

fold=4 label=1_vs_3
Binary labels: class0=label1 class1=label3
Binary label distribution:
  train: class0=229 class1=238 total=467
  val:   class0=76 class1=80 total=156
  test:  class0=76 class1=79 total=155
Original labels in this split:
  train: label0=0 label1=229 label2=0 label3=238 label4=0 total=467
  val:   label0=0 label1=76 label2=0 label3=80 label4=0 total=156
  test:  label0=0 label1=76 label2=0 label3=79 label4=0 total=155
fold=4 label=1_vs_3 | epoch 001 | train loss: 0.7122 bal_acc: 0.54 acc: 0.54 | val loss: 0.6938 bal_loss: 0.6939 bal_acc: 0.50 acc: 0.51
fold=4 label=1_vs_3 | epoch 010 | train loss: 0.6146 bal_acc: 0.67 acc: 0.66 | val loss: 0.6208 bal_loss: 0.6224 bal_acc: 0.64 acc: 0.65
fold=4 label=1_vs_3 | epoch 020 | train loss: 0.5113 bal_acc: 0.75 acc: 0.75 | val loss: 0.5364 bal_loss: 0.5366 bal_acc: 0.73 acc: 0.73
fold=4 label=1_vs_3 | epoch 030 | train loss: 0.4327 bal_acc: 0.81 acc: 0.81 | val loss: 0.5041 bal_loss: 0.5032 bal_acc: 0.77 acc: 0.78
fold=4 label=1_vs_3 | epoch 040 | train loss: 0.4264 bal_acc: 0.81 acc: 0.81 | val loss: 0.4567 bal_loss: 0.4569 bal_acc: 0.79 acc: 0.79
fold=4 label=1_vs_3 | epoch 050 | train loss: 0.3319 bal_acc: 0.88 acc: 0.88 | val loss: 0.4363 bal_loss: 0.4360 bal_acc: 0.83 acc: 0.83
fold=4 label=1_vs_3 | epoch 060 | train loss: 0.3141 bal_acc: 0.90 acc: 0.90 | val loss: 0.3939 bal_loss: 0.3937 bal_acc: 0.86 acc: 0.86
fold=4 label=1_vs_3 | epoch 070 | train loss: 0.2494 bal_acc: 0.91 acc: 0.91 | val loss: 0.3760 bal_loss: 0.3756 bal_acc: 0.87 acc: 0.87
fold=4 label=1_vs_3 | epoch 080 | train loss: 0.3073 bal_acc: 0.87 acc: 0.87 | val loss: 0.3585 bal_loss: 0.3581 bal_acc: 0.87 acc: 0.87
fold=4 label=1_vs_3 | epoch 090 | train loss: 0.2062 bal_acc: 0.93 acc: 0.93 | val loss: 0.3542 bal_loss: 0.3533 bal_acc: 0.87 acc: 0.87
fold=4 label=1_vs_3 | epoch 100 | train loss: 0.1997 bal_acc: 0.94 acc: 0.94 | val loss: 0.3355 bal_loss: 0.3354 bal_acc: 0.87 acc: 0.87
fold=4 label=1_vs_3 | epoch 110 | train loss: 0.1759 bal_acc: 0.94 acc: 0.94 | val loss: 0.3335 bal_loss: 0.3322 bal_acc: 0.87 acc: 0.87
fold=4 label=1_vs_3 | epoch 120 | train loss: 0.1765 bal_acc: 0.94 acc: 0.94 | val loss: 0.3065 bal_loss: 0.3055 bal_acc: 0.90 acc: 0.90
fold=4 label=1_vs_3 | epoch 130 | train loss: 0.1922 bal_acc: 0.94 acc: 0.94 | val loss: 0.2857 bal_loss: 0.2852 bal_acc: 0.91 acc: 0.91
fold=4 label=1_vs_3 | epoch 140 | train loss: 0.1585 bal_acc: 0.94 acc: 0.94 | val loss: 0.2930 bal_loss: 0.2915 bal_acc: 0.89 acc: 0.89
fold=4 label=1_vs_3 | epoch 150 | train loss: 0.1231 bal_acc: 0.96 acc: 0.96 | val loss: 0.2945 bal_loss: 0.2931 bal_acc: 0.90 acc: 0.90
fold=4 label=1_vs_3 | epoch 160 | train loss: 0.1356 bal_acc: 0.96 acc: 0.96 | val loss: 0.3001 bal_loss: 0.2983 bal_acc: 0.90 acc: 0.90
fold=4 label=1_vs_3 | epoch 170 | train loss: 0.1251 bal_acc: 0.96 acc: 0.96 | val loss: 0.2866 bal_loss: 0.2849 bal_acc: 0.90 acc: 0.90
fold=4 label=1_vs_3 | epoch 180 | train loss: 0.0949 bal_acc: 0.97 acc: 0.97 | val loss: 0.2856 bal_loss: 0.2839 bal_acc: 0.90 acc: 0.90
fold=4 label=1_vs_3 | epoch 190 | train loss: 0.1051 bal_acc: 0.97 acc: 0.97 | val loss: 0.2970 bal_loss: 0.2946 bal_acc: 0.90 acc: 0.90
fold=4 label=1_vs_3 | epoch 200 | train loss: 0.1083 bal_acc: 0.97 acc: 0.97 | val loss: 0.2918 bal_loss: 0.2895 bal_acc: 0.90 acc: 0.90
fold=4 label=1_vs_3 | epoch 210 | train loss: 0.1076 bal_acc: 0.97 acc: 0.97 | val loss: 0.2909 bal_loss: 0.2888 bal_acc: 0.91 acc: 0.91
fold=4 label=1_vs_3 | epoch 220 | train loss: 0.0771 bal_acc: 0.98 acc: 0.98 | val loss: 0.3116 bal_loss: 0.3089 bal_acc: 0.90 acc: 0.90

--- fold 5/5: train=1171 val=391 test=390 ---
Day distribution:
  train: 260527=150 260528=181 260601=300 260602=240 260623=300 total=1171
  val:   260527=50 260528=61 260601=100 260602=80 260623=100 total=391
  test:  260527=50 260528=60 260601=100 260602=80 260623=100 total=390

fold=5 label=0
Binary label distribution:
  train: class0=236 class1=935 total=1171
  val:   class0=79 class1=312 total=391
  test:  class0=78 class1=312 total=390
Original labels in this split:
  train: label0=236 label1=228 label2=233 label3=238 label4=236 total=1171
  val:   label0=79 label1=76 label2=77 label3=80 label4=79 total=391
  test:  label0=78 label1=77 label2=77 label3=79 label4=79 total=390
fold=5 label=0 | epoch 001 | train loss: 0.6697 bal_acc: 0.60 acc: 0.60 | val loss: 0.6724 bal_loss: 0.6825 bal_acc: 0.60 acc: 0.66
fold=5 label=0 | epoch 010 | train loss: 0.5149 bal_acc: 0.77 acc: 0.77 | val loss: 0.5312 bal_loss: 0.5276 bal_acc: 0.76 acc: 0.76
fold=5 label=0 | epoch 020 | train loss: 0.4466 bal_acc: 0.80 acc: 0.79 | val loss: 0.4650 bal_loss: 0.4471 bal_acc: 0.78 acc: 0.77
fold=5 label=0 | epoch 030 | train loss: 0.3788 bal_acc: 0.84 acc: 0.84 | val loss: 0.4084 bal_loss: 0.3949 bal_acc: 0.83 acc: 0.82
fold=5 label=0 | epoch 040 | train loss: 0.3428 bal_acc: 0.85 acc: 0.85 | val loss: 0.4080 bal_loss: 0.3843 bal_acc: 0.84 acc: 0.83
fold=5 label=0 | epoch 050 | train loss: 0.3139 bal_acc: 0.87 acc: 0.87 | val loss: 0.3455 bal_loss: 0.3549 bal_acc: 0.86 acc: 0.87
fold=5 label=0 | epoch 060 | train loss: 0.2677 bal_acc: 0.90 acc: 0.89 | val loss: 0.3378 bal_loss: 0.3578 bal_acc: 0.87 acc: 0.88
fold=5 label=0 | epoch 070 | train loss: 0.2488 bal_acc: 0.90 acc: 0.90 | val loss: 0.3403 bal_loss: 0.3568 bal_acc: 0.87 acc: 0.88
fold=5 label=0 | epoch 080 | train loss: 0.2555 bal_acc: 0.89 acc: 0.89 | val loss: 0.3201 bal_loss: 0.3699 bal_acc: 0.86 acc: 0.88
fold=5 label=0 | epoch 090 | train loss: 0.2276 bal_acc: 0.91 acc: 0.91 | val loss: 0.3251 bal_loss: 0.3745 bal_acc: 0.86 acc: 0.88
fold=5 label=0 | epoch 100 | train loss: 0.1883 bal_acc: 0.92 acc: 0.92 | val loss: 0.3380 bal_loss: 0.3789 bal_acc: 0.85 acc: 0.87

fold=5 label=2
Binary label distribution:
  train: class0=233 class1=938 total=1171
  val:   class0=77 class1=314 total=391
  test:  class0=77 class1=313 total=390
Original labels in this split:
  train: label0=236 label1=228 label2=233 label3=238 label4=236 total=1171
  val:   label0=79 label1=76 label2=77 label3=80 label4=79 total=391
  test:  label0=78 label1=77 label2=77 label3=79 label4=79 total=390
fold=5 label=2 | epoch 001 | train loss: 0.7052 bal_acc: 0.50 acc: 0.50 | val loss: 0.6877 bal_loss: 0.6867 bal_acc: 0.58 acc: 0.60
fold=5 label=2 | epoch 010 | train loss: 0.4907 bal_acc: 0.78 acc: 0.78 | val loss: 0.5521 bal_loss: 0.5555 bal_acc: 0.72 acc: 0.72
fold=5 label=2 | epoch 020 | train loss: 0.3667 bal_acc: 0.84 acc: 0.84 | val loss: 0.4695 bal_loss: 0.5323 bal_acc: 0.77 acc: 0.80
fold=5 label=2 | epoch 030 | train loss: 0.2916 bal_acc: 0.88 acc: 0.88 | val loss: 0.4682 bal_loss: 0.5295 bal_acc: 0.81 acc: 0.81
fold=5 label=2 | epoch 040 | train loss: 0.3066 bal_acc: 0.86 acc: 0.86 | val loss: 0.4325 bal_loss: 0.5157 bal_acc: 0.82 acc: 0.83
fold=5 label=2 | epoch 050 | train loss: 0.2623 bal_acc: 0.89 acc: 0.89 | val loss: 0.4492 bal_loss: 0.5226 bal_acc: 0.83 acc: 0.84
fold=5 label=2 | epoch 060 | train loss: 0.2376 bal_acc: 0.91 acc: 0.91 | val loss: 0.4065 bal_loss: 0.5244 bal_acc: 0.83 acc: 0.86
fold=5 label=2 | epoch 070 | train loss: 0.2172 bal_acc: 0.91 acc: 0.91 | val loss: 0.4124 bal_loss: 0.5193 bal_acc: 0.85 acc: 0.86
fold=5 label=2 | epoch 080 | train loss: 0.1975 bal_acc: 0.92 acc: 0.92 | val loss: 0.4090 bal_loss: 0.5106 bal_acc: 0.86 acc: 0.87
fold=5 label=2 | epoch 090 | train loss: 0.1812 bal_acc: 0.93 acc: 0.93 | val loss: 0.4144 bal_loss: 0.5210 bal_acc: 0.86 acc: 0.87
fold=5 label=2 | epoch 100 | train loss: 0.1646 bal_acc: 0.94 acc: 0.94 | val loss: 0.4151 bal_loss: 0.5301 bal_acc: 0.86 acc: 0.86
fold=5 label=2 | epoch 110 | train loss: 0.1393 bal_acc: 0.95 acc: 0.95 | val loss: 0.3827 bal_loss: 0.5140 bal_acc: 0.88 acc: 0.88
fold=5 label=2 | epoch 120 | train loss: 0.1534 bal_acc: 0.94 acc: 0.94 | val loss: 0.3691 bal_loss: 0.5148 bal_acc: 0.87 acc: 0.89

fold=5 label=1_vs_3
Binary labels: class0=label1 class1=label3
Binary label distribution:
  train: class0=228 class1=238 total=466
  val:   class0=76 class1=80 total=156
  test:  class0=77 class1=79 total=156
Original labels in this split:
  train: label0=0 label1=228 label2=0 label3=238 label4=0 total=466
  val:   label0=0 label1=76 label2=0 label3=80 label4=0 total=156
  test:  label0=0 label1=77 label2=0 label3=79 label4=0 total=156
fold=5 label=1_vs_3 | epoch 001 | train loss: 0.7127 bal_acc: 0.54 acc: 0.54 | val loss: 0.6922 bal_loss: 0.6925 bal_acc: 0.52 acc: 0.53
fold=5 label=1_vs_3 | epoch 010 | train loss: 0.5916 bal_acc: 0.70 acc: 0.70 | val loss: 0.6156 bal_loss: 0.6176 bal_acc: 0.67 acc: 0.67
fold=5 label=1_vs_3 | epoch 020 | train loss: 0.4990 bal_acc: 0.79 acc: 0.79 | val loss: 0.5115 bal_loss: 0.5132 bal_acc: 0.75 acc: 0.75
fold=5 label=1_vs_3 | epoch 030 | train loss: 0.4468 bal_acc: 0.82 acc: 0.82 | val loss: 0.4622 bal_loss: 0.4636 bal_acc: 0.79 acc: 0.79
fold=5 label=1_vs_3 | epoch 040 | train loss: 0.3857 bal_acc: 0.86 acc: 0.86 | val loss: 0.4284 bal_loss: 0.4300 bal_acc: 0.81 acc: 0.81
fold=5 label=1_vs_3 | epoch 050 | train loss: 0.3557 bal_acc: 0.87 acc: 0.87 | val loss: 0.3891 bal_loss: 0.3894 bal_acc: 0.86 acc: 0.86
fold=5 label=1_vs_3 | epoch 060 | train loss: 0.3338 bal_acc: 0.86 acc: 0.86 | val loss: 0.3691 bal_loss: 0.3701 bal_acc: 0.85 acc: 0.85
fold=5 label=1_vs_3 | epoch 070 | train loss: 0.2893 bal_acc: 0.89 acc: 0.89 | val loss: 0.3198 bal_loss: 0.3199 bal_acc: 0.87 acc: 0.87
fold=5 label=1_vs_3 | epoch 080 | train loss: 0.2699 bal_acc: 0.90 acc: 0.90 | val loss: 0.2883 bal_loss: 0.2884 bal_acc: 0.88 acc: 0.88
fold=5 label=1_vs_3 | epoch 090 | train loss: 0.1957 bal_acc: 0.95 acc: 0.95 | val loss: 0.2656 bal_loss: 0.2653 bal_acc: 0.88 acc: 0.88
fold=5 label=1_vs_3 | epoch 100 | train loss: 0.2251 bal_acc: 0.92 acc: 0.92 | val loss: 0.2609 bal_loss: 0.2610 bal_acc: 0.87 acc: 0.87
fold=5 label=1_vs_3 | epoch 110 | train loss: 0.2115 bal_acc: 0.93 acc: 0.94 | val loss: 0.2442 bal_loss: 0.2439 bal_acc: 0.89 acc: 0.89
fold=5 label=1_vs_3 | epoch 120 | train loss: 0.1660 bal_acc: 0.95 acc: 0.95 | val loss: 0.2113 bal_loss: 0.2103 bal_acc: 0.90 acc: 0.90
fold=5 label=1_vs_3 | epoch 130 | train loss: 0.1514 bal_acc: 0.95 acc: 0.95 | val loss: 0.2213 bal_loss: 0.2206 bal_acc: 0.89 acc: 0.89
fold=5 label=1_vs_3 | epoch 140 | train loss: 0.1462 bal_acc: 0.95 acc: 0.95 | val loss: 0.1992 bal_loss: 0.1985 bal_acc: 0.90 acc: 0.90
fold=5 label=1_vs_3 | epoch 150 | train loss: 0.1318 bal_acc: 0.96 acc: 0.96 | val loss: 0.2025 bal_loss: 0.2016 bal_acc: 0.91 acc: 0.91
fold=5 label=1_vs_3 | epoch 160 | train loss: 0.1353 bal_acc: 0.96 acc: 0.96 | val loss: 0.2153 bal_loss: 0.2154 bal_acc: 0.90 acc: 0.90
fold=5 label=1_vs_3 | epoch 170 | train loss: 0.1271 bal_acc: 0.96 acc: 0.96 | val loss: 0.2006 bal_loss: 0.1998 bal_acc: 0.92 acc: 0.92
fold=5 label=1_vs_3 | epoch 180 | train loss: 0.1012 bal_acc: 0.97 acc: 0.97 | val loss: 0.1958 bal_loss: 0.1951 bal_acc: 0.91 acc: 0.91
fold=5 label=1_vs_3 | epoch 190 | train loss: 0.1080 bal_acc: 0.97 acc: 0.97 | val loss: 0.1959 bal_loss: 0.1947 bal_acc: 0.91 acc: 0.91
fold=5 label=1_vs_3 | epoch 200 | train loss: 0.0924 bal_acc: 0.98 acc: 0.98 | val loss: 0.1937 bal_loss: 0.1930 bal_acc: 0.92 acc: 0.92
fold=5 label=1_vs_3 | epoch 210 | train loss: 0.0896 bal_acc: 0.97 acc: 0.97 | val loss: 0.1948 bal_loss: 0.1939 bal_acc: 0.91 acc: 0.91
fold=5 label=1_vs_3 | epoch 220 | train loss: 0.0748 bal_acc: 0.98 acc: 0.98 | val loss: 0.1904 bal_loss: 0.1895 bal_acc: 0.92 acc: 0.92
fold=5 label=1_vs_3 | epoch 230 | train loss: 0.0684 bal_acc: 0.98 acc: 0.98 | val loss: 0.2043 bal_loss: 0.2038 bal_acc: 0.91 acc: 0.91
fold=5 label=1_vs_3 | epoch 240 | train loss: 0.0654 bal_acc: 0.98 acc: 0.98 | val loss: 0.1831 bal_loss: 0.1816 bal_acc: 0.90 acc: 0.90

5-fold cross-validation summary
y_0: test bal_loss=0.385 +/- 0.051 | bal_acc=0.853 +/- 0.023 | test acc=0.859 +/- 0.022
y_2: test bal_loss=0.373 +/- 0.085 | bal_acc=0.852 +/- 0.021 | test acc=0.862 +/- 0.028
y_1_vs_3: test bal_loss=0.231 +/- 0.063 | bal_acc=0.923 +/- 0.023 | test acc=0.923 +/- 0.024
Cross-validation CSV: ./checkpoints/sub2_yjkim_nogit/v5_sub2_eegnet_lr_all_days/20260629_112944/cross_validation.csv

Saved to: ./checkpoints/sub2_yjkim_nogit/v5_sub2_eegnet_lr_all_days/20260629_112944
