Training configuration
  config=./configs/train_config_v3.json
  model=shallownet
  patient=sub1_hjlee
  day=all_days
  max_folds=5
  print_layer_shapes=True
  patient_dir=./data/processed/sub1_hjlee
  input_file=X_eeg.npy
  emg_file=X_emg.npy
  checkpoint_root=./checkpoints/sub1_hjlee_nogit/v6_sub1_shallownet_emg_all_days
  epochs=500
  batch_size=16
  lr=1e-05
  weight_decay=0.0001
  patience=100
  seed=42
  val_test_ratio=0.2
  weighted_sampler=True
  emg_feature_dim=64
  run_window_diagnostic=False
  window_size=256
  window_stride=128
  balance_rest_to_target=False
  run_5fold_cross_validation=True
  selection_metric=balanced_loss

Loading all days from ./data/processed/sub1_hjlee...
Loaded days: 260408, 260422, 260506, 260520, 260602, 260617
Device: cuda | X: (3000, 64, 1000) | X_emg: (3000, 2, 1000) | run: ./checkpoints/sub1_hjlee_nogit/v6_sub1_shallownet_emg_all_days/20260630_091936
Data split: train=1800 val=600 test=600
Day distribution:
  train: 260408=300 260422=300 260506=300 260520=300 260602=300 260617=300 total=1800
  val:   260408=100 260422=100 260506=100 260520=100 260602=100 260617=100 total=600
  test:  260408=100 260422=100 260506=100 260520=100 260602=100 260617=100 total=600
Original label distribution:
  train: label0=360 label1=360 label2=360 label3=360 label4=360 total=1800
  val:   label0=120 label1=120 label2=120 label3=120 label4=120 total=600
  test:  label0=120 label1=120 label2=120 label3=120 label4=120 total=600

=== 5-fold cross-validation (running 5 fold(s)) ===

--- fold 1/5: train=1800 val=600 test=600 ---
Day distribution:
  train: 260408=300 260422=300 260506=300 260520=300 260602=300 260617=300 total=1800
  val:   260408=100 260422=100 260506=100 260520=100 260602=100 260617=100 total=600
  test:  260408=100 260422=100 260506=100 260520=100 260602=100 260617=100 total=600

fold=1 label=0
Binary label distribution:
  train: class0=360 class1=1440 total=1800
  val:   class0=120 class1=480 total=600
  test:  class0=120 class1=480 total=600
Original labels in this split:
  train: label0=360 label1=360 label2=360 label3=360 label4=360 total=1800
  val:   label0=120 label1=120 label2=120 label3=120 label4=120 total=600
  test:  label0=120 label1=120 label2=120 label3=120 label4=120 total=600

Model shape diagnostic
  EEG input: (16, 64, 1000)
  EMG input: (16, 2, 1000)
  EEG layer ensuredims: (16, 64, 1000, 1)
  EEG layer dimshuffle: (16, 1, 1000, 64)
  EEG layer bnorm: (16, 40, 976, 1)
  EEG layer conv_nonlin_exp: (16, 40, 976, 1)
  EEG layer pool: (16, 40, 61, 1)
  EEG layer pool_nonlin_exp: (16, 40, 61, 1)
  EEG layer drop: (16, 40, 61, 1)
  EEG layer final_layer.conv_classifier: (16, 2, 1, 1)
  EEG layer final_layer.squeeze.squeeze: (16, 2, 1)
  EEG feature vector: (16, 2440)
  EMG feature vector: (16, 64)
fold=1 label=0 | epoch 001 | train loss: 0.8997 bal_acc: 0.51 acc: 0.51 | val loss: 0.7382 bal_loss: 0.7786 bal_acc: 0.49 acc: 0.52
fold=1 label=0 | epoch 010 | train loss: 0.6981 bal_acc: 0.60 acc: 0.60 | val loss: 0.6771 bal_loss: 0.7298 bal_acc: 0.55 acc: 0.59
fold=1 label=0 | epoch 020 | train loss: 0.6315 bal_acc: 0.64 acc: 0.64 | val loss: 0.6446 bal_loss: 0.7481 bal_acc: 0.54 acc: 0.63
fold=1 label=0 | epoch 030 | train loss: 0.5792 bal_acc: 0.69 acc: 0.69 | val loss: 0.6870 bal_loss: 0.7654 bal_acc: 0.55 acc: 0.59
fold=1 label=0 | epoch 040 | train loss: 0.5298 bal_acc: 0.75 acc: 0.75 | val loss: 0.6736 bal_loss: 0.7746 bal_acc: 0.54 acc: 0.59
fold=1 label=0 | epoch 050 | train loss: 0.4688 bal_acc: 0.79 acc: 0.79 | val loss: 0.6510 bal_loss: 0.7775 bal_acc: 0.56 acc: 0.64
fold=1 label=0 | epoch 060 | train loss: 0.4297 bal_acc: 0.81 acc: 0.81 | val loss: 0.6474 bal_loss: 0.7872 bal_acc: 0.54 acc: 0.63
fold=1 label=0 | epoch 070 | train loss: 0.3793 bal_acc: 0.85 acc: 0.85 | val loss: 0.6348 bal_loss: 0.8327 bal_acc: 0.54 acc: 0.66
fold=1 label=0 | epoch 080 | train loss: 0.3446 bal_acc: 0.86 acc: 0.86 | val loss: 0.6354 bal_loss: 0.8413 bal_acc: 0.53 acc: 0.66
fold=1 label=0 | epoch 090 | train loss: 0.3222 bal_acc: 0.87 acc: 0.87 | val loss: 0.6023 bal_loss: 0.8930 bal_acc: 0.53 acc: 0.70
fold=1 label=0 | epoch 100 | train loss: 0.2770 bal_acc: 0.90 acc: 0.90 | val loss: 0.6436 bal_loss: 0.9419 bal_acc: 0.54 acc: 0.69
fold=1 label=0 | epoch 110 | train loss: 0.2637 bal_acc: 0.90 acc: 0.90 | val loss: 0.6394 bal_loss: 0.9019 bal_acc: 0.56 acc: 0.69

fold=1 label=2
Binary label distribution:
  train: class0=360 class1=1440 total=1800
  val:   class0=120 class1=480 total=600
  test:  class0=120 class1=480 total=600
Original labels in this split:
  train: label0=360 label1=360 label2=360 label3=360 label4=360 total=1800
  val:   label0=120 label1=120 label2=120 label3=120 label4=120 total=600
  test:  label0=120 label1=120 label2=120 label3=120 label4=120 total=600
fold=1 label=2 | epoch 001 | train loss: 0.8630 bal_acc: 0.52 acc: 0.52 | val loss: 0.7606 bal_loss: 0.7707 bal_acc: 0.48 acc: 0.48
fold=1 label=2 | epoch 010 | train loss: 0.7153 bal_acc: 0.59 acc: 0.59 | val loss: 0.7080 bal_loss: 0.7153 bal_acc: 0.56 acc: 0.57
fold=1 label=2 | epoch 020 | train loss: 0.6347 bal_acc: 0.66 acc: 0.66 | val loss: 0.6630 bal_loss: 0.7019 bal_acc: 0.56 acc: 0.61
fold=1 label=2 | epoch 030 | train loss: 0.6042 bal_acc: 0.68 acc: 0.68 | val loss: 0.6549 bal_loss: 0.6954 bal_acc: 0.56 acc: 0.62
fold=1 label=2 | epoch 040 | train loss: 0.5222 bal_acc: 0.76 acc: 0.76 | val loss: 0.6365 bal_loss: 0.6995 bal_acc: 0.56 acc: 0.63
fold=1 label=2 | epoch 050 | train loss: 0.4833 bal_acc: 0.78 acc: 0.78 | val loss: 0.6394 bal_loss: 0.7064 bal_acc: 0.56 acc: 0.63
fold=1 label=2 | epoch 060 | train loss: 0.4333 bal_acc: 0.81 acc: 0.81 | val loss: 0.6726 bal_loss: 0.7177 bal_acc: 0.56 acc: 0.61
fold=1 label=2 | epoch 070 | train loss: 0.4106 bal_acc: 0.83 acc: 0.83 | val loss: 0.6477 bal_loss: 0.7556 bal_acc: 0.57 acc: 0.65
fold=1 label=2 | epoch 080 | train loss: 0.3593 bal_acc: 0.86 acc: 0.86 | val loss: 0.6108 bal_loss: 0.8158 bal_acc: 0.55 acc: 0.69
fold=1 label=2 | epoch 090 | train loss: 0.3096 bal_acc: 0.89 acc: 0.89 | val loss: 0.6445 bal_loss: 0.8074 bal_acc: 0.58 acc: 0.67
fold=1 label=2 | epoch 100 | train loss: 0.2921 bal_acc: 0.89 acc: 0.89 | val loss: 0.6691 bal_loss: 0.8534 bal_acc: 0.56 acc: 0.67
fold=1 label=2 | epoch 110 | train loss: 0.2697 bal_acc: 0.90 acc: 0.90 | val loss: 0.6129 bal_loss: 0.9845 bal_acc: 0.54 acc: 0.72
fold=1 label=2 | epoch 120 | train loss: 0.2500 bal_acc: 0.91 acc: 0.91 | val loss: 0.6469 bal_loss: 0.9504 bal_acc: 0.56 acc: 0.71
fold=1 label=2 | epoch 130 | train loss: 0.2358 bal_acc: 0.92 acc: 0.92 | val loss: 0.6586 bal_loss: 0.9777 bal_acc: 0.56 acc: 0.71

fold=1 label=1_vs_3
Binary labels: class0=label1 class1=label3
Binary label distribution:
  train: class0=360 class1=360 total=720
  val:   class0=120 class1=120 total=240
  test:  class0=120 class1=120 total=240
Original labels in this split:
  train: label0=0 label1=360 label2=0 label3=360 label4=0 total=720
  val:   label0=0 label1=120 label2=0 label3=120 label4=0 total=240
  test:  label0=0 label1=120 label2=0 label3=120 label4=0 total=240
fold=1 label=1_vs_3 | epoch 001 | train loss: 0.8644 bal_acc: 0.50 acc: 0.50 | val loss: 0.7691 bal_loss: 0.7691 bal_acc: 0.50 acc: 0.50
fold=1 label=1_vs_3 | epoch 010 | train loss: 0.7730 bal_acc: 0.57 acc: 0.57 | val loss: 0.7355 bal_loss: 0.7355 bal_acc: 0.50 acc: 0.50
fold=1 label=1_vs_3 | epoch 020 | train loss: 0.6958 bal_acc: 0.61 acc: 0.61 | val loss: 0.7460 bal_loss: 0.7460 bal_acc: 0.49 acc: 0.49
fold=1 label=1_vs_3 | epoch 030 | train loss: 0.6575 bal_acc: 0.64 acc: 0.64 | val loss: 0.7417 bal_loss: 0.7417 bal_acc: 0.49 acc: 0.49
fold=1 label=1_vs_3 | epoch 040 | train loss: 0.6433 bal_acc: 0.65 acc: 0.65 | val loss: 0.7356 bal_loss: 0.7356 bal_acc: 0.47 acc: 0.47
fold=1 label=1_vs_3 | epoch 050 | train loss: 0.5557 bal_acc: 0.72 acc: 0.72 | val loss: 0.7454 bal_loss: 0.7454 bal_acc: 0.49 acc: 0.49
fold=1 label=1_vs_3 | epoch 060 | train loss: 0.5161 bal_acc: 0.74 acc: 0.74 | val loss: 0.7396 bal_loss: 0.7396 bal_acc: 0.51 acc: 0.51
fold=1 label=1_vs_3 | epoch 070 | train loss: 0.4954 bal_acc: 0.76 acc: 0.76 | val loss: 0.7358 bal_loss: 0.7358 bal_acc: 0.52 acc: 0.52
fold=1 label=1_vs_3 | epoch 080 | train loss: 0.4370 bal_acc: 0.80 acc: 0.80 | val loss: 0.7444 bal_loss: 0.7444 bal_acc: 0.52 acc: 0.52
fold=1 label=1_vs_3 | epoch 090 | train loss: 0.4474 bal_acc: 0.81 acc: 0.80 | val loss: 0.7364 bal_loss: 0.7364 bal_acc: 0.55 acc: 0.55
fold=1 label=1_vs_3 | epoch 100 | train loss: 0.4124 bal_acc: 0.82 acc: 0.82 | val loss: 0.7659 bal_loss: 0.7659 bal_acc: 0.53 acc: 0.53
fold=1 label=1_vs_3 | epoch 110 | train loss: 0.3443 bal_acc: 0.86 acc: 0.86 | val loss: 0.7618 bal_loss: 0.7618 bal_acc: 0.55 acc: 0.55
fold=1 label=1_vs_3 | epoch 120 | train loss: 0.3224 bal_acc: 0.88 acc: 0.88 | val loss: 0.7848 bal_loss: 0.7848 bal_acc: 0.54 acc: 0.54
fold=1 label=1_vs_3 | epoch 130 | train loss: 0.2905 bal_acc: 0.89 acc: 0.89 | val loss: 0.7949 bal_loss: 0.7949 bal_acc: 0.53 acc: 0.53
fold=1 label=1_vs_3 | epoch 140 | train loss: 0.2775 bal_acc: 0.91 acc: 0.91 | val loss: 0.8016 bal_loss: 0.8016 bal_acc: 0.55 acc: 0.55

--- fold 2/5: train=1800 val=600 test=600 ---
Day distribution:
  train: 260408=300 260422=300 260506=300 260520=300 260602=300 260617=300 total=1800
  val:   260408=100 260422=100 260506=100 260520=100 260602=100 260617=100 total=600
  test:  260408=100 260422=100 260506=100 260520=100 260602=100 260617=100 total=600

fold=2 label=0
Binary label distribution:
  train: class0=360 class1=1440 total=1800
  val:   class0=120 class1=480 total=600
  test:  class0=120 class1=480 total=600
Original labels in this split:
  train: label0=360 label1=360 label2=360 label3=360 label4=360 total=1800
  val:   label0=120 label1=120 label2=120 label3=120 label4=120 total=600
  test:  label0=120 label1=120 label2=120 label3=120 label4=120 total=600
fold=2 label=0 | epoch 001 | train loss: 0.8938 bal_acc: 0.52 acc: 0.52 | val loss: 0.7349 bal_loss: 0.7396 bal_acc: 0.52 acc: 0.52
fold=2 label=0 | epoch 010 | train loss: 0.7070 bal_acc: 0.59 acc: 0.59 | val loss: 0.6975 bal_loss: 0.7400 bal_acc: 0.56 acc: 0.59
fold=2 label=0 | epoch 020 | train loss: 0.6306 bal_acc: 0.66 acc: 0.66 | val loss: 0.6586 bal_loss: 0.7590 bal_acc: 0.54 acc: 0.63
fold=2 label=0 | epoch 030 | train loss: 0.5759 bal_acc: 0.71 acc: 0.71 | val loss: 0.6884 bal_loss: 0.7682 bal_acc: 0.53 acc: 0.58
fold=2 label=0 | epoch 040 | train loss: 0.5151 bal_acc: 0.75 acc: 0.75 | val loss: 0.6691 bal_loss: 0.7859 bal_acc: 0.53 acc: 0.62
fold=2 label=0 | epoch 050 | train loss: 0.4758 bal_acc: 0.77 acc: 0.77 | val loss: 0.6280 bal_loss: 0.8493 bal_acc: 0.52 acc: 0.68
fold=2 label=0 | epoch 060 | train loss: 0.4522 bal_acc: 0.80 acc: 0.80 | val loss: 0.6442 bal_loss: 0.8742 bal_acc: 0.54 acc: 0.68
fold=2 label=0 | epoch 070 | train loss: 0.3866 bal_acc: 0.84 acc: 0.84 | val loss: 0.6234 bal_loss: 0.9681 bal_acc: 0.53 acc: 0.72
fold=2 label=0 | epoch 080 | train loss: 0.3496 bal_acc: 0.85 acc: 0.86 | val loss: 0.6536 bal_loss: 0.9462 bal_acc: 0.54 acc: 0.69
fold=2 label=0 | epoch 090 | train loss: 0.3310 bal_acc: 0.87 acc: 0.87 | val loss: 0.6961 bal_loss: 0.9865 bal_acc: 0.54 acc: 0.66
fold=2 label=0 | epoch 100 | train loss: 0.2955 bal_acc: 0.89 acc: 0.89 | val loss: 0.6904 bal_loss: 1.0566 bal_acc: 0.55 acc: 0.70

fold=2 label=2
Binary label distribution:
  train: class0=360 class1=1440 total=1800
  val:   class0=120 class1=480 total=600
  test:  class0=120 class1=480 total=600
Original labels in this split:
  train: label0=360 label1=360 label2=360 label3=360 label4=360 total=1800
  val:   label0=120 label1=120 label2=120 label3=120 label4=120 total=600
  test:  label0=120 label1=120 label2=120 label3=120 label4=120 total=600
fold=2 label=2 | epoch 001 | train loss: 0.9361 bal_acc: 0.49 acc: 0.49 | val loss: 0.7282 bal_loss: 0.7812 bal_acc: 0.50 acc: 0.54
fold=2 label=2 | epoch 010 | train loss: 0.7116 bal_acc: 0.61 acc: 0.61 | val loss: 0.7106 bal_loss: 0.7342 bal_acc: 0.48 acc: 0.52
fold=2 label=2 | epoch 020 | train loss: 0.6431 bal_acc: 0.64 acc: 0.64 | val loss: 0.7007 bal_loss: 0.7389 bal_acc: 0.52 acc: 0.57
fold=2 label=2 | epoch 030 | train loss: 0.5889 bal_acc: 0.70 acc: 0.70 | val loss: 0.6868 bal_loss: 0.7527 bal_acc: 0.50 acc: 0.58
fold=2 label=2 | epoch 040 | train loss: 0.5258 bal_acc: 0.74 acc: 0.74 | val loss: 0.6806 bal_loss: 0.7682 bal_acc: 0.50 acc: 0.60
fold=2 label=2 | epoch 050 | train loss: 0.4588 bal_acc: 0.79 acc: 0.79 | val loss: 0.6626 bal_loss: 0.7887 bal_acc: 0.51 acc: 0.62
fold=2 label=2 | epoch 060 | train loss: 0.4106 bal_acc: 0.83 acc: 0.83 | val loss: 0.6342 bal_loss: 0.8478 bal_acc: 0.50 acc: 0.67
fold=2 label=2 | epoch 070 | train loss: 0.4065 bal_acc: 0.83 acc: 0.83 | val loss: 0.6337 bal_loss: 0.8970 bal_acc: 0.49 acc: 0.68
fold=2 label=2 | epoch 080 | train loss: 0.3571 bal_acc: 0.85 acc: 0.85 | val loss: 0.6838 bal_loss: 0.9075 bal_acc: 0.50 acc: 0.66
fold=2 label=2 | epoch 090 | train loss: 0.3140 bal_acc: 0.88 acc: 0.88 | val loss: 0.6446 bal_loss: 0.9742 bal_acc: 0.52 acc: 0.71
fold=2 label=2 | epoch 100 | train loss: 0.3073 bal_acc: 0.88 acc: 0.88 | val loss: 0.6767 bal_loss: 0.9957 bal_acc: 0.51 acc: 0.68
fold=2 label=2 | epoch 110 | train loss: 0.2461 bal_acc: 0.92 acc: 0.92 | val loss: 0.6935 bal_loss: 1.0636 bal_acc: 0.49 acc: 0.69
fold=2 label=2 | epoch 120 | train loss: 0.2424 bal_acc: 0.92 acc: 0.92 | val loss: 0.7293 bal_loss: 1.1426 bal_acc: 0.49 acc: 0.67

fold=2 label=1_vs_3
Binary labels: class0=label1 class1=label3
Binary label distribution:
  train: class0=360 class1=360 total=720
  val:   class0=120 class1=120 total=240
  test:  class0=120 class1=120 total=240
Original labels in this split:
  train: label0=0 label1=360 label2=0 label3=360 label4=0 total=720
  val:   label0=0 label1=120 label2=0 label3=120 label4=0 total=240
  test:  label0=0 label1=120 label2=0 label3=120 label4=0 total=240
fold=2 label=1_vs_3 | epoch 001 | train loss: 0.9347 bal_acc: 0.50 acc: 0.50 | val loss: 0.8173 bal_loss: 0.8173 bal_acc: 0.46 acc: 0.46
fold=2 label=1_vs_3 | epoch 010 | train loss: 0.7947 bal_acc: 0.54 acc: 0.54 | val loss: 0.7499 bal_loss: 0.7499 bal_acc: 0.48 acc: 0.48
fold=2 label=1_vs_3 | epoch 020 | train loss: 0.6950 bal_acc: 0.61 acc: 0.60 | val loss: 0.7643 bal_loss: 0.7643 bal_acc: 0.45 acc: 0.45
fold=2 label=1_vs_3 | epoch 030 | train loss: 0.6196 bal_acc: 0.68 acc: 0.68 | val loss: 0.7633 bal_loss: 0.7633 bal_acc: 0.49 acc: 0.49
fold=2 label=1_vs_3 | epoch 040 | train loss: 0.5930 bal_acc: 0.69 acc: 0.69 | val loss: 0.7644 bal_loss: 0.7644 bal_acc: 0.49 acc: 0.49
fold=2 label=1_vs_3 | epoch 050 | train loss: 0.5828 bal_acc: 0.69 acc: 0.69 | val loss: 0.7655 bal_loss: 0.7655 bal_acc: 0.48 acc: 0.48
fold=2 label=1_vs_3 | epoch 060 | train loss: 0.5385 bal_acc: 0.71 acc: 0.72 | val loss: 0.7576 bal_loss: 0.7576 bal_acc: 0.51 acc: 0.51
fold=2 label=1_vs_3 | epoch 070 | train loss: 0.5091 bal_acc: 0.75 acc: 0.75 | val loss: 0.7445 bal_loss: 0.7445 bal_acc: 0.53 acc: 0.53
fold=2 label=1_vs_3 | epoch 080 | train loss: 0.4641 bal_acc: 0.77 acc: 0.77 | val loss: 0.7575 bal_loss: 0.7575 bal_acc: 0.54 acc: 0.54
fold=2 label=1_vs_3 | epoch 090 | train loss: 0.4445 bal_acc: 0.79 acc: 0.79 | val loss: 0.7406 bal_loss: 0.7406 bal_acc: 0.58 acc: 0.58
fold=2 label=1_vs_3 | epoch 100 | train loss: 0.4307 bal_acc: 0.81 acc: 0.81 | val loss: 0.7472 bal_loss: 0.7472 bal_acc: 0.57 acc: 0.57
fold=2 label=1_vs_3 | epoch 110 | train loss: 0.3689 bal_acc: 0.85 acc: 0.85 | val loss: 0.7348 bal_loss: 0.7348 bal_acc: 0.58 acc: 0.57
fold=2 label=1_vs_3 | epoch 120 | train loss: 0.3470 bal_acc: 0.87 acc: 0.87 | val loss: 0.7380 bal_loss: 0.7380 bal_acc: 0.57 acc: 0.57
fold=2 label=1_vs_3 | epoch 130 | train loss: 0.3669 bal_acc: 0.84 acc: 0.84 | val loss: 0.7467 bal_loss: 0.7467 bal_acc: 0.59 acc: 0.59
fold=2 label=1_vs_3 | epoch 140 | train loss: 0.2816 bal_acc: 0.91 acc: 0.91 | val loss: 0.7497 bal_loss: 0.7497 bal_acc: 0.57 acc: 0.57
fold=2 label=1_vs_3 | epoch 150 | train loss: 0.2654 bal_acc: 0.91 acc: 0.91 | val loss: 0.7768 bal_loss: 0.7768 bal_acc: 0.60 acc: 0.60
fold=2 label=1_vs_3 | epoch 160 | train loss: 0.2722 bal_acc: 0.89 acc: 0.89 | val loss: 0.7649 bal_loss: 0.7649 bal_acc: 0.61 acc: 0.61
fold=2 label=1_vs_3 | epoch 170 | train loss: 0.2299 bal_acc: 0.92 acc: 0.92 | val loss: 0.8023 bal_loss: 0.8023 bal_acc: 0.60 acc: 0.60
fold=2 label=1_vs_3 | epoch 180 | train loss: 0.2338 bal_acc: 0.91 acc: 0.92 | val loss: 0.8080 bal_loss: 0.8080 bal_acc: 0.61 acc: 0.61
fold=2 label=1_vs_3 | epoch 190 | train loss: 0.2008 bal_acc: 0.94 acc: 0.94 | val loss: 0.8232 bal_loss: 0.8232 bal_acc: 0.57 acc: 0.57
fold=2 label=1_vs_3 | epoch 200 | train loss: 0.1919 bal_acc: 0.95 acc: 0.95 | val loss: 0.8410 bal_loss: 0.8410 bal_acc: 0.59 acc: 0.59
fold=2 label=1_vs_3 | epoch 210 | train loss: 0.1693 bal_acc: 0.96 acc: 0.96 | val loss: 0.8347 bal_loss: 0.8347 bal_acc: 0.61 acc: 0.61

--- fold 3/5: train=1800 val=600 test=600 ---
Day distribution:
  train: 260408=300 260422=300 260506=300 260520=300 260602=300 260617=300 total=1800
  val:   260408=100 260422=100 260506=100 260520=100 260602=100 260617=100 total=600
  test:  260408=100 260422=100 260506=100 260520=100 260602=100 260617=100 total=600

fold=3 label=0
Binary label distribution:
  train: class0=360 class1=1440 total=1800
  val:   class0=120 class1=480 total=600
  test:  class0=120 class1=480 total=600
Original labels in this split:
  train: label0=360 label1=360 label2=360 label3=360 label4=360 total=1800
  val:   label0=120 label1=120 label2=120 label3=120 label4=120 total=600
  test:  label0=120 label1=120 label2=120 label3=120 label4=120 total=600
fold=3 label=0 | epoch 001 | train loss: 0.8751 bal_acc: 0.52 acc: 0.52 | val loss: 0.7294 bal_loss: 0.7678 bal_acc: 0.48 acc: 0.52
fold=3 label=0 | epoch 010 | train loss: 0.7333 bal_acc: 0.59 acc: 0.59 | val loss: 0.6612 bal_loss: 0.7219 bal_acc: 0.54 acc: 0.60
fold=3 label=0 | epoch 020 | train loss: 0.6684 bal_acc: 0.63 acc: 0.62 | val loss: 0.6391 bal_loss: 0.7188 bal_acc: 0.53 acc: 0.63
fold=3 label=0 | epoch 030 | train loss: 0.6114 bal_acc: 0.68 acc: 0.68 | val loss: 0.6849 bal_loss: 0.7133 bal_acc: 0.54 acc: 0.56
fold=3 label=0 | epoch 040 | train loss: 0.5420 bal_acc: 0.73 acc: 0.73 | val loss: 0.6329 bal_loss: 0.7476 bal_acc: 0.53 acc: 0.65
fold=3 label=0 | epoch 050 | train loss: 0.4894 bal_acc: 0.77 acc: 0.77 | val loss: 0.5896 bal_loss: 0.7868 bal_acc: 0.53 acc: 0.70
fold=3 label=0 | epoch 060 | train loss: 0.4408 bal_acc: 0.79 acc: 0.79 | val loss: 0.6678 bal_loss: 0.7615 bal_acc: 0.55 acc: 0.63
fold=3 label=0 | epoch 070 | train loss: 0.4240 bal_acc: 0.82 acc: 0.82 | val loss: 0.6585 bal_loss: 0.8212 bal_acc: 0.52 acc: 0.64
fold=3 label=0 | epoch 080 | train loss: 0.3641 bal_acc: 0.85 acc: 0.85 | val loss: 0.6171 bal_loss: 0.8567 bal_acc: 0.54 acc: 0.69
fold=3 label=0 | epoch 090 | train loss: 0.3145 bal_acc: 0.89 acc: 0.89 | val loss: 0.6309 bal_loss: 0.8722 bal_acc: 0.54 acc: 0.69
fold=3 label=0 | epoch 100 | train loss: 0.3045 bal_acc: 0.89 acc: 0.89 | val loss: 0.6256 bal_loss: 0.9564 bal_acc: 0.53 acc: 0.71
fold=3 label=0 | epoch 110 | train loss: 0.2554 bal_acc: 0.92 acc: 0.92 | val loss: 0.6416 bal_loss: 0.9661 bal_acc: 0.53 acc: 0.70
fold=3 label=0 | epoch 120 | train loss: 0.2441 bal_acc: 0.91 acc: 0.91 | val loss: 0.6812 bal_loss: 1.0006 bal_acc: 0.53 acc: 0.68

fold=3 label=2
Binary label distribution:
  train: class0=360 class1=1440 total=1800
  val:   class0=120 class1=480 total=600
  test:  class0=120 class1=480 total=600
Original labels in this split:
  train: label0=360 label1=360 label2=360 label3=360 label4=360 total=1800
  val:   label0=120 label1=120 label2=120 label3=120 label4=120 total=600
  test:  label0=120 label1=120 label2=120 label3=120 label4=120 total=600
fold=3 label=2 | epoch 001 | train loss: 0.8600 bal_acc: 0.52 acc: 0.52 | val loss: 0.6281 bal_loss: 0.8335 bal_acc: 0.49 acc: 0.69
fold=3 label=2 | epoch 010 | train loss: 0.7376 bal_acc: 0.60 acc: 0.60 | val loss: 0.8172 bal_loss: 0.7557 bal_acc: 0.50 acc: 0.42
fold=3 label=2 | epoch 020 | train loss: 0.6694 bal_acc: 0.64 acc: 0.63 | val loss: 0.7303 bal_loss: 0.7416 bal_acc: 0.49 acc: 0.51
fold=3 label=2 | epoch 030 | train loss: 0.6074 bal_acc: 0.67 acc: 0.67 | val loss: 0.6770 bal_loss: 0.7562 bal_acc: 0.53 acc: 0.62
fold=3 label=2 | epoch 040 | train loss: 0.5341 bal_acc: 0.72 acc: 0.72 | val loss: 0.7653 bal_loss: 0.7555 bal_acc: 0.54 acc: 0.52
fold=3 label=2 | epoch 050 | train loss: 0.5157 bal_acc: 0.75 acc: 0.75 | val loss: 0.6907 bal_loss: 0.7748 bal_acc: 0.54 acc: 0.61
fold=3 label=2 | epoch 060 | train loss: 0.4454 bal_acc: 0.81 acc: 0.81 | val loss: 0.6736 bal_loss: 0.7946 bal_acc: 0.51 acc: 0.62
fold=3 label=2 | epoch 070 | train loss: 0.4007 bal_acc: 0.83 acc: 0.83 | val loss: 0.6620 bal_loss: 0.8107 bal_acc: 0.54 acc: 0.65
fold=3 label=2 | epoch 080 | train loss: 0.3797 bal_acc: 0.85 acc: 0.85 | val loss: 0.6376 bal_loss: 0.8896 bal_acc: 0.50 acc: 0.67
fold=3 label=2 | epoch 090 | train loss: 0.3415 bal_acc: 0.87 acc: 0.87 | val loss: 0.6393 bal_loss: 0.9255 bal_acc: 0.52 acc: 0.69
fold=3 label=2 | epoch 100 | train loss: 0.3104 bal_acc: 0.88 acc: 0.88 | val loss: 0.6790 bal_loss: 0.9274 bal_acc: 0.52 acc: 0.66
fold=3 label=2 | epoch 110 | train loss: 0.2762 bal_acc: 0.90 acc: 0.90 | val loss: 0.6576 bal_loss: 0.9883 bal_acc: 0.53 acc: 0.70

fold=3 label=1_vs_3
Binary labels: class0=label1 class1=label3
Binary label distribution:
  train: class0=360 class1=360 total=720
  val:   class0=120 class1=120 total=240
  test:  class0=120 class1=120 total=240
Original labels in this split:
  train: label0=0 label1=360 label2=0 label3=360 label4=0 total=720
  val:   label0=0 label1=120 label2=0 label3=120 label4=0 total=240
  test:  label0=0 label1=120 label2=0 label3=120 label4=0 total=240
fold=3 label=1_vs_3 | epoch 001 | train loss: 0.9778 bal_acc: 0.46 acc: 0.46 | val loss: 0.7377 bal_loss: 0.7377 bal_acc: 0.53 acc: 0.53
fold=3 label=1_vs_3 | epoch 010 | train loss: 0.7802 bal_acc: 0.54 acc: 0.54 | val loss: 0.7045 bal_loss: 0.7045 bal_acc: 0.54 acc: 0.54
fold=3 label=1_vs_3 | epoch 020 | train loss: 0.7534 bal_acc: 0.61 acc: 0.61 | val loss: 0.7024 bal_loss: 0.7024 bal_acc: 0.54 acc: 0.54
fold=3 label=1_vs_3 | epoch 030 | train loss: 0.6935 bal_acc: 0.62 acc: 0.62 | val loss: 0.6945 bal_loss: 0.6945 bal_acc: 0.54 acc: 0.54
fold=3 label=1_vs_3 | epoch 040 | train loss: 0.6215 bal_acc: 0.67 acc: 0.67 | val loss: 0.6892 bal_loss: 0.6892 bal_acc: 0.57 acc: 0.57
fold=3 label=1_vs_3 | epoch 050 | train loss: 0.5791 bal_acc: 0.71 acc: 0.71 | val loss: 0.6902 bal_loss: 0.6902 bal_acc: 0.56 acc: 0.56
fold=3 label=1_vs_3 | epoch 060 | train loss: 0.5252 bal_acc: 0.73 acc: 0.73 | val loss: 0.6907 bal_loss: 0.6907 bal_acc: 0.57 acc: 0.57
fold=3 label=1_vs_3 | epoch 070 | train loss: 0.5003 bal_acc: 0.76 acc: 0.76 | val loss: 0.6769 bal_loss: 0.6769 bal_acc: 0.58 acc: 0.58
fold=3 label=1_vs_3 | epoch 080 | train loss: 0.4381 bal_acc: 0.81 acc: 0.81 | val loss: 0.6839 bal_loss: 0.6839 bal_acc: 0.62 acc: 0.62
fold=3 label=1_vs_3 | epoch 090 | train loss: 0.4239 bal_acc: 0.83 acc: 0.83 | val loss: 0.6981 bal_loss: 0.6981 bal_acc: 0.60 acc: 0.60
fold=3 label=1_vs_3 | epoch 100 | train loss: 0.4075 bal_acc: 0.82 acc: 0.82 | val loss: 0.6792 bal_loss: 0.6792 bal_acc: 0.60 acc: 0.60
fold=3 label=1_vs_3 | epoch 110 | train loss: 0.3739 bal_acc: 0.85 acc: 0.85 | val loss: 0.6979 bal_loss: 0.6979 bal_acc: 0.60 acc: 0.60
fold=3 label=1_vs_3 | epoch 120 | train loss: 0.3383 bal_acc: 0.87 acc: 0.87 | val loss: 0.7128 bal_loss: 0.7128 bal_acc: 0.61 acc: 0.61
fold=3 label=1_vs_3 | epoch 130 | train loss: 0.3247 bal_acc: 0.88 acc: 0.88 | val loss: 0.7122 bal_loss: 0.7122 bal_acc: 0.60 acc: 0.60
fold=3 label=1_vs_3 | epoch 140 | train loss: 0.2904 bal_acc: 0.89 acc: 0.89 | val loss: 0.7049 bal_loss: 0.7049 bal_acc: 0.63 acc: 0.63
fold=3 label=1_vs_3 | epoch 150 | train loss: 0.2714 bal_acc: 0.90 acc: 0.90 | val loss: 0.7173 bal_loss: 0.7173 bal_acc: 0.60 acc: 0.60
fold=3 label=1_vs_3 | epoch 160 | train loss: 0.2298 bal_acc: 0.93 acc: 0.93 | val loss: 0.7656 bal_loss: 0.7656 bal_acc: 0.62 acc: 0.62
fold=3 label=1_vs_3 | epoch 170 | train loss: 0.2334 bal_acc: 0.92 acc: 0.92 | val loss: 0.7428 bal_loss: 0.7428 bal_acc: 0.62 acc: 0.62
fold=3 label=1_vs_3 | epoch 180 | train loss: 0.2119 bal_acc: 0.93 acc: 0.93 | val loss: 0.7582 bal_loss: 0.7582 bal_acc: 0.61 acc: 0.61
fold=3 label=1_vs_3 | epoch 190 | train loss: 0.1740 bal_acc: 0.95 acc: 0.95 | val loss: 0.7898 bal_loss: 0.7898 bal_acc: 0.60 acc: 0.60

--- fold 4/5: train=1800 val=600 test=600 ---
Day distribution:
  train: 260408=300 260422=300 260506=300 260520=300 260602=300 260617=300 total=1800
  val:   260408=100 260422=100 260506=100 260520=100 260602=100 260617=100 total=600
  test:  260408=100 260422=100 260506=100 260520=100 260602=100 260617=100 total=600

fold=4 label=0
Binary label distribution:
  train: class0=360 class1=1440 total=1800
  val:   class0=120 class1=480 total=600
  test:  class0=120 class1=480 total=600
Original labels in this split:
  train: label0=360 label1=360 label2=360 label3=360 label4=360 total=1800
  val:   label0=120 label1=120 label2=120 label3=120 label4=120 total=600
  test:  label0=120 label1=120 label2=120 label3=120 label4=120 total=600
fold=4 label=0 | epoch 001 | train loss: 0.8798 bal_acc: 0.52 acc: 0.52 | val loss: 0.7476 bal_loss: 0.7751 bal_acc: 0.52 acc: 0.53
fold=4 label=0 | epoch 010 | train loss: 0.7196 bal_acc: 0.60 acc: 0.60 | val loss: 0.6831 bal_loss: 0.7357 bal_acc: 0.51 acc: 0.58
fold=4 label=0 | epoch 020 | train loss: 0.6200 bal_acc: 0.67 acc: 0.67 | val loss: 0.6535 bal_loss: 0.7257 bal_acc: 0.54 acc: 0.62
fold=4 label=0 | epoch 030 | train loss: 0.5781 bal_acc: 0.70 acc: 0.70 | val loss: 0.6847 bal_loss: 0.7448 bal_acc: 0.53 acc: 0.60
fold=4 label=0 | epoch 040 | train loss: 0.5149 bal_acc: 0.76 acc: 0.76 | val loss: 0.6293 bal_loss: 0.7416 bal_acc: 0.52 acc: 0.64
fold=4 label=0 | epoch 050 | train loss: 0.4786 bal_acc: 0.78 acc: 0.78 | val loss: 0.6174 bal_loss: 0.7686 bal_acc: 0.54 acc: 0.67
fold=4 label=0 | epoch 060 | train loss: 0.4335 bal_acc: 0.81 acc: 0.82 | val loss: 0.6567 bal_loss: 0.7733 bal_acc: 0.54 acc: 0.62
fold=4 label=0 | epoch 070 | train loss: 0.3636 bal_acc: 0.86 acc: 0.86 | val loss: 0.6361 bal_loss: 0.8090 bal_acc: 0.55 acc: 0.66
fold=4 label=0 | epoch 080 | train loss: 0.3618 bal_acc: 0.85 acc: 0.85 | val loss: 0.6353 bal_loss: 0.8442 bal_acc: 0.56 acc: 0.68
fold=4 label=0 | epoch 090 | train loss: 0.3324 bal_acc: 0.87 acc: 0.87 | val loss: 0.5996 bal_loss: 0.9812 bal_acc: 0.51 acc: 0.73
fold=4 label=0 | epoch 100 | train loss: 0.2799 bal_acc: 0.89 acc: 0.89 | val loss: 0.6814 bal_loss: 0.9159 bal_acc: 0.52 acc: 0.64
fold=4 label=0 | epoch 110 | train loss: 0.2563 bal_acc: 0.90 acc: 0.90 | val loss: 0.6610 bal_loss: 0.9525 bal_acc: 0.55 acc: 0.69
fold=4 label=0 | epoch 120 | train loss: 0.2252 bal_acc: 0.93 acc: 0.93 | val loss: 0.6778 bal_loss: 1.0577 bal_acc: 0.51 acc: 0.68

fold=4 label=2
Binary label distribution:
  train: class0=360 class1=1440 total=1800
  val:   class0=120 class1=480 total=600
  test:  class0=120 class1=480 total=600
Original labels in this split:
  train: label0=360 label1=360 label2=360 label3=360 label4=360 total=1800
  val:   label0=120 label1=120 label2=120 label3=120 label4=120 total=600
  test:  label0=120 label1=120 label2=120 label3=120 label4=120 total=600
fold=4 label=2 | epoch 001 | train loss: 0.9498 bal_acc: 0.48 acc: 0.48 | val loss: 0.7186 bal_loss: 0.7427 bal_acc: 0.53 acc: 0.56
fold=4 label=2 | epoch 010 | train loss: 0.7270 bal_acc: 0.59 acc: 0.59 | val loss: 0.6676 bal_loss: 0.7066 bal_acc: 0.56 acc: 0.60
fold=4 label=2 | epoch 020 | train loss: 0.6647 bal_acc: 0.63 acc: 0.63 | val loss: 0.6337 bal_loss: 0.7000 bal_acc: 0.57 acc: 0.65
fold=4 label=2 | epoch 030 | train loss: 0.5822 bal_acc: 0.70 acc: 0.70 | val loss: 0.6762 bal_loss: 0.7170 bal_acc: 0.57 acc: 0.60
fold=4 label=2 | epoch 040 | train loss: 0.5395 bal_acc: 0.73 acc: 0.73 | val loss: 0.6634 bal_loss: 0.7412 bal_acc: 0.59 acc: 0.62
fold=4 label=2 | epoch 050 | train loss: 0.4813 bal_acc: 0.78 acc: 0.78 | val loss: 0.7117 bal_loss: 0.7762 bal_acc: 0.57 acc: 0.61
fold=4 label=2 | epoch 060 | train loss: 0.4677 bal_acc: 0.78 acc: 0.78 | val loss: 0.6277 bal_loss: 0.8586 bal_acc: 0.55 acc: 0.70
fold=4 label=2 | epoch 070 | train loss: 0.4168 bal_acc: 0.82 acc: 0.82 | val loss: 0.6540 bal_loss: 0.9134 bal_acc: 0.55 acc: 0.69
fold=4 label=2 | epoch 080 | train loss: 0.3608 bal_acc: 0.85 acc: 0.85 | val loss: 0.6939 bal_loss: 0.9588 bal_acc: 0.56 acc: 0.68
fold=4 label=2 | epoch 090 | train loss: 0.3264 bal_acc: 0.88 acc: 0.88 | val loss: 0.7257 bal_loss: 0.9984 bal_acc: 0.56 acc: 0.68
fold=4 label=2 | epoch 100 | train loss: 0.2964 bal_acc: 0.89 acc: 0.89 | val loss: 0.7168 bal_loss: 1.0581 bal_acc: 0.55 acc: 0.69
fold=4 label=2 | epoch 110 | train loss: 0.2626 bal_acc: 0.91 acc: 0.91 | val loss: 0.7379 bal_loss: 1.1509 bal_acc: 0.55 acc: 0.71

fold=4 label=1_vs_3
Binary labels: class0=label1 class1=label3
Binary label distribution:
  train: class0=360 class1=360 total=720
  val:   class0=120 class1=120 total=240
  test:  class0=120 class1=120 total=240
Original labels in this split:
  train: label0=0 label1=360 label2=0 label3=360 label4=0 total=720
  val:   label0=0 label1=120 label2=0 label3=120 label4=0 total=240
  test:  label0=0 label1=120 label2=0 label3=120 label4=0 total=240
fold=4 label=1_vs_3 | epoch 001 | train loss: 1.0118 bal_acc: 0.45 acc: 0.45 | val loss: 0.7782 bal_loss: 0.7782 bal_acc: 0.50 acc: 0.50
fold=4 label=1_vs_3 | epoch 010 | train loss: 0.8128 bal_acc: 0.54 acc: 0.54 | val loss: 0.7254 bal_loss: 0.7254 bal_acc: 0.50 acc: 0.50
fold=4 label=1_vs_3 | epoch 020 | train loss: 0.7313 bal_acc: 0.59 acc: 0.60 | val loss: 0.7394 bal_loss: 0.7394 bal_acc: 0.52 acc: 0.53
fold=4 label=1_vs_3 | epoch 030 | train loss: 0.6535 bal_acc: 0.63 acc: 0.63 | val loss: 0.6984 bal_loss: 0.6984 bal_acc: 0.56 acc: 0.56
fold=4 label=1_vs_3 | epoch 040 | train loss: 0.6157 bal_acc: 0.68 acc: 0.68 | val loss: 0.7031 bal_loss: 0.7031 bal_acc: 0.57 acc: 0.57
fold=4 label=1_vs_3 | epoch 050 | train loss: 0.5733 bal_acc: 0.70 acc: 0.70 | val loss: 0.6999 bal_loss: 0.6999 bal_acc: 0.55 acc: 0.55
fold=4 label=1_vs_3 | epoch 060 | train loss: 0.5223 bal_acc: 0.76 acc: 0.76 | val loss: 0.7112 bal_loss: 0.7112 bal_acc: 0.55 acc: 0.55
fold=4 label=1_vs_3 | epoch 070 | train loss: 0.4993 bal_acc: 0.77 acc: 0.77 | val loss: 0.7045 bal_loss: 0.7045 bal_acc: 0.55 acc: 0.55
fold=4 label=1_vs_3 | epoch 080 | train loss: 0.4544 bal_acc: 0.80 acc: 0.80 | val loss: 0.7202 bal_loss: 0.7202 bal_acc: 0.55 acc: 0.55
fold=4 label=1_vs_3 | epoch 090 | train loss: 0.4197 bal_acc: 0.82 acc: 0.82 | val loss: 0.7065 bal_loss: 0.7065 bal_acc: 0.59 acc: 0.59
fold=4 label=1_vs_3 | epoch 100 | train loss: 0.4005 bal_acc: 0.82 acc: 0.82 | val loss: 0.7237 bal_loss: 0.7237 bal_acc: 0.59 acc: 0.59
fold=4 label=1_vs_3 | epoch 110 | train loss: 0.3514 bal_acc: 0.85 acc: 0.85 | val loss: 0.7369 bal_loss: 0.7369 bal_acc: 0.59 acc: 0.59
fold=4 label=1_vs_3 | epoch 120 | train loss: 0.3209 bal_acc: 0.88 acc: 0.88 | val loss: 0.7553 bal_loss: 0.7553 bal_acc: 0.59 acc: 0.59
fold=4 label=1_vs_3 | epoch 130 | train loss: 0.3158 bal_acc: 0.88 acc: 0.88 | val loss: 0.7582 bal_loss: 0.7582 bal_acc: 0.60 acc: 0.60

--- fold 5/5: train=1800 val=600 test=600 ---
Day distribution:
  train: 260408=300 260422=300 260506=300 260520=300 260602=300 260617=300 total=1800
  val:   260408=100 260422=100 260506=100 260520=100 260602=100 260617=100 total=600
  test:  260408=100 260422=100 260506=100 260520=100 260602=100 260617=100 total=600

fold=5 label=0
Binary label distribution:
  train: class0=360 class1=1440 total=1800
  val:   class0=120 class1=480 total=600
  test:  class0=120 class1=480 total=600
Original labels in this split:
  train: label0=360 label1=360 label2=360 label3=360 label4=360 total=1800
  val:   label0=120 label1=120 label2=120 label3=120 label4=120 total=600
  test:  label0=120 label1=120 label2=120 label3=120 label4=120 total=600
fold=5 label=0 | epoch 001 | train loss: 0.8835 bal_acc: 0.51 acc: 0.51 | val loss: 0.7473 bal_loss: 0.7562 bal_acc: 0.49 acc: 0.51
fold=5 label=0 | epoch 010 | train loss: 0.7107 bal_acc: 0.60 acc: 0.60 | val loss: 0.6767 bal_loss: 0.7315 bal_acc: 0.51 acc: 0.58
fold=5 label=0 | epoch 020 | train loss: 0.6346 bal_acc: 0.66 acc: 0.66 | val loss: 0.6390 bal_loss: 0.7433 bal_acc: 0.54 acc: 0.65
fold=5 label=0 | epoch 030 | train loss: 0.5833 bal_acc: 0.70 acc: 0.70 | val loss: 0.6568 bal_loss: 0.7360 bal_acc: 0.55 acc: 0.62
fold=5 label=0 | epoch 040 | train loss: 0.5225 bal_acc: 0.74 acc: 0.74 | val loss: 0.6254 bal_loss: 0.7702 bal_acc: 0.52 acc: 0.65
fold=5 label=0 | epoch 050 | train loss: 0.4852 bal_acc: 0.76 acc: 0.76 | val loss: 0.6030 bal_loss: 0.8136 bal_acc: 0.53 acc: 0.69
fold=5 label=0 | epoch 060 | train loss: 0.4262 bal_acc: 0.81 acc: 0.81 | val loss: 0.6394 bal_loss: 0.8146 bal_acc: 0.53 acc: 0.64
fold=5 label=0 | epoch 070 | train loss: 0.3921 bal_acc: 0.83 acc: 0.83 | val loss: 0.6325 bal_loss: 0.8657 bal_acc: 0.54 acc: 0.68
fold=5 label=0 | epoch 080 | train loss: 0.3772 bal_acc: 0.84 acc: 0.84 | val loss: 0.6303 bal_loss: 0.9001 bal_acc: 0.52 acc: 0.68
fold=5 label=0 | epoch 090 | train loss: 0.3282 bal_acc: 0.87 acc: 0.87 | val loss: 0.6372 bal_loss: 0.9015 bal_acc: 0.54 acc: 0.68
fold=5 label=0 | epoch 100 | train loss: 0.2905 bal_acc: 0.89 acc: 0.89 | val loss: 0.6488 bal_loss: 0.9685 bal_acc: 0.53 acc: 0.69
fold=5 label=0 | epoch 110 | train loss: 0.2485 bal_acc: 0.92 acc: 0.92 | val loss: 0.6437 bal_loss: 1.0486 bal_acc: 0.52 acc: 0.70

fold=5 label=2
Binary label distribution:
  train: class0=360 class1=1440 total=1800
  val:   class0=120 class1=480 total=600
  test:  class0=120 class1=480 total=600
Original labels in this split:
  train: label0=360 label1=360 label2=360 label3=360 label4=360 total=1800
  val:   label0=120 label1=120 label2=120 label3=120 label4=120 total=600
  test:  label0=120 label1=120 label2=120 label3=120 label4=120 total=600
fold=5 label=2 | epoch 001 | train loss: 0.8785 bal_acc: 0.49 acc: 0.49 | val loss: 0.7342 bal_loss: 0.7686 bal_acc: 0.50 acc: 0.54
fold=5 label=2 | epoch 010 | train loss: 0.7148 bal_acc: 0.60 acc: 0.60 | val loss: 0.7088 bal_loss: 0.7107 bal_acc: 0.55 acc: 0.56
fold=5 label=2 | epoch 020 | train loss: 0.6432 bal_acc: 0.65 acc: 0.65 | val loss: 0.6894 bal_loss: 0.7220 bal_acc: 0.51 acc: 0.56
fold=5 label=2 | epoch 030 | train loss: 0.6173 bal_acc: 0.68 acc: 0.68 | val loss: 0.7130 bal_loss: 0.7231 bal_acc: 0.53 acc: 0.53
fold=5 label=2 | epoch 040 | train loss: 0.5563 bal_acc: 0.72 acc: 0.72 | val loss: 0.5967 bal_loss: 0.7840 bal_acc: 0.53 acc: 0.71
fold=5 label=2 | epoch 050 | train loss: 0.5020 bal_acc: 0.77 acc: 0.76 | val loss: 0.6128 bal_loss: 0.7728 bal_acc: 0.55 acc: 0.69
fold=5 label=2 | epoch 060 | train loss: 0.4570 bal_acc: 0.79 acc: 0.79 | val loss: 0.6295 bal_loss: 0.7845 bal_acc: 0.55 acc: 0.67
fold=5 label=2 | epoch 070 | train loss: 0.3984 bal_acc: 0.84 acc: 0.84 | val loss: 0.6393 bal_loss: 0.8149 bal_acc: 0.52 acc: 0.67
fold=5 label=2 | epoch 080 | train loss: 0.3956 bal_acc: 0.83 acc: 0.83 | val loss: 0.6261 bal_loss: 0.8545 bal_acc: 0.54 acc: 0.69
fold=5 label=2 | epoch 090 | train loss: 0.3311 bal_acc: 0.87 acc: 0.87 | val loss: 0.6628 bal_loss: 0.9096 bal_acc: 0.52 acc: 0.66
fold=5 label=2 | epoch 100 | train loss: 0.3201 bal_acc: 0.88 acc: 0.88 | val loss: 0.6329 bal_loss: 1.0016 bal_acc: 0.50 acc: 0.70

fold=5 label=1_vs_3
Binary labels: class0=label1 class1=label3
Binary label distribution:
  train: class0=360 class1=360 total=720
  val:   class0=120 class1=120 total=240
  test:  class0=120 class1=120 total=240
Original labels in this split:
  train: label0=0 label1=360 label2=0 label3=360 label4=0 total=720
  val:   label0=0 label1=120 label2=0 label3=120 label4=0 total=240
  test:  label0=0 label1=120 label2=0 label3=120 label4=0 total=240
fold=5 label=1_vs_3 | epoch 001 | train loss: 0.9337 bal_acc: 0.50 acc: 0.50 | val loss: 0.7887 bal_loss: 0.7887 bal_acc: 0.50 acc: 0.50
fold=5 label=1_vs_3 | epoch 010 | train loss: 0.8062 bal_acc: 0.53 acc: 0.53 | val loss: 0.7470 bal_loss: 0.7470 bal_acc: 0.52 acc: 0.53
fold=5 label=1_vs_3 | epoch 020 | train loss: 0.7434 bal_acc: 0.60 acc: 0.60 | val loss: 0.7436 bal_loss: 0.7436 bal_acc: 0.51 acc: 0.51
fold=5 label=1_vs_3 | epoch 030 | train loss: 0.6531 bal_acc: 0.63 acc: 0.63 | val loss: 0.7555 bal_loss: 0.7555 bal_acc: 0.49 acc: 0.49
fold=5 label=1_vs_3 | epoch 040 | train loss: 0.6309 bal_acc: 0.67 acc: 0.67 | val loss: 0.7544 bal_loss: 0.7544 bal_acc: 0.50 acc: 0.50
fold=5 label=1_vs_3 | epoch 050 | train loss: 0.5846 bal_acc: 0.72 acc: 0.72 | val loss: 0.7611 bal_loss: 0.7611 bal_acc: 0.53 acc: 0.53
fold=5 label=1_vs_3 | epoch 060 | train loss: 0.5298 bal_acc: 0.75 acc: 0.75 | val loss: 0.7934 bal_loss: 0.7934 bal_acc: 0.53 acc: 0.53
fold=5 label=1_vs_3 | epoch 070 | train loss: 0.5084 bal_acc: 0.75 acc: 0.75 | val loss: 0.7780 bal_loss: 0.7780 bal_acc: 0.54 acc: 0.54
fold=5 label=1_vs_3 | epoch 080 | train loss: 0.4544 bal_acc: 0.78 acc: 0.78 | val loss: 0.7888 bal_loss: 0.7888 bal_acc: 0.56 acc: 0.56
fold=5 label=1_vs_3 | epoch 090 | train loss: 0.4229 bal_acc: 0.82 acc: 0.82 | val loss: 0.7912 bal_loss: 0.7912 bal_acc: 0.55 acc: 0.55
fold=5 label=1_vs_3 | epoch 100 | train loss: 0.3911 bal_acc: 0.84 acc: 0.84 | val loss: 0.8129 bal_loss: 0.8129 bal_acc: 0.58 acc: 0.58
fold=5 label=1_vs_3 | epoch 110 | train loss: 0.3822 bal_acc: 0.84 acc: 0.84 | val loss: 0.8300 bal_loss: 0.8300 bal_acc: 0.57 acc: 0.57
fold=5 label=1_vs_3 | epoch 120 | train loss: 0.3469 bal_acc: 0.86 acc: 0.86 | val loss: 0.8429 bal_loss: 0.8429 bal_acc: 0.57 acc: 0.57

Cross-validation summary (5 fold(s) run)
y_0: test bal_loss=0.719 +/- 0.017 | bal_acc=0.537 +/- 0.029 | test acc=0.576 +/- 0.032
y_2: test bal_loss=0.724 +/- 0.018 | bal_acc=0.524 +/- 0.017 | test acc=0.542 +/- 0.030
y_1_vs_3: test bal_loss=0.727 +/- 0.020 | bal_acc=0.553 +/- 0.035 | test acc=0.553 +/- 0.035
Cross-validation CSV: ./checkpoints/sub1_hjlee_nogit/v6_sub1_shallownet_emg_all_days/20260630_091936/cross_validation.csv

Saved to: ./checkpoints/sub1_hjlee_nogit/v6_sub1_shallownet_emg_all_days/20260630_091936
