Training configuration
  config=./configs/train_config_v3.json
  model=shallownet
  patient=sub1_hjlee
  day=260408
  max_folds=5
  print_layer_shapes=True
  data_dir=./data/processed/sub1_hjlee/260408
  input_file=X_eeg.npy
  emg_file=X_emg.npy
  checkpoint_root=./checkpoints/sub1_hjlee_nogit/v4_sub1_shallownet_all_days
  epochs=500
  batch_size=16
  lr=1e-05
  weight_decay=0.0001
  patience=100
  seed=42
  val_test_ratio=0.2
  weighted_sampler=True
  emg_feature_dim=64
  run_window_diagnostic=False
  window_size=256
  window_stride=128
  balance_rest_to_target=False
  run_5fold_cross_validation=True
  selection_metric=balanced_loss

Loading X_eeg.npy...
Loading X_emg.npy...
Device: cuda | X: (500, 64, 1000) | X_emg: (500, 2, 1000) | run: ./checkpoints/sub1_hjlee_nogit/v4_sub1_shallownet_all_days/20260629_172645
Data split: train=300 val=100 test=100
Original label distribution:
  train: label0=60 label1=60 label2=60 label3=60 label4=60 total=300
  val:   label0=20 label1=20 label2=20 label3=20 label4=20 total=100
  test:  label0=20 label1=20 label2=20 label3=20 label4=20 total=100

=== 5-fold cross-validation (running 5 fold(s)) ===

--- fold 1/5: train=300 val=100 test=100 ---

fold=1 label=0
Binary label distribution:
  train: class0=60 class1=240 total=300
  val:   class0=20 class1=80 total=100
  test:  class0=20 class1=80 total=100
Original labels in this split:
  train: label0=60 label1=60 label2=60 label3=60 label4=60 total=300
  val:   label0=20 label1=20 label2=20 label3=20 label4=20 total=100
  test:  label0=20 label1=20 label2=20 label3=20 label4=20 total=100

Model shape diagnostic
  EEG input: (16, 64, 1000)
  EMG input: (16, 2, 1000)
  EEG layer ensuredims: (16, 64, 1000, 1)
  EEG layer dimshuffle: (16, 1, 1000, 64)
  EEG layer bnorm: (16, 40, 976, 1)
  EEG layer conv_nonlin_exp: (16, 40, 976, 1)
  EEG layer pool: (16, 40, 61, 1)
  EEG layer pool_nonlin_exp: (16, 40, 61, 1)
  EEG layer drop: (16, 40, 61, 1)
  EEG layer final_layer.conv_classifier: (16, 2, 1, 1)
  EEG layer final_layer.squeeze.squeeze: (16, 2, 1)
  EEG feature vector: (16, 2440)
  EMG feature vector: (16, 64)
fold=1 label=0 | epoch 001 | train loss: 0.8078 bal_acc: 0.53 acc: 0.53 | val loss: 1.0611 bal_loss: 0.8011 bal_acc: 0.54 acc: 0.33
fold=1 label=0 | epoch 010 | train loss: 0.6497 bal_acc: 0.64 acc: 0.64 | val loss: 0.5757 bal_loss: 0.7389 bal_acc: 0.52 acc: 0.68
fold=1 label=0 | epoch 020 | train loss: 0.6269 bal_acc: 0.68 acc: 0.68 | val loss: 0.5458 bal_loss: 0.7651 bal_acc: 0.54 acc: 0.71
fold=1 label=0 | epoch 030 | train loss: 0.5398 bal_acc: 0.75 acc: 0.75 | val loss: 0.5959 bal_loss: 0.7407 bal_acc: 0.51 acc: 0.64
fold=1 label=0 | epoch 040 | train loss: 0.4799 bal_acc: 0.77 acc: 0.76 | val loss: 0.5984 bal_loss: 0.7407 bal_acc: 0.55 acc: 0.64
fold=1 label=0 | epoch 050 | train loss: 0.4113 bal_acc: 0.84 acc: 0.84 | val loss: 0.5451 bal_loss: 0.7852 bal_acc: 0.56 acc: 0.72
fold=1 label=0 | epoch 060 | train loss: 0.3810 bal_acc: 0.86 acc: 0.86 | val loss: 0.5699 bal_loss: 0.7839 bal_acc: 0.56 acc: 0.68
fold=1 label=0 | epoch 070 | train loss: 0.3103 bal_acc: 0.89 acc: 0.89 | val loss: 0.5890 bal_loss: 0.7684 bal_acc: 0.54 acc: 0.66
fold=1 label=0 | epoch 080 | train loss: 0.2826 bal_acc: 0.90 acc: 0.90 | val loss: 0.5332 bal_loss: 0.7816 bal_acc: 0.57 acc: 0.73
fold=1 label=0 | epoch 090 | train loss: 0.2308 bal_acc: 0.95 acc: 0.95 | val loss: 0.5284 bal_loss: 0.7973 bal_acc: 0.58 acc: 0.74
fold=1 label=0 | epoch 100 | train loss: 0.1679 bal_acc: 0.97 acc: 0.97 | val loss: 0.5389 bal_loss: 0.7937 bal_acc: 0.56 acc: 0.72

fold=1 label=2
Binary label distribution:
  train: class0=60 class1=240 total=300
  val:   class0=20 class1=80 total=100
  test:  class0=20 class1=80 total=100
Original labels in this split:
  train: label0=60 label1=60 label2=60 label3=60 label4=60 total=300
  val:   label0=20 label1=20 label2=20 label3=20 label4=20 total=100
  test:  label0=20 label1=20 label2=20 label3=20 label4=20 total=100
fold=1 label=2 | epoch 001 | train loss: 0.8690 bal_acc: 0.50 acc: 0.50 | val loss: 1.1824 bal_loss: 0.9545 bal_acc: 0.43 acc: 0.26
fold=1 label=2 | epoch 010 | train loss: 0.6769 bal_acc: 0.60 acc: 0.60 | val loss: 0.7364 bal_loss: 0.8166 bal_acc: 0.43 acc: 0.50
fold=1 label=2 | epoch 020 | train loss: 0.6155 bal_acc: 0.68 acc: 0.68 | val loss: 0.6357 bal_loss: 0.8213 bal_acc: 0.52 acc: 0.65
fold=1 label=2 | epoch 030 | train loss: 0.5181 bal_acc: 0.76 acc: 0.76 | val loss: 0.6490 bal_loss: 0.8140 bal_acc: 0.49 acc: 0.61
fold=1 label=2 | epoch 040 | train loss: 0.4513 bal_acc: 0.80 acc: 0.80 | val loss: 0.6593 bal_loss: 0.8169 bal_acc: 0.49 acc: 0.61
fold=1 label=2 | epoch 050 | train loss: 0.4101 bal_acc: 0.85 acc: 0.84 | val loss: 0.6563 bal_loss: 0.8351 bal_acc: 0.52 acc: 0.62
fold=1 label=2 | epoch 060 | train loss: 0.3565 bal_acc: 0.87 acc: 0.87 | val loss: 0.6921 bal_loss: 0.8319 bal_acc: 0.50 acc: 0.59
fold=1 label=2 | epoch 070 | train loss: 0.3115 bal_acc: 0.88 acc: 0.88 | val loss: 0.6606 bal_loss: 0.8712 bal_acc: 0.53 acc: 0.67
fold=1 label=2 | epoch 080 | train loss: 0.2542 bal_acc: 0.93 acc: 0.93 | val loss: 0.6671 bal_loss: 0.9380 bal_acc: 0.50 acc: 0.65
fold=1 label=2 | epoch 090 | train loss: 0.2035 bal_acc: 0.95 acc: 0.95 | val loss: 0.6694 bal_loss: 0.9494 bal_acc: 0.53 acc: 0.67
fold=1 label=2 | epoch 100 | train loss: 0.1689 bal_acc: 0.97 acc: 0.97 | val loss: 0.6725 bal_loss: 0.9744 bal_acc: 0.54 acc: 0.69
fold=1 label=2 | epoch 110 | train loss: 0.1302 bal_acc: 0.99 acc: 0.99 | val loss: 0.6595 bal_loss: 1.0617 bal_acc: 0.51 acc: 0.72
fold=1 label=2 | epoch 120 | train loss: 0.1014 bal_acc: 0.99 acc: 0.99 | val loss: 0.6660 bal_loss: 1.1547 bal_acc: 0.55 acc: 0.76

fold=1 label=1_vs_3
Binary labels: class0=label1 class1=label3
Binary label distribution:
  train: class0=60 class1=60 total=120
  val:   class0=20 class1=20 total=40
  test:  class0=20 class1=20 total=40
Original labels in this split:
  train: label0=0 label1=60 label2=0 label3=60 label4=0 total=120
  val:   label0=0 label1=20 label2=0 label3=20 label4=0 total=40
  test:  label0=0 label1=20 label2=0 label3=20 label4=0 total=40
fold=1 label=1_vs_3 | epoch 001 | train loss: 0.9423 bal_acc: 0.43 acc: 0.44 | val loss: 1.1312 bal_loss: 1.1312 bal_acc: 0.47 acc: 0.47
fold=1 label=1_vs_3 | epoch 010 | train loss: 0.8426 bal_acc: 0.56 acc: 0.57 | val loss: 0.7382 bal_loss: 0.7382 bal_acc: 0.60 acc: 0.60
fold=1 label=1_vs_3 | epoch 020 | train loss: 0.7538 bal_acc: 0.58 acc: 0.58 | val loss: 0.7127 bal_loss: 0.7127 bal_acc: 0.60 acc: 0.60
fold=1 label=1_vs_3 | epoch 030 | train loss: 0.5880 bal_acc: 0.71 acc: 0.71 | val loss: 0.5775 bal_loss: 0.5775 bal_acc: 0.73 acc: 0.72
fold=1 label=1_vs_3 | epoch 040 | train loss: 0.5522 bal_acc: 0.74 acc: 0.74 | val loss: 0.5604 bal_loss: 0.5604 bal_acc: 0.70 acc: 0.70
fold=1 label=1_vs_3 | epoch 050 | train loss: 0.4156 bal_acc: 0.83 acc: 0.82 | val loss: 0.5982 bal_loss: 0.5982 bal_acc: 0.68 acc: 0.68
fold=1 label=1_vs_3 | epoch 060 | train loss: 0.4643 bal_acc: 0.74 acc: 0.74 | val loss: 0.5309 bal_loss: 0.5309 bal_acc: 0.80 acc: 0.80
fold=1 label=1_vs_3 | epoch 070 | train loss: 0.5089 bal_acc: 0.73 acc: 0.73 | val loss: 0.5229 bal_loss: 0.5229 bal_acc: 0.80 acc: 0.80
fold=1 label=1_vs_3 | epoch 080 | train loss: 0.4300 bal_acc: 0.82 acc: 0.82 | val loss: 0.5308 bal_loss: 0.5308 bal_acc: 0.77 acc: 0.78
fold=1 label=1_vs_3 | epoch 090 | train loss: 0.3593 bal_acc: 0.87 acc: 0.87 | val loss: 0.5186 bal_loss: 0.5186 bal_acc: 0.82 acc: 0.82
fold=1 label=1_vs_3 | epoch 100 | train loss: 0.3418 bal_acc: 0.88 acc: 0.88 | val loss: 0.5300 bal_loss: 0.5300 bal_acc: 0.80 acc: 0.80
fold=1 label=1_vs_3 | epoch 110 | train loss: 0.3156 bal_acc: 0.89 acc: 0.89 | val loss: 0.5301 bal_loss: 0.5301 bal_acc: 0.75 acc: 0.75
fold=1 label=1_vs_3 | epoch 120 | train loss: 0.2965 bal_acc: 0.89 acc: 0.89 | val loss: 0.5576 bal_loss: 0.5576 bal_acc: 0.75 acc: 0.75
fold=1 label=1_vs_3 | epoch 130 | train loss: 0.2609 bal_acc: 0.91 acc: 0.91 | val loss: 0.5280 bal_loss: 0.5280 bal_acc: 0.80 acc: 0.80
fold=1 label=1_vs_3 | epoch 140 | train loss: 0.1836 bal_acc: 0.96 acc: 0.96 | val loss: 0.5219 bal_loss: 0.5219 bal_acc: 0.82 acc: 0.82
fold=1 label=1_vs_3 | epoch 150 | train loss: 0.2864 bal_acc: 0.92 acc: 0.92 | val loss: 0.5302 bal_loss: 0.5302 bal_acc: 0.77 acc: 0.78
fold=1 label=1_vs_3 | epoch 160 | train loss: 0.1716 bal_acc: 0.96 acc: 0.96 | val loss: 0.5441 bal_loss: 0.5441 bal_acc: 0.80 acc: 0.80

--- fold 2/5: train=300 val=100 test=100 ---

fold=2 label=0
Binary label distribution:
  train: class0=60 class1=240 total=300
  val:   class0=20 class1=80 total=100
  test:  class0=20 class1=80 total=100
Original labels in this split:
  train: label0=60 label1=60 label2=60 label3=60 label4=60 total=300
  val:   label0=20 label1=20 label2=20 label3=20 label4=20 total=100
  test:  label0=20 label1=20 label2=20 label3=20 label4=20 total=100
fold=2 label=0 | epoch 001 | train loss: 0.9075 bal_acc: 0.53 acc: 0.53 | val loss: 1.4229 bal_loss: 0.9855 bal_acc: 0.50 acc: 0.23
fold=2 label=0 | epoch 010 | train loss: 0.7217 bal_acc: 0.61 acc: 0.61 | val loss: 0.6032 bal_loss: 0.7112 bal_acc: 0.61 acc: 0.68
fold=2 label=0 | epoch 020 | train loss: 0.6511 bal_acc: 0.66 acc: 0.66 | val loss: 0.6082 bal_loss: 0.6946 bal_acc: 0.61 acc: 0.68
fold=2 label=0 | epoch 030 | train loss: 0.5006 bal_acc: 0.76 acc: 0.76 | val loss: 0.6005 bal_loss: 0.7024 bal_acc: 0.60 acc: 0.66
fold=2 label=0 | epoch 040 | train loss: 0.4741 bal_acc: 0.77 acc: 0.77 | val loss: 0.5261 bal_loss: 0.7556 bal_acc: 0.61 acc: 0.76
fold=2 label=0 | epoch 050 | train loss: 0.4008 bal_acc: 0.83 acc: 0.83 | val loss: 0.5523 bal_loss: 0.7293 bal_acc: 0.69 acc: 0.78
fold=2 label=0 | epoch 060 | train loss: 0.4494 bal_acc: 0.80 acc: 0.80 | val loss: 0.5377 bal_loss: 0.7826 bal_acc: 0.63 acc: 0.77
fold=2 label=0 | epoch 070 | train loss: 0.3409 bal_acc: 0.87 acc: 0.87 | val loss: 0.5802 bal_loss: 0.7352 bal_acc: 0.66 acc: 0.72
fold=2 label=0 | epoch 080 | train loss: 0.2852 bal_acc: 0.92 acc: 0.92 | val loss: 0.5672 bal_loss: 0.7593 bal_acc: 0.64 acc: 0.73
fold=2 label=0 | epoch 090 | train loss: 0.2079 bal_acc: 0.97 acc: 0.97 | val loss: 0.5358 bal_loss: 0.8020 bal_acc: 0.64 acc: 0.76
fold=2 label=0 | epoch 100 | train loss: 0.1935 bal_acc: 0.95 acc: 0.95 | val loss: 0.5494 bal_loss: 0.8142 bal_acc: 0.64 acc: 0.76
fold=2 label=0 | epoch 110 | train loss: 0.1540 bal_acc: 0.98 acc: 0.98 | val loss: 0.5388 bal_loss: 0.8216 bal_acc: 0.64 acc: 0.75
fold=2 label=0 | epoch 120 | train loss: 0.1560 bal_acc: 0.96 acc: 0.96 | val loss: 0.5284 bal_loss: 0.9122 bal_acc: 0.61 acc: 0.77

fold=2 label=2
Binary label distribution:
  train: class0=60 class1=240 total=300
  val:   class0=20 class1=80 total=100
  test:  class0=20 class1=80 total=100
Original labels in this split:
  train: label0=60 label1=60 label2=60 label3=60 label4=60 total=300
  val:   label0=20 label1=20 label2=20 label3=20 label4=20 total=100
  test:  label0=20 label1=20 label2=20 label3=20 label4=20 total=100
fold=2 label=2 | epoch 001 | train loss: 0.9770 bal_acc: 0.48 acc: 0.48 | val loss: 1.4868 bal_loss: 1.0646 bal_acc: 0.44 acc: 0.19
fold=2 label=2 | epoch 010 | train loss: 0.7432 bal_acc: 0.60 acc: 0.60 | val loss: 0.7906 bal_loss: 0.8330 bal_acc: 0.46 acc: 0.47
fold=2 label=2 | epoch 020 | train loss: 0.6531 bal_acc: 0.69 acc: 0.69 | val loss: 0.6804 bal_loss: 0.8335 bal_acc: 0.53 acc: 0.64
fold=2 label=2 | epoch 030 | train loss: 0.5944 bal_acc: 0.73 acc: 0.73 | val loss: 0.6682 bal_loss: 0.8094 bal_acc: 0.54 acc: 0.65
fold=2 label=2 | epoch 040 | train loss: 0.4996 bal_acc: 0.78 acc: 0.78 | val loss: 0.7013 bal_loss: 0.8047 bal_acc: 0.53 acc: 0.61
fold=2 label=2 | epoch 050 | train loss: 0.4168 bal_acc: 0.84 acc: 0.84 | val loss: 0.6594 bal_loss: 0.8090 bal_acc: 0.53 acc: 0.64
fold=2 label=2 | epoch 060 | train loss: 0.3972 bal_acc: 0.86 acc: 0.86 | val loss: 0.6569 bal_loss: 0.8141 bal_acc: 0.55 acc: 0.64
fold=2 label=2 | epoch 070 | train loss: 0.3194 bal_acc: 0.88 acc: 0.88 | val loss: 0.6509 bal_loss: 0.8168 bal_acc: 0.56 acc: 0.66
fold=2 label=2 | epoch 080 | train loss: 0.2563 bal_acc: 0.94 acc: 0.94 | val loss: 0.6482 bal_loss: 0.8003 bal_acc: 0.57 acc: 0.65
fold=2 label=2 | epoch 090 | train loss: 0.2022 bal_acc: 0.96 acc: 0.96 | val loss: 0.6136 bal_loss: 0.8366 bal_acc: 0.59 acc: 0.70
fold=2 label=2 | epoch 100 | train loss: 0.1644 bal_acc: 0.98 acc: 0.98 | val loss: 0.6107 bal_loss: 0.8634 bal_acc: 0.54 acc: 0.69
fold=2 label=2 | epoch 110 | train loss: 0.1508 bal_acc: 0.97 acc: 0.97 | val loss: 0.5688 bal_loss: 0.9287 bal_acc: 0.57 acc: 0.76
fold=2 label=2 | epoch 120 | train loss: 0.1140 bal_acc: 0.98 acc: 0.98 | val loss: 0.5767 bal_loss: 0.9618 bal_acc: 0.59 acc: 0.79
fold=2 label=2 | epoch 130 | train loss: 0.1081 bal_acc: 0.97 acc: 0.97 | val loss: 0.5720 bal_loss: 1.0318 bal_acc: 0.53 acc: 0.76
fold=2 label=2 | epoch 140 | train loss: 0.0670 bal_acc: 1.00 acc: 1.00 | val loss: 0.5833 bal_loss: 0.9572 bal_acc: 0.56 acc: 0.74
fold=2 label=2 | epoch 150 | train loss: 0.0469 bal_acc: 1.00 acc: 1.00 | val loss: 0.5969 bal_loss: 1.0277 bal_acc: 0.53 acc: 0.72
fold=2 label=2 | epoch 160 | train loss: 0.0396 bal_acc: 1.00 acc: 1.00 | val loss: 0.6049 bal_loss: 1.0672 bal_acc: 0.54 acc: 0.74

fold=2 label=1_vs_3
Binary labels: class0=label1 class1=label3
Binary label distribution:
  train: class0=60 class1=60 total=120
  val:   class0=20 class1=20 total=40
  test:  class0=20 class1=20 total=40
Original labels in this split:
  train: label0=0 label1=60 label2=0 label3=60 label4=0 total=120
  val:   label0=0 label1=20 label2=0 label3=20 label4=0 total=40
  test:  label0=0 label1=20 label2=0 label3=20 label4=0 total=40
fold=2 label=1_vs_3 | epoch 001 | train loss: 0.8919 bal_acc: 0.50 acc: 0.51 | val loss: 1.2408 bal_loss: 1.2408 bal_acc: 0.52 acc: 0.53
fold=2 label=1_vs_3 | epoch 010 | train loss: 0.7867 bal_acc: 0.63 acc: 0.63 | val loss: 0.7752 bal_loss: 0.7752 bal_acc: 0.58 acc: 0.57
fold=2 label=1_vs_3 | epoch 020 | train loss: 0.7301 bal_acc: 0.66 acc: 0.66 | val loss: 0.7226 bal_loss: 0.7226 bal_acc: 0.47 acc: 0.47
fold=2 label=1_vs_3 | epoch 030 | train loss: 0.5669 bal_acc: 0.69 acc: 0.69 | val loss: 0.6971 bal_loss: 0.6971 bal_acc: 0.50 acc: 0.50
fold=2 label=1_vs_3 | epoch 040 | train loss: 0.4791 bal_acc: 0.76 acc: 0.76 | val loss: 0.6948 bal_loss: 0.6948 bal_acc: 0.50 acc: 0.50
fold=2 label=1_vs_3 | epoch 050 | train loss: 0.4930 bal_acc: 0.80 acc: 0.80 | val loss: 0.7159 bal_loss: 0.7159 bal_acc: 0.50 acc: 0.50
fold=2 label=1_vs_3 | epoch 060 | train loss: 0.3565 bal_acc: 0.89 acc: 0.89 | val loss: 0.7280 bal_loss: 0.7280 bal_acc: 0.52 acc: 0.53
fold=2 label=1_vs_3 | epoch 070 | train loss: 0.4125 bal_acc: 0.81 acc: 0.81 | val loss: 0.6919 bal_loss: 0.6919 bal_acc: 0.52 acc: 0.53
fold=2 label=1_vs_3 | epoch 080 | train loss: 0.5070 bal_acc: 0.78 acc: 0.78 | val loss: 0.7110 bal_loss: 0.7110 bal_acc: 0.57 acc: 0.57
fold=2 label=1_vs_3 | epoch 090 | train loss: 0.4408 bal_acc: 0.81 acc: 0.81 | val loss: 0.6995 bal_loss: 0.6995 bal_acc: 0.60 acc: 0.60
fold=2 label=1_vs_3 | epoch 100 | train loss: 0.2640 bal_acc: 0.90 acc: 0.90 | val loss: 0.7095 bal_loss: 0.7095 bal_acc: 0.60 acc: 0.60
fold=2 label=1_vs_3 | epoch 110 | train loss: 0.2528 bal_acc: 0.94 acc: 0.94 | val loss: 0.7055 bal_loss: 0.7055 bal_acc: 0.55 acc: 0.55
fold=2 label=1_vs_3 | epoch 120 | train loss: 0.2152 bal_acc: 0.94 acc: 0.93 | val loss: 0.7016 bal_loss: 0.7016 bal_acc: 0.58 acc: 0.57
fold=2 label=1_vs_3 | epoch 130 | train loss: 0.2503 bal_acc: 0.95 acc: 0.95 | val loss: 0.7077 bal_loss: 0.7077 bal_acc: 0.62 acc: 0.62
fold=2 label=1_vs_3 | epoch 140 | train loss: 0.2514 bal_acc: 0.90 acc: 0.90 | val loss: 0.6976 bal_loss: 0.6976 bal_acc: 0.60 acc: 0.60

--- fold 3/5: train=300 val=100 test=100 ---

fold=3 label=0
Binary label distribution:
  train: class0=60 class1=240 total=300
  val:   class0=20 class1=80 total=100
  test:  class0=20 class1=80 total=100
Original labels in this split:
  train: label0=60 label1=60 label2=60 label3=60 label4=60 total=300
  val:   label0=20 label1=20 label2=20 label3=20 label4=20 total=100
  test:  label0=20 label1=20 label2=20 label3=20 label4=20 total=100
fold=3 label=0 | epoch 001 | train loss: 0.8142 bal_acc: 0.56 acc: 0.56 | val loss: 1.4344 bal_loss: 0.9815 bal_acc: 0.51 acc: 0.22
fold=3 label=0 | epoch 010 | train loss: 0.7033 bal_acc: 0.65 acc: 0.65 | val loss: 0.6184 bal_loss: 0.6335 bal_acc: 0.64 acc: 0.67
fold=3 label=0 | epoch 020 | train loss: 0.6478 bal_acc: 0.68 acc: 0.68 | val loss: 0.5302 bal_loss: 0.6402 bal_acc: 0.55 acc: 0.70
fold=3 label=0 | epoch 030 | train loss: 0.5582 bal_acc: 0.70 acc: 0.70 | val loss: 0.5619 bal_loss: 0.6077 bal_acc: 0.69 acc: 0.72
fold=3 label=0 | epoch 040 | train loss: 0.4515 bal_acc: 0.81 acc: 0.81 | val loss: 0.5589 bal_loss: 0.6033 bal_acc: 0.66 acc: 0.70
fold=3 label=0 | epoch 050 | train loss: 0.4657 bal_acc: 0.81 acc: 0.81 | val loss: 0.5133 bal_loss: 0.6371 bal_acc: 0.53 acc: 0.70
fold=3 label=0 | epoch 060 | train loss: 0.3748 bal_acc: 0.82 acc: 0.83 | val loss: 0.5295 bal_loss: 0.6284 bal_acc: 0.59 acc: 0.70
fold=3 label=0 | epoch 070 | train loss: 0.3177 bal_acc: 0.90 acc: 0.90 | val loss: 0.4738 bal_loss: 0.6928 bal_acc: 0.46 acc: 0.71
fold=3 label=0 | epoch 080 | train loss: 0.2802 bal_acc: 0.91 acc: 0.91 | val loss: 0.5412 bal_loss: 0.6560 bal_acc: 0.56 acc: 0.69
fold=3 label=0 | epoch 090 | train loss: 0.2438 bal_acc: 0.93 acc: 0.93 | val loss: 0.5364 bal_loss: 0.6962 bal_acc: 0.53 acc: 0.70
fold=3 label=0 | epoch 100 | train loss: 0.1770 bal_acc: 0.98 acc: 0.98 | val loss: 0.5528 bal_loss: 0.6685 bal_acc: 0.51 acc: 0.66
fold=3 label=0 | epoch 110 | train loss: 0.1343 bal_acc: 0.98 acc: 0.98 | val loss: 0.5157 bal_loss: 0.7677 bal_acc: 0.48 acc: 0.71
fold=3 label=0 | epoch 120 | train loss: 0.1153 bal_acc: 0.98 acc: 0.98 | val loss: 0.5010 bal_loss: 0.8005 bal_acc: 0.47 acc: 0.72
fold=3 label=0 | epoch 130 | train loss: 0.1043 bal_acc: 0.99 acc: 0.99 | val loss: 0.5250 bal_loss: 0.7514 bal_acc: 0.52 acc: 0.71

fold=3 label=2
Binary label distribution:
  train: class0=60 class1=240 total=300
  val:   class0=20 class1=80 total=100
  test:  class0=20 class1=80 total=100
Original labels in this split:
  train: label0=60 label1=60 label2=60 label3=60 label4=60 total=300
  val:   label0=20 label1=20 label2=20 label3=20 label4=20 total=100
  test:  label0=20 label1=20 label2=20 label3=20 label4=20 total=100
fold=3 label=2 | epoch 001 | train loss: 0.9505 bal_acc: 0.48 acc: 0.47 | val loss: 1.2420 bal_loss: 0.9366 bal_acc: 0.41 acc: 0.21
fold=3 label=2 | epoch 010 | train loss: 0.7515 bal_acc: 0.57 acc: 0.57 | val loss: 0.7125 bal_loss: 0.7559 bal_acc: 0.54 acc: 0.57
fold=3 label=2 | epoch 020 | train loss: 0.7000 bal_acc: 0.63 acc: 0.63 | val loss: 0.6493 bal_loss: 0.7277 bal_acc: 0.60 acc: 0.66
fold=3 label=2 | epoch 030 | train loss: 0.6033 bal_acc: 0.69 acc: 0.69 | val loss: 0.5642 bal_loss: 0.7440 bal_acc: 0.53 acc: 0.70
fold=3 label=2 | epoch 040 | train loss: 0.5037 bal_acc: 0.76 acc: 0.76 | val loss: 0.6553 bal_loss: 0.6849 bal_acc: 0.59 acc: 0.61
fold=3 label=2 | epoch 050 | train loss: 0.4439 bal_acc: 0.82 acc: 0.82 | val loss: 0.5952 bal_loss: 0.7053 bal_acc: 0.62 acc: 0.72
fold=3 label=2 | epoch 060 | train loss: 0.4282 bal_acc: 0.83 acc: 0.83 | val loss: 0.5902 bal_loss: 0.7235 bal_acc: 0.53 acc: 0.67
fold=3 label=2 | epoch 070 | train loss: 0.3397 bal_acc: 0.90 acc: 0.90 | val loss: 0.5973 bal_loss: 0.7363 bal_acc: 0.55 acc: 0.70
fold=3 label=2 | epoch 080 | train loss: 0.2541 bal_acc: 0.93 acc: 0.92 | val loss: 0.5729 bal_loss: 0.7464 bal_acc: 0.53 acc: 0.73
fold=3 label=2 | epoch 090 | train loss: 0.1965 bal_acc: 0.98 acc: 0.98 | val loss: 0.5800 bal_loss: 0.7946 bal_acc: 0.51 acc: 0.73
fold=3 label=2 | epoch 100 | train loss: 0.1594 bal_acc: 0.98 acc: 0.98 | val loss: 0.5571 bal_loss: 0.8251 bal_acc: 0.52 acc: 0.75
fold=3 label=2 | epoch 110 | train loss: 0.1473 bal_acc: 0.99 acc: 0.99 | val loss: 0.5621 bal_loss: 0.8678 bal_acc: 0.47 acc: 0.73
fold=3 label=2 | epoch 120 | train loss: 0.1217 bal_acc: 0.99 acc: 0.99 | val loss: 0.5668 bal_loss: 0.9837 bal_acc: 0.46 acc: 0.74
fold=3 label=2 | epoch 130 | train loss: 0.0827 bal_acc: 1.00 acc: 1.00 | val loss: 0.5696 bal_loss: 0.9353 bal_acc: 0.47 acc: 0.73

fold=3 label=1_vs_3
Binary labels: class0=label1 class1=label3
Binary label distribution:
  train: class0=60 class1=60 total=120
  val:   class0=20 class1=20 total=40
  test:  class0=20 class1=20 total=40
Original labels in this split:
  train: label0=0 label1=60 label2=0 label3=60 label4=0 total=120
  val:   label0=0 label1=20 label2=0 label3=20 label4=0 total=40
  test:  label0=0 label1=20 label2=0 label3=20 label4=0 total=40
fold=3 label=1_vs_3 | epoch 001 | train loss: 0.9670 bal_acc: 0.52 acc: 0.52 | val loss: 1.1303 bal_loss: 1.1303 bal_acc: 0.50 acc: 0.50
fold=3 label=1_vs_3 | epoch 010 | train loss: 0.7483 bal_acc: 0.56 acc: 0.56 | val loss: 0.6739 bal_loss: 0.6739 bal_acc: 0.65 acc: 0.65
fold=3 label=1_vs_3 | epoch 020 | train loss: 0.8530 bal_acc: 0.63 acc: 0.62 | val loss: 0.6411 bal_loss: 0.6411 bal_acc: 0.65 acc: 0.65
fold=3 label=1_vs_3 | epoch 030 | train loss: 0.5843 bal_acc: 0.72 acc: 0.73 | val loss: 0.6193 bal_loss: 0.6193 bal_acc: 0.60 acc: 0.60
fold=3 label=1_vs_3 | epoch 040 | train loss: 0.7254 bal_acc: 0.66 acc: 0.66 | val loss: 0.6229 bal_loss: 0.6229 bal_acc: 0.68 acc: 0.68
fold=3 label=1_vs_3 | epoch 050 | train loss: 0.5702 bal_acc: 0.71 acc: 0.71 | val loss: 0.6069 bal_loss: 0.6069 bal_acc: 0.68 acc: 0.68
fold=3 label=1_vs_3 | epoch 060 | train loss: 0.5179 bal_acc: 0.73 acc: 0.73 | val loss: 0.6331 bal_loss: 0.6331 bal_acc: 0.60 acc: 0.60
fold=3 label=1_vs_3 | epoch 070 | train loss: 0.4317 bal_acc: 0.83 acc: 0.82 | val loss: 0.6589 bal_loss: 0.6589 bal_acc: 0.60 acc: 0.60
fold=3 label=1_vs_3 | epoch 080 | train loss: 0.4238 bal_acc: 0.80 acc: 0.78 | val loss: 0.6416 bal_loss: 0.6416 bal_acc: 0.62 acc: 0.62
fold=3 label=1_vs_3 | epoch 090 | train loss: 0.3721 bal_acc: 0.84 acc: 0.84 | val loss: 0.6348 bal_loss: 0.6348 bal_acc: 0.58 acc: 0.57
fold=3 label=1_vs_3 | epoch 100 | train loss: 0.3272 bal_acc: 0.88 acc: 0.88 | val loss: 0.6359 bal_loss: 0.6359 bal_acc: 0.55 acc: 0.55
fold=3 label=1_vs_3 | epoch 110 | train loss: 0.3771 bal_acc: 0.88 acc: 0.88 | val loss: 0.6436 bal_loss: 0.6436 bal_acc: 0.62 acc: 0.62
fold=3 label=1_vs_3 | epoch 120 | train loss: 0.3512 bal_acc: 0.87 acc: 0.87 | val loss: 0.6391 bal_loss: 0.6391 bal_acc: 0.60 acc: 0.60
fold=3 label=1_vs_3 | epoch 130 | train loss: 0.2846 bal_acc: 0.90 acc: 0.90 | val loss: 0.6495 bal_loss: 0.6495 bal_acc: 0.68 acc: 0.68
fold=3 label=1_vs_3 | epoch 140 | train loss: 0.3778 bal_acc: 0.85 acc: 0.86 | val loss: 0.6454 bal_loss: 0.6454 bal_acc: 0.68 acc: 0.68
fold=3 label=1_vs_3 | epoch 150 | train loss: 0.3020 bal_acc: 0.90 acc: 0.90 | val loss: 0.6432 bal_loss: 0.6432 bal_acc: 0.62 acc: 0.62

--- fold 4/5: train=300 val=100 test=100 ---

fold=4 label=0
Binary label distribution:
  train: class0=60 class1=240 total=300
  val:   class0=20 class1=80 total=100
  test:  class0=20 class1=80 total=100
Original labels in this split:
  train: label0=60 label1=60 label2=60 label3=60 label4=60 total=300
  val:   label0=20 label1=20 label2=20 label3=20 label4=20 total=100
  test:  label0=20 label1=20 label2=20 label3=20 label4=20 total=100
fold=4 label=0 | epoch 001 | train loss: 0.7812 bal_acc: 0.56 acc: 0.56 | val loss: 1.4144 bal_loss: 0.9938 bal_acc: 0.46 acc: 0.22
fold=4 label=0 | epoch 010 | train loss: 0.6923 bal_acc: 0.61 acc: 0.62 | val loss: 0.6791 bal_loss: 0.7572 bal_acc: 0.57 acc: 0.62
fold=4 label=0 | epoch 020 | train loss: 0.6107 bal_acc: 0.68 acc: 0.68 | val loss: 0.6401 bal_loss: 0.7779 bal_acc: 0.52 acc: 0.63
fold=4 label=0 | epoch 030 | train loss: 0.5212 bal_acc: 0.75 acc: 0.75 | val loss: 0.6501 bal_loss: 0.7598 bal_acc: 0.58 acc: 0.63
fold=4 label=0 | epoch 040 | train loss: 0.4537 bal_acc: 0.81 acc: 0.81 | val loss: 0.6040 bal_loss: 0.7802 bal_acc: 0.53 acc: 0.67
fold=4 label=0 | epoch 050 | train loss: 0.5152 bal_acc: 0.74 acc: 0.74 | val loss: 0.6452 bal_loss: 0.7520 bal_acc: 0.57 acc: 0.64
fold=4 label=0 | epoch 060 | train loss: 0.4171 bal_acc: 0.84 acc: 0.84 | val loss: 0.5806 bal_loss: 0.7999 bal_acc: 0.54 acc: 0.69
fold=4 label=0 | epoch 070 | train loss: 0.3307 bal_acc: 0.85 acc: 0.85 | val loss: 0.6201 bal_loss: 0.7787 bal_acc: 0.52 acc: 0.66
fold=4 label=0 | epoch 080 | train loss: 0.2776 bal_acc: 0.91 acc: 0.91 | val loss: 0.6012 bal_loss: 0.7845 bal_acc: 0.53 acc: 0.67
fold=4 label=0 | epoch 090 | train loss: 0.2484 bal_acc: 0.93 acc: 0.93 | val loss: 0.5725 bal_loss: 0.8238 bal_acc: 0.52 acc: 0.71
fold=4 label=0 | epoch 100 | train loss: 0.2057 bal_acc: 0.94 acc: 0.94 | val loss: 0.5706 bal_loss: 0.8159 bal_acc: 0.51 acc: 0.69
fold=4 label=0 | epoch 110 | train loss: 0.1763 bal_acc: 0.96 acc: 0.96 | val loss: 0.5506 bal_loss: 0.8573 bal_acc: 0.51 acc: 0.72

fold=4 label=2
Binary label distribution:
  train: class0=60 class1=240 total=300
  val:   class0=20 class1=80 total=100
  test:  class0=20 class1=80 total=100
Original labels in this split:
  train: label0=60 label1=60 label2=60 label3=60 label4=60 total=300
  val:   label0=20 label1=20 label2=20 label3=20 label4=20 total=100
  test:  label0=20 label1=20 label2=20 label3=20 label4=20 total=100
fold=4 label=2 | epoch 001 | train loss: 0.9961 bal_acc: 0.45 acc: 0.46 | val loss: 1.5483 bal_loss: 1.0548 bal_acc: 0.52 acc: 0.23
fold=4 label=2 | epoch 010 | train loss: 0.8237 bal_acc: 0.55 acc: 0.55 | val loss: 0.7627 bal_loss: 0.7665 bal_acc: 0.45 acc: 0.48
fold=4 label=2 | epoch 020 | train loss: 0.6749 bal_acc: 0.65 acc: 0.65 | val loss: 0.7216 bal_loss: 0.7837 bal_acc: 0.44 acc: 0.52
fold=4 label=2 | epoch 030 | train loss: 0.5280 bal_acc: 0.73 acc: 0.73 | val loss: 0.7027 bal_loss: 0.7793 bal_acc: 0.43 acc: 0.54
fold=4 label=2 | epoch 040 | train loss: 0.5732 bal_acc: 0.74 acc: 0.74 | val loss: 0.7900 bal_loss: 0.7797 bal_acc: 0.48 acc: 0.47
fold=4 label=2 | epoch 050 | train loss: 0.4597 bal_acc: 0.82 acc: 0.80 | val loss: 0.7157 bal_loss: 0.8169 bal_acc: 0.44 acc: 0.55
fold=4 label=2 | epoch 060 | train loss: 0.3723 bal_acc: 0.87 acc: 0.87 | val loss: 0.6872 bal_loss: 0.8035 bal_acc: 0.43 acc: 0.57
fold=4 label=2 | epoch 070 | train loss: 0.3263 bal_acc: 0.90 acc: 0.90 | val loss: 0.6491 bal_loss: 0.8374 bal_acc: 0.46 acc: 0.65
fold=4 label=2 | epoch 080 | train loss: 0.3017 bal_acc: 0.89 acc: 0.89 | val loss: 0.6669 bal_loss: 0.8316 bal_acc: 0.47 acc: 0.63
fold=4 label=2 | epoch 090 | train loss: 0.2312 bal_acc: 0.96 acc: 0.96 | val loss: 0.6349 bal_loss: 0.8204 bal_acc: 0.47 acc: 0.66
fold=4 label=2 | epoch 100 | train loss: 0.2106 bal_acc: 0.97 acc: 0.97 | val loss: 0.5946 bal_loss: 0.9636 bal_acc: 0.45 acc: 0.69

fold=4 label=1_vs_3
Binary labels: class0=label1 class1=label3
Binary label distribution:
  train: class0=60 class1=60 total=120
  val:   class0=20 class1=20 total=40
  test:  class0=20 class1=20 total=40
Original labels in this split:
  train: label0=0 label1=60 label2=0 label3=60 label4=0 total=120
  val:   label0=0 label1=20 label2=0 label3=20 label4=0 total=40
  test:  label0=0 label1=20 label2=0 label3=20 label4=0 total=40
fold=4 label=1_vs_3 | epoch 001 | train loss: 0.9577 bal_acc: 0.47 acc: 0.47 | val loss: 1.1688 bal_loss: 1.1688 bal_acc: 0.50 acc: 0.50
fold=4 label=1_vs_3 | epoch 010 | train loss: 0.6709 bal_acc: 0.63 acc: 0.63 | val loss: 0.6537 bal_loss: 0.6537 bal_acc: 0.70 acc: 0.70
fold=4 label=1_vs_3 | epoch 020 | train loss: 0.7091 bal_acc: 0.68 acc: 0.68 | val loss: 0.5797 bal_loss: 0.5797 bal_acc: 0.75 acc: 0.75
fold=4 label=1_vs_3 | epoch 030 | train loss: 0.6275 bal_acc: 0.64 acc: 0.64 | val loss: 0.5556 bal_loss: 0.5556 bal_acc: 0.73 acc: 0.72
fold=4 label=1_vs_3 | epoch 040 | train loss: 0.6097 bal_acc: 0.74 acc: 0.74 | val loss: 0.5338 bal_loss: 0.5338 bal_acc: 0.75 acc: 0.75
fold=4 label=1_vs_3 | epoch 050 | train loss: 0.4434 bal_acc: 0.76 acc: 0.76 | val loss: 0.5152 bal_loss: 0.5152 bal_acc: 0.73 acc: 0.72
fold=4 label=1_vs_3 | epoch 060 | train loss: 0.6112 bal_acc: 0.71 acc: 0.72 | val loss: 0.5236 bal_loss: 0.5236 bal_acc: 0.77 acc: 0.78
fold=4 label=1_vs_3 | epoch 070 | train loss: 0.4807 bal_acc: 0.82 acc: 0.82 | val loss: 0.5155 bal_loss: 0.5155 bal_acc: 0.80 acc: 0.80
fold=4 label=1_vs_3 | epoch 080 | train loss: 0.3159 bal_acc: 0.90 acc: 0.90 | val loss: 0.5209 bal_loss: 0.5209 bal_acc: 0.83 acc: 0.82
fold=4 label=1_vs_3 | epoch 090 | train loss: 0.3293 bal_acc: 0.89 acc: 0.89 | val loss: 0.5263 bal_loss: 0.5263 bal_acc: 0.83 acc: 0.82
fold=4 label=1_vs_3 | epoch 100 | train loss: 0.3177 bal_acc: 0.93 acc: 0.93 | val loss: 0.5361 bal_loss: 0.5361 bal_acc: 0.70 acc: 0.70
fold=4 label=1_vs_3 | epoch 110 | train loss: 0.2600 bal_acc: 0.97 acc: 0.97 | val loss: 0.5340 bal_loss: 0.5340 bal_acc: 0.77 acc: 0.78
fold=4 label=1_vs_3 | epoch 120 | train loss: 0.2370 bal_acc: 0.96 acc: 0.96 | val loss: 0.5306 bal_loss: 0.5306 bal_acc: 0.82 acc: 0.82
fold=4 label=1_vs_3 | epoch 130 | train loss: 0.2364 bal_acc: 0.95 acc: 0.95 | val loss: 0.5255 bal_loss: 0.5255 bal_acc: 0.73 acc: 0.72
fold=4 label=1_vs_3 | epoch 140 | train loss: 0.2690 bal_acc: 0.90 acc: 0.90 | val loss: 0.5195 bal_loss: 0.5195 bal_acc: 0.80 acc: 0.80
fold=4 label=1_vs_3 | epoch 150 | train loss: 0.2310 bal_acc: 0.94 acc: 0.94 | val loss: 0.5253 bal_loss: 0.5253 bal_acc: 0.80 acc: 0.80
fold=4 label=1_vs_3 | epoch 160 | train loss: 0.2029 bal_acc: 0.94 acc: 0.94 | val loss: 0.5332 bal_loss: 0.5332 bal_acc: 0.77 acc: 0.78

--- fold 5/5: train=300 val=100 test=100 ---

fold=5 label=0
Binary label distribution:
  train: class0=60 class1=240 total=300
  val:   class0=20 class1=80 total=100
  test:  class0=20 class1=80 total=100
Original labels in this split:
  train: label0=60 label1=60 label2=60 label3=60 label4=60 total=300
  val:   label0=20 label1=20 label2=20 label3=20 label4=20 total=100
  test:  label0=20 label1=20 label2=20 label3=20 label4=20 total=100
fold=5 label=0 | epoch 001 | train loss: 0.8158 bal_acc: 0.54 acc: 0.54 | val loss: 1.3024 bal_loss: 0.9101 bal_acc: 0.54 acc: 0.29
fold=5 label=0 | epoch 010 | train loss: 0.7162 bal_acc: 0.62 acc: 0.62 | val loss: 0.6479 bal_loss: 0.6942 bal_acc: 0.56 acc: 0.62
fold=5 label=0 | epoch 020 | train loss: 0.6156 bal_acc: 0.70 acc: 0.70 | val loss: 0.5359 bal_loss: 0.8412 bal_acc: 0.52 acc: 0.75
fold=5 label=0 | epoch 030 | train loss: 0.5210 bal_acc: 0.75 acc: 0.75 | val loss: 0.5849 bal_loss: 0.7696 bal_acc: 0.56 acc: 0.69
fold=5 label=0 | epoch 040 | train loss: 0.4590 bal_acc: 0.78 acc: 0.78 | val loss: 0.6644 bal_loss: 0.7919 bal_acc: 0.52 acc: 0.62
fold=5 label=0 | epoch 050 | train loss: 0.4024 bal_acc: 0.82 acc: 0.82 | val loss: 0.6399 bal_loss: 0.8109 bal_acc: 0.49 acc: 0.63
fold=5 label=0 | epoch 060 | train loss: 0.3687 bal_acc: 0.87 acc: 0.86 | val loss: 0.5830 bal_loss: 0.8953 bal_acc: 0.54 acc: 0.71
fold=5 label=0 | epoch 070 | train loss: 0.3954 bal_acc: 0.85 acc: 0.85 | val loss: 0.5922 bal_loss: 0.9304 bal_acc: 0.49 acc: 0.70
fold=5 label=0 | epoch 080 | train loss: 0.2617 bal_acc: 0.93 acc: 0.93 | val loss: 0.6254 bal_loss: 0.8944 bal_acc: 0.49 acc: 0.67
fold=5 label=0 | epoch 090 | train loss: 0.2121 bal_acc: 0.95 acc: 0.95 | val loss: 0.6776 bal_loss: 0.8693 bal_acc: 0.51 acc: 0.64
fold=5 label=0 | epoch 100 | train loss: 0.1979 bal_acc: 0.97 acc: 0.97 | val loss: 0.6233 bal_loss: 0.9459 bal_acc: 0.50 acc: 0.68
fold=5 label=0 | epoch 110 | train loss: 0.1523 bal_acc: 0.97 acc: 0.97 | val loss: 0.6160 bal_loss: 1.0232 bal_acc: 0.50 acc: 0.71

fold=5 label=2
Binary label distribution:
  train: class0=60 class1=240 total=300
  val:   class0=20 class1=80 total=100
  test:  class0=20 class1=80 total=100
Original labels in this split:
  train: label0=60 label1=60 label2=60 label3=60 label4=60 total=300
  val:   label0=20 label1=20 label2=20 label3=20 label4=20 total=100
  test:  label0=20 label1=20 label2=20 label3=20 label4=20 total=100
fold=5 label=2 | epoch 001 | train loss: 0.9301 bal_acc: 0.47 acc: 0.47 | val loss: 1.5302 bal_loss: 1.0726 bal_acc: 0.47 acc: 0.22
fold=5 label=2 | epoch 010 | train loss: 0.7206 bal_acc: 0.62 acc: 0.62 | val loss: 0.7169 bal_loss: 0.8475 bal_acc: 0.42 acc: 0.55
fold=5 label=2 | epoch 020 | train loss: 0.6041 bal_acc: 0.66 acc: 0.66 | val loss: 0.7290 bal_loss: 0.8254 bal_acc: 0.47 acc: 0.57
fold=5 label=2 | epoch 030 | train loss: 0.4982 bal_acc: 0.77 acc: 0.77 | val loss: 0.7181 bal_loss: 0.8411 bal_acc: 0.47 acc: 0.57
fold=5 label=2 | epoch 040 | train loss: 0.4604 bal_acc: 0.80 acc: 0.80 | val loss: 0.7009 bal_loss: 0.8687 bal_acc: 0.47 acc: 0.60
fold=5 label=2 | epoch 050 | train loss: 0.4110 bal_acc: 0.85 acc: 0.85 | val loss: 0.6501 bal_loss: 0.9393 bal_acc: 0.44 acc: 0.67
fold=5 label=2 | epoch 060 | train loss: 0.3723 bal_acc: 0.87 acc: 0.87 | val loss: 0.6736 bal_loss: 0.9071 bal_acc: 0.46 acc: 0.65
fold=5 label=2 | epoch 070 | train loss: 0.2679 bal_acc: 0.94 acc: 0.94 | val loss: 0.6488 bal_loss: 0.9849 bal_acc: 0.49 acc: 0.72
fold=5 label=2 | epoch 080 | train loss: 0.2529 bal_acc: 0.92 acc: 0.92 | val loss: 0.6838 bal_loss: 0.9778 bal_acc: 0.46 acc: 0.65
fold=5 label=2 | epoch 090 | train loss: 0.2379 bal_acc: 0.94 acc: 0.94 | val loss: 0.6481 bal_loss: 1.0537 bal_acc: 0.45 acc: 0.72
fold=5 label=2 | epoch 100 | train loss: 0.1714 bal_acc: 0.97 acc: 0.97 | val loss: 0.6626 bal_loss: 1.0820 bal_acc: 0.46 acc: 0.71
fold=5 label=2 | epoch 110 | train loss: 0.1571 bal_acc: 0.97 acc: 0.97 | val loss: 0.6642 bal_loss: 1.1575 bal_acc: 0.45 acc: 0.72

fold=5 label=1_vs_3
Binary labels: class0=label1 class1=label3
Binary label distribution:
  train: class0=60 class1=60 total=120
  val:   class0=20 class1=20 total=40
  test:  class0=20 class1=20 total=40
Original labels in this split:
  train: label0=0 label1=60 label2=0 label3=60 label4=0 total=120
  val:   label0=0 label1=20 label2=0 label3=20 label4=0 total=40
  test:  label0=0 label1=20 label2=0 label3=20 label4=0 total=40
fold=5 label=1_vs_3 | epoch 001 | train loss: 0.9656 bal_acc: 0.54 acc: 0.53 | val loss: 1.2023 bal_loss: 1.2023 bal_acc: 0.47 acc: 0.47
fold=5 label=1_vs_3 | epoch 010 | train loss: 0.9256 bal_acc: 0.56 acc: 0.56 | val loss: 0.7897 bal_loss: 0.7897 bal_acc: 0.50 acc: 0.50
fold=5 label=1_vs_3 | epoch 020 | train loss: 0.7554 bal_acc: 0.55 acc: 0.55 | val loss: 0.7360 bal_loss: 0.7360 bal_acc: 0.52 acc: 0.53
fold=5 label=1_vs_3 | epoch 030 | train loss: 0.6382 bal_acc: 0.72 acc: 0.71 | val loss: 0.6756 bal_loss: 0.6756 bal_acc: 0.57 acc: 0.57
fold=5 label=1_vs_3 | epoch 040 | train loss: 0.5248 bal_acc: 0.74 acc: 0.74 | val loss: 0.6543 bal_loss: 0.6543 bal_acc: 0.65 acc: 0.65
fold=5 label=1_vs_3 | epoch 050 | train loss: 0.5348 bal_acc: 0.77 acc: 0.77 | val loss: 0.6321 bal_loss: 0.6321 bal_acc: 0.68 acc: 0.68
fold=5 label=1_vs_3 | epoch 060 | train loss: 0.4327 bal_acc: 0.82 acc: 0.82 | val loss: 0.5939 bal_loss: 0.5939 bal_acc: 0.70 acc: 0.70
fold=5 label=1_vs_3 | epoch 070 | train loss: 0.4510 bal_acc: 0.81 acc: 0.81 | val loss: 0.5967 bal_loss: 0.5967 bal_acc: 0.75 acc: 0.75
fold=5 label=1_vs_3 | epoch 080 | train loss: 0.5959 bal_acc: 0.75 acc: 0.75 | val loss: 0.5959 bal_loss: 0.5959 bal_acc: 0.73 acc: 0.72
fold=5 label=1_vs_3 | epoch 090 | train loss: 0.3813 bal_acc: 0.86 acc: 0.87 | val loss: 0.5846 bal_loss: 0.5846 bal_acc: 0.73 acc: 0.72
fold=5 label=1_vs_3 | epoch 100 | train loss: 0.2792 bal_acc: 0.89 acc: 0.89 | val loss: 0.5797 bal_loss: 0.5797 bal_acc: 0.73 acc: 0.72
fold=5 label=1_vs_3 | epoch 110 | train loss: 0.3721 bal_acc: 0.84 acc: 0.84 | val loss: 0.5528 bal_loss: 0.5528 bal_acc: 0.77 acc: 0.78
fold=5 label=1_vs_3 | epoch 120 | train loss: 0.3446 bal_acc: 0.88 acc: 0.88 | val loss: 0.5687 bal_loss: 0.5687 bal_acc: 0.75 acc: 0.75
fold=5 label=1_vs_3 | epoch 130 | train loss: 0.2024 bal_acc: 0.95 acc: 0.95 | val loss: 0.5756 bal_loss: 0.5756 bal_acc: 0.73 acc: 0.72
fold=5 label=1_vs_3 | epoch 140 | train loss: 0.2582 bal_acc: 0.93 acc: 0.93 | val loss: 0.5664 bal_loss: 0.5664 bal_acc: 0.75 acc: 0.75
fold=5 label=1_vs_3 | epoch 150 | train loss: 0.2196 bal_acc: 0.95 acc: 0.94 | val loss: 0.5658 bal_loss: 0.5658 bal_acc: 0.77 acc: 0.78
fold=5 label=1_vs_3 | epoch 160 | train loss: 0.2021 bal_acc: 0.95 acc: 0.94 | val loss: 0.5536 bal_loss: 0.5536 bal_acc: 0.77 acc: 0.78
fold=5 label=1_vs_3 | epoch 170 | train loss: 0.1927 bal_acc: 0.96 acc: 0.96 | val loss: 0.5602 bal_loss: 0.5602 bal_acc: 0.80 acc: 0.80
fold=5 label=1_vs_3 | epoch 180 | train loss: 0.2115 bal_acc: 0.95 acc: 0.95 | val loss: 0.5735 bal_loss: 0.5735 bal_acc: 0.80 acc: 0.80
fold=5 label=1_vs_3 | epoch 190 | train loss: 0.1639 bal_acc: 0.96 acc: 0.96 | val loss: 0.5532 bal_loss: 0.5532 bal_acc: 0.77 acc: 0.78
fold=5 label=1_vs_3 | epoch 200 | train loss: 0.1428 bal_acc: 0.97 acc: 0.97 | val loss: 0.5556 bal_loss: 0.5556 bal_acc: 0.83 acc: 0.82
fold=5 label=1_vs_3 | epoch 210 | train loss: 0.0953 bal_acc: 0.99 acc: 0.99 | val loss: 0.5517 bal_loss: 0.5517 bal_acc: 0.77 acc: 0.78
fold=5 label=1_vs_3 | epoch 220 | train loss: 0.0898 bal_acc: 1.00 acc: 1.00 | val loss: 0.5520 bal_loss: 0.5520 bal_acc: 0.77 acc: 0.78
fold=5 label=1_vs_3 | epoch 230 | train loss: 0.1351 bal_acc: 0.96 acc: 0.96 | val loss: 0.5559 bal_loss: 0.5559 bal_acc: 0.77 acc: 0.78
fold=5 label=1_vs_3 | epoch 240 | train loss: 0.0732 bal_acc: 0.99 acc: 0.99 | val loss: 0.5606 bal_loss: 0.5606 bal_acc: 0.83 acc: 0.82
fold=5 label=1_vs_3 | epoch 250 | train loss: 0.0723 bal_acc: 0.99 acc: 0.99 | val loss: 0.5763 bal_loss: 0.5763 bal_acc: 0.77 acc: 0.78
fold=5 label=1_vs_3 | epoch 260 | train loss: 0.0723 bal_acc: 1.00 acc: 1.00 | val loss: 0.5774 bal_loss: 0.5774 bal_acc: 0.75 acc: 0.75
fold=5 label=1_vs_3 | epoch 270 | train loss: 0.0562 bal_acc: 1.00 acc: 1.00 | val loss: 0.5632 bal_loss: 0.5632 bal_acc: 0.83 acc: 0.82
fold=5 label=1_vs_3 | epoch 280 | train loss: 0.0491 bal_acc: 1.00 acc: 1.00 | val loss: 0.5745 bal_loss: 0.5745 bal_acc: 0.83 acc: 0.82
fold=5 label=1_vs_3 | epoch 290 | train loss: 0.0534 bal_acc: 1.00 acc: 1.00 | val loss: 0.5691 bal_loss: 0.5691 bal_acc: 0.75 acc: 0.75
fold=5 label=1_vs_3 | epoch 300 | train loss: 0.0430 bal_acc: 1.00 acc: 1.00 | val loss: 0.5735 bal_loss: 0.5735 bal_acc: 0.77 acc: 0.78
fold=5 label=1_vs_3 | epoch 310 | train loss: 0.0348 bal_acc: 1.00 acc: 1.00 | val loss: 0.5842 bal_loss: 0.5842 bal_acc: 0.73 acc: 0.72
fold=5 label=1_vs_3 | epoch 320 | train loss: 0.0354 bal_acc: 1.00 acc: 1.00 | val loss: 0.5779 bal_loss: 0.5779 bal_acc: 0.77 acc: 0.78

Cross-validation summary (5 fold(s) run)
y_0: test bal_loss=0.679 +/- 0.013 | bal_acc=0.601 +/- 0.027 | test acc=0.638 +/- 0.042
y_2: test bal_loss=0.776 +/- 0.060 | bal_acc=0.483 +/- 0.037 | test acc=0.538 +/- 0.022
y_1_vs_3: test bal_loss=0.692 +/- 0.092 | bal_acc=0.635 +/- 0.077 | test acc=0.635 +/- 0.077
Cross-validation CSV: ./checkpoints/sub1_hjlee_nogit/v4_sub1_shallownet_all_days/20260629_172645/cross_validation.csv

Saved to: ./checkpoints/sub1_hjlee_nogit/v4_sub1_shallownet_all_days/20260629_172645
