Training configuration
  config=./configs/train_config_v3.json
  model=shallownet
  patient=sub1_hjlee
  day=260602
  data_dir=./data/processed/sub1_hjlee/260602
  input_file=X_eeg.npy
  checkpoint_root=./checkpoints/sub1_hjlee_nogit/v3_sub1_shallownet_all_days
  epochs=200
  batch_size=16
  lr=3e-05
  weight_decay=0.0001
  patience=50
  seed=42
  val_test_ratio=0.2
  weighted_sampler=True
  run_window_diagnostic=False
  window_size=256
  window_stride=128
  balance_rest_to_target=False
  run_5fold_cross_validation=True
  selection_metric=balanced_loss

Loading X_eeg.npy...
Device: cuda | X: (500, 64, 1000) | run: ./checkpoints/sub1_hjlee_nogit/v3_sub1_shallownet_all_days/20260628_181317
Data split: train=300 val=100 test=100
Original label distribution:
  train: label0=60 label1=60 label2=60 label3=60 label4=60 total=300
  val:   label0=20 label1=20 label2=20 label3=20 label4=20 total=100
  test:  label0=20 label1=20 label2=20 label3=20 label4=20 total=100

=== 5-fold cross-validation ===

--- fold 1/5: train=300 val=100 test=100 ---

fold=1 label=0
Binary label distribution:
  train: class0=60 class1=240 total=300
  val:   class0=20 class1=80 total=100
  test:  class0=20 class1=80 total=100
Original labels in this split:
  train: label0=60 label1=60 label2=60 label3=60 label4=60 total=300
  val:   label0=20 label1=20 label2=20 label3=20 label4=20 total=100
  test:  label0=20 label1=20 label2=20 label3=20 label4=20 total=100
fold=1 label=0 | epoch 001 | train loss: 1.4595 bal_acc: 0.49 acc: 0.50 | val loss: 0.7762 bal_loss: 1.0572 bal_acc: 0.57 acc: 0.64
fold=1 label=0 | epoch 010 | train loss: 0.8119 bal_acc: 0.63 acc: 0.62 | val loss: 0.8003 bal_loss: 0.8288 bal_acc: 0.59 acc: 0.56
fold=1 label=0 | epoch 020 | train loss: 0.5709 bal_acc: 0.75 acc: 0.74 | val loss: 0.7408 bal_loss: 0.8427 bal_acc: 0.64 acc: 0.67
fold=1 label=0 | epoch 030 | train loss: 0.4102 bal_acc: 0.82 acc: 0.82 | val loss: 0.6379 bal_loss: 0.8251 bal_acc: 0.64 acc: 0.69
fold=1 label=0 | epoch 040 | train loss: 0.3184 bal_acc: 0.86 acc: 0.86 | val loss: 0.6504 bal_loss: 0.8848 bal_acc: 0.61 acc: 0.70
fold=1 label=0 | epoch 050 | train loss: 0.2547 bal_acc: 0.87 acc: 0.87 | val loss: 0.6323 bal_loss: 0.8474 bal_acc: 0.62 acc: 0.72
fold=1 label=0 | epoch 060 | train loss: 0.2054 bal_acc: 0.93 acc: 0.93 | val loss: 0.6100 bal_loss: 0.9228 bal_acc: 0.56 acc: 0.72
fold=1 label=0 | epoch 070 | train loss: 0.1485 bal_acc: 0.97 acc: 0.96 | val loss: 0.6533 bal_loss: 0.8476 bal_acc: 0.53 acc: 0.67
fold=1 label=0 | epoch 080 | train loss: 0.1490 bal_acc: 0.95 acc: 0.95 | val loss: 0.6410 bal_loss: 0.9898 bal_acc: 0.61 acc: 0.73

fold=1 label=2
Binary label distribution:
  train: class0=60 class1=240 total=300
  val:   class0=20 class1=80 total=100
  test:  class0=20 class1=80 total=100
Original labels in this split:
  train: label0=60 label1=60 label2=60 label3=60 label4=60 total=300
  val:   label0=20 label1=20 label2=20 label3=20 label4=20 total=100
  test:  label0=20 label1=20 label2=20 label3=20 label4=20 total=100
fold=1 label=2 | epoch 001 | train loss: 1.4095 bal_acc: 0.47 acc: 0.47 | val loss: 0.8689 bal_loss: 1.1446 bal_acc: 0.44 acc: 0.59
fold=1 label=2 | epoch 010 | train loss: 0.7422 bal_acc: 0.70 acc: 0.70 | val loss: 0.7197 bal_loss: 0.8421 bal_acc: 0.61 acc: 0.67
fold=1 label=2 | epoch 020 | train loss: 0.5229 bal_acc: 0.78 acc: 0.78 | val loss: 0.6831 bal_loss: 0.8656 bal_acc: 0.58 acc: 0.66
fold=1 label=2 | epoch 030 | train loss: 0.4215 bal_acc: 0.81 acc: 0.81 | val loss: 0.6665 bal_loss: 0.9431 bal_acc: 0.52 acc: 0.68
fold=1 label=2 | epoch 040 | train loss: 0.3105 bal_acc: 0.84 acc: 0.85 | val loss: 0.7014 bal_loss: 0.9539 bal_acc: 0.54 acc: 0.69
fold=1 label=2 | epoch 050 | train loss: 0.3281 bal_acc: 0.85 acc: 0.85 | val loss: 0.7132 bal_loss: 1.1008 bal_acc: 0.53 acc: 0.70

fold=1 label=1_vs_3
Binary labels: class0=label1 class1=label3
Binary label distribution:
  train: class0=60 class1=60 total=120
  val:   class0=20 class1=20 total=40
  test:  class0=20 class1=20 total=40
Original labels in this split:
  train: label0=0 label1=60 label2=0 label3=60 label4=0 total=120
  val:   label0=0 label1=20 label2=0 label3=20 label4=0 total=40
  test:  label0=0 label1=20 label2=0 label3=20 label4=0 total=40
fold=1 label=1_vs_3 | epoch 001 | train loss: 1.3158 bal_acc: 0.56 acc: 0.56 | val loss: 1.2428 bal_loss: 1.2428 bal_acc: 0.33 acc: 0.33
fold=1 label=1_vs_3 | epoch 010 | train loss: 0.7370 bal_acc: 0.72 acc: 0.72 | val loss: 1.0110 bal_loss: 1.0110 bal_acc: 0.45 acc: 0.45
fold=1 label=1_vs_3 | epoch 020 | train loss: 0.6057 bal_acc: 0.72 acc: 0.72 | val loss: 1.0396 bal_loss: 1.0396 bal_acc: 0.43 acc: 0.42
fold=1 label=1_vs_3 | epoch 030 | train loss: 0.5942 bal_acc: 0.72 acc: 0.72 | val loss: 1.0767 bal_loss: 1.0767 bal_acc: 0.45 acc: 0.45
fold=1 label=1_vs_3 | epoch 040 | train loss: 0.3204 bal_acc: 0.86 acc: 0.84 | val loss: 0.9719 bal_loss: 0.9719 bal_acc: 0.43 acc: 0.42
fold=1 label=1_vs_3 | epoch 050 | train loss: 0.3212 bal_acc: 0.88 acc: 0.88 | val loss: 1.0359 bal_loss: 1.0359 bal_acc: 0.43 acc: 0.42
fold=1 label=1_vs_3 | epoch 060 | train loss: 0.3219 bal_acc: 0.84 acc: 0.84 | val loss: 1.0209 bal_loss: 1.0209 bal_acc: 0.40 acc: 0.40
fold=1 label=1_vs_3 | epoch 070 | train loss: 0.2342 bal_acc: 0.92 acc: 0.92 | val loss: 1.0281 bal_loss: 1.0281 bal_acc: 0.50 acc: 0.50
fold=1 label=1_vs_3 | epoch 080 | train loss: 0.3061 bal_acc: 0.90 acc: 0.90 | val loss: 1.0573 bal_loss: 1.0573 bal_acc: 0.45 acc: 0.45
fold=1 label=1_vs_3 | epoch 090 | train loss: 0.1732 bal_acc: 0.93 acc: 0.93 | val loss: 0.9701 bal_loss: 0.9701 bal_acc: 0.52 acc: 0.53
fold=1 label=1_vs_3 | epoch 100 | train loss: 0.1355 bal_acc: 0.98 acc: 0.98 | val loss: 1.1220 bal_loss: 1.1220 bal_acc: 0.45 acc: 0.45

--- fold 2/5: train=300 val=100 test=100 ---

fold=2 label=0
Binary label distribution:
  train: class0=60 class1=240 total=300
  val:   class0=20 class1=80 total=100
  test:  class0=20 class1=80 total=100
Original labels in this split:
  train: label0=60 label1=60 label2=60 label3=60 label4=60 total=300
  val:   label0=20 label1=20 label2=20 label3=20 label4=20 total=100
  test:  label0=20 label1=20 label2=20 label3=20 label4=20 total=100
fold=2 label=0 | epoch 001 | train loss: 1.1610 bal_acc: 0.56 acc: 0.56 | val loss: 1.0368 bal_loss: 1.2810 bal_acc: 0.44 acc: 0.47
fold=2 label=0 | epoch 010 | train loss: 0.7204 bal_acc: 0.67 acc: 0.67 | val loss: 0.8338 bal_loss: 1.1774 bal_acc: 0.42 acc: 0.55
fold=2 label=0 | epoch 020 | train loss: 0.5045 bal_acc: 0.77 acc: 0.78 | val loss: 0.8487 bal_loss: 1.0408 bal_acc: 0.44 acc: 0.56
fold=2 label=0 | epoch 030 | train loss: 0.3995 bal_acc: 0.82 acc: 0.82 | val loss: 0.7893 bal_loss: 1.1724 bal_acc: 0.45 acc: 0.60
fold=2 label=0 | epoch 040 | train loss: 0.3259 bal_acc: 0.86 acc: 0.86 | val loss: 0.7405 bal_loss: 1.2207 bal_acc: 0.44 acc: 0.64
fold=2 label=0 | epoch 050 | train loss: 0.2024 bal_acc: 0.93 acc: 0.93 | val loss: 0.7189 bal_loss: 1.2610 bal_acc: 0.49 acc: 0.72
fold=2 label=0 | epoch 060 | train loss: 0.1879 bal_acc: 0.94 acc: 0.94 | val loss: 0.7069 bal_loss: 1.1998 bal_acc: 0.46 acc: 0.67
fold=2 label=0 | epoch 070 | train loss: 0.1535 bal_acc: 0.95 acc: 0.95 | val loss: 0.7705 bal_loss: 1.3326 bal_acc: 0.48 acc: 0.70

fold=2 label=2
Binary label distribution:
  train: class0=60 class1=240 total=300
  val:   class0=20 class1=80 total=100
  test:  class0=20 class1=80 total=100
Original labels in this split:
  train: label0=60 label1=60 label2=60 label3=60 label4=60 total=300
  val:   label0=20 label1=20 label2=20 label3=20 label4=20 total=100
  test:  label0=20 label1=20 label2=20 label3=20 label4=20 total=100
fold=2 label=2 | epoch 001 | train loss: 1.2525 bal_acc: 0.51 acc: 0.51 | val loss: 0.6257 bal_loss: 0.8301 bal_acc: 0.63 acc: 0.71
fold=2 label=2 | epoch 010 | train loss: 0.6852 bal_acc: 0.70 acc: 0.71 | val loss: 0.7829 bal_loss: 0.8943 bal_acc: 0.54 acc: 0.60
fold=2 label=2 | epoch 020 | train loss: 0.4612 bal_acc: 0.79 acc: 0.79 | val loss: 0.8409 bal_loss: 0.9211 bal_acc: 0.51 acc: 0.61
fold=2 label=2 | epoch 030 | train loss: 0.4003 bal_acc: 0.81 acc: 0.81 | val loss: 0.8108 bal_loss: 0.9709 bal_acc: 0.49 acc: 0.61
fold=2 label=2 | epoch 040 | train loss: 0.3183 bal_acc: 0.86 acc: 0.86 | val loss: 0.8906 bal_loss: 1.0978 bal_acc: 0.53 acc: 0.64
fold=2 label=2 | epoch 050 | train loss: 0.3127 bal_acc: 0.87 acc: 0.87 | val loss: 0.8269 bal_loss: 1.2610 bal_acc: 0.49 acc: 0.67

fold=2 label=1_vs_3
Binary labels: class0=label1 class1=label3
Binary label distribution:
  train: class0=60 class1=60 total=120
  val:   class0=20 class1=20 total=40
  test:  class0=20 class1=20 total=40
Original labels in this split:
  train: label0=0 label1=60 label2=0 label3=60 label4=0 total=120
  val:   label0=0 label1=20 label2=0 label3=20 label4=0 total=40
  test:  label0=0 label1=20 label2=0 label3=20 label4=0 total=40
fold=2 label=1_vs_3 | epoch 001 | train loss: 1.1757 bal_acc: 0.58 acc: 0.57 | val loss: 1.3231 bal_loss: 1.3231 bal_acc: 0.45 acc: 0.45
fold=2 label=1_vs_3 | epoch 010 | train loss: 0.8084 bal_acc: 0.61 acc: 0.61 | val loss: 1.0070 bal_loss: 1.0070 bal_acc: 0.52 acc: 0.53
fold=2 label=1_vs_3 | epoch 020 | train loss: 0.6825 bal_acc: 0.68 acc: 0.68 | val loss: 0.9349 bal_loss: 0.9349 bal_acc: 0.47 acc: 0.47
fold=2 label=1_vs_3 | epoch 030 | train loss: 0.4687 bal_acc: 0.79 acc: 0.79 | val loss: 0.9545 bal_loss: 0.9545 bal_acc: 0.43 acc: 0.42
fold=2 label=1_vs_3 | epoch 040 | train loss: 0.4221 bal_acc: 0.84 acc: 0.83 | val loss: 0.9381 bal_loss: 0.9381 bal_acc: 0.52 acc: 0.53
fold=2 label=1_vs_3 | epoch 050 | train loss: 0.3441 bal_acc: 0.82 acc: 0.82 | val loss: 1.0332 bal_loss: 1.0332 bal_acc: 0.47 acc: 0.47
fold=2 label=1_vs_3 | epoch 060 | train loss: 0.2584 bal_acc: 0.91 acc: 0.91 | val loss: 1.0682 bal_loss: 1.0682 bal_acc: 0.52 acc: 0.53
fold=2 label=1_vs_3 | epoch 070 | train loss: 0.2981 bal_acc: 0.85 acc: 0.84 | val loss: 1.0756 bal_loss: 1.0756 bal_acc: 0.50 acc: 0.50
fold=2 label=1_vs_3 | epoch 080 | train loss: 0.2097 bal_acc: 0.90 acc: 0.90 | val loss: 0.9642 bal_loss: 0.9642 bal_acc: 0.48 acc: 0.47

--- fold 3/5: train=300 val=100 test=100 ---

fold=3 label=0
Binary label distribution:
  train: class0=60 class1=240 total=300
  val:   class0=20 class1=80 total=100
  test:  class0=20 class1=80 total=100
Original labels in this split:
  train: label0=60 label1=60 label2=60 label3=60 label4=60 total=300
  val:   label0=20 label1=20 label2=20 label3=20 label4=20 total=100
  test:  label0=20 label1=20 label2=20 label3=20 label4=20 total=100
fold=3 label=0 | epoch 001 | train loss: 1.4213 bal_acc: 0.53 acc: 0.53 | val loss: 0.8584 bal_loss: 0.9049 bal_acc: 0.59 acc: 0.58
fold=3 label=0 | epoch 010 | train loss: 0.7437 bal_acc: 0.64 acc: 0.64 | val loss: 0.8069 bal_loss: 0.9476 bal_acc: 0.49 acc: 0.55
fold=3 label=0 | epoch 020 | train loss: 0.5642 bal_acc: 0.72 acc: 0.72 | val loss: 0.7615 bal_loss: 1.0195 bal_acc: 0.47 acc: 0.58
fold=3 label=0 | epoch 030 | train loss: 0.3945 bal_acc: 0.83 acc: 0.83 | val loss: 0.6779 bal_loss: 1.0301 bal_acc: 0.48 acc: 0.67
fold=3 label=0 | epoch 040 | train loss: 0.2852 bal_acc: 0.88 acc: 0.88 | val loss: 0.7000 bal_loss: 1.0734 bal_acc: 0.46 acc: 0.65
fold=3 label=0 | epoch 050 | train loss: 0.2658 bal_acc: 0.89 acc: 0.89 | val loss: 0.6262 bal_loss: 1.0995 bal_acc: 0.49 acc: 0.72

fold=3 label=2
Binary label distribution:
  train: class0=60 class1=240 total=300
  val:   class0=20 class1=80 total=100
  test:  class0=20 class1=80 total=100
Original labels in this split:
  train: label0=60 label1=60 label2=60 label3=60 label4=60 total=300
  val:   label0=20 label1=20 label2=20 label3=20 label4=20 total=100
  test:  label0=20 label1=20 label2=20 label3=20 label4=20 total=100
fold=3 label=2 | epoch 001 | train loss: 1.2868 bal_acc: 0.52 acc: 0.52 | val loss: 0.6520 bal_loss: 1.0225 bal_acc: 0.62 acc: 0.78
fold=3 label=2 | epoch 010 | train loss: 0.7665 bal_acc: 0.66 acc: 0.66 | val loss: 0.7366 bal_loss: 0.9513 bal_acc: 0.46 acc: 0.59
fold=3 label=2 | epoch 020 | train loss: 0.5307 bal_acc: 0.78 acc: 0.78 | val loss: 0.8338 bal_loss: 0.9622 bal_acc: 0.49 acc: 0.58
fold=3 label=2 | epoch 030 | train loss: 0.4700 bal_acc: 0.79 acc: 0.79 | val loss: 0.8393 bal_loss: 0.9819 bal_acc: 0.46 acc: 0.59
fold=3 label=2 | epoch 040 | train loss: 0.4279 bal_acc: 0.81 acc: 0.81 | val loss: 0.8345 bal_loss: 1.1669 bal_acc: 0.44 acc: 0.61
fold=3 label=2 | epoch 050 | train loss: 0.2775 bal_acc: 0.89 acc: 0.89 | val loss: 0.9095 bal_loss: 1.1736 bal_acc: 0.47 acc: 0.60

fold=3 label=1_vs_3
Binary labels: class0=label1 class1=label3
Binary label distribution:
  train: class0=60 class1=60 total=120
  val:   class0=20 class1=20 total=40
  test:  class0=20 class1=20 total=40
Original labels in this split:
  train: label0=0 label1=60 label2=0 label3=60 label4=0 total=120
  val:   label0=0 label1=20 label2=0 label3=20 label4=0 total=40
  test:  label0=0 label1=20 label2=0 label3=20 label4=0 total=40
fold=3 label=1_vs_3 | epoch 001 | train loss: 1.2105 bal_acc: 0.56 acc: 0.56 | val loss: 1.2667 bal_loss: 1.2667 bal_acc: 0.48 acc: 0.47
fold=3 label=1_vs_3 | epoch 010 | train loss: 1.0803 bal_acc: 0.54 acc: 0.54 | val loss: 1.1772 bal_loss: 1.1772 bal_acc: 0.43 acc: 0.42
fold=3 label=1_vs_3 | epoch 020 | train loss: 0.6101 bal_acc: 0.73 acc: 0.73 | val loss: 1.2699 bal_loss: 1.2699 bal_acc: 0.35 acc: 0.35
fold=3 label=1_vs_3 | epoch 030 | train loss: 0.4338 bal_acc: 0.83 acc: 0.82 | val loss: 1.2640 bal_loss: 1.2640 bal_acc: 0.42 acc: 0.42
fold=3 label=1_vs_3 | epoch 040 | train loss: 0.4575 bal_acc: 0.77 acc: 0.77 | val loss: 1.2776 bal_loss: 1.2776 bal_acc: 0.45 acc: 0.45
fold=3 label=1_vs_3 | epoch 050 | train loss: 0.4732 bal_acc: 0.78 acc: 0.78 | val loss: 1.2824 bal_loss: 1.2824 bal_acc: 0.43 acc: 0.42

--- fold 4/5: train=300 val=100 test=100 ---

fold=4 label=0
Binary label distribution:
  train: class0=60 class1=240 total=300
  val:   class0=20 class1=80 total=100
  test:  class0=20 class1=80 total=100
Original labels in this split:
  train: label0=60 label1=60 label2=60 label3=60 label4=60 total=300
  val:   label0=20 label1=20 label2=20 label3=20 label4=20 total=100
  test:  label0=20 label1=20 label2=20 label3=20 label4=20 total=100
fold=4 label=0 | epoch 001 | train loss: 1.4668 bal_acc: 0.47 acc: 0.47 | val loss: 0.5936 bal_loss: 0.9922 bal_acc: 0.62 acc: 0.78
fold=4 label=0 | epoch 010 | train loss: 0.6326 bal_acc: 0.71 acc: 0.70 | val loss: 0.7530 bal_loss: 0.9555 bal_acc: 0.53 acc: 0.61
fold=4 label=0 | epoch 020 | train loss: 0.5343 bal_acc: 0.75 acc: 0.75 | val loss: 0.7896 bal_loss: 1.0533 bal_acc: 0.52 acc: 0.63
fold=4 label=0 | epoch 030 | train loss: 0.3917 bal_acc: 0.85 acc: 0.85 | val loss: 0.7432 bal_loss: 1.0752 bal_acc: 0.51 acc: 0.63
fold=4 label=0 | epoch 040 | train loss: 0.3148 bal_acc: 0.85 acc: 0.85 | val loss: 0.7282 bal_loss: 1.0914 bal_acc: 0.53 acc: 0.67
fold=4 label=0 | epoch 050 | train loss: 0.2598 bal_acc: 0.89 acc: 0.89 | val loss: 0.7404 bal_loss: 1.0908 bal_acc: 0.49 acc: 0.63

fold=4 label=2
Binary label distribution:
  train: class0=60 class1=240 total=300
  val:   class0=20 class1=80 total=100
  test:  class0=20 class1=80 total=100
Original labels in this split:
  train: label0=60 label1=60 label2=60 label3=60 label4=60 total=300
  val:   label0=20 label1=20 label2=20 label3=20 label4=20 total=100
  test:  label0=20 label1=20 label2=20 label3=20 label4=20 total=100
fold=4 label=2 | epoch 001 | train loss: 1.3468 bal_acc: 0.52 acc: 0.52 | val loss: 0.6483 bal_loss: 1.0039 bal_acc: 0.52 acc: 0.69
fold=4 label=2 | epoch 010 | train loss: 0.7496 bal_acc: 0.68 acc: 0.68 | val loss: 0.8748 bal_loss: 1.1670 bal_acc: 0.47 acc: 0.61
fold=4 label=2 | epoch 020 | train loss: 0.5238 bal_acc: 0.76 acc: 0.76 | val loss: 0.7394 bal_loss: 1.2200 bal_acc: 0.53 acc: 0.70
fold=4 label=2 | epoch 030 | train loss: 0.2916 bal_acc: 0.87 acc: 0.87 | val loss: 0.8300 bal_loss: 1.3343 bal_acc: 0.49 acc: 0.67
fold=4 label=2 | epoch 040 | train loss: 0.3888 bal_acc: 0.84 acc: 0.83 | val loss: 0.8603 bal_loss: 1.2236 bal_acc: 0.47 acc: 0.63
fold=4 label=2 | epoch 050 | train loss: 0.2485 bal_acc: 0.90 acc: 0.90 | val loss: 0.7907 bal_loss: 1.2936 bal_acc: 0.51 acc: 0.69

fold=4 label=1_vs_3
Binary labels: class0=label1 class1=label3
Binary label distribution:
  train: class0=60 class1=60 total=120
  val:   class0=20 class1=20 total=40
  test:  class0=20 class1=20 total=40
Original labels in this split:
  train: label0=0 label1=60 label2=0 label3=60 label4=0 total=120
  val:   label0=0 label1=20 label2=0 label3=20 label4=0 total=40
  test:  label0=0 label1=20 label2=0 label3=20 label4=0 total=40
fold=4 label=1_vs_3 | epoch 001 | train loss: 1.3025 bal_acc: 0.50 acc: 0.50 | val loss: 1.0554 bal_loss: 1.0554 bal_acc: 0.45 acc: 0.45
fold=4 label=1_vs_3 | epoch 010 | train loss: 0.9987 bal_acc: 0.60 acc: 0.59 | val loss: 0.8980 bal_loss: 0.8980 bal_acc: 0.48 acc: 0.47
fold=4 label=1_vs_3 | epoch 020 | train loss: 0.5129 bal_acc: 0.78 acc: 0.77 | val loss: 1.0233 bal_loss: 1.0233 bal_acc: 0.47 acc: 0.47
fold=4 label=1_vs_3 | epoch 030 | train loss: 0.5871 bal_acc: 0.73 acc: 0.73 | val loss: 1.0184 bal_loss: 1.0184 bal_acc: 0.47 acc: 0.47
fold=4 label=1_vs_3 | epoch 040 | train loss: 0.3200 bal_acc: 0.86 acc: 0.87 | val loss: 1.1192 bal_loss: 1.1192 bal_acc: 0.40 acc: 0.40
fold=4 label=1_vs_3 | epoch 050 | train loss: 0.3267 bal_acc: 0.85 acc: 0.85 | val loss: 1.0662 bal_loss: 1.0662 bal_acc: 0.47 acc: 0.47

--- fold 5/5: train=300 val=100 test=100 ---

fold=5 label=0
Binary label distribution:
  train: class0=60 class1=240 total=300
  val:   class0=20 class1=80 total=100
  test:  class0=20 class1=80 total=100
Original labels in this split:
  train: label0=60 label1=60 label2=60 label3=60 label4=60 total=300
  val:   label0=20 label1=20 label2=20 label3=20 label4=20 total=100
  test:  label0=20 label1=20 label2=20 label3=20 label4=20 total=100
fold=5 label=0 | epoch 001 | train loss: 1.3346 bal_acc: 0.49 acc: 0.49 | val loss: 0.7986 bal_loss: 0.9146 bal_acc: 0.64 acc: 0.66
fold=5 label=0 | epoch 010 | train loss: 0.6800 bal_acc: 0.65 acc: 0.65 | val loss: 0.9206 bal_loss: 0.9915 bal_acc: 0.48 acc: 0.52
fold=5 label=0 | epoch 020 | train loss: 0.4672 bal_acc: 0.74 acc: 0.75 | val loss: 0.7603 bal_loss: 0.9737 bal_acc: 0.46 acc: 0.56
fold=5 label=0 | epoch 030 | train loss: 0.3964 bal_acc: 0.82 acc: 0.82 | val loss: 0.6368 bal_loss: 0.9310 bal_acc: 0.51 acc: 0.67
fold=5 label=0 | epoch 040 | train loss: 0.3392 bal_acc: 0.85 acc: 0.85 | val loss: 0.6516 bal_loss: 0.9669 bal_acc: 0.50 acc: 0.65
fold=5 label=0 | epoch 050 | train loss: 0.2237 bal_acc: 0.93 acc: 0.93 | val loss: 0.6073 bal_loss: 0.9946 bal_acc: 0.57 acc: 0.76
fold=5 label=0 | epoch 060 | train loss: 0.2078 bal_acc: 0.95 acc: 0.95 | val loss: 0.6769 bal_loss: 1.0704 bal_acc: 0.50 acc: 0.68

fold=5 label=2
Binary label distribution:
  train: class0=60 class1=240 total=300
  val:   class0=20 class1=80 total=100
  test:  class0=20 class1=80 total=100
Original labels in this split:
  train: label0=60 label1=60 label2=60 label3=60 label4=60 total=300
  val:   label0=20 label1=20 label2=20 label3=20 label4=20 total=100
  test:  label0=20 label1=20 label2=20 label3=20 label4=20 total=100
fold=5 label=2 | epoch 001 | train loss: 1.2490 bal_acc: 0.53 acc: 0.53 | val loss: 0.7399 bal_loss: 1.3326 bal_acc: 0.52 acc: 0.71
fold=5 label=2 | epoch 010 | train loss: 0.7785 bal_acc: 0.69 acc: 0.69 | val loss: 0.7381 bal_loss: 1.0254 bal_acc: 0.61 acc: 0.71
fold=5 label=2 | epoch 020 | train loss: 0.5420 bal_acc: 0.75 acc: 0.75 | val loss: 0.7173 bal_loss: 1.0624 bal_acc: 0.53 acc: 0.67
fold=5 label=2 | epoch 030 | train loss: 0.4370 bal_acc: 0.80 acc: 0.80 | val loss: 0.7739 bal_loss: 1.2149 bal_acc: 0.52 acc: 0.69
fold=5 label=2 | epoch 040 | train loss: 0.3117 bal_acc: 0.88 acc: 0.88 | val loss: 0.7883 bal_loss: 1.2144 bal_acc: 0.49 acc: 0.66
fold=5 label=2 | epoch 050 | train loss: 0.2256 bal_acc: 0.91 acc: 0.91 | val loss: 0.8288 bal_loss: 1.3268 bal_acc: 0.47 acc: 0.66

fold=5 label=1_vs_3
Binary labels: class0=label1 class1=label3
Binary label distribution:
  train: class0=60 class1=60 total=120
  val:   class0=20 class1=20 total=40
  test:  class0=20 class1=20 total=40
Original labels in this split:
  train: label0=0 label1=60 label2=0 label3=60 label4=0 total=120
  val:   label0=0 label1=20 label2=0 label3=20 label4=0 total=40
  test:  label0=0 label1=20 label2=0 label3=20 label4=0 total=40
fold=5 label=1_vs_3 | epoch 001 | train loss: 1.4513 bal_acc: 0.47 acc: 0.47 | val loss: 1.1758 bal_loss: 1.1758 bal_acc: 0.38 acc: 0.38
fold=5 label=1_vs_3 | epoch 010 | train loss: 0.9856 bal_acc: 0.58 acc: 0.58 | val loss: 1.1736 bal_loss: 1.1736 bal_acc: 0.47 acc: 0.47
fold=5 label=1_vs_3 | epoch 020 | train loss: 0.7424 bal_acc: 0.66 acc: 0.66 | val loss: 1.2242 bal_loss: 1.2242 bal_acc: 0.45 acc: 0.45
fold=5 label=1_vs_3 | epoch 030 | train loss: 0.3372 bal_acc: 0.84 acc: 0.83 | val loss: 1.4128 bal_loss: 1.4128 bal_acc: 0.40 acc: 0.40
fold=5 label=1_vs_3 | epoch 040 | train loss: 0.3782 bal_acc: 0.85 acc: 0.85 | val loss: 1.2760 bal_loss: 1.2760 bal_acc: 0.43 acc: 0.42
fold=5 label=1_vs_3 | epoch 050 | train loss: 0.3562 bal_acc: 0.87 acc: 0.87 | val loss: 1.5001 bal_loss: 1.5001 bal_acc: 0.43 acc: 0.42
fold=5 label=1_vs_3 | epoch 060 | train loss: 0.3480 bal_acc: 0.87 acc: 0.87 | val loss: 1.2610 bal_loss: 1.2610 bal_acc: 0.45 acc: 0.45
fold=5 label=1_vs_3 | epoch 070 | train loss: 0.2391 bal_acc: 0.90 acc: 0.90 | val loss: 1.3171 bal_loss: 1.3171 bal_acc: 0.40 acc: 0.40
fold=5 label=1_vs_3 | epoch 080 | train loss: 0.2101 bal_acc: 0.93 acc: 0.93 | val loss: 1.1917 bal_loss: 1.1917 bal_acc: 0.50 acc: 0.50
fold=5 label=1_vs_3 | epoch 090 | train loss: 0.1831 bal_acc: 0.94 acc: 0.94 | val loss: 1.4007 bal_loss: 1.4007 bal_acc: 0.38 acc: 0.38
fold=5 label=1_vs_3 | epoch 100 | train loss: 0.1204 bal_acc: 0.97 acc: 0.97 | val loss: 1.1500 bal_loss: 1.1500 bal_acc: 0.43 acc: 0.42
fold=5 label=1_vs_3 | epoch 110 | train loss: 0.0881 bal_acc: 0.98 acc: 0.98 | val loss: 1.1980 bal_loss: 1.1980 bal_acc: 0.55 acc: 0.55
fold=5 label=1_vs_3 | epoch 120 | train loss: 0.1003 bal_acc: 0.97 acc: 0.97 | val loss: 1.3517 bal_loss: 1.3517 bal_acc: 0.40 acc: 0.40
fold=5 label=1_vs_3 | epoch 130 | train loss: 0.0913 bal_acc: 0.97 acc: 0.98 | val loss: 1.3570 bal_loss: 1.3570 bal_acc: 0.43 acc: 0.42
fold=5 label=1_vs_3 | epoch 140 | train loss: 0.0792 bal_acc: 0.99 acc: 0.98 | val loss: 1.2265 bal_loss: 1.2265 bal_acc: 0.55 acc: 0.55

5-fold cross-validation summary
y_0: test bal_loss=1.002 +/- 0.124 | bal_acc=0.529 +/- 0.070 | test acc=0.612 +/- 0.097
y_2: test bal_loss=0.933 +/- 0.069 | bal_acc=0.493 +/- 0.056 | test acc=0.560 +/- 0.082
y_1_vs_3: test bal_loss=1.153 +/- 0.190 | bal_acc=0.465 +/- 0.046 | test acc=0.465 +/- 0.046
Cross-validation CSV: ./checkpoints/sub1_hjlee_nogit/v3_sub1_shallownet_all_days/20260628_181317/cross_validation.csv

Saved to: ./checkpoints/sub1_hjlee_nogit/v3_sub1_shallownet_all_days/20260628_181317
