Training configuration
  config=./configs/train_config_v3.json
  model=shallownet
  patient=sub1_hjlee
  day=260617
  data_dir=./data/processed/sub1_hjlee/260617
  input_file=X_eeg.npy
  checkpoint_root=./checkpoints/sub1_hjlee_nogit/v3_sub1_shallownet_all_days
  epochs=200
  batch_size=16
  lr=3e-05
  weight_decay=0.0001
  patience=50
  seed=42
  val_test_ratio=0.2
  weighted_sampler=True
  run_window_diagnostic=False
  window_size=256
  window_stride=128
  balance_rest_to_target=False
  run_5fold_cross_validation=True
  selection_metric=balanced_loss

Loading X_eeg.npy...
Device: cuda | X: (500, 64, 1000) | run: ./checkpoints/sub1_hjlee_nogit/v3_sub1_shallownet_all_days/20260628_182024
Data split: train=300 val=100 test=100
Original label distribution:
  train: label0=60 label1=60 label2=60 label3=60 label4=60 total=300
  val:   label0=20 label1=20 label2=20 label3=20 label4=20 total=100
  test:  label0=20 label1=20 label2=20 label3=20 label4=20 total=100

=== 5-fold cross-validation ===

--- fold 1/5: train=300 val=100 test=100 ---

fold=1 label=0
Binary label distribution:
  train: class0=60 class1=240 total=300
  val:   class0=20 class1=80 total=100
  test:  class0=20 class1=80 total=100
Original labels in this split:
  train: label0=60 label1=60 label2=60 label3=60 label4=60 total=300
  val:   label0=20 label1=20 label2=20 label3=20 label4=20 total=100
  test:  label0=20 label1=20 label2=20 label3=20 label4=20 total=100
fold=1 label=0 | epoch 001 | train loss: 1.5583 bal_acc: 0.51 acc: 0.51 | val loss: 0.9457 bal_loss: 1.1172 bal_acc: 0.58 acc: 0.63
fold=1 label=0 | epoch 010 | train loss: 0.8284 bal_acc: 0.69 acc: 0.69 | val loss: 0.7348 bal_loss: 0.9749 bal_acc: 0.56 acc: 0.66
fold=1 label=0 | epoch 020 | train loss: 0.6067 bal_acc: 0.77 acc: 0.76 | val loss: 0.6682 bal_loss: 0.9058 bal_acc: 0.56 acc: 0.68
fold=1 label=0 | epoch 030 | train loss: 0.3670 bal_acc: 0.81 acc: 0.82 | val loss: 0.6937 bal_loss: 1.0303 bal_acc: 0.54 acc: 0.68
fold=1 label=0 | epoch 040 | train loss: 0.2920 bal_acc: 0.89 acc: 0.89 | val loss: 0.7895 bal_loss: 1.2151 bal_acc: 0.50 acc: 0.65
fold=1 label=0 | epoch 050 | train loss: 0.3445 bal_acc: 0.84 acc: 0.84 | val loss: 0.7490 bal_loss: 1.3649 bal_acc: 0.52 acc: 0.71
fold=1 label=0 | epoch 060 | train loss: 0.2351 bal_acc: 0.89 acc: 0.89 | val loss: 0.7895 bal_loss: 1.4212 bal_acc: 0.52 acc: 0.69

fold=1 label=2
Binary label distribution:
  train: class0=60 class1=240 total=300
  val:   class0=20 class1=80 total=100
  test:  class0=20 class1=80 total=100
Original labels in this split:
  train: label0=60 label1=60 label2=60 label3=60 label4=60 total=300
  val:   label0=20 label1=20 label2=20 label3=20 label4=20 total=100
  test:  label0=20 label1=20 label2=20 label3=20 label4=20 total=100
fold=1 label=2 | epoch 001 | train loss: 1.4743 bal_acc: 0.48 acc: 0.48 | val loss: 0.8068 bal_loss: 0.9936 bal_acc: 0.41 acc: 0.56
fold=1 label=2 | epoch 010 | train loss: 1.1224 bal_acc: 0.60 acc: 0.60 | val loss: 0.8422 bal_loss: 1.1343 bal_acc: 0.36 acc: 0.57
fold=1 label=2 | epoch 020 | train loss: 0.7034 bal_acc: 0.72 acc: 0.72 | val loss: 0.7526 bal_loss: 1.0525 bal_acc: 0.39 acc: 0.59
fold=1 label=2 | epoch 030 | train loss: 0.5806 bal_acc: 0.74 acc: 0.75 | val loss: 0.6439 bal_loss: 0.8983 bal_acc: 0.51 acc: 0.67
fold=1 label=2 | epoch 040 | train loss: 0.3885 bal_acc: 0.85 acc: 0.85 | val loss: 0.6351 bal_loss: 0.8868 bal_acc: 0.51 acc: 0.67
fold=1 label=2 | epoch 050 | train loss: 0.3531 bal_acc: 0.85 acc: 0.85 | val loss: 0.6713 bal_loss: 1.0252 bal_acc: 0.52 acc: 0.69
fold=1 label=2 | epoch 060 | train loss: 0.3541 bal_acc: 0.89 acc: 0.89 | val loss: 0.6377 bal_loss: 0.9604 bal_acc: 0.52 acc: 0.71
fold=1 label=2 | epoch 070 | train loss: 0.2111 bal_acc: 0.93 acc: 0.93 | val loss: 0.6328 bal_loss: 1.0822 bal_acc: 0.50 acc: 0.71
fold=1 label=2 | epoch 080 | train loss: 0.1755 bal_acc: 0.94 acc: 0.94 | val loss: 0.7260 bal_loss: 1.1063 bal_acc: 0.50 acc: 0.68

fold=1 label=1_vs_3
Binary labels: class0=label1 class1=label3
Binary label distribution:
  train: class0=60 class1=60 total=120
  val:   class0=20 class1=20 total=40
  test:  class0=20 class1=20 total=40
Original labels in this split:
  train: label0=0 label1=60 label2=0 label3=60 label4=0 total=120
  val:   label0=0 label1=20 label2=0 label3=20 label4=0 total=40
  test:  label0=0 label1=20 label2=0 label3=20 label4=0 total=40
fold=1 label=1_vs_3 | epoch 001 | train loss: 1.8831 bal_acc: 0.48 acc: 0.47 | val loss: 1.2823 bal_loss: 1.2823 bal_acc: 0.47 acc: 0.47
fold=1 label=1_vs_3 | epoch 010 | train loss: 0.9482 bal_acc: 0.56 acc: 0.57 | val loss: 1.4514 bal_loss: 1.4514 bal_acc: 0.40 acc: 0.40
fold=1 label=1_vs_3 | epoch 020 | train loss: 0.7260 bal_acc: 0.72 acc: 0.73 | val loss: 1.3573 bal_loss: 1.3573 bal_acc: 0.45 acc: 0.45
fold=1 label=1_vs_3 | epoch 030 | train loss: 0.5489 bal_acc: 0.79 acc: 0.79 | val loss: 1.4965 bal_loss: 1.4965 bal_acc: 0.40 acc: 0.40
fold=1 label=1_vs_3 | epoch 040 | train loss: 0.5043 bal_acc: 0.79 acc: 0.77 | val loss: 1.4060 bal_loss: 1.4060 bal_acc: 0.40 acc: 0.40
fold=1 label=1_vs_3 | epoch 050 | train loss: 0.5193 bal_acc: 0.79 acc: 0.78 | val loss: 1.4790 bal_loss: 1.4790 bal_acc: 0.47 acc: 0.47

--- fold 2/5: train=300 val=100 test=100 ---

fold=2 label=0
Binary label distribution:
  train: class0=60 class1=240 total=300
  val:   class0=20 class1=80 total=100
  test:  class0=20 class1=80 total=100
Original labels in this split:
  train: label0=60 label1=60 label2=60 label3=60 label4=60 total=300
  val:   label0=20 label1=20 label2=20 label3=20 label4=20 total=100
  test:  label0=20 label1=20 label2=20 label3=20 label4=20 total=100
fold=2 label=0 | epoch 001 | train loss: 1.6038 bal_acc: 0.51 acc: 0.51 | val loss: 0.8413 bal_loss: 0.8354 bal_acc: 0.54 acc: 0.57
fold=2 label=0 | epoch 010 | train loss: 0.8598 bal_acc: 0.65 acc: 0.65 | val loss: 0.8123 bal_loss: 0.9079 bal_acc: 0.66 acc: 0.67
fold=2 label=0 | epoch 020 | train loss: 0.6336 bal_acc: 0.70 acc: 0.70 | val loss: 0.6160 bal_loss: 0.7629 bal_acc: 0.73 acc: 0.74
fold=2 label=0 | epoch 030 | train loss: 0.5175 bal_acc: 0.78 acc: 0.78 | val loss: 0.6150 bal_loss: 0.9688 bal_acc: 0.61 acc: 0.74
fold=2 label=0 | epoch 040 | train loss: 0.4815 bal_acc: 0.81 acc: 0.81 | val loss: 0.6027 bal_loss: 0.9753 bal_acc: 0.58 acc: 0.74
fold=2 label=0 | epoch 050 | train loss: 0.3460 bal_acc: 0.85 acc: 0.86 | val loss: 0.6023 bal_loss: 0.9268 bal_acc: 0.61 acc: 0.73
fold=2 label=0 | epoch 060 | train loss: 0.1896 bal_acc: 0.92 acc: 0.92 | val loss: 0.6381 bal_loss: 0.9670 bal_acc: 0.57 acc: 0.70
fold=2 label=0 | epoch 070 | train loss: 0.2336 bal_acc: 0.91 acc: 0.91 | val loss: 0.6834 bal_loss: 1.1644 bal_acc: 0.51 acc: 0.72

fold=2 label=2
Binary label distribution:
  train: class0=60 class1=240 total=300
  val:   class0=20 class1=80 total=100
  test:  class0=20 class1=80 total=100
Original labels in this split:
  train: label0=60 label1=60 label2=60 label3=60 label4=60 total=300
  val:   label0=20 label1=20 label2=20 label3=20 label4=20 total=100
  test:  label0=20 label1=20 label2=20 label3=20 label4=20 total=100
fold=2 label=2 | epoch 001 | train loss: 1.5121 bal_acc: 0.50 acc: 0.50 | val loss: 1.5868 bal_loss: 1.1911 bal_acc: 0.54 acc: 0.36
fold=2 label=2 | epoch 010 | train loss: 0.7229 bal_acc: 0.71 acc: 0.70 | val loss: 0.9963 bal_loss: 1.1752 bal_acc: 0.51 acc: 0.60
fold=2 label=2 | epoch 020 | train loss: 0.6985 bal_acc: 0.71 acc: 0.71 | val loss: 0.9100 bal_loss: 1.3241 bal_acc: 0.45 acc: 0.60
fold=2 label=2 | epoch 030 | train loss: 0.5425 bal_acc: 0.78 acc: 0.78 | val loss: 0.8628 bal_loss: 1.1974 bal_acc: 0.53 acc: 0.67
fold=2 label=2 | epoch 040 | train loss: 0.3989 bal_acc: 0.82 acc: 0.82 | val loss: 0.7937 bal_loss: 1.1540 bal_acc: 0.49 acc: 0.63
fold=2 label=2 | epoch 050 | train loss: 0.2901 bal_acc: 0.86 acc: 0.86 | val loss: 0.8508 bal_loss: 1.3328 bal_acc: 0.46 acc: 0.65

fold=2 label=1_vs_3
Binary labels: class0=label1 class1=label3
Binary label distribution:
  train: class0=60 class1=60 total=120
  val:   class0=20 class1=20 total=40
  test:  class0=20 class1=20 total=40
Original labels in this split:
  train: label0=0 label1=60 label2=0 label3=60 label4=0 total=120
  val:   label0=0 label1=20 label2=0 label3=20 label4=0 total=40
  test:  label0=0 label1=20 label2=0 label3=20 label4=0 total=40
fold=2 label=1_vs_3 | epoch 001 | train loss: 1.9002 bal_acc: 0.50 acc: 0.51 | val loss: 1.4574 bal_loss: 1.4574 bal_acc: 0.40 acc: 0.40
fold=2 label=1_vs_3 | epoch 010 | train loss: 1.1220 bal_acc: 0.57 acc: 0.57 | val loss: 1.4336 bal_loss: 1.4336 bal_acc: 0.35 acc: 0.35
fold=2 label=1_vs_3 | epoch 020 | train loss: 1.1566 bal_acc: 0.59 acc: 0.58 | val loss: 1.3621 bal_loss: 1.3621 bal_acc: 0.45 acc: 0.45
fold=2 label=1_vs_3 | epoch 030 | train loss: 0.8403 bal_acc: 0.75 acc: 0.75 | val loss: 1.3622 bal_loss: 1.3622 bal_acc: 0.48 acc: 0.47
fold=2 label=1_vs_3 | epoch 040 | train loss: 0.5347 bal_acc: 0.81 acc: 0.81 | val loss: 1.4618 bal_loss: 1.4618 bal_acc: 0.35 acc: 0.35
fold=2 label=1_vs_3 | epoch 050 | train loss: 0.3601 bal_acc: 0.85 acc: 0.85 | val loss: 1.3681 bal_loss: 1.3681 bal_acc: 0.35 acc: 0.35
fold=2 label=1_vs_3 | epoch 060 | train loss: 0.3955 bal_acc: 0.88 acc: 0.88 | val loss: 1.6143 bal_loss: 1.6143 bal_acc: 0.43 acc: 0.42
fold=2 label=1_vs_3 | epoch 070 | train loss: 0.3918 bal_acc: 0.87 acc: 0.88 | val loss: 1.4766 bal_loss: 1.4766 bal_acc: 0.38 acc: 0.38

--- fold 3/5: train=300 val=100 test=100 ---

fold=3 label=0
Binary label distribution:
  train: class0=60 class1=240 total=300
  val:   class0=20 class1=80 total=100
  test:  class0=20 class1=80 total=100
Original labels in this split:
  train: label0=60 label1=60 label2=60 label3=60 label4=60 total=300
  val:   label0=20 label1=20 label2=20 label3=20 label4=20 total=100
  test:  label0=20 label1=20 label2=20 label3=20 label4=20 total=100
fold=3 label=0 | epoch 001 | train loss: 1.8367 bal_acc: 0.45 acc: 0.45 | val loss: 1.5097 bal_loss: 1.0999 bal_acc: 0.53 acc: 0.37
fold=3 label=0 | epoch 010 | train loss: 0.9669 bal_acc: 0.65 acc: 0.65 | val loss: 0.6843 bal_loss: 0.7642 bal_acc: 0.64 acc: 0.69
fold=3 label=0 | epoch 020 | train loss: 0.6583 bal_acc: 0.75 acc: 0.75 | val loss: 0.5958 bal_loss: 0.7308 bal_acc: 0.65 acc: 0.71
fold=3 label=0 | epoch 030 | train loss: 0.6246 bal_acc: 0.76 acc: 0.76 | val loss: 0.6106 bal_loss: 0.7496 bal_acc: 0.67 acc: 0.71
fold=3 label=0 | epoch 040 | train loss: 0.4692 bal_acc: 0.80 acc: 0.80 | val loss: 0.4804 bal_loss: 0.7320 bal_acc: 0.62 acc: 0.79
fold=3 label=0 | epoch 050 | train loss: 0.4322 bal_acc: 0.81 acc: 0.81 | val loss: 0.5011 bal_loss: 0.7234 bal_acc: 0.64 acc: 0.78
fold=3 label=0 | epoch 060 | train loss: 0.2717 bal_acc: 0.90 acc: 0.90 | val loss: 0.5706 bal_loss: 0.7940 bal_acc: 0.69 acc: 0.78
fold=3 label=0 | epoch 070 | train loss: 0.2755 bal_acc: 0.88 acc: 0.88 | val loss: 0.6043 bal_loss: 1.0325 bal_acc: 0.51 acc: 0.73
fold=3 label=0 | epoch 080 | train loss: 0.1860 bal_acc: 0.91 acc: 0.91 | val loss: 0.6677 bal_loss: 0.8436 bal_acc: 0.62 acc: 0.70

fold=3 label=2
Binary label distribution:
  train: class0=60 class1=240 total=300
  val:   class0=20 class1=80 total=100
  test:  class0=20 class1=80 total=100
Original labels in this split:
  train: label0=60 label1=60 label2=60 label3=60 label4=60 total=300
  val:   label0=20 label1=20 label2=20 label3=20 label4=20 total=100
  test:  label0=20 label1=20 label2=20 label3=20 label4=20 total=100
fold=3 label=2 | epoch 001 | train loss: 1.5653 bal_acc: 0.54 acc: 0.54 | val loss: 1.4556 bal_loss: 1.2333 bal_acc: 0.44 acc: 0.34
fold=3 label=2 | epoch 010 | train loss: 1.0049 bal_acc: 0.65 acc: 0.65 | val loss: 0.9029 bal_loss: 1.0209 bal_acc: 0.48 acc: 0.53
fold=3 label=2 | epoch 020 | train loss: 0.7307 bal_acc: 0.72 acc: 0.72 | val loss: 0.7335 bal_loss: 1.0601 bal_acc: 0.47 acc: 0.63
fold=3 label=2 | epoch 030 | train loss: 0.5887 bal_acc: 0.77 acc: 0.77 | val loss: 0.6831 bal_loss: 1.1019 bal_acc: 0.50 acc: 0.68
fold=3 label=2 | epoch 040 | train loss: 0.4755 bal_acc: 0.80 acc: 0.80 | val loss: 0.7212 bal_loss: 1.0992 bal_acc: 0.46 acc: 0.64
fold=3 label=2 | epoch 050 | train loss: 0.3469 bal_acc: 0.85 acc: 0.86 | val loss: 0.7339 bal_loss: 1.2146 bal_acc: 0.50 acc: 0.71
fold=3 label=2 | epoch 060 | train loss: 0.3445 bal_acc: 0.86 acc: 0.86 | val loss: 0.7217 bal_loss: 1.1784 bal_acc: 0.52 acc: 0.69

fold=3 label=1_vs_3
Binary labels: class0=label1 class1=label3
Binary label distribution:
  train: class0=60 class1=60 total=120
  val:   class0=20 class1=20 total=40
  test:  class0=20 class1=20 total=40
Original labels in this split:
  train: label0=0 label1=60 label2=0 label3=60 label4=0 total=120
  val:   label0=0 label1=20 label2=0 label3=20 label4=0 total=40
  test:  label0=0 label1=20 label2=0 label3=20 label4=0 total=40
fold=3 label=1_vs_3 | epoch 001 | train loss: 2.2948 bal_acc: 0.38 acc: 0.38 | val loss: 1.0627 bal_loss: 1.0627 bal_acc: 0.52 acc: 0.53
fold=3 label=1_vs_3 | epoch 010 | train loss: 1.1052 bal_acc: 0.67 acc: 0.67 | val loss: 1.0955 bal_loss: 1.0955 bal_acc: 0.45 acc: 0.45
fold=3 label=1_vs_3 | epoch 020 | train loss: 0.7582 bal_acc: 0.66 acc: 0.66 | val loss: 1.2449 bal_loss: 1.2449 bal_acc: 0.48 acc: 0.47
fold=3 label=1_vs_3 | epoch 030 | train loss: 0.6905 bal_acc: 0.74 acc: 0.73 | val loss: 1.1757 bal_loss: 1.1757 bal_acc: 0.48 acc: 0.47
fold=3 label=1_vs_3 | epoch 040 | train loss: 0.4778 bal_acc: 0.80 acc: 0.80 | val loss: 1.1047 bal_loss: 1.1047 bal_acc: 0.52 acc: 0.53
fold=3 label=1_vs_3 | epoch 050 | train loss: 0.6008 bal_acc: 0.73 acc: 0.73 | val loss: 1.2296 bal_loss: 1.2296 bal_acc: 0.45 acc: 0.45

--- fold 4/5: train=300 val=100 test=100 ---

fold=4 label=0
Binary label distribution:
  train: class0=60 class1=240 total=300
  val:   class0=20 class1=80 total=100
  test:  class0=20 class1=80 total=100
Original labels in this split:
  train: label0=60 label1=60 label2=60 label3=60 label4=60 total=300
  val:   label0=20 label1=20 label2=20 label3=20 label4=20 total=100
  test:  label0=20 label1=20 label2=20 label3=20 label4=20 total=100
fold=4 label=0 | epoch 001 | train loss: 1.4851 bal_acc: 0.54 acc: 0.54 | val loss: 1.0151 bal_loss: 0.9001 bal_acc: 0.61 acc: 0.56
fold=4 label=0 | epoch 010 | train loss: 0.7484 bal_acc: 0.73 acc: 0.73 | val loss: 0.8651 bal_loss: 1.0061 bal_acc: 0.46 acc: 0.59
fold=4 label=0 | epoch 020 | train loss: 0.5130 bal_acc: 0.80 acc: 0.80 | val loss: 0.8823 bal_loss: 1.0254 bal_acc: 0.53 acc: 0.64
fold=4 label=0 | epoch 030 | train loss: 0.4018 bal_acc: 0.85 acc: 0.85 | val loss: 0.8837 bal_loss: 1.0120 bal_acc: 0.55 acc: 0.61
fold=4 label=0 | epoch 040 | train loss: 0.4036 bal_acc: 0.83 acc: 0.83 | val loss: 0.7876 bal_loss: 1.0440 bal_acc: 0.53 acc: 0.64
fold=4 label=0 | epoch 050 | train loss: 0.3521 bal_acc: 0.85 acc: 0.85 | val loss: 0.7059 bal_loss: 1.0387 bal_acc: 0.56 acc: 0.69

fold=4 label=2
Binary label distribution:
  train: class0=60 class1=240 total=300
  val:   class0=20 class1=80 total=100
  test:  class0=20 class1=80 total=100
Original labels in this split:
  train: label0=60 label1=60 label2=60 label3=60 label4=60 total=300
  val:   label0=20 label1=20 label2=20 label3=20 label4=20 total=100
  test:  label0=20 label1=20 label2=20 label3=20 label4=20 total=100
fold=4 label=2 | epoch 001 | train loss: 1.5719 bal_acc: 0.52 acc: 0.52 | val loss: 0.9469 bal_loss: 1.0781 bal_acc: 0.46 acc: 0.55
fold=4 label=2 | epoch 010 | train loss: 0.9430 bal_acc: 0.65 acc: 0.66 | val loss: 0.8513 bal_loss: 0.9147 bal_acc: 0.52 acc: 0.57
fold=4 label=2 | epoch 020 | train loss: 0.6594 bal_acc: 0.72 acc: 0.72 | val loss: 0.7707 bal_loss: 0.9551 bal_acc: 0.54 acc: 0.63
fold=4 label=2 | epoch 030 | train loss: 0.3893 bal_acc: 0.85 acc: 0.85 | val loss: 0.6951 bal_loss: 0.9638 bal_acc: 0.56 acc: 0.66
fold=4 label=2 | epoch 040 | train loss: 0.4601 bal_acc: 0.79 acc: 0.79 | val loss: 0.7623 bal_loss: 0.9458 bal_acc: 0.63 acc: 0.68
fold=4 label=2 | epoch 050 | train loss: 0.3094 bal_acc: 0.88 acc: 0.88 | val loss: 0.5911 bal_loss: 0.9369 bal_acc: 0.63 acc: 0.74
fold=4 label=2 | epoch 060 | train loss: 0.2320 bal_acc: 0.92 acc: 0.92 | val loss: 0.6306 bal_loss: 0.9916 bal_acc: 0.61 acc: 0.73

fold=4 label=1_vs_3
Binary labels: class0=label1 class1=label3
Binary label distribution:
  train: class0=60 class1=60 total=120
  val:   class0=20 class1=20 total=40
  test:  class0=20 class1=20 total=40
Original labels in this split:
  train: label0=0 label1=60 label2=0 label3=60 label4=0 total=120
  val:   label0=0 label1=20 label2=0 label3=20 label4=0 total=40
  test:  label0=0 label1=20 label2=0 label3=20 label4=0 total=40
fold=4 label=1_vs_3 | epoch 001 | train loss: 1.9811 bal_acc: 0.47 acc: 0.47 | val loss: 1.4681 bal_loss: 1.4681 bal_acc: 0.43 acc: 0.42
fold=4 label=1_vs_3 | epoch 010 | train loss: 1.2676 bal_acc: 0.57 acc: 0.57 | val loss: 1.3881 bal_loss: 1.3881 bal_acc: 0.40 acc: 0.40
fold=4 label=1_vs_3 | epoch 020 | train loss: 0.7434 bal_acc: 0.74 acc: 0.73 | val loss: 1.3050 bal_loss: 1.3050 bal_acc: 0.43 acc: 0.42
fold=4 label=1_vs_3 | epoch 030 | train loss: 0.5136 bal_acc: 0.74 acc: 0.74 | val loss: 1.2559 bal_loss: 1.2559 bal_acc: 0.48 acc: 0.47
fold=4 label=1_vs_3 | epoch 040 | train loss: 0.4841 bal_acc: 0.77 acc: 0.77 | val loss: 1.3149 bal_loss: 1.3149 bal_acc: 0.50 acc: 0.50
fold=4 label=1_vs_3 | epoch 050 | train loss: 0.5376 bal_acc: 0.80 acc: 0.80 | val loss: 1.2742 bal_loss: 1.2742 bal_acc: 0.43 acc: 0.42
fold=4 label=1_vs_3 | epoch 060 | train loss: 0.3583 bal_acc: 0.85 acc: 0.85 | val loss: 1.2168 bal_loss: 1.2168 bal_acc: 0.50 acc: 0.50
fold=4 label=1_vs_3 | epoch 070 | train loss: 0.4158 bal_acc: 0.84 acc: 0.85 | val loss: 1.2429 bal_loss: 1.2429 bal_acc: 0.52 acc: 0.53
fold=4 label=1_vs_3 | epoch 080 | train loss: 0.3701 bal_acc: 0.85 acc: 0.85 | val loss: 1.1780 bal_loss: 1.1780 bal_acc: 0.50 acc: 0.50
fold=4 label=1_vs_3 | epoch 090 | train loss: 0.2337 bal_acc: 0.93 acc: 0.93 | val loss: 1.2555 bal_loss: 1.2555 bal_acc: 0.48 acc: 0.47
fold=4 label=1_vs_3 | epoch 100 | train loss: 0.1697 bal_acc: 0.96 acc: 0.96 | val loss: 1.2114 bal_loss: 1.2114 bal_acc: 0.50 acc: 0.50
fold=4 label=1_vs_3 | epoch 110 | train loss: 0.2887 bal_acc: 0.90 acc: 0.90 | val loss: 1.2802 bal_loss: 1.2802 bal_acc: 0.52 acc: 0.53
fold=4 label=1_vs_3 | epoch 120 | train loss: 0.0940 bal_acc: 0.97 acc: 0.97 | val loss: 1.3862 bal_loss: 1.3862 bal_acc: 0.52 acc: 0.53
fold=4 label=1_vs_3 | epoch 130 | train loss: 0.1487 bal_acc: 0.94 acc: 0.94 | val loss: 1.3893 bal_loss: 1.3893 bal_acc: 0.45 acc: 0.45

--- fold 5/5: train=300 val=100 test=100 ---

fold=5 label=0
Binary label distribution:
  train: class0=60 class1=240 total=300
  val:   class0=20 class1=80 total=100
  test:  class0=20 class1=80 total=100
Original labels in this split:
  train: label0=60 label1=60 label2=60 label3=60 label4=60 total=300
  val:   label0=20 label1=20 label2=20 label3=20 label4=20 total=100
  test:  label0=20 label1=20 label2=20 label3=20 label4=20 total=100
fold=5 label=0 | epoch 001 | train loss: 1.8197 bal_acc: 0.49 acc: 0.49 | val loss: 0.9776 bal_loss: 0.9437 bal_acc: 0.59 acc: 0.52
fold=5 label=0 | epoch 010 | train loss: 1.0035 bal_acc: 0.63 acc: 0.63 | val loss: 0.7682 bal_loss: 1.0896 bal_acc: 0.55 acc: 0.67
fold=5 label=0 | epoch 020 | train loss: 0.6764 bal_acc: 0.71 acc: 0.72 | val loss: 0.8174 bal_loss: 1.0532 bal_acc: 0.56 acc: 0.63
fold=5 label=0 | epoch 030 | train loss: 0.4997 bal_acc: 0.78 acc: 0.78 | val loss: 0.8583 bal_loss: 1.2477 bal_acc: 0.49 acc: 0.61
fold=5 label=0 | epoch 040 | train loss: 0.4696 bal_acc: 0.81 acc: 0.81 | val loss: 0.8390 bal_loss: 1.4771 bal_acc: 0.43 acc: 0.65
fold=5 label=0 | epoch 050 | train loss: 0.4021 bal_acc: 0.82 acc: 0.82 | val loss: 0.7903 bal_loss: 1.3713 bal_acc: 0.46 acc: 0.64

fold=5 label=2
Binary label distribution:
  train: class0=60 class1=240 total=300
  val:   class0=20 class1=80 total=100
  test:  class0=20 class1=80 total=100
Original labels in this split:
  train: label0=60 label1=60 label2=60 label3=60 label4=60 total=300
  val:   label0=20 label1=20 label2=20 label3=20 label4=20 total=100
  test:  label0=20 label1=20 label2=20 label3=20 label4=20 total=100
fold=5 label=2 | epoch 001 | train loss: 1.4455 bal_acc: 0.48 acc: 0.48 | val loss: 1.2221 bal_loss: 1.1672 bal_acc: 0.41 acc: 0.39
fold=5 label=2 | epoch 010 | train loss: 1.0320 bal_acc: 0.62 acc: 0.62 | val loss: 0.8317 bal_loss: 1.0674 bal_acc: 0.42 acc: 0.56
fold=5 label=2 | epoch 020 | train loss: 0.6289 bal_acc: 0.77 acc: 0.77 | val loss: 0.6923 bal_loss: 1.0828 bal_acc: 0.46 acc: 0.64
fold=5 label=2 | epoch 030 | train loss: 0.5210 bal_acc: 0.76 acc: 0.76 | val loss: 0.6721 bal_loss: 1.0604 bal_acc: 0.54 acc: 0.72
fold=5 label=2 | epoch 040 | train loss: 0.4299 bal_acc: 0.83 acc: 0.83 | val loss: 0.6542 bal_loss: 1.1387 bal_acc: 0.54 acc: 0.72
fold=5 label=2 | epoch 050 | train loss: 0.4065 bal_acc: 0.84 acc: 0.84 | val loss: 0.6782 bal_loss: 1.1532 bal_acc: 0.54 acc: 0.75
fold=5 label=2 | epoch 060 | train loss: 0.2649 bal_acc: 0.91 acc: 0.91 | val loss: 0.6430 bal_loss: 1.1785 bal_acc: 0.53 acc: 0.76
fold=5 label=2 | epoch 070 | train loss: 0.2824 bal_acc: 0.88 acc: 0.88 | val loss: 0.6571 bal_loss: 1.2984 bal_acc: 0.49 acc: 0.75
fold=5 label=2 | epoch 080 | train loss: 0.1543 bal_acc: 0.92 acc: 0.92 | val loss: 0.6516 bal_loss: 1.2350 bal_acc: 0.52 acc: 0.74

fold=5 label=1_vs_3
Binary labels: class0=label1 class1=label3
Binary label distribution:
  train: class0=60 class1=60 total=120
  val:   class0=20 class1=20 total=40
  test:  class0=20 class1=20 total=40
Original labels in this split:
  train: label0=0 label1=60 label2=0 label3=60 label4=0 total=120
  val:   label0=0 label1=20 label2=0 label3=20 label4=0 total=40
  test:  label0=0 label1=20 label2=0 label3=20 label4=0 total=40
fold=5 label=1_vs_3 | epoch 001 | train loss: 1.8763 bal_acc: 0.46 acc: 0.46 | val loss: 0.7978 bal_loss: 0.7978 bal_acc: 0.62 acc: 0.62
fold=5 label=1_vs_3 | epoch 010 | train loss: 1.6333 bal_acc: 0.56 acc: 0.56 | val loss: 0.9782 bal_loss: 0.9782 bal_acc: 0.57 acc: 0.57
fold=5 label=1_vs_3 | epoch 020 | train loss: 0.8891 bal_acc: 0.64 acc: 0.64 | val loss: 0.9619 bal_loss: 0.9619 bal_acc: 0.40 acc: 0.40
fold=5 label=1_vs_3 | epoch 030 | train loss: 0.6564 bal_acc: 0.80 acc: 0.80 | val loss: 1.0262 bal_loss: 1.0262 bal_acc: 0.40 acc: 0.40
fold=5 label=1_vs_3 | epoch 040 | train loss: 0.7914 bal_acc: 0.69 acc: 0.69 | val loss: 0.9026 bal_loss: 0.9026 bal_acc: 0.38 acc: 0.38
fold=5 label=1_vs_3 | epoch 050 | train loss: 0.5803 bal_acc: 0.76 acc: 0.77 | val loss: 1.0634 bal_loss: 1.0634 bal_acc: 0.55 acc: 0.55

5-fold cross-validation summary
y_0: test bal_loss=1.052 +/- 0.190 | bal_acc=0.520 +/- 0.079 | test acc=0.550 +/- 0.102
y_2: test bal_loss=0.970 +/- 0.121 | bal_acc=0.509 +/- 0.053 | test acc=0.550 +/- 0.086
y_1_vs_3: test bal_loss=1.260 +/- 0.167 | bal_acc=0.480 +/- 0.058 | test acc=0.480 +/- 0.058
Cross-validation CSV: ./checkpoints/sub1_hjlee_nogit/v3_sub1_shallownet_all_days/20260628_182024/cross_validation.csv

Saved to: ./checkpoints/sub1_hjlee_nogit/v3_sub1_shallownet_all_days/20260628_182024
