Training configuration
  config=./configs/train_config_v3.json
  model=eegnet
  patient=sub1_hjlee
  day=260506
  data_dir=./data/processed/sub1_hjlee/260506
  input_file=X_eeg.npy
  checkpoint_root=./checkpoints/sub1_hjlee_nogit/v3_sub1_eegnet_all_days
  epochs=200
  batch_size=16
  lr=3e-05
  weight_decay=0.0001
  patience=50
  seed=42
  val_test_ratio=0.2
  weighted_sampler=True
  run_window_diagnostic=False
  window_size=256
  window_stride=128
  balance_rest_to_target=False
  run_5fold_cross_validation=True
  selection_metric=balanced_loss

Loading X_eeg.npy...
Device: cuda | X: (500, 64, 1000) | run: ./checkpoints/sub1_hjlee_nogit/v3_sub1_eegnet_all_days/20260628_180832
Data split: train=300 val=100 test=100
Original label distribution:
  train: label0=60 label1=60 label2=60 label3=60 label4=60 total=300
  val:   label0=20 label1=20 label2=20 label3=20 label4=20 total=100
  test:  label0=20 label1=20 label2=20 label3=20 label4=20 total=100

=== 5-fold cross-validation ===

--- fold 1/5: train=300 val=100 test=100 ---

fold=1 label=0
Binary label distribution:
  train: class0=60 class1=240 total=300
  val:   class0=20 class1=80 total=100
  test:  class0=20 class1=80 total=100
Original labels in this split:
  train: label0=60 label1=60 label2=60 label3=60 label4=60 total=300
  val:   label0=20 label1=20 label2=20 label3=20 label4=20 total=100
  test:  label0=20 label1=20 label2=20 label3=20 label4=20 total=100
fold=1 label=0 | epoch 001 | train loss: 0.7611 bal_acc: 0.49 acc: 0.49 | val loss: 0.7108 bal_loss: 0.6996 bal_acc: 0.52 acc: 0.45
fold=1 label=0 | epoch 010 | train loss: 0.6729 bal_acc: 0.54 acc: 0.55 | val loss: 0.7090 bal_loss: 0.7109 bal_acc: 0.49 acc: 0.48
fold=1 label=0 | epoch 020 | train loss: 0.6607 bal_acc: 0.59 acc: 0.59 | val loss: 0.7208 bal_loss: 0.7243 bal_acc: 0.47 acc: 0.48
fold=1 label=0 | epoch 030 | train loss: 0.6343 bal_acc: 0.63 acc: 0.63 | val loss: 0.7323 bal_loss: 0.7360 bal_acc: 0.46 acc: 0.46
fold=1 label=0 | epoch 040 | train loss: 0.6002 bal_acc: 0.66 acc: 0.66 | val loss: 0.7296 bal_loss: 0.7468 bal_acc: 0.46 acc: 0.47
fold=1 label=0 | epoch 050 | train loss: 0.5923 bal_acc: 0.72 acc: 0.72 | val loss: 0.7317 bal_loss: 0.7595 bal_acc: 0.42 acc: 0.46

fold=1 label=2
Binary label distribution:
  train: class0=60 class1=240 total=300
  val:   class0=20 class1=80 total=100
  test:  class0=20 class1=80 total=100
Original labels in this split:
  train: label0=60 label1=60 label2=60 label3=60 label4=60 total=300
  val:   label0=20 label1=20 label2=20 label3=20 label4=20 total=100
  test:  label0=20 label1=20 label2=20 label3=20 label4=20 total=100
fold=1 label=2 | epoch 001 | train loss: 0.7613 bal_acc: 0.47 acc: 0.48 | val loss: 0.7041 bal_loss: 0.6904 bal_acc: 0.52 acc: 0.48
fold=1 label=2 | epoch 010 | train loss: 0.7108 bal_acc: 0.49 acc: 0.49 | val loss: 0.6889 bal_loss: 0.6876 bal_acc: 0.55 acc: 0.55
fold=1 label=2 | epoch 020 | train loss: 0.6515 bal_acc: 0.64 acc: 0.64 | val loss: 0.6817 bal_loss: 0.6937 bal_acc: 0.54 acc: 0.59
fold=1 label=2 | epoch 030 | train loss: 0.6516 bal_acc: 0.61 acc: 0.60 | val loss: 0.6839 bal_loss: 0.7020 bal_acc: 0.50 acc: 0.56
fold=1 label=2 | epoch 040 | train loss: 0.6253 bal_acc: 0.67 acc: 0.67 | val loss: 0.6893 bal_loss: 0.7069 bal_acc: 0.45 acc: 0.51
fold=1 label=2 | epoch 050 | train loss: 0.5903 bal_acc: 0.69 acc: 0.69 | val loss: 0.6819 bal_loss: 0.7165 bal_acc: 0.43 acc: 0.51
fold=1 label=2 | epoch 060 | train loss: 0.5716 bal_acc: 0.70 acc: 0.70 | val loss: 0.6705 bal_loss: 0.7145 bal_acc: 0.42 acc: 0.52

fold=1 label=1_vs_3
Binary labels: class0=label1 class1=label3
Binary label distribution:
  train: class0=60 class1=60 total=120
  val:   class0=20 class1=20 total=40
  test:  class0=20 class1=20 total=40
Original labels in this split:
  train: label0=0 label1=60 label2=0 label3=60 label4=0 total=120
  val:   label0=0 label1=20 label2=0 label3=20 label4=0 total=40
  test:  label0=0 label1=20 label2=0 label3=20 label4=0 total=40
fold=1 label=1_vs_3 | epoch 001 | train loss: 0.7571 bal_acc: 0.55 acc: 0.54 | val loss: 0.6984 bal_loss: 0.6984 bal_acc: 0.45 acc: 0.45
fold=1 label=1_vs_3 | epoch 010 | train loss: 0.7535 bal_acc: 0.46 acc: 0.44 | val loss: 0.7058 bal_loss: 0.7058 bal_acc: 0.45 acc: 0.45
fold=1 label=1_vs_3 | epoch 020 | train loss: 0.7057 bal_acc: 0.52 acc: 0.52 | val loss: 0.7165 bal_loss: 0.7165 bal_acc: 0.32 acc: 0.33
fold=1 label=1_vs_3 | epoch 030 | train loss: 0.6797 bal_acc: 0.59 acc: 0.59 | val loss: 0.7352 bal_loss: 0.7352 bal_acc: 0.32 acc: 0.33
fold=1 label=1_vs_3 | epoch 040 | train loss: 0.6687 bal_acc: 0.60 acc: 0.59 | val loss: 0.7536 bal_loss: 0.7536 bal_acc: 0.32 acc: 0.33
fold=1 label=1_vs_3 | epoch 050 | train loss: 0.6330 bal_acc: 0.66 acc: 0.66 | val loss: 0.7619 bal_loss: 0.7619 bal_acc: 0.38 acc: 0.38

--- fold 2/5: train=300 val=100 test=100 ---

fold=2 label=0
Binary label distribution:
  train: class0=60 class1=240 total=300
  val:   class0=20 class1=80 total=100
  test:  class0=20 class1=80 total=100
Original labels in this split:
  train: label0=60 label1=60 label2=60 label3=60 label4=60 total=300
  val:   label0=20 label1=20 label2=20 label3=20 label4=20 total=100
  test:  label0=20 label1=20 label2=20 label3=20 label4=20 total=100
fold=2 label=0 | epoch 001 | train loss: 0.7444 bal_acc: 0.52 acc: 0.52 | val loss: 0.7063 bal_loss: 0.7006 bal_acc: 0.52 acc: 0.47
fold=2 label=0 | epoch 010 | train loss: 0.6779 bal_acc: 0.59 acc: 0.59 | val loss: 0.6992 bal_loss: 0.7045 bal_acc: 0.47 acc: 0.51
fold=2 label=0 | epoch 020 | train loss: 0.6505 bal_acc: 0.64 acc: 0.64 | val loss: 0.7056 bal_loss: 0.7107 bal_acc: 0.45 acc: 0.51
fold=2 label=0 | epoch 030 | train loss: 0.6130 bal_acc: 0.68 acc: 0.69 | val loss: 0.7093 bal_loss: 0.7290 bal_acc: 0.43 acc: 0.50
fold=2 label=0 | epoch 040 | train loss: 0.6021 bal_acc: 0.72 acc: 0.72 | val loss: 0.7145 bal_loss: 0.7414 bal_acc: 0.46 acc: 0.50
fold=2 label=0 | epoch 050 | train loss: 0.5786 bal_acc: 0.69 acc: 0.69 | val loss: 0.7128 bal_loss: 0.7544 bal_acc: 0.46 acc: 0.50

fold=2 label=2
Binary label distribution:
  train: class0=60 class1=240 total=300
  val:   class0=20 class1=80 total=100
  test:  class0=20 class1=80 total=100
Original labels in this split:
  train: label0=60 label1=60 label2=60 label3=60 label4=60 total=300
  val:   label0=20 label1=20 label2=20 label3=20 label4=20 total=100
  test:  label0=20 label1=20 label2=20 label3=20 label4=20 total=100
fold=2 label=2 | epoch 001 | train loss: 0.7377 bal_acc: 0.46 acc: 0.45 | val loss: 0.7075 bal_loss: 0.7028 bal_acc: 0.39 acc: 0.39
fold=2 label=2 | epoch 010 | train loss: 0.6813 bal_acc: 0.59 acc: 0.59 | val loss: 0.6965 bal_loss: 0.7179 bal_acc: 0.35 acc: 0.44
fold=2 label=2 | epoch 020 | train loss: 0.6822 bal_acc: 0.57 acc: 0.57 | val loss: 0.7025 bal_loss: 0.7432 bal_acc: 0.39 acc: 0.50
fold=2 label=2 | epoch 030 | train loss: 0.6168 bal_acc: 0.71 acc: 0.71 | val loss: 0.7113 bal_loss: 0.7668 bal_acc: 0.38 acc: 0.49
fold=2 label=2 | epoch 040 | train loss: 0.6443 bal_acc: 0.60 acc: 0.60 | val loss: 0.7205 bal_loss: 0.7819 bal_acc: 0.35 acc: 0.44
fold=2 label=2 | epoch 050 | train loss: 0.6025 bal_acc: 0.69 acc: 0.69 | val loss: 0.7273 bal_loss: 0.8030 bal_acc: 0.38 acc: 0.48

fold=2 label=1_vs_3
Binary labels: class0=label1 class1=label3
Binary label distribution:
  train: class0=60 class1=60 total=120
  val:   class0=20 class1=20 total=40
  test:  class0=20 class1=20 total=40
Original labels in this split:
  train: label0=0 label1=60 label2=0 label3=60 label4=0 total=120
  val:   label0=0 label1=20 label2=0 label3=20 label4=0 total=40
  test:  label0=0 label1=20 label2=0 label3=20 label4=0 total=40
fold=2 label=1_vs_3 | epoch 001 | train loss: 0.7887 bal_acc: 0.41 acc: 0.43 | val loss: 0.6840 bal_loss: 0.6840 bal_acc: 0.57 acc: 0.57
fold=2 label=1_vs_3 | epoch 010 | train loss: 0.6962 bal_acc: 0.59 acc: 0.59 | val loss: 0.6841 bal_loss: 0.6841 bal_acc: 0.57 acc: 0.57
fold=2 label=1_vs_3 | epoch 020 | train loss: 0.7094 bal_acc: 0.57 acc: 0.57 | val loss: 0.6848 bal_loss: 0.6848 bal_acc: 0.55 acc: 0.55
fold=2 label=1_vs_3 | epoch 030 | train loss: 0.6950 bal_acc: 0.55 acc: 0.55 | val loss: 0.6875 bal_loss: 0.6875 bal_acc: 0.50 acc: 0.50
fold=2 label=1_vs_3 | epoch 040 | train loss: 0.6327 bal_acc: 0.63 acc: 0.63 | val loss: 0.6938 bal_loss: 0.6938 bal_acc: 0.45 acc: 0.45
fold=2 label=1_vs_3 | epoch 050 | train loss: 0.6032 bal_acc: 0.69 acc: 0.70 | val loss: 0.6980 bal_loss: 0.6980 bal_acc: 0.45 acc: 0.45

--- fold 3/5: train=300 val=100 test=100 ---

fold=3 label=0
Binary label distribution:
  train: class0=60 class1=240 total=300
  val:   class0=20 class1=80 total=100
  test:  class0=20 class1=80 total=100
Original labels in this split:
  train: label0=60 label1=60 label2=60 label3=60 label4=60 total=300
  val:   label0=20 label1=20 label2=20 label3=20 label4=20 total=100
  test:  label0=20 label1=20 label2=20 label3=20 label4=20 total=100
fold=3 label=0 | epoch 001 | train loss: 0.7196 bal_acc: 0.54 acc: 0.55 | val loss: 0.7062 bal_loss: 0.7065 bal_acc: 0.51 acc: 0.51
fold=3 label=0 | epoch 010 | train loss: 0.6756 bal_acc: 0.58 acc: 0.58 | val loss: 0.7025 bal_loss: 0.7276 bal_acc: 0.42 acc: 0.49
fold=3 label=0 | epoch 020 | train loss: 0.6512 bal_acc: 0.65 acc: 0.65 | val loss: 0.7070 bal_loss: 0.7480 bal_acc: 0.41 acc: 0.50
fold=3 label=0 | epoch 030 | train loss: 0.6275 bal_acc: 0.67 acc: 0.67 | val loss: 0.6966 bal_loss: 0.7618 bal_acc: 0.46 acc: 0.56
fold=3 label=0 | epoch 040 | train loss: 0.5996 bal_acc: 0.71 acc: 0.70 | val loss: 0.6891 bal_loss: 0.7755 bal_acc: 0.43 acc: 0.54
fold=3 label=0 | epoch 050 | train loss: 0.6056 bal_acc: 0.68 acc: 0.68 | val loss: 0.6983 bal_loss: 0.7956 bal_acc: 0.49 acc: 0.60

fold=3 label=2
Binary label distribution:
  train: class0=60 class1=240 total=300
  val:   class0=20 class1=80 total=100
  test:  class0=20 class1=80 total=100
Original labels in this split:
  train: label0=60 label1=60 label2=60 label3=60 label4=60 total=300
  val:   label0=20 label1=20 label2=20 label3=20 label4=20 total=100
  test:  label0=20 label1=20 label2=20 label3=20 label4=20 total=100
fold=3 label=2 | epoch 001 | train loss: 0.7440 bal_acc: 0.50 acc: 0.50 | val loss: 0.6975 bal_loss: 0.6914 bal_acc: 0.51 acc: 0.49
fold=3 label=2 | epoch 010 | train loss: 0.6990 bal_acc: 0.51 acc: 0.51 | val loss: 0.6902 bal_loss: 0.6982 bal_acc: 0.46 acc: 0.52
fold=3 label=2 | epoch 020 | train loss: 0.6775 bal_acc: 0.57 acc: 0.57 | val loss: 0.7079 bal_loss: 0.7182 bal_acc: 0.48 acc: 0.53
fold=3 label=2 | epoch 030 | train loss: 0.6487 bal_acc: 0.61 acc: 0.61 | val loss: 0.7274 bal_loss: 0.7320 bal_acc: 0.46 acc: 0.50
fold=3 label=2 | epoch 040 | train loss: 0.6075 bal_acc: 0.70 acc: 0.70 | val loss: 0.7174 bal_loss: 0.7403 bal_acc: 0.44 acc: 0.52
fold=3 label=2 | epoch 050 | train loss: 0.6062 bal_acc: 0.70 acc: 0.70 | val loss: 0.7259 bal_loss: 0.7487 bal_acc: 0.40 acc: 0.49

fold=3 label=1_vs_3
Binary labels: class0=label1 class1=label3
Binary label distribution:
  train: class0=60 class1=60 total=120
  val:   class0=20 class1=20 total=40
  test:  class0=20 class1=20 total=40
Original labels in this split:
  train: label0=0 label1=60 label2=0 label3=60 label4=0 total=120
  val:   label0=0 label1=20 label2=0 label3=20 label4=0 total=40
  test:  label0=0 label1=20 label2=0 label3=20 label4=0 total=40
fold=3 label=1_vs_3 | epoch 001 | train loss: 0.7641 bal_acc: 0.47 acc: 0.47 | val loss: 0.7041 bal_loss: 0.7041 bal_acc: 0.55 acc: 0.55
fold=3 label=1_vs_3 | epoch 010 | train loss: 0.7296 bal_acc: 0.49 acc: 0.49 | val loss: 0.7077 bal_loss: 0.7077 bal_acc: 0.45 acc: 0.45
fold=3 label=1_vs_3 | epoch 020 | train loss: 0.6858 bal_acc: 0.58 acc: 0.58 | val loss: 0.7150 bal_loss: 0.7150 bal_acc: 0.43 acc: 0.42
fold=3 label=1_vs_3 | epoch 030 | train loss: 0.6858 bal_acc: 0.57 acc: 0.57 | val loss: 0.7219 bal_loss: 0.7219 bal_acc: 0.50 acc: 0.50
fold=3 label=1_vs_3 | epoch 040 | train loss: 0.6672 bal_acc: 0.61 acc: 0.62 | val loss: 0.7269 bal_loss: 0.7269 bal_acc: 0.47 acc: 0.47
fold=3 label=1_vs_3 | epoch 050 | train loss: 0.6303 bal_acc: 0.68 acc: 0.68 | val loss: 0.7363 bal_loss: 0.7363 bal_acc: 0.47 acc: 0.47

--- fold 4/5: train=300 val=100 test=100 ---

fold=4 label=0
Binary label distribution:
  train: class0=60 class1=240 total=300
  val:   class0=20 class1=80 total=100
  test:  class0=20 class1=80 total=100
Original labels in this split:
  train: label0=60 label1=60 label2=60 label3=60 label4=60 total=300
  val:   label0=20 label1=20 label2=20 label3=20 label4=20 total=100
  test:  label0=20 label1=20 label2=20 label3=20 label4=20 total=100
fold=4 label=0 | epoch 001 | train loss: 0.7182 bal_acc: 0.54 acc: 0.54 | val loss: 0.7019 bal_loss: 0.6972 bal_acc: 0.49 acc: 0.46
fold=4 label=0 | epoch 010 | train loss: 0.6969 bal_acc: 0.53 acc: 0.52 | val loss: 0.6864 bal_loss: 0.7050 bal_acc: 0.44 acc: 0.50
fold=4 label=0 | epoch 020 | train loss: 0.6659 bal_acc: 0.57 acc: 0.57 | val loss: 0.6773 bal_loss: 0.7122 bal_acc: 0.43 acc: 0.54
fold=4 label=0 | epoch 030 | train loss: 0.6408 bal_acc: 0.62 acc: 0.62 | val loss: 0.6656 bal_loss: 0.7162 bal_acc: 0.42 acc: 0.56
fold=4 label=0 | epoch 040 | train loss: 0.6065 bal_acc: 0.70 acc: 0.70 | val loss: 0.6609 bal_loss: 0.7150 bal_acc: 0.47 acc: 0.61
fold=4 label=0 | epoch 050 | train loss: 0.5747 bal_acc: 0.71 acc: 0.72 | val loss: 0.6533 bal_loss: 0.7205 bal_acc: 0.49 acc: 0.63

fold=4 label=2
Binary label distribution:
  train: class0=60 class1=240 total=300
  val:   class0=20 class1=80 total=100
  test:  class0=20 class1=80 total=100
Original labels in this split:
  train: label0=60 label1=60 label2=60 label3=60 label4=60 total=300
  val:   label0=20 label1=20 label2=20 label3=20 label4=20 total=100
  test:  label0=20 label1=20 label2=20 label3=20 label4=20 total=100
fold=4 label=2 | epoch 001 | train loss: 0.7581 bal_acc: 0.46 acc: 0.46 | val loss: 0.6992 bal_loss: 0.6942 bal_acc: 0.48 acc: 0.47
fold=4 label=2 | epoch 010 | train loss: 0.7203 bal_acc: 0.47 acc: 0.47 | val loss: 0.6767 bal_loss: 0.6846 bal_acc: 0.54 acc: 0.63
fold=4 label=2 | epoch 020 | train loss: 0.6769 bal_acc: 0.56 acc: 0.56 | val loss: 0.6669 bal_loss: 0.6804 bal_acc: 0.63 acc: 0.65
fold=4 label=2 | epoch 030 | train loss: 0.6442 bal_acc: 0.60 acc: 0.60 | val loss: 0.6693 bal_loss: 0.6852 bal_acc: 0.61 acc: 0.62
fold=4 label=2 | epoch 040 | train loss: 0.6005 bal_acc: 0.65 acc: 0.65 | val loss: 0.6748 bal_loss: 0.6871 bal_acc: 0.63 acc: 0.62
fold=4 label=2 | epoch 050 | train loss: 0.5837 bal_acc: 0.73 acc: 0.73 | val loss: 0.6666 bal_loss: 0.6909 bal_acc: 0.65 acc: 0.65
fold=4 label=2 | epoch 060 | train loss: 0.5744 bal_acc: 0.69 acc: 0.69 | val loss: 0.6678 bal_loss: 0.6979 bal_acc: 0.64 acc: 0.64

fold=4 label=1_vs_3
Binary labels: class0=label1 class1=label3
Binary label distribution:
  train: class0=60 class1=60 total=120
  val:   class0=20 class1=20 total=40
  test:  class0=20 class1=20 total=40
Original labels in this split:
  train: label0=0 label1=60 label2=0 label3=60 label4=0 total=120
  val:   label0=0 label1=20 label2=0 label3=20 label4=0 total=40
  test:  label0=0 label1=20 label2=0 label3=20 label4=0 total=40
fold=4 label=1_vs_3 | epoch 001 | train loss: 0.7103 bal_acc: 0.53 acc: 0.53 | val loss: 0.7024 bal_loss: 0.7024 bal_acc: 0.52 acc: 0.53
fold=4 label=1_vs_3 | epoch 010 | train loss: 0.7037 bal_acc: 0.55 acc: 0.56 | val loss: 0.7089 bal_loss: 0.7089 bal_acc: 0.47 acc: 0.47
fold=4 label=1_vs_3 | epoch 020 | train loss: 0.6356 bal_acc: 0.65 acc: 0.64 | val loss: 0.7238 bal_loss: 0.7238 bal_acc: 0.45 acc: 0.45
fold=4 label=1_vs_3 | epoch 030 | train loss: 0.6725 bal_acc: 0.60 acc: 0.60 | val loss: 0.7375 bal_loss: 0.7375 bal_acc: 0.40 acc: 0.40
fold=4 label=1_vs_3 | epoch 040 | train loss: 0.5893 bal_acc: 0.68 acc: 0.68 | val loss: 0.7569 bal_loss: 0.7569 bal_acc: 0.43 acc: 0.42
fold=4 label=1_vs_3 | epoch 050 | train loss: 0.6134 bal_acc: 0.74 acc: 0.74 | val loss: 0.7682 bal_loss: 0.7682 bal_acc: 0.45 acc: 0.45

--- fold 5/5: train=300 val=100 test=100 ---

fold=5 label=0
Binary label distribution:
  train: class0=60 class1=240 total=300
  val:   class0=20 class1=80 total=100
  test:  class0=20 class1=80 total=100
Original labels in this split:
  train: label0=60 label1=60 label2=60 label3=60 label4=60 total=300
  val:   label0=20 label1=20 label2=20 label3=20 label4=20 total=100
  test:  label0=20 label1=20 label2=20 label3=20 label4=20 total=100
fold=5 label=0 | epoch 001 | train loss: 0.7591 bal_acc: 0.46 acc: 0.46 | val loss: 0.7000 bal_loss: 0.6910 bal_acc: 0.51 acc: 0.48
fold=5 label=0 | epoch 010 | train loss: 0.6932 bal_acc: 0.54 acc: 0.54 | val loss: 0.6931 bal_loss: 0.6915 bal_acc: 0.54 acc: 0.54
fold=5 label=0 | epoch 020 | train loss: 0.6793 bal_acc: 0.57 acc: 0.57 | val loss: 0.7059 bal_loss: 0.6961 bal_acc: 0.51 acc: 0.51
fold=5 label=0 | epoch 030 | train loss: 0.6558 bal_acc: 0.62 acc: 0.63 | val loss: 0.7278 bal_loss: 0.7135 bal_acc: 0.40 acc: 0.40
fold=5 label=0 | epoch 040 | train loss: 0.6210 bal_acc: 0.67 acc: 0.66 | val loss: 0.7221 bal_loss: 0.7129 bal_acc: 0.41 acc: 0.39
fold=5 label=0 | epoch 050 | train loss: 0.6043 bal_acc: 0.72 acc: 0.72 | val loss: 0.7172 bal_loss: 0.7206 bal_acc: 0.43 acc: 0.45

fold=5 label=2
Binary label distribution:
  train: class0=60 class1=240 total=300
  val:   class0=20 class1=80 total=100
  test:  class0=20 class1=80 total=100
Original labels in this split:
  train: label0=60 label1=60 label2=60 label3=60 label4=60 total=300
  val:   label0=20 label1=20 label2=20 label3=20 label4=20 total=100
  test:  label0=20 label1=20 label2=20 label3=20 label4=20 total=100
fold=5 label=2 | epoch 001 | train loss: 0.7305 bal_acc: 0.46 acc: 0.46 | val loss: 0.7063 bal_loss: 0.7002 bal_acc: 0.50 acc: 0.47
fold=5 label=2 | epoch 010 | train loss: 0.6936 bal_acc: 0.57 acc: 0.57 | val loss: 0.6978 bal_loss: 0.7064 bal_acc: 0.48 acc: 0.52
fold=5 label=2 | epoch 020 | train loss: 0.6621 bal_acc: 0.59 acc: 0.59 | val loss: 0.6885 bal_loss: 0.7146 bal_acc: 0.47 acc: 0.51
fold=5 label=2 | epoch 030 | train loss: 0.6511 bal_acc: 0.60 acc: 0.60 | val loss: 0.6849 bal_loss: 0.7200 bal_acc: 0.46 acc: 0.49
fold=5 label=2 | epoch 040 | train loss: 0.6212 bal_acc: 0.67 acc: 0.67 | val loss: 0.6802 bal_loss: 0.7213 bal_acc: 0.51 acc: 0.54
fold=5 label=2 | epoch 050 | train loss: 0.5917 bal_acc: 0.67 acc: 0.67 | val loss: 0.6626 bal_loss: 0.7239 bal_acc: 0.51 acc: 0.58

fold=5 label=1_vs_3
Binary labels: class0=label1 class1=label3
Binary label distribution:
  train: class0=60 class1=60 total=120
  val:   class0=20 class1=20 total=40
  test:  class0=20 class1=20 total=40
Original labels in this split:
  train: label0=0 label1=60 label2=0 label3=60 label4=0 total=120
  val:   label0=0 label1=20 label2=0 label3=20 label4=0 total=40
  test:  label0=0 label1=20 label2=0 label3=20 label4=0 total=40
fold=5 label=1_vs_3 | epoch 001 | train loss: 0.7368 bal_acc: 0.59 acc: 0.59 | val loss: 0.6938 bal_loss: 0.6938 bal_acc: 0.55 acc: 0.55
fold=5 label=1_vs_3 | epoch 010 | train loss: 0.7385 bal_acc: 0.52 acc: 0.52 | val loss: 0.6942 bal_loss: 0.6942 bal_acc: 0.47 acc: 0.47
fold=5 label=1_vs_3 | epoch 020 | train loss: 0.6685 bal_acc: 0.59 acc: 0.59 | val loss: 0.6975 bal_loss: 0.6975 bal_acc: 0.47 acc: 0.47
fold=5 label=1_vs_3 | epoch 030 | train loss: 0.6860 bal_acc: 0.59 acc: 0.58 | val loss: 0.7024 bal_loss: 0.7024 bal_acc: 0.55 acc: 0.55
fold=5 label=1_vs_3 | epoch 040 | train loss: 0.6401 bal_acc: 0.62 acc: 0.62 | val loss: 0.7092 bal_loss: 0.7092 bal_acc: 0.50 acc: 0.50
fold=5 label=1_vs_3 | epoch 050 | train loss: 0.6275 bal_acc: 0.65 acc: 0.65 | val loss: 0.7223 bal_loss: 0.7223 bal_acc: 0.52 acc: 0.53

5-fold cross-validation summary
y_0: test bal_loss=0.696 +/- 0.004 | bal_acc=0.504 +/- 0.017 | test acc=0.482 +/- 0.028
y_2: test bal_loss=0.706 +/- 0.010 | bal_acc=0.456 +/- 0.041 | test acc=0.472 +/- 0.037
y_1_vs_3: test bal_loss=0.692 +/- 0.009 | bal_acc=0.570 +/- 0.084 | test acc=0.570 +/- 0.084
Cross-validation CSV: ./checkpoints/sub1_hjlee_nogit/v3_sub1_eegnet_all_days/20260628_180832/cross_validation.csv

Saved to: ./checkpoints/sub1_hjlee_nogit/v3_sub1_eegnet_all_days/20260628_180832
